@Country=(
Abkhazia,
Afghanistan,
Ahvenanmaan Lääni,
Åland,
Albania,
Algeria,
American Samoa,
Andorra,
Angola,
Anguilla,
Antarctica,
Antigua and Barbuda,
Arab Republic of Egypt,
Argentina,
Argentine Republic,
Armenia,
Artsakh,
Aruba,
Ascension,
Ashmore and Cartier Islands,
Australia,
Australian Antarctic Territory,
Austria,
Azad Kashmir,
Azerbaijan,
Bahamas,
Bahrain,
Bailiwick of Guernsey,
Bailiwick of Jersey,
Bajo Nuevo Bank,
Baker Island,
Bangladesh,
Barbados,
Belarus,
Belgium,
Belize,
Benin,
Bermuda,
Bhutan,
Bolivarian Republic of Venezuela,
Bolivia,
Bosnia,
Bosnia and Herzegovina,
Botswana,
Bouvet Island,
Brazil,
Britain,
British Antarctic Territory,
British Indian Ocean Territory,
British Virgin Islands,
Brunei,
Brunei Darussalam,
Bulgaria,
Burkina Faso,
Burundi,
Cabo Verde,
Cambodia,
Cameroon,
Canada,
Cape Verde,
Cayman Islands,
Central African Republic,
Chad,
Chile,
China,
Christmas Island,
Cocos Islands,
Colombia,
Commonwealth of Australia,
Commonwealth of Dominica,
Commonwealth of The Bahamas,
Commonwealth of the Northern Mariana Islands,
Comoros,
Congo,
Cook Islands,
Co-operative Republic of Guyana,
Coral Sea Islands Territory,
Costa Rica,
Côte d’Ivoire,
Country of Curaçao,
Croatia,
Cuba,
Curaçao,
Cyprus,
Czech Republic,
Democratic People's Republic of Korea,
Democratic People’s Republic of Korea,
Democratic Republic of São Tomé and Príncipe,
Democratic Republic of the Congo,
Democratic Republic of Timor-Leste,
Democratic Socialist Republic of Sri Lanka,
Denmark,
Djibouti,
Dominica,
Dominican Republic,
Donetsk People's Republic,
DR Congo,
Ducie Islands,
East Timor,
Ecuador,
Egypt,
El Salvador,
Equatorial Guinea,
Eritrea,
Estonia,
Eswatini,
Ethiopia,
Falkland Islands,
Faroe Islands,
Federal Democratic Republic of Ethiopia,
Federal Democratic Republic of Nepal,
Federal Republic of Germany,
Federal Republic of Nigeria,
Federal Republic of Somalia,
Federated States of Micronesia,
Federation of Bosnia and Herzegovina,
Federation of Malaysia,
Federation of Saint Christopher and Nevis,
Federation of Saint Kitts and Nevis,
Federative Republic of Brazil,
Fiji,
Finland,
France,
French Polynesia,
French Republic,
French Southern and Antarctic Lands,
Gabon,
Gabonese Republic,
Gambia,
Georgia,
Germany,
Ghana,
Gibraltar,
Gilgit-Baltistan,
Grand Duchy of Luxembourg,
Great Britain,
Greece,
Greenland,
Grenada,
Guadeloupe,
Guam,
Guatemala,
Guernsey,
Guinea,
Guinea-Bissau,
Guyana,
Guyane,
Haiti,
Hashemite Kingdom of Jordan,
Heard Island,
Hellenic Republic,
Henderson Islands, 
Herzegovina,
Honduras,
Hong Kong,
Hong Kong Special Administrative Region,
Howland Island,
Hungary,
Iceland,
Independent State of Papua New Guinea,
Independent State of Samoa,
India,
Indonesia,
Iran,
Iraq,
Ireland,
Islamic Republic of Afghanistan,
Islamic Republic of Iran,
Islamic Republic of Mauritania,
Islamic Republic of Pakistan,
Islas Malvinas,
Isle of Man,
Israel,
Italia,
Italian Republic,
Italy,
Ivory Coast,
Jamaica,
Japan,
Jarvis Island,
Jersey,
Johnston Atoll,
Jordan,
Kazakhstan,
Keeling Islands,
Kenya,
Kingdom of Bahrain,
Kingdom of Belgium,
Kingdom of Bhutan,
Kingdom of Cambodia,
Kingdom of Denmark,
Kingdom of Eswatini,
Kingdom of Lesotho,
Kingdom of Morocco,
Kingdom of Norway,
Kingdom of Saudi Arabia,
Kingdom of Spain,
Kingdom of Swaziland,
Kingdom of Sweden,
Kingdom of Thailand,
Kingdom of the Netherlands,
Kingdom of Tonga,
Kingman Reef,
Kiribati,
Korea,
Kosovo,
Kuwait,
Kyrgyz Republic,
Kyrgyzstan,
Lao People's Democratic Republic,
Lao People’s Democratic Republic,
Laos,
Latvia,
Lebanese Republic,
Lebanon,
Lesotho,
Liberia,
Libya,
Liechtenstein,
lipperton Island,
Lithuania,
Luhansk People's Republic,
Luxembourg,
Macau,
Macau Special Administrative Region,
Macedonia,
Madagascar,
Malawi,
Malaysia,
Maldives,
Mali,
Malta,
Marshall Islands,
Martinique,
Mauritania,
Mauritius,
Mayotte,
McDonald Islands,
Mexico,
Micronesia,
Midway Atoll,
Moldova,
Monaco,
Mongolia,
Montenegro,
Montserrat,
Morocco,
Mozambique,
Myanmar,
Namibia,
Nation of Brunei,
Nauru,
Navassa Island,
Nepal,
Netherlands,
New Caledonia,
New Zealand,
Nicaragua,
Niger,
Nigeria,
Niue,
Norfolk Island,
Northern Cyprus,
Northern Mariana Islands,
North Korea,
North Macedonia,
Norway,
Nouvelle-Calédonie,
Oeno Islands,
Oman,
Oriental Republic of Uruguay,
Pakistan,
Palau,
Palestine,
Panama,
Papua New Guinea,
Paraguay,
People's Democratic Republic of Algeria,
People’s Democratic Republic of Algeria,
People's Republic of Bangladesh,
People's Republic of China,
People’s Republic of China,
Peru,
Philippines,
Pitcairn Islands,
Plurinational State of Bolivia,
Poland,
Polynésie Française,
Portugal,
Portuguese Republic,
Pridnestrovian Moldavian Republic,
Principality of Andorra,
Principality of Liechtenstein,
Principality of Monaco,
Puerto Rico,
Qatar,
Repubblica di San Marino,
Repubblica Italiana,
Republic of Abkhazia,
Republic of Albania,
Republic of Angola,
Republic of Armenia,
Republic of Artsakh,
Republic of Austria,
Republic of Azerbaijan,
Republic of Belarus,
Republic of Benin,
Republic of Botswana,
Republic of Bulgaria,
Republic of Burundi,
Republic of Cabo Verde,
Republic of Cameroon,
Republic of Chad,
Republic of Chile,
Republic of China,
Republic of Colombia,
Republic of Costa Rica,
Republic of Côte d'Ivoire,
Republic of Côte d’Ivoire,
Republic of Croatia,
Republic of Cuba,
Republic of Cyprus,
Republic of Djibouti,
Republic of Ecuador,
Republic of El Salvador,
Republic of Equatorial Guinea,
Republic of Estonia,
Republic of Fiji,
Republic of Finland,
Republic of France,
Republic of Ghana,
Republic of Guatemala,
Republic of Guinea,
Republic of Guinea-Bissau,
Republic of Haiti,
Republic of Honduras,
Republic of Iceland,
Republic of India,
Republic of Indonesia,
Republic of Iraq,
Republic of Kazakhstan,
Republic of Kenya,
Republic of Kiribati,
Republic of Korea,
Republic of Kosovo,
Republic of Latvia,
Republic of Liberia,
Republic of Lithuania,
Republic of Macedonia,
Republic of Madagascar,
Republic of Malawi,
Republic of Maldives,
Republic of Mali,
Republic of Malta,
Republic of Mauritius,
Republic of Moldova,
Republic of Mozambique,
Republic of Namibia,
Republic of Nauru,
Republic of Nicaragua,
Republic of Niger,
Republic of North Macedonia,
Republic of Palau,
Republic of Panama,
Republic of Paraguay,
Republic of Peru,
Republic of Poland,
Republic of Rwanda,
Republic of San Marino,
Republic of Senegal,
Republic of Serbia,
Republic of Seychelles,
Republic of Sierra Leone,
Republic of Singapore,
Republic of Slovenia,
Republic of Somaliland,
Republic of South Africa,
Republic of South Ossetia–the State of Alania,
Republic of South Sudan,
Republic of Suriname,
Republic of Tajikistan,
Republic of the Congo,
Republic of The Gambia,
Republic of the Marshall Islands,
Republic of the Niger,
Republic of the Philippines,
Republic of the Sudan,
Republic of the Union of Myanmar,
Republic of Trinidad and Tobago,
Republic of Tunisia,
Republic of Turkey,
Republic of Turkmenistan,
Republic of Uganda,
Republic of Uzbekistan,
Republic of Vanuatu,
Republic of Yemen,
Republic of Zambia,
Republic of Zimbabwe,
Republika Srpska,
Reunion,
Romania,
România,
Russia,
Russian Federation,
Rwanda,
Sahrawi Arab Democratic Republic,
Saint Barthélemy,
Saint-Barthélemy,
Saint Helena,
Saint Kitts and Nevis,
Saint Lucia,
Saint Martin,
Saint-Martin,
Saint Pierre and Miquelon,
Saint-Pierre et Miquelon,
Saint Vincent and the Grenadines,
Samoa,
San Marino,
Sao Tome and Principe,
São Tomé and Príncipe,
Saudi Arabia,
Senegal,
Serbia,
Serranilla Bank,
Seychelles,
Sierra Leone,
Singapore,
Sint Maarten,
Slovakia,
Slovak Republic,
Slovenia,
Socialist Republic of Vietnam,
Solomon Islands,
Somalia,
Somaliland,
South Africa,
South Georgia,
South Georgia and South Sandwich Islands,
South Georgia and the South Sandwich Islands,
South Korea,
South Ossetia,
South Sandwich Islands,
South Sudan,
Soviet Union,
Spain,
Sri Lanka,
State of Eritrea,
State of Israel,
State of Kuwait,
State of Libya,
State of Palestine,
State of Qatar,
State of the Vatican City,
Sudan,
Sultanate of Oman,
Suriname,
Svalbard and Jan Mayen,
Swaziland,
Sweden,
Swiss Confederation,
Switzerland,
Syria,
Syrian Arab Republic,
Taiwan,
Tajikistan,
Tanzania,
Territory of American Samoa,
Territory of Christmas Island,
Territory of Cocos Islands,
Territory of Heard Island and McDonald Islands,
Territory of Norfolk Island,
Territory of the French Southern and Antarctic Lands,
Thailand,
the Netherlands,
Togo,
Togolese Republic,
Tokelau,
Tonga,
Transnistria,
Trinidad and Tobago,
Tristan da Cunha,
Tunisia,
Turkey,
Turkish Republic of Northern Cyprus,
Turkmenistan,
Turks and Caicos Islands,
Tuvalu,
Uganda,
U.K.,
UK,
Ukraine,
Union of Burma,
Union of the Comoros,
United Arab Emirates,
United Kingdom,
United Kingdom of Great Britain and Northern Ireland,
United Mexican States,
United Republic of Tanzania,
United States,
United States Minor Outlying Islands,
United States of America,
United States or America,
U.S.S.R.,
USSR,
Uruguay,
US,
U.S.A.,
USA,
U.S. Virgin Islands,
Uzbekistan,
Vanuatu,
Vatican City,
Vatican City State,
Venezuela,
Vietnam,
Virgin Islands of the United States,
Wake Island,
Wallis and Futuna,
Wallis et Futuna,
Western Sahara,
Yemen,
Zambia,
Zimbabwe
)
