@River=(
Alazeya,
Aldan,
Allegheny,
Amazon,
Amu Darya,
Amur,
Anadyr,
Angara,
Arab,
Araguaia,
Aras,
Argun,
Arkansas,
Aruwimi,
Athabasca,
Balonne,
Barcoo,
Beaverhead,
Belaya,
Beni,
Benue,
Bermejo,
Blackwater Draw,
Blue Nile,
Brahmaputra,
Brazos,
Breg,
Donau,
Dunăre,
Duna,
Dunav,
Dunaj,
Bug,
Chambal,
Chambeshi,
Chenab,
Chi,
Chindwin,
Chu,
Chulym,
Cimarron,
Colorado,
Columbia,
Condamine,
Congo,
Culgoa,
Cumberland,
Dangqu,
Danube,
Daugava,
Desna,
Dnieper,
Dniester,
Double Mountain Fork,
Draa,
Dulong River,
Elbe,
Ene,
Essequibo,
Euphrates,
Fly,
Gambia,
Ganges,
Georgina,
Ghaghara,
Godavari,
Green,
Guaporé,
Guaviare,
Han,
Hell Roaring,
Helmand,
Hongshui,
Hooghly,
Huai River,
Huallaga,
Içá,
Putumayo,
Ider,
Iguaçu,
Ili,
Yili,
Indigirka,
Indus,
Iriri,
Irrawaddy River,
Ishim,
Japurá,
Rio Yapurá,
Jialing River,
Jinsha,
Jubba,
Juruá,
Juruena,
Kagera,
Kama,
Kapuas,
Kasai,
Katun,
Kelaoluo,
Khatanga,
Kherlen,
Khopyor,
Kolyma,
Kotuy,
Krishna,
Kura/Mt'k'vari,
Kuskokwim,
Kwango,
Lachlan River,
Laoha,
Lerma,
Liao,
Liard,
Limpopo,
Little Yenisey,
Loire,
Lomami,
Lower Tunguska,
Madeira,
Madre de Dios,
Mamoré,
Mantaro,
Marañón,
Markha,
Mekong,
Milk,
Mississippi,
Missouri,
Mun ,
Murrumbidgee River,
Mwogo,
Nanpan,
Narew,
Narmada,
Naryn,
Nen,
Niger,
Nile,
N'Mai River,
Northern Dvina,
Northern Salado,
North Fork,
North Saskatchewan,
Nyabarongo,
Oder,
Ogooué,
Ogowe,
Ohio,
Oka,
Okavango,
Olenyok,
Olyokma,
Orinoco,
Ottawa,
Padma,
Ganga,
Panj,
Rio Paraguay,
Paraíba do Sul,
Paraná,
Pechora,
Pecos,
Pilcomayo,
Platte,
Purús,
Qian,
Red Rock,
Rhine,
Río de la Plata,
Rio Grande,
Rio Grande de Santiago,
Rocha,
Rukarara,
Salween,
Sankuru,
São Francisco,
Saskatchewan,
Selenga,
Senegal,
Sênggê Zangbo,
Sepik,
Seversky Donets,
Shatt al,
Shebelle,
Shire,
Snake,
Songhua,
Stony Tunguska,
Sukhona,
Sutlej,
Syr Darya,
Tagus,
Tambo,
Tapajós,
Tarim,
Tennessee,
Tietê,
Tigris,
Tobol,
Tocantins,
Tongtian,
Tyung,
Ubangi,
Ucayali,
Uele,
Upper Mississippi,
Upper Murray,
Upper Ob,
Upper Tocantins,
Upper Yenisey,
Ural,
Uruguay,
Vaal,
Vistula,
Vitim,
Vltava,
Volga,
Volta,
Vyatka,
Vychegda,
Warta,
White Nile,
Wu,
Xi,
Xiliao,
Xingu,
Xun,
Yalong,
Yamuna,
Yangtze,
Yarlung Tsangpo,
Yellow River,
Yellowstone,
Yenisey,
Yukon,
Zambezi,
Zeya
)