@Firstname=(
Aaliyah,
Aaron,
Aba,
Ababuo,
Abdala,
Abagbe,
Abaigeal,
Abana,
Abayomi,
Abbas,
Abbe,
Abbey,
Abbie,
Abbot,
Abby,
Abdel,
Abdul,
Abdulla,
Abdullah,
Abdulsamad,
Abe,
Abebi,
Abegaila,
Abeje,
Abeke,
Abel,
Abelia,
Abena,
Abeni,
Abeo,
Abha,
Abhishek,
Abhner,
Abichayil,
Abidemi,
Abiela,
Abigail,
Abigayil,
Abihail,
Abikanile,
Abilene,
Abimael,
Abimbola,
Abinash,
Abiona,
Abner,
Abraham,
Abram,
Abrasax,
Absalom,
Abu,
Abyss,
Acacia,
Acantha,
Acar,
Acayib,
Acenith,
Achala,
Achava,
Achilles,
Achmad,
Achsah,
Acton,
Ada,
Adah,
Adair,
Adal,
Adalbert,
Adalgisa,
Adalheid,
Adaliah,
Adalina,
Adaline,
Adam,
Adamma,
Adar,
Adara,
Addiel,
Addolorata,
Adebola,
Adedagbo,
Adel,
Adela,
Adelaida,
Adele,
Adeleke,
Adelina,
Adeline,
Adem,
Ademola,
Aden,
Adeola,
Adesimbo,
Adesina,
Adhamh,
Adhika,
Adhita,
Adia,
Adiel,
Adigun,
Adil,
Adin,
Adir,
Adira,
Adiv,
Adlai,
Adler,
Adli,
Admon,
Adni,
Adnan,
Adolf,
Adolfo,
Adolph,
Adolphe,
Adolpho,
Adolphus,
Adom,
Adon,
Adonia,
Ador,
Adora,
Adorable,
Adowa,
Adri,
Adria,
Adrian,
Adriana,
Adrianna,
Adrianne,
Adrien,
Adrienne,
Adzo,
Aegea,
Aegri,
Aemilia,
Aeneas,
Aengus,
Aeola,
Aerin,
Aeron,
Aesha,
Afafa,
Affonso,
Afiya,
Afryea,
Afua,
Agalia,
Agata,
Agatha,
Agathe,
Agathon,
Ageneti,
Aghna,
Agler,
Agnès,
Agnella,
Agnes,
Agni,
Agnieszka,
Agota,
Agrins,
Agustek,
Agustin,
Ahalya,
Ahanu,
Aharon,
Ahavah,
Ahdik,
Ahil,
Ahilya,
Ahir,
Ah-lam,
Ahmad,
Ahmed,
Ahmik,
Ahonui,
Ahren,
Ahulani,
Ahyana,
Ai,
Aidan,
Aideen,
Aifric,
Aigneis,
Aikaterine,
Aiko,
Aileen,
Ailianna,
Ailis,
Aime,`
Aimee,
Aimiliona,
Aimi,
Aimir,
Aina,
Ainakea,
Ainalani,
Ainanani,
Ainars,
Aingeal,
Airina,
Airyn,
Aisha,
Aiyetoro,
Aja,
Ajalaa,
Ajani,
Ajay,
Ajeya,
Ajit,
Aka,
Akahana,
Akahele,
Akako,
Akala,
Akamai,
Akando,
Akanke,
Akar,
Akasuki,
Aka'ula,
Akeakamai,
Akemi,
Akhil,
Akhila,
Akiko,
Akil,
Akilah,
Akilina,
Akim,
Akio,
Akira,
Akosua,
Akua,
Akule,
Akwete,
Akwokwo,
Al,
Ala,
Alaba,
Alain,
Alaina,
Alake,
Alala,
Alan,
Alana,
Aland,
Alannah,
Alannis,
Alaric,
Alasdair,
Alastair,
Alaster,
Alastrina,
Alastriona,
Alaula,
Alba,
Alban,
Albert,
Alberto,
Albie,
Albin,
Albrecht,
Alby,
Alcinda,
Alden,
Alder,
Aldis,
Aldo,
Aldora,
Aldous,
Aldy,
Alease,
Alebeta,
Alec,
Alecx,
Aled,
Alei,
Aleix,
Alein,
Alejandro,
Alek,
Alekanederina,
Aleksander,
Aleksandr,
Aleksandra,
Alema,
Alena,
Alesa,
Aleser,
Alessa,
Alessandra,
Alessandro,
Alessia,
Alethea,
Aletia,
Alex,
Alexa,
Alexander,
Alexandr,
Alexandra,
Alexandre,
Alexandria,
Alexei,
Alexia,
Alexine,
Alf,
Alferral,
Alfonso,
Alfred,
Alfreda,
Alfredo,
Alfwine,
Algar,
Algernon,
Al-Hamra,
Alhadji,
Alhim,
Ali,
Alice,
Alicia,
Alick,
Alida,
Alile,
Alim,
Alina,
Alinda,
Aline,
Aliphont,
Alisa,
Alisha,
Alison,
Alissa,
Alistair,
Alistar,
Alister,
Alitzah,
Aliuska,
Alix,
Alke,
Allahu,
Allan,
Allannah,
Allegra,
Allegria,
Allen,
Allie,
Allison,
Ally,
Allyson,
Alma,
Almeric,
Almon,
Alnath,
Alohalani,
Alohanani,
Alohilani,
Alois,
Aloisia,
Alok,
Aloka,
Alon,
Alona,
Alonso,
Aloys,
Aloysius,
Alpha,
Alphonse,
Alpo,
Alrik,
Alroy,
Altair,
Alter,
Althaia,
Althea,
Althena,
Alton,
Aluna,
Alvar,
Alvertos,
Alvin,
Alvis,
Alwin,
Alwyn,
Alyn,
Alysen,
Alyson,
Alyssa,
Alzbeta,
Ama,
Amadeo,
Amadeus,
Amadi,
Amadis,
Amado,
Amal,
Amala,
Amalia,
Amana,
Amanda,
Amando,
Amar,
Amarante,
Amaranth,
Amardad,
Amariah,
Amarjaa,
Amaryllis,
Amber,
Amberlee,
Ambika,
Ambre,
Ambrose,
Ambrosia,
Ambrosina,
Amee,
Ameer,
Amelia,
Amelina,
Ameni,
Amer,
Amethyst,
Amice,
Amidah,
Amiel,
Amiela,
Amilcar,
Amilee,
Amin,
Amina,
Aminah,
Amir,
Amira,
Amisha,
Amit,
Amity,
Amlan,
Amoli,
Amon,
Amos,
Amparo,
Amr,
Amy,
Amy-Sue,
Ana,
Anacleto,
Anadaria,
Anais,
Anala,
Analise,
Anand,
Anastasia,
Anastazie,
Anatasia,
Anatole,
Anatolia,
Anatoly,
Anatonia,
Andela,
Anders,
Anderson,
Andi,
Andra,
André,
Andras,
Andrés,
Andre,
Andrea,
Andreas,
Andrei,
Andrej,
Andrejez,
Andres,
Andrew,
Andria,
Andriana,
Andrine,
Andrique,
Andromeda,
Andromede,
Andruw,
Andrzej,
Andy,
Anela,
Anemone,
Anestes,
Aneurin,
Anezka,
Anganaa,
Angèle,
Angel,
Angela,
Angele,
Angelica,
Angelika,
Angeliki,
Angelina,
Angelique,
Angelo,
Anghared,
Angie,
Angus,
Angyalka,
An,
Ani,
Ania,
Aniana,
Anibal,
Anike,
Aniko,
Anil,
Anila,
Anima,
Aniol,
Anis,
Anise,
Anisha,
Anita,
Anitara,
Anja,
Anka,
Anke,
Ann,
Anna,
Annabel,
Annabelle,
Annabeth,
Annalee,
Annaliese,
Annalisa,
Annan,
Anne,
Anneke,
Anneli,
Annella,
Annemarie,
Anne-Marie,
Annessa,
Annett,
Annette,
Annick,
Annie,
Annis,
Annitta,
Annmarie,
Annunziata,
Anouk,
Anselm,
Anselma,
Ansgar,
Anthea,
Antheia,
Anthony,
Anthuan,
Antje,
Anto,
Antoine,
Antoinette,
Anton,
Antonella,
Antonia,
Antonio,
Antony,
Anuerin,
Anuhea,
Anuli,
Anura,
Anurag,
Anusheela,
Anya,
Anzhel,
Aodh,
Aoi,
Aolani,
Apenimon,
Aperila,
Aphrael,
Aphrodite,
Apolline,
Apollonia,
Apollonios,
Apphia,
Apple,
Apsara,
Aquiles,
Ara,
Arabella,
Aracelis,
Aradhana,
Aran,
Arana,
Archer,
Archibald,
Archie,
Arcy,
Arden,
Ardon,
Aren,
Ares,
Arete,
Aretha,
Ari,
Aria,
Ariadne,
Arian,
Ariane,
Arianna,
Arianne,
Arieh,
Ariel,
Arielle,
Aries,
Aristide,
Arkadi,
Arkady,
Arkell,
Arkin,
Arlene,
Arlette,
Arley,
Arlie,
Arman,
Armand,
Armando,
Armanti,
Armin,
Armon,
Armondo,
Arnaud,
Arne,
Arnie,
Arnold,
Aron,
Arpad,
Arri,
Arslan,
Arte,
Artemisia,
Arthur,
Arthuro,
Artia,
Artin,
Artur,
Arturo,
Artyom,
Arun,
Aruna,
Arunika,
Arvid,
Asabi,
Asako,
Asceline,
Asenata,
Asenath,
Ash,
Asha,
Asher,
Ashlin,
Ashling,
Ashni,
Ashtad,
Ashton,
Ashur,
Ashura,
Asif,
Asisya,
Asker,
Asma,
Asmee,
Aspasia,
Assumpta,
Assunta,
Asta,
Astaroth,
Aster,
Astevean,
Astor,
Astra,
Astrid,
Astrithr,
Asya,
Atalante,
Atarah,
Athalia,
Athanasia,
Atheel,
Athena,
Athol,
Atman,
Atsuhiko,
Atsushi,
Attila,
Auberon,
Aubert,
Aubrey,
Aude,
Audere,
Audley,
Audra,
Audrey,
Audric,
Audvard,
Auggie,
Augie,
Auguseta,
Augusta,
Augusteen,
Augustin,
Augustus,
Auina,
Aura,
Aure,
Aurek,
Aurelia,
Aurelius,
Aurora,
Aurore,
Ava,
Avani,
Avedig,
Avel,
Aveline,
Averil,
Aveza,
Avi,
Avia,
Avila,
Avra,
Avraham,
Avril,
Axel,
Ayah,
Ayako,
Ayameko,
Ayatollah,
Ayaz,
Ayelet,
Ayesha,
Aylwin,
Ayobunmi,
Ayodele,
Ayofemi,
Ayoka,
Ayoluwa,
Ayoola,
Ayumi,
Azad,
Azaria,
Azfar,
Azi,
Aziza,
Azuba,
Azucena,
Azuka,
Baako,
Baba,
Bacall,
Bachiko,
Baderinwa,
Badriyyah,
Bahaar,
Bahati,
Bahija,
Bahira,
Bahman,
Bairbre,
Bakara,
Bakr,
Bakul,
Bakura,
Bal,
Balbina,
Baldric,
Baldwin,
Balfour,
Balinka,
Baltazar,
Balthazar,
Balto,
Bambi,
Bambina,
Bana-Barna,
Banan,
Bane,
Banhi,
Banita,
Bano,
Baptista,
Baptiste,
Barack,
Barbara,
Barbie,
Barbora,
Barbro,
Bardo,
Bardon,
Bari,
Barika,
Barkait,
Barn,
Barnabas,
Barnaby,
Barnard,
Barney,
Barnie,
Baron,
Barran,
Barret,
Barron,
Barry,
Bart,
Bartek,
Bartholo,
Bartholomew,
Bartholomieu,
Bartlomiej,
Bartolomiy,
Barton,
Bartosz,
Bartram,
Basham,
Bashiyra,
Basil,
Basila,
Basilio,
Basima,
Basma,
Bastian,
Bastien,
Bastienne,
Bat,
Bateseba,
Bathilda,
Bathsheba,
Bathshua,
Batini,
Batya,
Batzra,
Baudouin,
Baul,
Bavol,
Bayley,
Bayo,
Bea,
Bearnas,
Beata,
Beatarisa,
Beate,
Beatha,
Beathag,
Beatrice,
Béatrice,
Beatrissa,
Beatrix,
Beau,
Beaumont,
Beauregard,
Bebhinn,
Becca,
Bechira,
Bechtel,
Beck,
Becki,
Becky,
Bedelia,
Bedrich,
Bedriska,
Beeja,
Behram,
Beitidh,
Beitiris,
Bejide,
Bela,
Beldon,
Belia,
Beliarosa,
Belinda,
Bella,
Belle,
Bello,
Beltran,
Belva,
Bem,
Bemossed,
Ben,
Benedetta,
Benedict,
Benedikta,
Benedykta,
Benigna,
Benita,
Benjamin,
Benji,
Bennett,
Bennie,
Benno,
Benny,
Benoît,
Benoit,
Bent,
Bente,
Bentley,
Berachah,
Berdine,
Berecyntia,
Berek,
Berenadeta,
Berenice,
Berenike,
Berent,
Bereta,
Berger,
Bergren,
Berhan,
Berk,
Bernabe,
Bernadette,
Bernal,
Bernard,
Bernardine,
Bernd,
Berneen,
Bernhard,
Bernice,
Bernie,
Bernita,
Berrin,
Bert,
Berta,
Bertha,
Berthe,
Bertin,
Bertok,
Bertram,
Bertrand,
Beruchiya,
Beryl,
Bess,
Bessie,
Bet,
Beta,
Beth,
Bethan,
Bethany,
Bethel,
Betrys,
Betsabe,
Betsy,
Bettina,
Betty,
Betuel,
Betula,
Betulah,
Betya,
Beulah,
Bev,
Beverley,
Beverly,
Beverlyn,
Bevin,
Bevis,
Bhaltair,
Bhamini,
Bhanu,
Bhanumati,
Bharati,
Bhaven,
Bhavika,
Bheki,
Bhictoria,
Bhuma,
Bhumika,
Bialy,
Bianca,
Bibi,
Bibiane,
Bich,
Bidelia,
Bidina,
Bilal,
Bildad,
Bilhah,
Bill,
Billie,
Billy,
Bily,
Bina,
Binali,
Bing,
Binyamina,
Binyong,
Bionda,
Bipin,
Bira,
Birdie,
Birgit,
Birgitta,
Birigita,
Bithiah,
Bithynia,
Björn,
Bjoern,
Bjork,
Bjorn,
Bjorne,
Blahe,
Blake,
Blair,
Blaise,
Blanca,
Blanche,
Blanka,
Blath,
Blathnaid,
Blazej,
Bliss,
Blodwen,
Blythe,
Bo,
Boadicea,
Boaz,
Bob,
Boba,
Bobbie,
Bobby,
Bobina,
Bobo,
Bobush,
Bodaway,
Boddu,
Bodi,
Bodil,
Bodog,
Bogdan,
Bogdana,
Bogumil,
Bogumila,
Boguslaw,
Boguslawa,
Bohdan,
Bohdana,
Boinaiv,
Bolade,
Bolanile,
Boleslaw,
Boleslawa,
Bona,
Bond,
Bondi,
Bong-Cha,
Bonita,
Bonito,
Bonnie,
Bor,
Borbala,
Borg,
Borghild,
Borgny,
Boria,
Boris,
Borislav,
Botan,
Boupha,
Bour,
Bowle,
Bowman,
Boyce,
Boyd,
Boz,
Bozidara,
Bozydar,
Brad,
Bradburn,
Braden,
Bradlee,
Bradley,
Bradshaw,
Brady,
Braelyn,
Brahma,
Bram,
Brand,
Brandan,
Brande,
Brandeis,
Brandi,
Brandon,
Brandt,
Brandy,
Brannon,
Branwen,
Brayden,
Breeda,
Brencis,
Brenda,
Brendan,
Brenna,
Brent,
Brenton,
Bret,
Bretislava,
Brian,
Briana,
Briann,
Brianna,
Brianne,
Brice,
Bride,
Bridger,
Bridget,
Brieanna,
Brigantia,
Brighid,
Brigida,
Brigitte,
Briseis,
Brites,
Britney,
Britta,
Brittany,
Brittian,
Britton,
Broc,
Brock,
Broderick,
Brodney,
Brody,
Bronislava,
Bronislaw,
Bronson,
Bronte,
Bronwen,
Brown,
Browning,
Bruce,
Bruin,
Bruna,
Brunella,
Brunette,
Brunhilde,
Bruno,
Bruns,
Bryan,
Bryant,
Bryce,
Brygid,
Brylieva,
Bryne,
Brynhild,
Bryony,
Bryrony,
Bua,
Buck,
Buckminster,
Bucky,
Bud,
Buffy,
Bunmi,
Bunny,
Burian,
Burkhard,
Burne,
Burr,
Burt,
Burton,
Buseje,
Buthayna,
Byhalia,
Byrn,
Byrne,
Byron,
Cabalina,
Cachay,
Caci,
Cacilia,
Caddy,
Cadel,
Caden,
Cadfael,
Cadi,
Cadwallader,
Cahil,
Cai,
Caimile,
Cain,
Cainwen,
Cairistiona,
Caiseal,
Cait,
Caitir,
Caitlin,
Caitria,
Caitriona,
Caius,
Cal,
Calandra,
Calantha,
Calder,
Caleb,
Caledonia,
Caleigh,
Calida,
Caliopa,
Calla,
Calle,
Calli,
Callie,
Callifae,
Calligenia,
Callirrhoe,
Callista,
Callum,
Cally,
Calo,
Caltha,
Calum,
Calumina,
Calut,
Calv,
Calvin,
Camelia,
Camella,
Camerino,
Cameron,
Cami,
Camila,
Camilla,
Camille,
Camlo,
Cammi,
Cammie,
Cammy,
Campbell,
Camron,
Canaedea,
Candace,
Candee,
Candelaria,
Candi,
Candice,
Candida,
Candie,
Candis,
Candita,
Candra,
Canducha,
Candy,
Cantara,
Canton,
Canute,
Caparina,
Cappi,
Capri,
Caprice,
Cara,
Caren,
Caresse,
Carew,
Cari,
Carilla,
Carin,
Carina,
Carine,
Carisa,
Carissa,
Carita,
Carl,
Carla,
Carlana,
Carle,
Carlee,
Carleigh,
Carlen,
Carlene,
Carleton,
Carley,
Carlie,
Carlin,
Carline,
Carling,
Carlita,
Carlo,
Carlos,
Carlota,
Carlotta,
Carlton,
Carlucho,
Carly,
Carma,
Carmania,
Carmea,
Carmel,
Carmela,
Carmeli,
Carmelina,
Carmelita,
Carmella,
Carmen,
Carmencita,
Carmia,
Carmie,
Carmilina,
Carmina,
Carmit,
Carmita,
Carmiya,
Carmy,
Carna,
Carni,
Carnia,
Carniela,
Carny,
Caro,
Carol,
Carola,
Carole,
Caroliana,
Carolina,
Caroline,
Carolyn,
Caron,
Caroon,
Carrie,
Carrol,
Carrola,
Carry,
Carson,
Carsten,
Carswell,
Carter,
Carvel,
Cary,
Caryl,
Carys,
César,
Cashel,
Casimir,
Casiphia,
Caspar,
Casper,
Cassandra,
Cassandre,
Cassarah,
Cassia,
Cassie,
Castalia,
Castel,
Castor,
Cat,
Catalin,
Catalina,
Catarina,
Catava,
Cate,
Caterina,
Cath,
Catharina,
Catharine,
Catherine,
Cathie,
Cathleen,
Cathlin,
Cathol,
Cathryn,
Cathweg,
Cathwg,
Cathy,
Catie,
Catlee,
Catlin,
Catrena,
Catrin,
Catrina,
Catriona,
Cavanna,
Caye,
Cayoya,
Ceara,
Cearbhall,
Cebastian,
Cecca,
Ceccarella,
Cecelia,
Cecil,
Cecile,
Cecilia,
Cecilie,
Cecily,
Cecina,
Cedric,
Ceit,
Ceiteag,
Celadonia,
Celandine,
Cele,
Celena,
Celene,
Celesta,
Celeste,
Celestina,
Celestine,
Celestyn,
Celestyna,
Celia,
Celie,
Celina,
Celinda,
Celinde,
Celine,
Celinee,
Cella,
Celvia,
Celyn,
Cemal,
Cendrine,
Cerella,
Ceres,
Ceridwen,
Cerise,
Cesar,
Ceslovas,
Cevanna,
Chaanach,
Chad,
Chafsiya,
Chahna,
Chaim,
Chaitali,
Chaitra,
Chaiwat,
Chal,
Chalcedony,
Chalese,
Chamania,
Chameli,
Chan,
Chanda,
Chandani,
Chandelle,
Chandi,
Chandler,
Chandni,
Chandra,
Chandrakanta,
Chandrima,
Chandrjaa,
Chane,
Chanel,
Chaney,
Chania,
Chanina,
Chanit,
Channa,
Channary,
Channing,
Chantal,
Chantel,
Chanterelle,
Chantil,
Chantou,
Chantrea,
Chanya,
Chaonaine,
Chapa,
Chapawee,
Charis,
Charise,
Charisma,
Charissa,
Charita,
Charity,
Charla,
Charlaine,
Charleen,
Charlene,
Charles,
Charley,
Charlie,
Charlina,
Charline,
Charlot,
Charlotta,
Charlotte,
Charlton,
Charly,
Charmain,
Charmaine,
Charmian,
Charmion,
Charna,
Charnette,
Charron,
Charu,
Charumati,
Charyl,
Chaseston,
Chashmona,
Chasia,
Chasida,
Chasina,
Chastity,
Chau,
Chauncey,
Chauncy,
Chausiku,
Chauvin,
Chava,
Chavi,
Chay,
Chaya,
Chaz,
Chazmin,
Chazona,
Che,
Chedra,
Cheftziya,
Cheifa,
Cheiron,
Chel,
Chelle,
Chelsea,
Chelsey,
Chemda,
Chemdiah,
Chen,
Chenia,
Chenoa,
Cher,
Chere,
Cheri,
Cherie,
Cheril,
Cherilyn,
Cherisa,
Cherise,
Cherish,
Cherlyn,
Chermona,
Cherry,
Cheryl,
Cheryll,
Cheslav,
Chesley,
Chesmu,
Chesna,
Chet,
Chevonne,
Chi,
Chiah,
Chiara,
Chiba,
Chichi,
Chick,
Chico,
Chik,
Chika,
Chikako,
Chiku,
Chilali,
Chili,
Chimalis,
Chimene,
Chin-Sun,
Chinue,
Chioke,
Chip,
Chipo,
Chiriga,
Chita,
Chitsa,
Chiyo,
Chiyoko,
Chizu,
Chizuko,
Chloe,
Chloris,
Cho,
Choko,
Chola,
Cholena,
Chonsie,
Choomia,
Choon-Hee,
Chou,
Choyo,
Chretien,
Chris,
Chrislyne,
Chrispy,
Chrissie,
Chrissy,
Christa,
Christabel,
Christal,
Christao,
Christel,
Christelle,
Christian,
Christiana,
Christiane,
Christianne,
Christie,
Christin,
Christina,
Christine,
Christinha,
Christoph,
Christophe,
Christopher,
Christy,
Chrysanta,
Chryssa,
Chrystal,
Chryste,
Chu,
Chuck,
Chucky,
Chuki,
Chula,
Chulda,
Chuma,
Chumani,
Chunbai,
Chung,
Chung-Ae,
Chung-Cha,
Ciannait,
Ciara,
Ciaran,
Ciarra,
Cicely,
Cicero,
Cicily,
Cid,
Ciel,
Ciera,
Cierra,
Cilehe,
Cili,
Cilicia,
Cilka,
Cilla,
Cinda,
Cindi,
Cindie,
Cindra,
Cindy,
Cinnamon,
Cinofila,
Cinthia,
Cinzia,
Cipriana,
Cirill,
Cisco,
Cissie,
Cissy,
Cladio,
Claire,
Clairette,
Clancy,
Clara,
Clarabelle,
Clare,
Clarence,
Clarenda,
Clareta,
Clarey,
Claribel,
Clarice,
Clarin,
Clarina,
Clarinda,
Clarine,
Clarisa,
Clarissa,
Clarita,
Clarivel,
Clark,
Clarke,
Clarotte,
Clarrissa,
Clary,
Claud,
Claude,
Claudette,
Claudia,
Claudina,
Claudine,
Claudio,
Claudius,
Claus,
Clay,
Clayton,
Clea,
Cleanth,
Clem,
Clematia,
Clemence,
Clemencia,
Clemens,
Clement,
Clemente,
Clementine,
Cleo,
Cleopatra,
Clerk,
Cletes,
Cleto,
Clevonne,
Cliff,
Clifford,
Cliffy,
Clifton,
Clint,
Clinton,
Cliodhna,
Clive,
Clo,
Clorinda,
Clothilde,
Clotilda,
Clovia,
Clyde,
Clytie,
Cnut,
Coahoma,
Cocheta,
Coelfinnia,
Cohila,
Coinneach,
Colanda,
Colby,
Cole,
Coleen,
Coleman,
Colena,
Colene,
Coletta,
Colette,
Colie,
Colin,
Colleen,
Collette,
Collin,
Colline,
Collins,
Colly,
Colman,
Colomba,
Colombe,
Colombina,
Colon,
Colter,
Colton,
Columba,
Con,
Conan,
Concepcion,
Concetta,
Conchobarre,
Concordia,
Conleth,
Connie,
Connie-Lynne,
Connor,
Conny,
Conrad,
Conseja,
Consilia,
Consolacion,
Consolata,
Constacia,
Constance,
Constancy,
Constantia,
Constantin,
Constantina,
Constantine,
Constantinos,
Constanza,
Constanze,
Consuela,
Consuelo,
Cooper,
Cora,
Corah,
Coral,
Coralie,
Corazon,
Corbin,
Cordelia,
Cordell,
Cordula,
Coreen,
Corene,
Coretta,
Corette,
Cori,
Corin,
Corina,
Corine,
Corinna,
Corinne,
Corky,
Corliss,
Cormac,
Corn,
Cornela,
Cornelia,
Cornelius,
Cornella,
Cornelle,
Cornie,
Cornilia,
Corona,
Cort,
Corwin,
Corynn,
Coseta,
Cosima,
Cosmo,
Costas,
Courteney,
Cozette,
Craig,
Creirwy,
Crescentia,
Cressa,
Cressida,
Cressie,
Crispin,
Crispus,
Crissie,
Crissy,
Cristen,
Cristian,
Cristina,
Cristiona,
Cristobal,
Cristy,
Cruza,
Crystal,
Cullen,
Curcio,
Curt,
Curtis,
Cuthbert,
Cy,
Cybele,
Cybil,
Cybill,
Cybille,
Cyd,
Cyma,
Cymone,
Cynara,
Cyndel,
Cyndi,
Cyndie,
Cyndy,
Cynsa,
Cynth,
Cyntheria,
Cynthia,
Cypria,
Cyra,
Cyrek,
Cyrene,
Cyril,
Cyrill,
Cyrille,
Cyrus,
Cytherea,
Czcibor,
Czenzi,
Czeslaw,
Dabid,
Dabney,
Daciana,
Daffodil,
Dafydd,
Dafyyd,
Dag,
Dagmar,
Dagna,
Dagny,
Dagwood,
Dahlia,
Dai,
Dain,
Daisy,
Dakarai,
Dal,
Dalal,
Daley,
Dali,
Dalibora,
Dalila,
Dalili,
Dalton,
Dalya,
Damalis,
Damaris,
Damayanti,
Damek,
Damhnait,
Damia,
Damian,
Damiana,
Damien,
Damon,
Dan,
Danacia,
Danae,
Dandy,
Dane,
Danean,
Danell,
Danette,
Dania,
Daniah,
Danièle,
Danica,
Daniel,
Daniela,
Danielek,
Danielle,
Daniil,
Danika,
Danita,
Danko,
Danna,
Dannah,
Danne,
Danni,
Dannie,
Danniela,
Dannii,
Danny,
Dante,
Danuta,
Dany,
Danya,
Danylko,
Danyon,
Dao-ming,
Daphne,
Dara,
Darah,
Darbi,
Darcee,
D'arcy,
D'Arcy,
Darden,
Darenda,
Dareo,
Daria,
Darice,
Darie,
Darien,
Dario,
Darin,
Darius,
Darl,
Darla,
Darleen,
Darlene,
Darlin,
Darling,
Darlonna,
Darpitaa,
Darrell,
Darren,
Darryl,
Darsey,
Darsha,
Darshelle,
Daryl,
Daryle,
Dasha,
Dat,
Datiah,
Dave,
David,
Davidde,
Davidek,
Davina,
Davis,
Davon,
Daw,
Dawayne,
Dawid,
Dawn,
Dawson,
Da-xia,
Dayaa,
Dayanita,
Dayna,
Dayo,
Dean,
Deandra,
Deane,
Deanna,
Deanne,
Deavon,
Deb,
Debbie,
Debby,
Deborah,
Debra,
Decembra,
Decker,
Decla,
Declan,
Dederick,
Deeann,
Deema,
Deemer,
Deena,
Deepak,
Deepesh,
Deianira,
Deidre,
Deirdre,
Deitra,
Del,
Dela,
Delaney,
Delano,
Delbert,
Delfina,
Delia,
Delicia,
Delilah,
Delja,
Dell,
Della,
Delmar,
Delmore,
Delores,
Deloris,
Delphia,
Delphine,
Delphinia,
Delwyn,
Delyth,
Demetria,
Demetrius,
Demi,
Demothi,
Demyan,
Den,
Dena,
Dene,
Denell,
Denes,
Denholm,
Denis,
Denise,
Deniz,
Dennis,
Denny,
Denton,
Denys,
Denzel,
Denzil,
Deolinda,
Deon,
Derek,
Derik,
Dermot,
Derrek,
Derrick,
Dervila,
Desiree,
Desmond,
Desta,
Destina,
Destiny,
Deva,
Devahuti,
Devaki,
Deval,
Devanee,
Devasha,
Deven,
Devi,
Devika,
Devin,
Devnet,
Devon,
Devorah,
Devorgilla,
Dew,
Dewey,
DeWitt,
Dex,
Dexter,
Deyanira,
Dezba,
Dhanadaa,
Dhara,
Dharinee,
Dharitri,
Dhavala,
Di,
Diana,
Diane,
Dianna,
Diantha,
Dichali,
Dick,
Dickens,
Dickie,
Dickson,
Dicky,
Dicta,
Didier,
Diederich,
Diederick,
Diederike,
Diego,
Dierk,
Dieter,
Dietmar,
Dietrich,
Dieu-Kiem,
Digby,
Diggory,
Diglio,
Dija,
Dilbert,
Dillon,
Dillwyn,
Dilwen,
Dilwyn,
Dilys,
Dimitri,
Dimitris,
Dimo,
Dimona,
Dina,
Dinah,
Dino,
Diodore,
Dion,
Dione,
Dionisa,
Dionne,
Dionys,
Direk,
Dirk,
Disa,
Divonah,
Divya,
Dixie,
Dixon,
Dmitri,
Dmitriy,
Dmitry,
Dmyphnah,
Dob,
Dobbs,
Dobie,
Dobrila,
Dobrogost,
Dobromil,
Dobromila,
Dobromira,
Dobroslava,
Dobry,
Doby,
Dodge,
Dofi,
Doireann,
Dolan,
Dolf,
Doli,
Dolly,
Dolores,
Dolph,
Dom,
Domingo,
Dominic,
Dominika,
Dominique,
Domino,
Domitilla,
Don,
Donahue,
Donald,
Donalda,
Donaldo,
Donalt,
Donard,
Donata,
Donatella,
Donato,
Dondi,
Donella,
Donley,
Donna,
Donnag,
Donnell,
Donnelly,
Donnie,
Donohue,
Donoma,
Donovan,
Donovon,
Donya,
Dora,
Dorean,
Doreen,
Doreka,
Dores,
Doretta,
Doria,
Dorian,
Dorie,
Dorina,
Dorinda,
Dorinnia,
Doris,
Dorolinda,
Dorota,
Dorotea,
Dorothea,
Dorothee,
Dorothy,
Dorothya,
Dorrell,
Dosya,
Doto,
Dottie,
Douati,
Doug,
Dougie,
Douglas,
Douglass,
Doveva,
Dowanhowee,
Downett,
Doyle,
Drachen,
Dragos,
Drahomira,
Drake,
Draupadi,
Drayton,
Drew,
Drisana,
Driscoll,
Driskoll,
Dru,
Drusilla,
Drystan,
Duane,
Dud,
Duddley,
Dude,
Dudley,
Duff,
Dug,
Duig,
Dukarai,
Dularee,
Dulce,
Dulcie,
Dulcinea,
Dumaka,
Duman,
Dumia,
Dunc,
Duncan,
Dunham,
Dunk,
Dunstan,
Duran,
Durand,
Durga,
Duriye,
Durriken,
Durril,
Durward,
Dusana,
Duscha,
Dusten,
Dustin,
Duy,
Dwain,
Dwane,
Dwayne,
Dwight,
Dwynwen,
Dyami,
Dyani,
Dyl,
Dylan,
Dylanne,
Dymphna,
Dyre,
Dyvette,
Dziko,
Eabha,
Eadaoin,
Ealasaid,
Ealga,
Eamhair,
Eamon,
Eamonn,
Eanna,
Eanruig,
Earl,
Earleen,
Earlene,
Earnest,
Eartha,
Eavan,
Ebba,
Ebenezer,
Eberhard,
Ebert,
Eberto,
Ebony,
Ebun,
Ecaterina,
Echo,
Eck,
Eckbert,
Eckerd,
Eckert,
Eckhard,
Ed,
Eda,
Edana,
Eddie,
Eddy,
Ede,
Edelmira,
Eden,
Edena,
Edenia,
Edgar,
Edgars,
Ediah,
Edison,
Edith,
Edko,
Edlin,
Edmee,
Edmon,
Edmond,
Edmund,
Edmundson,
Edna,
Ednah,
Edo,
Edouard,
Edric,
Eduard,
Eduarda,
Eduardo,
Edvige,
Edward,
Edwin,
Edwina,
Edyta,
Edzko,
E'epa,
Efah,
Effemy,
Effie,
Efia,
Efim,
Efraim,
Efrata,
Egbert,
Egg,
Eglah,
Egor,
Ehani,
Ehawee,
Eibhlin,
Eiddwen,
Eike,
Eilah,
Eileanor,
Eileen,
Eileithyia,
Eilidh,
Eilis,
Eilona,
Eilwyn,
Eimhear,
Eimile,
Einar,
Einmyria,
Eira,
Eiran,
Eireann,
Eireen,
Eirene,
Eirwen,
Eistir,
Eithne,
Ekaterina,
Ekkehardt,
Ela,
Elaine,
Elakshi,
Elama,
Elba,
Elbert,
Eldad,
Elden,
Eldon,
Eldred,
Eldridge,
Eleanor,
Electa,
Electra,
Eleftheria,
Elek,
Elektra,
Elemar,
Elen,
Elena,
Eleonor,
Eleonore,
Eleri,
Elettra,
Eleu,
Eleuthera,
Elfa,
Elfleda,
Elfred,
Elfreda,
Elia,
Elian,
Eliana,
Eliane,
Elianora,
Elias,
Eliavah,
Elie,
Eliezra,
Elijah,
Elili,
Elimelech,
Elin,
Elina,
Elinor,
Eliora,
Elisa,
Elisabet,
Elisabeta,
Elisabeth,
Elise,
Elisha,
Elisheba,
Elissa,
Eliza,
Elizabeth,
Elke,
Elki,
Ella,
Ellen,
Ellena,
Elli,
Ellice,
Ellie,
Ellinor,
Elliot,
Ellis,
Ellwood,
Elma,
Elmar,
Elmer,
Elmo,
Elof,
Eloisa,
Eloise,
Eloy,
Elpida,
Elrad,
Elric,
Elroy,
Elsa,
Else,
Elsie,
Elspet,
Elsu,
Elton,
Eluned,
Elva,
Elvira,
Elvis,
Elwin,
Elwood,
Ely,
Elyse,
Elzbieta,
Emajuddin,
Emalia,
Emalinda,
Eman,
Emanuel,
Emel,
Emelda,
Emelia,
Emelinda,
Emeline,
Emeny,
Emer,
Emerald,
Emerenciana,
Emerenzia,
Emerson,
Emery,
Emidio,
Emil,
Emile,
Emilia,
Emilio,
Emils,
Emily,
Emlyn,
Emma,
Emmanuel,
Emmanuelle,
Emmeline,
Emmet,
Emmett,
Emmie,
Emmitt,
Emmylou,
Emok,
Emon,
Emory,
Emrys,
Emunah,
Ena,
Enakai,
Encarnacion,
Eneas,
Eneida,
Enfiania,
Enfys,
Engel,
Engracia,
Enli,
Ennio,
Enoch,
Enola,
Enomwoyi,
Enos,
Enrica,
Enrico,
Enriqua,
Enrique,
Enya,
Enyeto,
Enyonyam,
Enzo,
Eoghania,
Eoin,
Ephraim,
Epifania,
Erasmus,
Erberto,
Erek,
Erela,
Erendira,
Erhard,
Eri,
Erianthe,
Eric,
Erica,
Erich,
Erick,
Erico,
Erik,
Erika,
Erin,
Erina,
Erisha,
Erle,
Erma,
Ermina,
Erna,
Ernest,
Ernesta,
Ernestine,
Ernesto,
Ernesztina,
Ernie,
Ernst,
Errol,
Erskin,
Ervin,
Erwin,
Erzsebet,
Esenia,
Esetera,
Eshana,
Eshe,
Eshkol,
Esi,
Esmee,
Esmeralda,
Esmond,
Esperanza,
Espiridiana,
Espiridion,
Esra,
Essien,
Estavan,
Esteban,
Estebana,
Estella,
Estelle,
Estephania,
Ester,
Estera,
Esther,
Estifano,
Estivido,
Estrella,
Esyllt,
Eszter,
Etain,
Etan,
Etel,
Etela,
Etenia,
Ethalyn,
Ethan,
Ethel,
Etheldreda,
Ethete,
Ethmer,
Ethna,
Etiennette,
Etni,
Etsu,
Etsuko,
Etsuyo,
Etta,
Etu,
Eubh,
Eudora,
Eudosia,
Eufemia,
Eufenja,
Eugene,
Eugenia,
Eugenie,
Eugenio,
Euguene,
Eulalia,
Eulalja,
Euna,
Eunice,
Eunika,
Eunike,
Eun-Young,
Euphemia,
Euphenia,
Eustace,
Eutropia,
Euzebia,
Ev,
Eva,
Evadne,
Evalina,
Evan,
Evander,
Evanegelina,
Evangelia,
Evangeline,
Evani,
Evanthe,
Evdokiya,
Eve,
Eveleen,
Evelien,
Evelina,
Evellia,
Evelyn,
Evelyne,
Everardo,
Everett,
Everhard,
Evert,
Evette,
Evfemiya,
Evgeniya,
Evie,
Evina,
Evita,
Evlaliya,
Evrim,
Evzenie,
Ewa,
Ewangelina,
Ewelina,
Ezar,
Ezekiel,
Ezer,
Ezhno,
Ezra,
Faber,
Fabia,
Fabian,
Fabiana,
Fabienne,
Fabio,
Fabiola,
Fabrice,
Fae,
Fahima,
Fahimee,
Fairleigh,
Faisal,
Faith,
Faiva,
Faiz,
Faizel,
Fakapelea,
Fakih,
Falakika,
Fan,
Fang,
Fang-hua,
Fanny,
Fanua,
Fanya,
Faoiltiarna,
Faraji,
Farakika,
Fardoos,
Farida,
Fariha,
Farina,
Farrah,
Farrell,
Farris,
Faruk,
Fathiyya,
Fatima,
Fatin,
Fatma,
Fatuimoana,
Fauna,
Faunia,
Fausta,
Faustina,
Faustyna,
Fawn,
Fawziyya,
Faxon,
Fay,
Faye,
Fayette,
Fayina,
Fayola,
Fayruz,
Fayth,
Fayza,
Fedor,
Fedora,
Fedosya,
Feidhelm,
Feige,
Feigel,
Felice,
Felicia,
Feliciano,
Felicie,
Felicite,
Felicity,
Felike,
Feliks,
Felina,
Felino,
Felip,
Felipe,
Felippe,
Felix,
Felixa,
Felora,
Felorena,
Fenella,
Feng,
Fenia,
Fenyang,
Feodor,
Feodoriya,
Ferdinand,
Ferdinanda,
Ferghus,
Fergus,
Ferguson,
Ferida,
Feris,
Fermi,
Fermin,
Fern,
Fernanda,
Fernando,
Ferris,
Fess,
Festus,
Fetuu,
Ffleur,
Ffraid,
Fialka,
Fiammetta,
Fidel,
Fidela,
Fidelia,
Fidelja,
Fidelma,
Fido,
Fieliki,
Fifi,
Fihaki,
Filander,
Filia,
Filikitata,
Filip,
Filipina,
Filippa,
Filippo,
Filomena,
Fin,
Fina,
Finbar,
Fineas,
Fineeva,
Finella,
Fineongo,
Fingal,
Finlay,
Finley,
Finn,
Finola,
Fion,
Fiona,
Fionnghuala,
Fionnuala,
Fiorella,
Fipe,
Fisi,
Fisk,
Flannery,
Flavia,
Fletch,
Fletcher,
Fleur,
Flint,
Flip,
Flo,
Floella,
Flora,
Floralia,
Floramaria,
Florence,
Florencia,
Florens,
Florent,
Florentina,
Florentyna,
Florenz,
Florenza,
Florian,
Flower,
Floyd,
Flynn,
Foluke,
Fonz,
Fonzie,
Forester,
Forrest,
Forrester,
Fortuna,
Fortunata,
Foss,
Foster,
Fotina,
Fotios,
Fount,
Fountain,
Frédéric,
Frédérique,
Fran,
François,
Françoise,
Franc,
Franca,
Frances,
Francesca,
Francesco,
Franchot,
Franci,
Francina,
Francine,
Francis,
Francisco,
Francises,
Franck,
Franco,
Francois,
Francoise,
Francziska,
Frank,
Frankie,
Franklin,
Franko,
Franky,
Frans,
Fransisc,
Frantiska,
Franz,
Franziska,
Fraser,
Frasier,
Fravardin,
Frayda,
Fred,
Freda,
Freddie,
Freddy,
Frederica,
Frederich,
Frederick,
Frederico,
Frederique,
Fredi,
Fredrik,
Freferika,
Freida,
Freya,
Frida,
Frieda,
Friede,
Friedelinde,
Friederike,
Friedhelm,
Friedhold,
Friedrich,
Frits,
Fritz,
Frode,
Fryda,
Fryderyka,
Fuensanta,
Fujiko,
Fulande,
Fulangi,
Fulla,
Fulton,
Fulumirani,
Fulvia,
Funsani,
Fusi,
Fusileka,
Fuyu,
Fuyuko,
Fynn,
Fyodor,
Gabe,
Gabriel,
Gabriela,
Gabriele,
Gabriell,
Gabriella,
Gabrielle,
Gacquetta,
Gaenor,
Gaetane,
Gafna,
Gahiji,
Gaia,
Gail,
Gaila,
Gaius,
Gala,
Galadriel,
Galatea,
Gale,
Galen,
Gali,
Galiena,
Galilani,
Galina,
Gallard,
Galloway,
Galt,
Galya,
Gamaliel,
Gambhira,
Ganesa,
Gar,
Géraldine,
Gérard,
Garcia,
Gardner,
Garek,
Gareth,
Garfield,
Garima,
Garner,
Garnet,
Garnette,
Garret,
Garreth,
Garrett,
Garrick,
Garry,
Garth,
Garuda,
Gary,
Gaspar,
Gaudi,
Gauri,
Gautam,
Gauthier,
Gautier,
Gav,
Gaven,
Gavin,
Gavriela,
Gavrila,
Gavrilla,
Gawain,
Gawayne,
Gay,
Gayan,
Gaye,
Gayla,
Gayle,
Gayler,
Gaylor,
Gaylord,
Gaynor,
Gayora,
Gazelle,
Gazit,
Gebhard,
Geela,
Geert,
Gefen,
Gefforey,
Geffrey,
Gefjun,
Gelilah,
Gellert,
Gelo,
Gelsomina,
Gelya,
Gemina,
Gemma,
Gena,
Genaida,
Gene,
Genea,
Generosa,
Genesee,
Geneviève,
Genevieve,
Genevra,
Genista,
Gennaro,
Gennisheyo,
Geno,
Genoveva,
Geoff,
Geoffrey,
Geoffroi,
Geoffroy,
Geogiana,
Geona,
Geordie,
Georg,
George,
Georgeanna,
Georgeanne,
Georges,
Georgeta,
Georgette,
Georgi,
Georgia,
Georgianna,
Georgie,
Georgina,
Georgine,
Georgy,
Ger,
Gerald,
Geralda,
Geraldine,
Geraldo,
Geralyn,
Gerard,
Gerardo,
Geraud,
Gerben,
Gerd,
Gerda,
Gerek,
Gerhard,
Geri,
Gerik,
Gerlinde,
Germain,
Gernot,
Gerold,
Gerome,
Geronimo,
Gerontius,
Gerrie,
Gerry,
Gersemi,
Gert,
Gerta,
Gertie,
Gertraud,
Gertrud,
Gertruda,
Gertrude,
Gertrudes,
Gertruida,
Gerushah,
Gervaise,
Gerwulf,
Geva,
Gevirah,
Geyo,
Ghaliya,
Ghislain,
Ghislaine,
Ghita,
Ghufran,
Gia,
Giacinta,
Giacomo,
Giamo,
Gianina,
Gianna,
Giannes,
Gianni,
Giannini,
Giborah,
Gide,
Gideon,
Gidon,
Giermo,
Gigi,
Gil,
Gilada,
Giladah,
Gilanah,
Gilbert,
Gilberta,
Gilbertina,
Gilda,
Giles,
Giliah,
Gill,
Gilles,
Gillespie,
Gilliam,
Gillian,
Gillis,
Gimra,
Gin,
Gina,
Ginelle,
Ginevra,
Ginger,
Ginneh,
Ginnie,
Ginny,
Gioconda,
Giorgio,
Giotto,
Giovanna,
Giovanni,
Giraud,
Girolamo,
Gisa,
Gisela,
Giselle,
Gislaug,
Gita,
Gitana,
Gitanjali,
Gitel,
Gitika,
Gitta,
Giuditta,
Giulia,
Giuliano,
Giulietta,
Giuseppe,
Giuseppina,
Giustina,
Giusto,
Givola,
Gizella,
Gizem,
Gjuzel,
Gladi,
Gladiola,
Gladys,
Glen,
Glenda,
Glenn,
Glenna,
Glennette,
Glenys,
Gloria,
Gloriana,
Glory,
Glyn,
Glynis,
Glynn,
Gobnait,
Gobnata,
Godeliva,
Godfrey,
Godfry,
Godiva,
Goel,
Goitsemedime,
Golda,
Goldarina,
Goldie,
Goldina,
Goloria,
Gomer,
Gonzales,
Gonzalez,
Gonzo,
Gopinath,
Goran,
Gorden,
Gordie,
Gordon,
Gordana,
Gordy,
Gorgeous,
Gorton,
Goshoven,
Gosling,
Gotlieb,
Gottfridh,
Gottfried,
Gotthilf,
Govad,
Govindan,
Gowon,
Goya,
Goyo,
Gozala,
Grace,
Gracie,
Graciela,
Gracja,
Grady,
Graeme,
Graham,
Grahame,
Grainne,
Gram,
Grania,
Grant,
Grantland,
Grantley,
Granville,
Gratia,
Gratien,
Gray,
Grazia,
Graziella,
Grazyna,
Greg,
Gregg,
Gregor,
Gregory,
Grenville,
Gressa,
Greta,
Gretchen,
Grete,
Gretel,
Griet,
Griff,
Griffin,
Griffith,
Grigori,
Grimes,
Griselda,
Grosvenor,
Grove,
Grover,
Gruffudd,
Gruffydd,
Grzegorz,
Guadalupe,
Gualterio,
Guayo,
Gudrun,
Gugielmo,
Guglielmo,
Guido,
Guilhermma,
Guillaume,
Guillelmina,
Guillermina,
Guillermo,
Guillo,
Guiming,
Guinevere,
Guittiere,
Gulianno,
Gulielma,
Gull,
Gullermo,
Gun,
Gunda,
Gunderson,
Gundula,
Gunilla,
Gunn,
Gunnar,
Gunner,
Gunnerson,
Gunnhild,
Gunny,
Gunter,
Gunther,
Gus,
Gustacio,
Gustaf,
Gustav,
Gustava,
Gustave,
Gustavo,
Gustin,
Gustovo,
Guto,
Guy,
Gwen,
Gwenda,
Gwendolen,
Gwendoline,
Gwendolyn,
Gweneal,
Gweneth,
Gwenfrewi,
Gwenhwyfar,
Gwenllian,
Gwenola,
Gwenyth,
Gwyneth,
Gyanda,
Gyorgy,
Gyorgyi,
Gypsy,
Habaier,
Habib,
Habiba,
Habibah,
Hachi,
Hadar,
Hadassah,
Hadden,
Hadi,
Hadiya,
Hadley,
Hadrian,
Hadry,
Hadya,
Haemi,
Hae-Won,
Hafez,
Hafsah,
Hagan,
Hagia,
Hagne,
Haidee,
Haider,
Haidi,
Ha'iku,
Haime,
Haimi,
Haiwee,
Hajar,
Hajna,
Hajnal,
Hakan,
Hakeem,
Hakem,
Hakon,
Hakumele,
Hal,
Hala,
Halapua,
Hélène,
Halcyon,
Halcyone,
Haldis,
Hale,
Haleakua,
Haleigh,
Haley,
Halil,
Halim,
Halima,
Halina,
Halley,
Hallie,
Halolani,
Halona,
Ham,
Hama,
Hamako,
Hamal,
Hamdel,
Hamid,
Hamida,
Hamil,
Hamill,
Hamilton,
Hamish,
Hamlin,
Hammond,
Hamon,
Hamp,
Hampton,
Hana,
Hanaa,
Hanae,
Hanako,
Handy,
Hang,
Hanh,
Hanibal,
Hanif,
Hanifa,
Hanita,
Haniyya,
Hank,
Hanka,
Hanna,
Hannah,
Hannes,
Hannibal,
Hanraoi,
Hans,
Hansa,
Hansel,
Hansika,
Hansila,
Hansine,
Hantaywee,
Hanuman,
Hao,
Haqikah,
Haralambie,
Harald,
Haralda,
Haraldo,
Harb,
Harbert,
Hardiman,
Harding,
Hari,
Hariata,
Harita,
Harlan,
Harley,
Harlowe,
Harman,
Harmon,
Harmonia,
Harmony,
Harold,
Haroun,
Harriet,
Harrietta,
Harrison,
Harry,
Harsha,
Harshida,
Harshika,
Hartmut,
Haru,
Harue,
Haruko,
Harumi,
Harvey,
Harvie,
Hasad,
Hasan,
Hasana,
Hasanati,
Hashim,
Hashir,
Hasika,
Hasin,
Hasina,
Haskel,
Haskell,
Hasna,
Hassan,
Hassel,
Hastin,
Hateya,
Hathor,
Hatsu,
Hattie,
Haukea,
Haulani,
Haunani,
Hau'oli,
Hava,
Havelock,
Hawa,
Haya,
Hayat,
Hayden,
Haydyn,
Hayfa,
Hayley,
Haywood,
Hazel,
Heath,
Heather,
Hebe,
Heber,
Hebert,
Heck,
Hector,
Heda,
Hedda,
Hedeon,
Hedia,
Hediah,
Hedley,
Hedvig,
Hedviga,
Hedvika,
Hedwig,
Hedwiga,
Hee-Young,
Heide,
Heidi,
Heidrun,
Heike,
Heiko,
Heinrich,
Heintz,
Heinz,
Hektor,
Helah,
Helaine,
Helaku,
Helana,
Helen,
Helena,
Helene,
Helga,
Helge,
Helia,
Helki,
Helmine,
Helmut,
Heloise,
Hemali,
Hemant,
Hembadoon,
Henderson,
Hendrik,
Hendrika,
Hengky,
Henk,
Henning,
Henrey,
Henri,
Henrico,
Henrietta,
Henrik,
Henrike,
Henriqueta,
Henry,
Henryka,
Hephzibah,
Hera,
Herb,
Herbert,
Herberto,
Herbie,
Heremias,
Heri,
Heriberto,
Herlindis,
Herm,
Herman,
Hermann,
Hermia,
Hermina,
Hermine,
Hermione,
Hermon,
Hernando,
Hero,
Heron,
Heronim,
Herriberto,
Hersch,
Herschel,
Hersh,
Hersilia,
Hervé,
Herve,
Hervey,
Hesper,
Hester,
Hesther,
Hesus,
Hew,
Hewart,
Hewes,
Hewett,
Hewie,
Heywood,
Hialeah,
Hiawassee,
Hiba,
Hicks,
Hide,
Hideyo,
Hiermo,
Hieronym,
Hieronymos,
Hieronymus,
Hikmat,
Hikuleo,
Hilalia,
Hilaria,
Hilary,
Hilda,
Hildegard,
Hilfredo,
Hillary,
Hillel,
Hillevi,
Hilmar,
Himani,
Himanshu,
Hind,
Hinda,
Hinko,
Hinrich,
Hinun,
Hipakeiki,
Hiral,
Hiram,
Hirena,
Hiroko,
Hiromi,
Hiroshi,
Hirsch,
Hirsh,
Hirus,
Hisa,
Hisae,
Hisako,
Hisano,
Hisayo,
Hisoka,
Hisolda,
Hiva,
Hiwahiwakeiki,
Hjalmar,
Hjordis,
Hlin,
Hnatochko,
Hoa,
Hoaka,
Hoalohalani,
Hoalohanani,
Hob,
Hobard,
Hobbes,
Hodge,
Hodges,
Hodgkins,
Hohan,
Hoibeard,
Hoireabard,
Hoku'alohi,
Hokuao,
Hokuaonani,
Hokulani,
Hola,
Holden,
Holger,
Holic,
Holleb,
Holles,
Hollie,
Hollings,
Hollins,
Holly,
Holomakani,
Holt,
Homer,
Honekakala,
Honorata,
Honoria,
Honour,
Honovi,
Hood,
Ho'olana,
Hoop,
Hooper,
Horace,
Horacia,
Horacio,
Horatio,
Horentio,
Horis,
Hormazd,
Hormazed,
Horst,
Hortencia,
Hortense,
Hortensia,
Hosea,
Hoshi,
Hoshiko,
Hoshiyo,
Ho-Sook,
Hotaka,
Houman,
Howard,
Howel,
Howell,
Howi,
Howie,
Hoyle,
Hoyt,
Hua,
Huali,
Huata,
Hubbard,
Hubert,
Huberta,
Huberto,
Huda,
Hudson,
Hue,
Huette,
Huey,
Hugh,
Hughes,
Hughie,
Hughina,
Hugibert,
Hugo,
Huguette,
Hui-Fang,
Hulda,
Hulin,
Huluava,
Humbert,
Humberto,
Humfrey,
Humita,
Humphrey,
Hung,
Huong,
Hurley,
Hurriyyah,
Husain,
Huseyin,
Husn,
Husniya,
Hutch,
Hutchinson,
Hute,
Huu,
Huw,
Huyana,
Huynh,
Huzaifa,
Hwa-Young,
Hyacinth,
Hyacinthe,
Hyman,
Hyo-Sonn,
Hyoun,
Hypatia,
Hyun-Ae,
Hyun-Ok,
Hyunwoo,
Hywel,
Iago,
Iain,
Ian,
Ianete,
Iantha,
Ianthe,
Ibby,
Ibrahim,
Ibtihaj,
Ibtisam,
Ichchani,
Ico,
Ida,
Idaa,
Idalia,
Idalina,
Idelle,
Ides,
Idesta,
Idette,
Idolina,
Idona,
Idonea,
Idonia,
Idony,
Idowu,
Idra,
Idris,
Idriya,
Ieda,
Ienipa,
Ifama,
Ife,
Ifetayo,
Ifigenia,
Ifor,
Igantov,
Igasho,
Iggy,
Ignac,
Ignatius,
Ignazio,
Igor,
Ihsan,
Ijaz,
Ike,
Iku,
Ikuko,
Ikuseghan,
Ila,
Ilan,
Ilana,
Ilaria,
Ildefonso,
Ileana,
Ilene,
Ilesha,
Ilia,
Iliia,
Ilka,
Ilona,
Ilsa,
Ilse,
Ilvira,
Ilya,
Ima,
Imae,
Imagina,
Imako,
Imala,
Imamu,
Iman,
Imelda,
Imen,
Imma,
Immacolata,
Immanuel,
Immauel,
Imogen,
Imogene,
Ina,
In'am,
Inanna,
Inas,
Inaya,
Inderpreet,
Indira,
Indra,
Indranee,
Indrayani,
Ine,
Inermo,
Ines,
Inessa,
Inette,
Inez,
Inga,
Inge,
Ingeborg,
Ingegerd,
Ingemar,
Ingham,
Ingmar,
Ingolf,
Ingrid,
Inigo,
Iniko,
Inis,
Innokenti,
Inny,
Inoa,
Inriques,
Inteus,
Io,
Ioakim,
Ioan,
Io'ana,
Ioanna,
Ioannes,
Ioel,
Ioke,
Iola,
Iolana,
Iolanda,
Iolanthe,
Iona,
Ione,
Ionia,
Ioseph,
Iosepine,
Iphigeneia,
Ira,
Irène,
Irena,
Irene,
Irenee,
Irina,
Iris,
Irisa,
Irma,
Irv,
Irvin,
Irvine,
Irving,
Irwan,
Irwin,
Irwyn,
Isa,
Isaac,
Isaak,
Isabeau,
Isabel,
Isabelita,
Isabella,
Isabelle,
Isac,
Isacc,
Isador,
Isadora,
Isaia,
Isaiah,
Isamu,
Isaura,
Iseabail,
Iseult,
Isha,
Ishana,
Ishi,
Ishiko,
Ishmael,
Isibeal,
Isidora,
Isidore,
Isis,
Isla,
Ismail,
Ismat,
Ismene,
Isobel,
Isoke,
Isolde,
Isra,
Issa,
Istu,
Itiah,
I'tidal,
Itinsa,
Ituha,
Itzhak,
Iuana,
Iudita,
Iuginia,
Iuile,
Iulalia,
Iulia,
Iuliana,
Iune,
Iusitina,
Ivan,
Ivana,
Ivanovitch,
Ivar,
Ivelisse,
Iverem,
Ives,
Ivey-Lynn,
Ivo,
Ivon,
Ivonne,
Ivor,
Ivria,
Ivy,
Iwa,
Iwalani,
Iwan,
Iwilla,
Iwona,
Iza,
Izaak,
Izabel,
Izabella,
Izdihar,
Izegbe,
Izraelius,
Izrail,
Izsu,
Izumi,
Izzie,
Izzy,
Jaafar,
Jaamini,
Jaan,
Jaba,
Jabez,
Jabril,
Jacalyn,
Jacaranda,
Jacian,
Jacinda,
Jacinta,
Jacinte,
Jacinthe,
Jacinto,
Jack,
Jackeline,
Jackelyn,
Jackie,
Jackson,
Jacky,
Jaclyn,
Jacob,
Jacoba,
Jacque,
Jacqueline,
Jacques,
Jacqui,
Jacynth,
Jada,
Jade,
Jadelia,
Jadella,
Jadwiga,
Jae-Hwa,
Jafar,
Jafet,
Jagger,
Jago,
Jaha,
Jahi,
Jai,
Jain,
Jairy,
Jake,
Jakob,
Jakova,
Jal,
Jala,
Jalajaa,
Jalaneeli,
Jaleen,
Jaleesa,
Jalila,
Jalinda,
Jalini,
Jalitaa,
Jamay,
James,
Jamesina,
Jameson,
Jamey,
Jamie,
Jamika,
Jamil,
Jamila,
Jamilla,
Jamison,
Jana,
Janae,
Janaki,
Janan,
Jane,
Janek,
Janel,
Janelle,
Janet,
Janey,
Jan-Harm,
JaNhea,
Janice,
Janick,
Janie,
Janikaa,
Janileny,
Janina,
Janine,
Janis,
Janita,
Janna,
Jannah,
Janne,
Jannike,
Janoah,
Janos,
Jansen,
Jany,
Japera,
Japhet,
Japheth,
Jared,
Jarek,
Jarett,
Jari,
Jarita,
Jarka,
Jarmila,
Jarnsaxa,
Jarogniew,
Jérome,
Jaromir,
Jaron,
Jaroslav,
Jaroslava,
Jaroslaw,
Jarred,
Jarvis,
Jas,
Jascha,
Jasmin,
Jasmine,
Jason,
Jasper,
Jassamyn,
Jaswinder,
Jathibiyya,
Jaustin,
Javas,
Javier,
Javin,
Javis,
Jawahir,
Jay,
Jaya,
Jayamala,
Jayant,
Jayanti,
Jayashree,
Jaye,
Jaylene,
Jayma,
Jayna,
Jayne,
Jayti,
Jayvanti,
Jazmin,
Jean,
Jeana,
Jean-Charles,
Jean-Claude,
Jeanette,
Jean-François,
Jean-Hugues,
Jeanie,
Jeanine,
Jean-Jacques,
Jean-Louis,
Jean-Loup,
Jean-Luc,
Jean-Marc,
Jean-Marie,
Jean-Michel,
Jeanne,
Jeannie,
Jeannine,
Jeannot,
Jean-Paul,
Jean-Pierre,
Jeb,
Jecoliah,
Jed,
Jedidiah,
Jedrek,
Jedrzej,
Jeeves,
Jeff,
Jefferey,
Jeffers,
Jefferson,
Jeffery,
Jeffrey,
Jeffry,
Jehan,
Jeina,
Jekaterina,
Jelena,
Jellow,
Jellybean,
Jemima,
Jemimah,
Jemina,
Jemma,
Jemsa,
Jen,
Jena,
Jendayi,
Jenelle,
Jenessa,
Jenifari,
Jenine,
Jenna,
Jenni,
Jennie,
Jennifer,
Jenny,
Jens,
Jensine,
Jeoffroi,
Jephthah,
Jeptha,
Jer,
Jered,
Jereme,
Jeremiah,
Jeremy,
Jerm,
Jerome,
Jeronimo,
Jerri,
Jerrie,
Jerrilynn,
Jerrod,
Jerrome,
Jerry,
Jerusha,
Jerushah,
Jervis,
Jerzy,
Jesito,
Jesper,
Jess,
Jessa,
Jessamine,
Jesse,
Jessica,
Jesu,
Jesus,
Jethra,
Jethro,
Jetta,
Jette,
Jetty,
Jewel,
Jezebel,
Jezreel,
Jia,
Jian,
Jian-jin,
Jibben,
Jie,
Jiho,
Jijabai,
Jill,
Jillian,
Jim,
Jimi,
Jimmie,
Jimmy,
Jinan,
Jindriska,
Jinelle,
Jin-Kyong,
Jinnat,
Jinny,
Jirina,
Jiro,
Jivanta,
Jivin,
Joab,
Joachim,
Joan,
Joanna,
Joanne,
Joannes,
Joao,
Joaquim,
Joaquin,
Jobe,
Jocasta,
Joceline,
Jocelyn,
Jock,
Jodha,
Jodi,
Jodie,
Joe,
Joel,
Joelle,
Joetta,
Joey,
Johan,
Johana,
Johanan,
Johann,
Johanna,
Johannes,
John,
Johna,
Johnie,
Johnnie,
Johnny,
Johns,
Johnson,
Jolan,
Jolanda,
Jolanta,
Joleen,
Jolene,
Joletta,
Joline,
Jolon,
Jon,
Jona,
Jonah,
Jonam,
Jonas,
Jonathan,
Jonathon,
Jones,
Jonie,
Jonna,
Jonova,
Jonson,
Joquin,
Joquina,
Joran,
Jordana,
Jordi,
Jordie,
Jordyn,
Jorg,
Jorge,
Jorgy,
Jori,
Jorie,
Jorji,
José,
Jose,
Josee,
Josef,
Josefa,
Joseph,
Josepha,
Josephina,
Josephine,
Josh,
Joshua,
Josia,
Josiah,
Josiane,
Josie,
Joss,
Josselyn,
Jotham,
Jouni,
Jourdan,
Jov,
Jowanda,
Joy,
Joyce,
Joyita,
Joyous,
Jozefa,
Jozefina,
Jozsefa,
Juan,
Juana,
Juanita,
Jubal,
Jubilee,
Judah,
Judas,
Judd,
Judit,
Judita,
Judith,
Judy,
Judyta,
Juhi,
Jules,
Juli,
Julia,
Julian,
Juliana,
Julianja,
Julianna,
Julianne,
Julie,
Julien,
Julienne,
Juliet,
Julieta,
Juliette,
Julio,
Julius,
Juljana,
Julle,
Jumah,
Jumana,
Jumapili,
Jumoke,
Junia,
Jun'ichi,
Junichi,
Junichiro,
Juniper,
Juno,
Jurate,
Jurgen,
Juri,
Justin,
Justina,
Justine,
Justinian,
Justino,
Justivo,
Justo,
Justyna,
Jutta,
Jyllian,
Jyoti,
Jyotsana,
Jyotsna,
Kaamilee,
Kaanan,
Ka'aona,
Kaasu,
Kaat,
Kabil,
Kachina,
Kacia,
Kadar,
Kadiah,
Kadin,
Kadir,
Kaelyn,
Kaemoxmith,
Kaenan,
Kaethe,
Kagami,
Kagiso,
Kahlua,
Kahoku,
Kaia,
Kailash,
Kaili,
Kailyn,
Kaimalie,
Kain,
Kaine,
Kaitchkma-Winema,
Kaitlin,
Kaitlyn,
Kaiya,
Kajsa,
Kakalina,
Kakielekea,
Kakra,
Kalala,
Kalalika,
Kalama,
Kalamela,
Kalana,
Kalani,
Kalaudia,
Kalaudina,
Kalb,
Kale,
Kaleb,
Kali,
Kalidas,
Kaligenia,
Kalika,
Kalila,
Kalilea,
Kalilinoe,
Kalina,
Kalinda,
Kalini,
Kalino,
Kaliona,
Kaliq,
Kaliska,
Kalita,
Kalkin,
Kallie,
Kalliope,
Kalliroe,
Kallisto,
Kalliyan,
Kallole,
Kalman,
Kalola,
Kalonice,
Kaloosh,
Kalota,
Kalote,
Kalpana,
Kalus,
Kaluwa,
Kalvin,
Kalyani,
Kalyca,
Kalysta,
Kamala,
Kamalika,
Kamanika,
Kamaniya,
Kamaria,
Kamata,
Kameko,
Kamel,
Kameli,
Kamelia,
Kamika,
Kamil,
Kamilla,
Kamla,
Kamoana,
Kanani,
Kanara,
Kandi,
Kane,
Kaneesha,
Kanestie,
Kanika,
Kaniqua,
Kanjanaa,
Kannitha,
Kanoa,
Kanta,
Kanti,
Kantimati,
Kantu,
Kanya,
Kaori,
Kaponianani,
Kapua,
Kapua'ula,
Kara,
Karas,
Karayan,
Karch,
Kareem,
Karel,
Karen,
Karena,
Karif,
Karim,
Karime,
Karin,
Karina,
Karine,
Karl,
Karla,
Karlene,
Karli,
Karlik,
Karlotta,
Karly,
Karma,
Karmel,
Karmil,
Karmiti,
Karneetsa,
Karol,
Karola,
Karolaina,
Karolek,
Karolina,
Karoline,
Karolis,
Karolyn,
Karpura,
Karren,
Karuna,
Kasa,
Kaseko,
Kashif,
Kasi,
Kasib,
Kasienka,
Kasim,
Kasimir,
Kasinda,
Kasota,
Kaspar,
Kasper,
Kassandra,
Kassia,
Kasturba,
Kat,
Kata,
Kataniya,
Katarina,
Katarzyna,
Kate,
Katelin,
Katerina,
Kath,
Katharina,
Kathe,
Katherine,
Kathie,
Kathleen,
Kathryn,
Kathy,
Katie,
Katina,
Katja,
Katla,
Katren,
Katrick,
Katrina,
Katrya,
Katsuji,
Katura,
Katya,
Katyayani,
Kau,
Kau-au-ointy,
Kaulana,
Kauluwehi,
Kausalya,
Kaveri,
Kavindra,
Kawa,
Kawaimomona,
Kawena,
Kawena'ula,
Kay,
Kaya,
Kayin,
Kayla,
Kayleen,
Kayleigh,
Kayley,
Kaylynn,
Kayne,
Kazimiera,
Kazimierz,
Kazutaka,
Kazuyo,
Kea,
Keahdinekeah,
Keahi,
Kealani,
Kealoha,
Ke'alohi,
Keanu,
Keb,
Kedar,
Keddy,
Kedem,
Kedma,
Keeaola,
Keefe,
Keegan,
Keehabah,
Keeley,
Keelin,
Keelynn,
Keenan,
Keezheekoni,
Kefira,
Kehachiwinga,
Kehinde,
Kei,
Keighry,
Keiki,
Keikikalani,
Keilah,
Keir,
Keiron,
Keisha,
Keith,
Keizo,
Keke,
Kekilia,
Kelalani,
Kelash,
Kelby,
Kelcey,
Kelda,
Kele,
Keleka,
Kelemen,
Keletina,
Kelia,
Kelila,
Kelley,
Kellie,
Kelly,
Kelsay,
Kelsi,
Kelsie,
Kelvin,
Ken,
Kenan,
Kendra,
Kendric,
Kendrick,
Kenia,
Kenichi,
Kenn,
Kenna,
Kenneth,
Kenney,
Kennie,
Kenrick,
Kent,
Kenyon,
Keohi,
Keola,
Keolakupaianaha,
Kerani,
Kerem,
Keren,
Kerensa,
Keri,
Kermit,
Kern,
Kerri,
Kerrie,
Kers,
Kersen,
Kerstin,
Kerwin,
Kes,
Kesar,
Kesava,
Keshet,
Keshia,
Kesi,
Kesia,
Kesin,
Kesse,
Kessem,
Kessie,
Kester,
Ketifa,
Ketina,
Keturah,
Ketzia,
Ketziah,
Keven,
Kevin,
Kewanee,
Kezia,
Khadija,
Khaled,
Khalida,
Khalila,
Khallil,
Khamtai,
Khapkhaponimi,
Khara,
Kharalambos,
Kharald,
Khatijah,
Khloe,
Khordad,
Khristian,
Khristina,
Khristoforos,
Khrystiyiyan,
Khrystofor,
Khvyados,
Kiana,
Kiara,
Kibbe,
Kibibi,
Kichi,
Kiel,
Kiele,
Kielekea,
Kiera,
Kieran,
Kierce,
Kierstyn,
Kieu,
Kifimbo,
Kijika,
Kikelia,
Kikilia,
Kiko,
Kiku,
Kil,
Kiley,
Kilia,
Kilian,
Killian,
Kim,
Kimama,
Kimaya,
Kimberlee,
Kimberlin,
Kimberly,
Kimbra,
Kimi,
Kimimela,
Kimmi,
Kimmie,
Kimo,
Kingsley,
Kinitia,
Kinshasha,
Kinta,
Kip,
Kipling,
Kira,
Kiral,
Kiran,
Kirby,
Kiri,
Kiriah,
Kiril,
Kirill,
Kiritina,
Kirk,
Kirsi,
Kirsten,
Kirsti,
Kirstin,
Kirsty,
Kisa,
Kisakye,
Kisha,
Kishi,
Kishori,
Kismet,
Kissa,
Kistna,
Kistur,
Kito,
Kitra,
Kitty,
Kivi,
Kiyoshi,
Kizza,
Kjerstin,
Klaas,
Klamencas,
Klara,
Klarika,
Klarissa,
Klarisza,
Klarybel,
Klarysa,
Klaudia,
Klaudija,
Klaudiusz,
Klaus,
Klavdiya,
Klavdu,
Klemen,
Klemenis,
Klemens,
Klement,
Klementina,
Klementyna,
Klemo,
Klesa,
Klimek,
Kliment,
Klotild,
Knasgowa,
Kneshia,
Knoton,
Knud,
Knut,
Kodelia,
Kohinoor,
Kokudza,
Kokumo,
Kolab,
Kolenya,
Kolina,
Koloe,
Kolour,
Kolumbina,
Kolya,
Koma,
Komal,
Konane,
Kondrad,
Konrad,
Konstanczia,
Kontar,
Kooskooskia,
Kora,
Korb,
Kordelja,
Kore,
Korenelia,
Korey,
Kori,
Korina,
Korinna,
Kornelia,
Korren,
Korudon,
Kosei,
Kostas,
Kosti,
Kostya,
Kotha,
Kovar,
Kreg,
Krikor,
Krislyn,
Krispin,
Kriss,
Krissy,
Krista,
Kristal,
Kristen,
Krister,
Kristi,
Kristian,
Kristie,
Kristin,
Kristina,
Kristo,
Kristof,
Kristofer,
Kristoffer,
Kristopher,
Kristy,
KristyAnna,
Krisztina,
Kritos,
Kruin,
Krys,
Krysia,
Krysta,
Krystal,
Krystjana,
Krystyna,
Krzys,
Krzysztof,
K'Sea,
Ksenia,
Ksenya,
Kuali,
Kuali'i,
Kukua,
Kulani,
Kulen,
Kuliraga,
Kulsoom,
Kulukulutea,
Kulwa,
Kulya,
Kumar,
Kumaravel,
Kumari,
Kunani,
Kunigonde,
Kunthea,
Kunto,
Kuper,
Kurt,
Kurtis,
Kushali,
Kusum,
Kuzih,
Kveta,
Kwaku,
Kwam,
Kwame,
Kwamina,
Kwan,
Kwaniesha,
Kwanita,
Kwasi,
Kwazi,
Kwesi,
Kyalamboka,
Kyla,
Kyle,
Kyler,
Kylie,
Kynthia,
Kyoko,
Kyra,
Kyriakos,
Kyril,
Kyrillos,
Kyros,
Kyrylo,
KyungSoon,
Laban,
L'Abana,
Labhaoise,
Labid,
Lachelle,
Lachina,
Lachlan,
Lacy,
Ladawn,
Ladd,
Ladean,
Ladelle,
Lado,
Ladonna,
Lafayette,
Lafredo,
Lagina,
Lahonda,
Laila,
Laine,
Laird,
Lajili,
Lajini,
Lakeisha,
Laken,
Lakia,
Laksha,
Lakshana,
Lakshmi,
Lal,
Lala,
Lalage,
Lalika,
Lalita,
Lalo,
Lamar,
LaMarr,
Lambert,
Lamel,
Lamis,
Lammond,
Lamond,
Lamont,
Lamya,
Lan,
Lana,
Lanakila,
Lance,
Landon,
Laneesha,
Langdon,
Langikula,
Langston,
Langundo,
Lani,
Lanie,
Laniuma,
Lanu,
Léon,
Léonie,
Léonne,
Léonore,
Léontine,
Lara,
Lareyna,
Larisa,
Larissa,
Lark,
Larkin,
Larrance,
Larrie,
Larrina,
Larry,
Lars,
Larshell,
Larson,
Lashauna,
Lashaunda,
Lata,
Latasha,
Lateefa,
LaTika,
Latisha,
Latona,
Latonya,
Latoya,
Lauento,
Laufeia,
Launce,
Launcelot,
Laura,
Lauralee,
Lauralynn,
Lauran,
Laure,
Laureen,
Laurel,
Laurence,
Laurene,
Laurens,
Laurent,
Laurentia,
Laurentius,
Laurenz,
Laurenza,
Lauretta,
Laurie,
Laurinda,
Lauryn,
LaVelle,
Laverne,
Lavi,
Lavina,
Lavinia,
Lavita,
Lavon,
Lavone,
Lawahiz,
Lawn,
Lawren,
Lawrence,
Lawry,
Laws,
Lawson,
LaWuan,
Layla,
Lea,
Lea-Ellan,
Leaf,
Leah,
Lealand,
Lealiki,
Leanardo,
Leander,
Leandra,
Leanna,
Leanne,
LeAnne,
Leben,
Lech,
Lechito,
Lechsinska,
Leda,
Lee,
Leegrant,
Leela,
Leeland,
Leena,
Lefty,
Lehua,
Lei,
Leiana,
Leif,
Leigh,
Leiko,
Leila,
Leilani,
Leisha,
Leisi,
Leit,
Leland,
Lelia,
Lem,
Lemoine,
Lemuel,
Len,
Lena,
Lenci,
Lenhart,
Lenice,
Lenn,
Lennard,
Lennie,
Lenno,
Lennor,
Lennox,
Lenny,
Lenora,
Lenore,
Lenox,
Lensar,
Lenusya,
Lenz,
Leo,
Leocadia,
Leokadia,
Leolani,
Leon,
Leona,
Leonard,
Leonarda,
Leonardo,
Leonardus,
Leoncia,
Leoncio,
Leone,
Leonhard,
Leonid,
Leonne,
Leonor,
Leonora,
Leonore,
Leontine,
Leopolda,
Leron,
Leroy,
Lesia,
Lesieli,
Lesley,
Leslie,
Lester,
Leszek,
Leticia,
Letitia,
Letizia,
Leto,
Letycja,
Levana,
Levi,
Leviah,
Levona,
Levy,
Lew,
Lewanna,
Lewie,
Lewis,
Lex,
Lexa,
Lexi,
Lexine,
Lexy,
Leyi,
Li,
Lia,
Liadan,
Liam,
Lian,
Liana,
Liane,
Liang,
Lianne,
Libania,
Libby,
Libe,
Libena,
Liberada,
Licia,
Lida,
Lidiya,
Lidwina,
Lien,
Lien-Hua,
Liesa,
Liesel,
Lieselotte,
Ligia,
Lihwa,
Liko,
Lila,
Lilavati,
Lile,
Lili,
Lilia,
Lilian,
Liliana,
Liliane,
Lilika,
Lilike,
Lilith,
Lilli,
Lilly,
Lilo,
Lily,
Lin,
Lina,
Linda,
Linden,
Lindon,
Lindy,
Linette,
Linfred,
Ling,
Linh,
Linit,
Linn,
Linnea,
Linnette,
Linnie,
Linus,
Linwood,
Lio,
Lionardo,
Lionel,
Lionello,
Lior,
Liora,
Lisa,
Lisabeth,
Lisanne,
Lisbet,
Lisette,
Lisha,
Lissa,
Lito,
Litonya,
Liu,
Livna,
Liwanu,
Liz,
Liza,
Lizolet,
Lizzie,
Llewellyn,
Llewelyn,
Lloyd,
Llywelyn,
Lodewick,
Lodewijk,
Lodovico,
Loe,
Loew,
Lofn,
Lois,
Lokomaika'i,
Lokomaika'inani,
Lola,
Lolita,
Loman,
Lonato,
Lone,
Lonna,
Lonny,
Lora,
Loran,
Lorant,
Loranzio,
Lore,
Loreen,
Lorelei,
Lorena,
Lorens,
Lorenzo,
Loretta,
Lori,
Lorinda,
Lorna,
Lorne,
Lorraine,
Lorrie,
Losa,
Losaki,
Losana,
Lothar,
Lotte,
Lottie,
Lou,
Loudon,
Louella,
Louie,
Louis,
Louisa,
Louise,
Lovell,
Lovre,
Lowe,
Lowell,
Lowenhard,
Lowther,
Loyd,
Luan,
Luana,
Luanna,
Luba,
Lubomir,
Lubomira,
Luc,
Lucas,
Luce,
Lucerne,
Lucetta,
Lucia,
Lucian,
Lucianna,
Luciano,
Lucienne,
Lucilla,
Lucille,
Lucina,
Lucinda,
Lucinde,
Lucita,
Lucius,
Lucja,
Lucjan,
Lucretia,
Lucy,
Lucyna,
Lucza,
Ludmila,
Ludovic,
Ludovica,
Ludvig,
Ludwig,
Ludwik,
Ludwika,
Luigi,
Luigina,
Luigseach,
Luis,
Luisa,
Luister,
Luiz,
Lujayn,
Lujza,
Lukas,
Luke,
Lukyan,
Lulu,
Luminosa,
Lumusi,
Luna,
Luned,
Lunt,
Lupe,
Lupita,
Lurette,
Luseane,
Lusela,
Lute,
Luteris,
Luther,
Lutherio,
Lutricia,
Lutz,
Luz,
Luzia,
Lycia,
Lyda,
Lydia,
Lydie,
Lyel,
Lyell,
Lyle,
Lyndon,
Lyndsley,
Lynelle,
Lynette,
Lynn,
Lynna,
Lynwood,
Lyris,
Lyron,
Maayan,
Mabel,
Mac,
Macaliano,
Macaria,
Mace,
Machi,
Maciej,
Macisimi,
Mack,
MacKeefry,
MacKeighry,
MacKenzie,
Mada,
Madailein,
Madeleine,
Madelenine,
Madeliene,
Madeline,
Madelyn,
Madge,
Madhavi,
Madhujit,
Madhulekha,
Madhur,
Madiha,
Madoc,
Madog,
Madonna,
Mads,
Mae,
Maedra,
Maegan,
Maelmore,
Maeve,
Magaidh,
Magali,
Magan,
Magaskawee,
Magda,
Magdala,
Magdalena,
Magdalene,
Magdolna,
Magena,
Maggie,
Maggio,
Magnolia,
Magnus,
Maha,
Mahala,
Mahalath,
Mahalia,
Mahasin,
Mahaska,
Mahesa,
Mahi,
Mahika,
Mahima,
Mahir,
Mahira,
Mahlom,
Maho,
Mahwah,
Mai,
Maia,
Maiba,
Maidie,
Maik,
Maika'i,
Maille,
Mailse,
Maimun,
Maira,
Mairav,
Maire,
Mairead,
Mairi,
Mairona,
Mairsile,
Maisie,
Maiteryi,
Maitland,
Maiya,
Maja,
Majd,
Maka,
Maka'alohi,
Makadisa,
Makaleka,
Makan,
Makanaakua,
Makanamaika'i,
Makawee,
Makiko,
Makis,
Maksim,
Mal,
Mala,
Malachi,
Malachy,
Malak,
Malalani,
Malati,
Malavika,
Malcolm,
Malcolmina,
Malcom,
Maleah,
Malgorzata,
Malia,
Malik,
Malika,
Malina,
Malka,
Malkosha,
Mallaidh,
Malon,
Maluhia,
Malvina,
Mama,
Mamakiaeh,
Mamie,
Mamiko,
Mamo,
Manaali'i,
Manalani,
Mana'o'i'o,
Mana'olana,
Mana'olankeiki,
Manawale'a,
Mancho,
Manchu,
Manco,
Mandara,
Mandek,
Mander,
Mandi,
Mandisa,
Mando,
Mandrill,
Mandy,
Manfred,
Mangena,
Manikarnika,
Manipi,
Manjika,
Manjulika,
Manjusha,
Manlio,
Manny,
Manon,
Mansa,
Mansah,
Mansi,
Mansoor,
Mansur,
Manu,
Manuel,
Manuela,
Manus,
Manwangopath,
Manya,
Maolmuire,
Mapiya,
Mapuana,
Mara,
Maraalika,
Maraea,
Marah,
Maranela,
Marar,
Marata,
Maratina,
Maravilla,
Marc,
Marcel,
Marcela,
Marcelina,
Marceline,
Marcelino,
Marcella,
Marcelline,
Marcello,
Marcellus,
Marci,
Marcia,
Marcial,
Marcianna,
Marciannette,
Marcille,
Marcius,
Marco,
Marcos,
Marcus,
Marcy,
Mare,
Marea,
Marek,
Margaret,
Margarethe,
Margarita,
Margarite,
Margarta,
Marge,
Margea,
Margery,
Margherita,
Margi,
Margie,
Margita,
Margo,
Margot,
Marguerite,
Mahmoud,
Mari,
Maria,
Mariabella,
Mariah,
Mariam,
Mariamne,
Marian,
Mariana,
Mariandre,
Marianne,
Mariano,
Maribel,
Maribeth,
Marid,
Marie,
Marie-Anne,
Marie-Christine,
Marie-France,
Marie-José,
Marie-Jose,
Mariel,
Mariella,
Marielle,
Marie-Madeleine,
Marietta,
Marigold,
Marija,
Marijke,
Marika,
Mariko,
Marilee,
Marilena,
Marilyn,
Marin,
Marina,
Mario,
Marion,
Maris,
Marisa,
Marisha,
Marisol,
Marissa,
Maristela,
Marita,
Marius,
Mariya,
Marj,
Marja,
Marjani,
Marjolaine,
Marjorie,
Mark,
Markell,
Marketa,
Markos,
Markus,
Marla,
Marlena,
Marlene,
Marlin,
Marlis,
Marlo,
Marlon,
Marly,
Marlyn,
Marmaduke,
Marni,
Marnie,
Marnin,
Marnina,
Maron,
Marona,
Marquitos,
Marr,
Marrim,
Marsaili,
Marsh,
Marsha,
Marshal,
Marshan,
Marsilio,
Mart,
Marta,
Martainn,
Martel,
Marten,
Martha,
Marthe,
Martie,
Martijn,
Martin,
Martina,
Martine,
Martinicino,
Marton,
Marty,
Marut,
Marv,
Marva,
Marve,
Marven,
Marvin,
Marwa,
Mary,
Marya,
Maryanne,
Marygrace,
Maryvonne,
Masa,
Masago,
Masahiro,
Masalina,
Masami,
Masamitsu,
Masamo,
Mascimo,
Masela,
Masha,
Mashavu,
Mashruk,
Masial,
Masika,
Masilo,
Maskini,
Maslin,
Masou,
Massey,
Massima,
Massimilano,
Masud,
Masumi,
Mat,
Mata,
Matej,
Matejo,
Mateo,
Mateusz,
Matheo,
Mathew,
Mathias,
Mathieu,
Mathilda,
Mathilde,
Matilda,
Mato,
Matoaka,
Matope,
Matrika,
Matriona,
Mats,
Matsu,
Matsuko,
Matsuyo,
Matt,
Matte,
Matteo,
Matthaeus,
Matthaus,
Mattheo,
Matthes,
Mattheus,
Matthew,
Matthia,
Matthias,
Mattie,
Mattieu,
Matty,
Matyas,
Matylda,
Maud,
Maude,
Maudisa,
Maudlidi,
Maudlin,
Maur,
Maura,
Maureen,
Maureo,
Maurice,
Mauricio,
Maurie,
Maurini,
Maurits,
Maurizio,
Mauro,
Maurosio,
Maursio,
Maury,
Maurya,
Mavis,
Mawiyah,
Mawusi,
Max,
Maxie,
Maxim,
Maxime,
Maximilian,
Maximiliano,
Maximilianus,
Maximilien,
Maximilla,
Maximillian,
Maximino,
Maximus,
Maxine,
Maxino,
Maxio,
Maxwell,
Maya,
Mayalen,
Maybel,
Mayer,
Maygan,
Mayim,
Mayo,
Mayon,
Maysa,
Mayumi,
Mazhira,
McCullagh,
McCullock,
McCullouch,
McCullough,
Mckenna,
Mead,
Meadow,
Meaghan,
Mechola,
Mechtilde,
Mecislava,
Medea,
Medina,
Mee-Kyong,
Meena,
Meenatchi,
Mee-Yon,
Meg,
Megan,
Meghan,
Mehal,
Mehdi,
Mehira,
Mehli,
Mehmet,
Mehtar,
Mei,
Mei-Hua,
Mei-Lien,
Meinwen,
Meir,
Meira,
Meiriona,
Meirona,
Mei-Xing,
Mei-Zhen,
Mel,
Melanie,
Melaniya,
Melba,
Meli,
Melia,
Melice,
Melina,
Melinda,
Melisa,
Melissa,
Melitta,
Melodie,
Melody,
Melony,
Melor,
Melphine,
Melvern,
Melville,
Melvin,
Melvyn,
Mena,
Menasha,
Mendeley,
Meng,
Menker,
Mensah,
Menz,
Meonah,
Meoquanee,
Meorah,
Merav,
Mercedes,
Mercy,
Mered,
Merelina,
Merima,
Merla,
Merletta,
Merlin,
Merrick,
Merrielle,
Merripen,
Merritt,
Merry,
Merryanne,
Mersera,
Mertin,
Mervin,
Mervyn,
Merwyn,
Meryl,
Me'Shell,
Mesi,
Messimo,
Mestipen,
Meta,
Mette,
Meurig,
Meuriz,
Meuy,
Mew,
Meyer,
Mia,
Miary,
Mic,
Mica,
Micaela,
Micajah,
Micalao,
Mi-Cha,
Michael,
Michaela,
Michaiah,
Michail,
Michalina,
Michèle,
Micheil,
Michel,
Michela,
Michele,
Michelle,
Michelyne,
Michiel,
Michiko,
Michiyo,
Mick,
Mickel,
Mickey,
Micki,
Micky,
Midori,
Midred,
Mieczyslaw,
Mieko,
Mieu,
Migael,
Migina,
Migisi,
Miguel,
Miguela,
Miguelito,
Mi-Hi,
Mika,
Mikael,
Mikala,
Mikayla,
Mikazuki,
Mike,
Mikel,
Mikhael,
Mikhail,
Miki,
Mikie,
Mikiko,
Mikilana,
Mikka,
Mikkel,
Mil,
Mila,
Milagros,
Milap,
Milcah,
Mildred,
Milena,
Miles,
Mili,
Mililani,
Milimili,
Milisena,
Milka,
Milko,
Milla,
Millicent,
Millie,
Mills,
Milly,
Milo,
Milogost,
Milos,
Miloslava,
Milt,
Milton,
Mimis,
Mimiteh,
Min,
Mina,
Minako,
Minami,
Mindy,
Mineko,
Minerva,
Minette,
Ming,
Mingan,
Mingdong,
Ming-Fang,
Mingo,
Minnehaha,
Minnie,
Mi-Ok,
Miquela,
Mira,
Mirabella,
Mirabelle,
Miranda,
Mireio,
Mirena,
Miriam,
Miriama,
Mirit,
Mirko,
Miroslav,
Miroslava,
Miroslaw,
Miroslawa,
Miryam,
Misae,
Misao,
Misha,
Mishaila,
Miskaela,
Misoka,
Missy,
Misty,
Misu,
Mitch,
Mitchel,
Mitchell,
Mitena,
Mitra,
Mitsu,
Mitsuko,
Mitzi,
Miulana,
Miyo,
Miyuki,
Mizuko,
Mliss,
Moab,
Moana,
Moananani,
Moani,
Moe,
Mohala,
Mohamed,
Mohammad,
Mohammed,
Mohan,
Mohana,
Mohini,
Moina,
Moira,
Mojag,
Molimo,
Molly,
Momone,
Mona,
Moneka,
Monet,
Monica,
Monifa,
Monika,
Monique,
Monisha,
Monna,
Monro,
Monroe,
Monta,
Montagu,
Montague,
Monte,
Montgomery,
Monty,
Moon-Suk,
Moore,
Mora,
Morainn,
Morasha,
Mordecai,
Mordikai,
Moreen,
Morel,
Morey,
Morgan,
Morgwen,
Mori,
Moriah,
Moricz,
Moriko,
Moritz,
Moriya,
Moriyo,
Morley,
Morowa,
Morrel,
Morrell,
Morrice,
Morris,
Morrison,
Morriss,
Morse,
Mort,
Morten,
Mortie,
Mortimer,
Morton,
Morven,
Morwenna,
Mose,
Moses,
Moshe,
Mosheh,
Moshie,
Mosie,
Moss,
Mossimo,
Mostyn,
Moswen,
Motega,
Motoko,
Mourad,
Moweaqua,
Moy,
Moyes,
Moze,
Mozes,
Mudiwa,
Muhammad,
Muhayya,
Muhterem,
Muika,
Muireall,
Muireann,
Muirgheal,
Muirne,
Muliya,
Mull,
Muminah,
Muna,
Munda,
Mundek,
Mundy,
Mun-Hee,
Munirah,
Munro,
Munroe,
Munrow,
Mura,
Murasaki,
Murdag,
Murdo,
Murdoch,
Mureil,
Muriel,
Murray,
Murry,
Murtagh,
Murthy,
Muruganandan,
Mushtaq,
Muteteli,
Mwajuma,
Mwanahamisi,
Mwanajuma,
Myfanwy,
My-Khanh,
Myles,
Myra,
Myriam,
Myrna,
Myron,
Myrtle,
Myung-Hee,
Myung-Ok,
Naamah,
Naamiah,
Naarah,
Nab,
Nabiha,
Nabil,
Nabila,
Nada,
Nader,
Nadezda,
Nadezhda,
Nadia,
Nadida,
Nadine,
Nadira,
Nado,
Nadya,
Nadyan,
Nadzieja,
Naeemah,
Nafshiya,
Nagid,
Nagida,
Nahara,
Nahele,
Nahida,
Nahla,
Nahma,
Nahum,
Nai'a,
Na'ila,
Nailah,
Na'ima,
Najat,
Najia,
Najiba,
Najla,
Najwa,
Naldo,
Nalin,
Nalren,
Nalukea,
Namara,
Namid,
Namir,
Namono,
Nampeyo,
Nan,
Nana,
Nanabah,
Nanala,
Nance,
Nancy,
Nanda,
Nandana,
Nandin,
Nando,
Nandor,
Naneki,
Naneta,
Nanette,
Nani,
Naniahiahi,
Nanise,
Nano,
Nanyamka,
Nanye-Hi,
Naoko,
Naomi,
Nara,
Narain,
Nard,
Naren,
Naresha,
Narmada,
Nascha,
Naseem,
Nashira,
Nashota,
Nasrin,
Nasser,
Nastalya,
Nastasia,
Nastassia,
Nastassja,
Nastenka,
Nasya,
Nat,
Nata,
Natal,
Natala,
Natale,
Natalia,
Natalie,
Natalina,
Nataliya,
Natalya,
Natan,
Natane,
Nataneal,
Nataniah,
Nataniel,
Nataniela,
Natasha,
Natasja,
Nate,
Natesa,
Nathalia,
Nathalie,
Nathan,
Nathaneal,
Nathaniel,
Nathifa,
Natia,
Natilio,
Natille,
Natka,
Natsu,
Natsuko,
Natsuyo,
Natty,
Natya,
Nauasia,
Nav,
Naveed,
Nawal,
Nawat,
Nayana,
Nayati,
Nazihah,
Nazira,
Neacail,
Neal,
Neale,
Nealey,
Neall,
Nealson,
Necedah,
Nechama,
Neche,
Necho,
Nechona,
Neci,
Necolas,
Ned,
Neda,
Nedaviah,
Neddie,
Neddy,
Nediva,
Neel,
Neelam,
Neelay,
Neema,
Neenah,
Neeraj,
Neha,
Nehanda,
Nehru,
Neil,
Neilina,
Neill,
Neima,
Neirin,
Neka,
Nekoma,
Nel,
Nelda,
Nelek,
Nelia,
Nelina,
Nelita,
Nell,
Nella,
Nelli,
Nellie,
Nelly,
Nelo,
Nels,
Nelson,
Nemera,
Nemesio,
Nen,
Nenet,
Neoma,
Nepa,
Neper,
Nepter,
Neptune,
Nera,
Neriah,
Nerissa,
Nermin,
Neron,
Nerthus,
Nerys,
Nesiah,
Nessa,
Nest,
Nestor,
Netana,
Netaniah,
Netia,
Neto,
Netta,
Nettie,
Neva,
Nevara,
Neves,
Neviah,
Nevil,
Nevile,
Neville,
Nevin,
Newlin,
Newton,
Neysa,
Nezika,
Ngoc,
Ngozi,
Nguyet,
Niabi,
Nial,
Niall,
Niamh,
Nibal,
Nibaw,
Nibras,
Nicabar,
Nicanor,
Niccola,
Niccolini,
Niccolo,
Nichele,
Nichol,
Nichola,
Nicholas,
Nichole,
Nicia,
Nick,
Nickie,
Nicklas,
Nickolaus,
Nico,
Nicodemus,
Nicola,
Nicolaas,
Nicolai,
Nicolao,
Nicolas,
Nicolaus,
Nicole,
Nicoleta,
Nicolette,
Nicolum,
Niel,
Niels,
Nielson,
Nigan,
Nigel,
Nihal,
Nik,
Nika,
Nikeesha,
Nikhil,
Niki,
Nikita,
Nikki,
Nikky,
Niklas,
Niko,
Nikola,
Nikolaas,
Nikolai,
Nikolaos,
Nikolaus,
Nikoleta,
Nikolos,
Niles,
Nilo,
Nils,
Nilsine,
Nilson,
Nima,
Nimah,
Ni'matu-Allah,
Nimbus,
Nimesha,
Nina,
Ninel,
Ninette,
Ninia,
Niniane,
Nino,
Ninochka,
Ninon,
Ninovan,
Niobe,
Nionios,
Niranjana,
Nisha,
Nishi,
Nishie,
Nishiko,
Nishiyo,
Nishu,
Nissa,
Nisse,
Nissim,
Nita,
Nitara,
Nitin,
Nitis,
Nitsa,
Nituna,
Niu,
Niva,
Niven,
Nix,
NiYa,
Njemile,
Nkosazana,
Nnamdi,
Nneka,
Noah,
Noam,
Nobantu,
Nobby,
Noble,
Nobutaka,
Nobuyuki,
Nod,
Nodin,
Noe,
Noel,
Noelani,
Noella,
Noelle,
Noemie,
Noirin,
Nola,
Nolan,
Noland,
Nolcha,
Noldy,
Noll,
Nollaig,
Nomalanga,
Nombeko,
Nombese,
Nomble,
Nomusa,
Nona,
Nonie,
Nonooktowa,
Nonyameko,
Noor,
Nora,
Norah,
Noranne,
Norbert,
Norberta,
Noreen,
Norifumi,
Noriko,
Norine,
Norita,
Noriyuki,
Norlene,
Norm,
Norma,
Norman,
Normand,
Normie,
Normina,
Normy,
Norris,
Nort,
Noura,
Nourbese,
Nova,
Novia,
Nowel,
Nowell,
Nowles,
Noy,
Ntsekhe,
Nuala,
Nudar,
Nuha,
Nukuluve,
Numa,
Numair,
Numps,
Nunciata,
Nunzia,
Nur,
N'ura,
Nuri,
Nurya,
Nusair,
Nydia,
Nye,
Nysa,
Nyura,
Oakley,
Oba,
Obadiah,
Oberon,
Obioma,
Obram,
Oceana,
Octavia,
Octavian,
Octavius,
Oday,
Oddveig,
Ode,
Odelia,
Odell,
Odessa,
Odette,
Odila,
Odile,
Odin,
Odina,
Odinan,
Odinum,
Odion,
Odissan,
Odiya,
Odo,
Odoardo,
Odom,
Odon,
Odysseus,
Ofa,
Ofelia,
Ofelja,
Ofer,
Offin,
Ofilia,
Ofra,
Ogden,
Ogdon,
Ogdun,
Ogun,
Ohanko,
Ohannes,
Oheo,
Ohin,
Oighrig,
Ojasvee,
Ojinjintka,
Okalani,
Oko,
Okon,
Okrika,
Oksana,
Oktawja,
Olabisi,
Olaf,
Olaniyi,
Olathe,
Olaug,
Olav,
Olayinka,
Oldriska,
Oleg,
Olena,
Olenka,
Olery,
Oles,
Olesia,
Olga,
Olia,
Oliana,
Olicia,
Olimpiada,
Olin,
Olisa,
Oliva,
Olive,
Oliver,
Oliverio,
Olivette,
Olivia,
Olivier,
Olivo,
Oliwja,
Olley,
Ollie,
Olly,
Olorun,
Olufemi,
Olwen,
Olympe,
Olympia,
Oma,
Omada,
Omana,
Omar,
Omekao,
Omemee,
Omena,
Omer,
Omero,
Ominotago,
Omorose,
Omusa,
Omusupe,
Ona,
Onaiwah,
Onan,
Onani,
Onawa,
Ondrej,
Ondro,
Oneida,
O'Neil,
Onella,
Onfredo,
Onfroi,
Oni,
Onida,
Onofre,
Onofredo,
Oona,
Oonagh,
Oon-Gil,
Opal,
Opalina,
Opaline,
Ophelia,
Opie,
Oprah,
Ora,
Oracio,
Oral,
Orasio,
Orazio,
Orban,
Ordando,
Oredola,
Orel,
Orelia,
Oren,
Oriana,
Orien,
Oriette,
Orilla,
Orin,
Orinda,
Oriole,
Orion,
Oris,
Orithyia,
Orito,
Orji,
Orla,
Orlaine,
Orland,
Orlena,
Orlenda,
Orlondo,
Ormond,
Ormonda,
Ornice,
Orpah,
Orrin,
Orseline,
Orsino,
Orsolya,
Orson,
Ortensia,
Orthia,
Orunjan,
Orv,
Orvie,
Orville,
Osamu,
Osbert,
Osborn,
Osborne,
Oscar,
Oseep,
Oseye,
Oskaloosa,
Oskana,
Oskar,
Osman,
Osmans,
Osmin,
Osmond,
Osric,
Ossian,
Ossie,
Ossy,
Oswald,
Oswell,
Oswin,
Osyka,
Otadan,
Otello,
Othello,
Otho,
Othom,
Othoneil,
Otilie,
Otis,
Otman,
Oto,
Otone,
Otoniel,
Ottah,
Ottavia,
Ottila,
Otto,
Ottoman,
Otton,
Ottorino,
Otylia,
Ourania,
Ouray,
Ove,
Ovelia,
Ovid,
Owain,
Owayne,
Owen,
Owudunni,
Oya,
Oz,
Ozera,
Ozzie,
Paavana,
Paavani,
Paavo,
Pabis,
Pablino,
Pablo,
Pabolo,
Paciencia,
Pacifica,
Packy,
Paco,
Paddington,
Paddy,
Paden,
Padma,
Padmasundara,
Padmavati,
Padraic,
Padraig,
Padraigin,
Padrig,
Padruig,
Paige,
Paili,
Paka,
Paki,
Pal,
Palacido,
Paladin,
Palila,
Pallas,
Pallaton,
Paloma,
Pam,
Pamela,
Panchito,
Pancho,
Pancholo,
Pandasala,
Pandelo,
Pandita,
Pandora,
Panfilo,
Pangiota,
Pankaj,
Panna,
Panola,
Pansy,
Panthea,
Panya,
Panyin,
Panzo,
Paola,
Paoli,
Paolina,
Paolino,
Paolo,
Papillong,
Papina,
Paplo,
Papplo,
Papplone,
Paquin,
Paraskeva,
Parker,
Parky,
Parlan,
Parnel,
Parnell,
Parris,
Parrish,
Parsefal,
Parsifal,
Parthalon,
Parthenia,
Parthenie,
Partholon,
Parvani,
Parzival,
Pascal,
Pascale,
Paschall,
Paschell,
Pascoe,
Pascuala,
Pasqual,
Passifull,
Pasua,
Pat,
Patamon,
Pateizia,
Paterekia,
Pati,
Patia,
Patience,
Patrice,
Patricia,
Patriciano,
Patricio,
Patrick,
Patrin,
Patritio,
Patrizia,
Patrizius,
Patsy,
Patt,
Patti,
Pattie,
Pattin,
Pattison,
Patton,
Patty,
Patwin,
Paul,
Paula,
Paulette,
Paulico,
Paulie,
Paulina,
Pauline,
Paulino,
Paulita,
Paulius,
Paullin,
Paulo,
Paulos,
Paulot,
Paultje,
Paulum,
Paulus,
Pausha,
Pava,
Pavana,
Pavek,
Pavel,
Pavla,
Pavlin,
Pavlo,
Pawel,
Pawley,
Paxton,
Payat,
Payton,
Pazia,
Peadair,
Pearce,
Pearl,
Pearson,
Pebbles,
Peddy,
Peder,
Pedr,
Pedran,
Pedro,
Pedzi,
Peers,
Pefilia,
Peg,
Pegah,
Peggy,
Peigi,
Pelagia,
Pelagiya,
Pelcia,
Peliah,
Pelipa,
Pelo,
Pelota,
Penelope,
Peni,
Penina,
Penjani,
Pennington,
Penny,
Pentea,
Pentti,
Peony,
Pepita,
Pepper,
Peppo,
Per,
Perce,
Perceval,
Percifull,
Percival,
Percy,
Peregrine,
Peresila,
Perez,
Perico,
Periquin,
Perkin,
Perla,
Pernel,
Pernell,
Pero,
Perpetua,
Perrin,
Perry,
Persephone,
Perseus,
Pershing,
Persis,
Pesach,
Peta,
Pete,
Peter,
Peters,
Petey,
Petie,
Petr,
Petra,
Petrick,
Petrie,
Petrina,
Petronela,
Petronilha,
Petronilla,
Petronio,
Petronius,
Petros,
Petruccio,
Petrus,
Petruscha,
Petula,
Petulia,
Peyo,
Peyton,
Phaedra,
Phaidra,
Phanessa,
Pheakkley,
Phebe,
Phelis,
Phelisiana,
Phemia,
Phil,
Philana,
Philander,
Philantha,
Philene,
Philip,
Philippa,
Philippe,
Philippos,
Phillida,
Phillip,
Phillis,
Philomena,
Phineas,
Phoebe,
Photine,
Photios,
Phuong,
Phurba,
Phylicia,
Phyllis,
Pia,
Pias,
Pico,
Piedro,
Pierce,
Pierin,
Pierina,
Piero,
Pierre,
Pierrette,
Pierrot,
Piers,
Piet,
Pieter,
Pietro,
Pikka,
Pilaka,
Pilan,
Pilar,
Pilib,
Piliki,
Pilipa,
Pilisi,
Pillan,
Pineki,
Pinocchio,
Pinon,
Pinquana,
Piotr,
Pip,
Pipito,
Pipkins,
Pippa,
Pippo,
Pippy,
Piquin,
Piroska,
Pirro,
Pita,
Piter,
Pito,
Pitricio,
Pius,
Pixy,
Pjotr,
Placedo,
Placi,
Placido,
Plasio,
Plato,
Platon,
Plesido,
Pocahontas,
Pokii,
Pol,
Polete,
Poli,
Polin,
Polina,
Polly,
Pollyam,
Pollyanna,
Polyxena,
Pomaika'i,
Poncho,
Ponso,
Poppy,
Porfirio,
Portia,
Posala,
Pov,
Powa,
Prabhakar,
Pragyata,
Prairie,
Prakash,
Pranas,
Prarthana,
Prashant,
Pratibha,
Preciosa,
Prem,
Prema,
Premlata,
Presencia,
Presentación,
Presentacion,
Preston,
Primrose,
Prisca,
Priscilla,
Priscylla,
Priya,
Protima,
Prudence,
Prudencia,
Prue,
Prunella,
Przemek,
Psyche,
Ptolema,
Pua,
Puakai,
Puakea,
Pualani,
Puay,
Puck,
Pudge,
Pukana,
Pulupaki,
Purdy,
Purificación,
Purificacion,
Purnima,
Pursey,
Purvis,
Puta,
Pyotr,
Pyrrha,
Qasim,
Qiang,
Quaashie,
Quah,
Quan,
Quanda,
Quanna,
Queena,
Queenie,
Quenby,
Quenna,
Quentilla,
Quentin,
Querida,
Quico,
Quill,
Quilla,
Quillan,
Quillermo,
Quina,
Quincy,
Quinitus,
Quinlan,
Quinna,
Quint,
Quintana,
Quintin,
Quintina,
Quinton,
Quique,
Quiqui,
Quirin,
Quito,
Quoc-An,
Raanana,
Rab,
Raban,
Rabbie,
Rabi,
Rabi'ah,
Rabin,
Rachael,
Rachav,
Rachel,
Racheline,
Rachelle,
Racho,
Radek,
Radha,
Radhiya,
Radinka,
Radman,
Radmilla,
Radomil,
Radomira,
Radoslav,
Radoslava,
Radoslaw,
Radzimierz,
Raeburn,
Raeleen,
Rafael,
Rafal,
Rafalek,
Rafayil,
Rafe,
Raff,
Raffael,
Raffaello,
Rafi,
Rafiuddin,
Rafya,
Rag,
Raghda,
Raghnall,
Régine,
Ragna,
Ragnar,
Ragnhild,
Raheem,
Rahela,
Rahman,
Rahmet,
Rahul,
Rai,
Raicheal,
Ra'Idah,
Raiden,
Raiko,
Raimondo,
Raimont,
Raimund,
Raimundo,
Rain,
Raina,
Raine,
Raini,
Raisa,
Raizel,
Raja,
Rajalakshmi,
Rajan,
Rajani,
Rajata,
Rajib,
Rajiv,
Rajnandini,
Rajya,
Ra'Keisha,
Rakel,
Raku,
Raldan,
Ralf,
Ralph,
Ralphie,
Ramaa,
Ramana,
Rameo,
Ramesh,
Ramla,
Ramman,
Ramon,
Ramona,
Ramsay,
Ramsden,
Ramsey,
Rémy,
Ran,
Rana,
Rand,
Randa,
Randall,
Randell,
Randelle,
Randey,
Randie,
Randle,
Randolf,
Randolph,
Rane,
Rani,
Rania,
Ranielle,
Ranita,
Ranjana,
Ranon,
Ranulf,
Ranya,
Raoul,
Raphael,
Rapier,
Raquel,
Raschelle,
Rasha,
Rashad,
Rashadi,
Rasheda,
Rashid,
Rashida,
Rashmi,
Rashne,
Rasia,
Rasmus,
Rastislav,
Rastus,
Rathnait,
Rati,
Ratri,
Raul,
Raulio,
Raulo,
Ravenna,
Ravi,
Ravid,
Ravija,
Raviv,
Rawiya,
Rawni,
Ray,
Raya,
Rayke,
Raylene,
Raymond,
Rayna,
Rayner,
Raynold,
Rayya,
Razi,
Reade,
Reamonn,
Rebecca,
Rebeccanne,
Rebekah,
Rebekka,
Redbert,
Redd,
Reddy,
Rede,
Redmond,
Redmund,
Redolfo,
Redvers,
Reece,
Reed,
Reena,
Reene,
Rees,
Reese,
Reg,
Regan,
Reges,
Reggie,
Reggy,
Regina,
Reginald,
Regine,
Reginmunt,
Reginy,
Regis,
Regnauld,
Regnault,
Regulo,
Rehema,
Rei,
Reichana,
Reico,
Reid,
Reimund,
Rein,
Reina,
Reinald,
Reinaldo,
Reinaldos,
Reine,
Reiner,
Reinhard,
Reinhold,
Reinold,
Reinwald,
Reiss,
Remaziah,
Remington,
Ren,
Rena,
Renae,
Renée,
Renaldo,
Renard,
Renata,
Renato,
Renaud,
Renaut,
Rendor,
Rene,
Renee,
Renenet,
Renia,
Renita,
Renouf,
Renzo,
Rephaela,
Reseda,
Resham,
Resi,
Reuben,
Reubin,
Reuel,
Reuma,
Reuven,
Reva,
Revaya,
Reveka,
Rex,
Rexanne,
Rexella,
Rexford,
Rey,
Reyes,
Reyhan,
Reymond,
Reymundo,
Reyna,
Reynaldo,
Reynaldos,
Reynold,
Rezso,
Rhea,
Rheanna,
Rheba,
Rhett,
Rhiannon,
Rhoda,
Rhode,
Rhodri,
Rhon,
Rhonda,
Rhydderch,
Rhys,
Ria,
Ric,
Rica,
Ricardo,
Riccarda,
Riccardo,
Ricciardo,
Rich,
Richard,
Richardson,
Richart,
Richelle,
Richerd,
Richi,
Richie,
Rick,
Rickena,
Rickert,
Ricki,
Rickie,
Ricky,
Rico,
Ricordio,
Rida,
Ridley,
Riesa,
Rihana,
Riik,
Riju,
Rikard,
Rikki,
Riks,
Riku,
Rikuyo,
Riley,
Rimington,
Rimon,
Rimona,
Rimril,
Rina,
Rinaldo,
Rinatya,
Ringan,
Ringo,
Riobard,
Rion,
Riona,
Ripley,
Riquerto,
Riqui,
Risa,
Risha,
Rishona,
Rissa,
Risto,
Rita,
Ritchie,
Ritika,
Ritsa,
Ritzpah,
Riva,
Rivka,
Riza,
Rizwan,
Rizzo,
Roald,
Roan,
Roanna,
Roar,
Rob,
Robar,
Robb,
Robbie,
Robby,
Robena,
Robert,
Roberta,
Roberto,
Robertson,
Robeta,
Robi,
Robin,
Robinson,
Robson,
Robyn,
Rocco,
Rochelle,
Rocio,
Rock,
Rocky,
Rod,
Rodalfo,
Rodas,
Roddie,
Roddy,
Roderic,
Roderica,
Roderich,
Roderick,
Rodge,
Rodger,
Rodgers,
Rodhlann,
Rodin,
Rodman,
Rodney,
Rodolfo,
Rodolph,
Rodrego,
Rodrick,
Rodrigo,
Roeland,
Rog,
Rogelio,
Roger,
Rogerio,
Rogero,
Rogers,
Roguerio,
Rohana,
Rohelio,
Rohin,
Rohini,
Rohit,
Roi,
Rois,
Roisin,
Rojelio,
Roksana,
Rokuko,
Roland,
Rolanda,
Rolando,
Roldan,
Rolf,
Rolfe,
Rollan,
Rolland,
Rollie,
Rollin,
Rollins,
Rollo,
Rollon,
Rolly,
Rolo,
Rolon,
Rolph,
Romain,
Romaine,
Roman,
Romana,
Romance,
Romano,
Romarico,
Romeo,
Romina,
Romino,
Romney,
Romy,
Ron,
Ronald,
Ronaldo,
Ronan,
Ronda,
Roniya,
Ronna,
Ronni,
Ronnie,
Ronny,
Roosevelt,
Roppon,
Rorie,
Rory,
Ros,
Rosa,
Rosabel,
Rosabella,
Rosalba,
Rosaleen,
Rosalia,
Rosalie,
Rosalind,
Rosalinda,
Rosaline,
Rosalyn,
Rosamaria,
Rosamond,
Rosamund,
Rosana,
Rosanne,
Rosarita,
Roschan,
Rose,
Roseanne,
Roselani,
Roselle,
Rose-Marie,
Rosemary,
Rosemere,
Rosetta,
Roshanara,
Rosie,
Rosina,
Rosita,
Roslyn,
Rosmer,
Ross,
Rostislava,
Roswitha,
Roth,
Rouvin,
Roverto,
Rowe,
Rowena,
Rowland,
Rowyn,
Roxana,
Roxann,
Roxanna,
Roxanne,
Roxie,
Roxy,
Roy,
Royale,
Royce,
Royd,
Roydon,
Roz,
Roza,
Rozalia,
Rozele,
Rozene,
Rozsa,
Ruairdhri,
Ruairi,
Ruana,
Rubben,
Ruben,
Ruberto,
Rubina,
Ruby,
Ruchi,
Ruchika,
Rudd,
Ruddy,
Rudgerd,
Rudiger,
Rudo,
Rudolf,
Rudolph,
Rudolpho,
Rudolphus,
Rudra,
Rudro,
Rudy,
Rudyard,
Rufe,
Rufeo,
Ruferto,
Ruffo,
Rufina,
Rufino,
Rufinus,
Rufio,
Rufo,
Rufus,
Ruggero,
Ruggiero,
Rugino,
Rui,
Rujelio,
Rukiya,
Rukmini,
Rulf,
Rumiko,
Runako,
Rupal,
Rupert,
Ruperta,
Ruperto,
Rupinder,
Rupo,
Ruprecht,
Ruqayya,
Rurich,
Rurik,
Rusalka,
Rushi,
Russ,
Russel,
Russell,
Rusty,
Ruta,
Rutger,
Ruth,
Rutherford,
Rutty,
Ruwaydah,
Ruy,
Ruyen,
Ruzena,
Rya,
Ryan,
Ryba,
Rydell,
Ryland,
Ryszard,
Saada,
Saba,
Sabah,
Sébastien,
Sabella,
Sabetha,
Sabia,
Sabina,
Sable,
Sabra,
Sabriam,
Sabrina,
Sabriyya,
Saburo,
Sacajawae,
Sacarias,
Sacco,
Sacha,
Sachar,
Sachi,
Sachiko,
Sadanand,
Saddam,
Sade,
Sadella,
Sadie,
Sadira,
Sadzi,
Saed,
Saeed,
Safia,
Safiyya,
Saga,
Sagara,
Sage,
Sagitta,
Sahale,
Sahara,
Sahen,
Sahpooly,
Sai,
Said,
Saidah,
Saidur,
Saiful,
Sailbheastar,
Saiphin,
Sakae,
Sakari,
Saki,
Sakima,
Sakura,
Sal,
Sala,
Salali,
Salama,
Salamandrina,
Salena,
Salih,
Salihah,
Salim,
Sally,
Salma,
Salmalin,
Salman,
Salmon,
Saloma,
Salomon,
Salos,
Salud,
Salustiano,
Salvador,
Salvadore,
Salvalus,
Salvatore,
Sam,
Samantha,
Samara,
Samaresh,
Sameer,
Sameh,
Samein,
Samhaoir,
Sami,
Samina,
Samir,
Samjuana,
Sammon,
Sammy,
Samouel,
Samuel,
Samuele,
Samuelo,
Samuru,
Samya,
Sana,
Sananda,
Sanat,
Sanchia,
Sandeep,
Sander,
Sanders,
Sandi,
Sandon,
Sandor,
Sandra,
Sandrine,
Sandy,
Sandyha,
Sangdrax,
Sangita,
Sani,
Saniyya,
Sanjana,
Sanjay,
Sanjeev,
Sanson,
Santavana,
Santuzza,
Sanura,
Sanuye,
Sanya,
Sanyogita,
Sapata,
Sapphira,
Sapphire,
Sara,
Sarad,
Sarada,
Sarafina,
Sarah,
Sarala,
Saraswati,
Sarat,
Saravanan,
Sarge,
Sargent,
Sari,
Saril,
Sarita,
Sarma,
Sarngin,
Saroja,
Sarojin,
Sarojini,
Sarol,
Saronna,
Sarosh,
Sartan,
Sasagu,
Sèarlait,
Saskia,
Sassacus,
Satinka,
Satish,
Satoria,
Satoshi,
Satyarupa,
Sauda,
Saul,
Saumitra,
Saura,
Saurabh,
Saurav,
Sauveur,
Savalus,
Savannah,
Savas,
Savena,
Savina,
Savitri,
Savvas,
Sawa,
Sawni,
Sayaka,
Sayed,
Scarlet,
Scarlett,
Scenanki,
Schindler,
Schroeder,
Schuyler,
Schwanhild,
Scot,
Scotie,
Scott,
Scotti,
Scottie,
Scotty,
Scout,
Scuit,
Seaian,
Seamus,
Sean,
Seann,
Searlait,
Sebastian,
Sebastiana,
Sebastiano,
Sebastianos,
Sebastien,
Sebastiene,
Sabine,
Secunda,
Seda,
Sedat,
Sedna,
Seetharam,
Sef,
Sefano,
Segel,
Segrerico,
Seif,
Seiko,
Sekanina,
Sekelaga,
Seker,
Seki,
Selbastiano,
Selby,
Selda,
Selena,
Selene,
Selim,
Selima,
Selina,
Selma,
Selmar,
Selvestre,
Sem,
Semeicha,
Senon,
Senthilkumar,
Senwe,
Seosaidh,
Sepp,
Seppel,
Septima,
Septimus,
Serafina,
Seraphina,
Seraphine,
Seren,
Serena,
Serenity,
Serge,
Sergio,
Serita,
Seshadri,
Sesilium,
Sessylt,
Setepania,
Seth,
Setsu,
Setsuko,
Seumas,
Seumus,
Sevastian,
Sevilen,
Sextus,
Seymore,
Seymour,
Shabbeedur,
Shachariya,
Shad,
Shafayet,
Shafiqa,
Shah,
Shahak,
Shahar,
Shahina,
Shahira,
Shahnaz,
Shahriyar,
Shaila,
Shaina,
Shakiyla,
Shakonda,
Shakti,
Shakuntala,
Shaleela,
Shalom,
Shalonda,
Shalonvia,
Shalvah,
Shalviya,
Shameel,
Shameena,
Shameika,
Shamika,
Shamir,
Shamira,
Shammara,
Shamus,
Shana,
Shanasa,
Shandar,
Shandra,
Shane,
Shanee,
Shani,
Shaningo,
Shanique,
Shaniya,
Shankar,
Shanna,
Shannah,
Shanon,
Shanta,
Shantae,
Shantaina,
Shantal,
Shantelle,
Shanthi,
Shapira,
Shaquille,
Sharada,
Sharai,
Sharama,
Sharanee,
Sharda,
Shari,
Sharif,
Sharifa,
Sharise,
Sharleen,
Sharlon,
Sharlotte,
Sharna,
Sharon,
Sharron,
Sharyl,
Shashi,
Shashibala,
Shashin,
Shasta,
Shaun,
Shauna,
Shaunda,
Shavonda,
Shaw,
Shawana,
Shawannah,
Shawn,
Shawna,
Shawnee,
Shay,
Shayla,
Shayleen,
Shaynah,
Sheard,
Sheauga,
Sheba,
Sheehan,
Sheela,
Sheena,
Sheherazade,
Shehrevar,
Sheila,
Sheilagh,
Sheilah,
Sheina,
Shekeda,
Shela,
Shelagh,
Shelavya,
Sheldon,
Shelena,
Sheliya,
Shelley,
Shellie,
Shelly,
Shelomoh,
Shelton,
Shem,
Shemuel,
Shen,
Shenandoah,
Shengdar,
Shenna,
Sheratan,
Sheraz,
Sherborn,
Shereen,
Sheri,
Sheridan,
Sheridon,
Sherilyn,
Sherm,
Sherman,
Sherri,
Sherrie,
Sherry,
Sheryl,
Shevon,
Shiela,
Shieryl,
Shifa,
Shifrah,
Shigeshi,
Shika,
Shimon,
Shimona,
Shimshon,
Shina,
Shing,
Shinji,
Shino,
Shinya,
Shiow-Chen,
Shira,
Shiree,
Shireen,
Shirell,
Shiri,
Shirin,
Shirleen,
Shirley,
Shiro,
Shirral,
Shizu,
Shizuko,
Shizuyo,
Shlay,
Shlomo,
Shobha,
Shobhana,
Sholom,
Sholto,
Shona,
Shoshana,
Shoshannah,
Shoushan,
Shrihas,
Shrilekha,
Shu-Hung,
Shukura,
Shul,
Shumana,
Shura,
Shuwani,
Shyama,
Shy-Anne,
Shyenti,
Shyla,
Sian,
Siani,
Siany,
Sibeal,
Sibelan,
Sibeta,
Sibila,
Sibongile,
Sibyl,
Sicilio,
Sid,
Sidath,
Siddharth,
Sidney,
Sidonius,
Sidony,
Sidra,
Siegfrida,
Siegfried,
Sieghard,
Sieghild,
Sieglinde,
Siegmund,
Sierra,
Sierre,
Sig,
Sigamond,
Sigele,
Sigfrid,
Sigismond,
Sigismonda,
Sigismund,
Sigismundo,
Sigismundus,
Sigmond,
Sigmund,
Signa,
Signy,
Sigourney,
Sigrid,
Sigrun,
Sigurd,
Sihu,
Siko,
Silas,
Sile,
Silivia,
Silpe,
Silvain,
Silvana,
Silvano,
Silvanus,
Silverio,
Silvester,
Silvestre,
Silvestro,
Silvia,
Silvio,
Sim,
Simao,
Simen,
Simeon,
Simi,
Simon,
Simona,
Simone,
Simpkins,
Simplicia,
Simpson,
Sinako,
Sinclair,
Sindy,
Sinead,
Sineenuch,
Singh,
Sinopa,
Siobhan,
Siomonn,
Sioned,
Sipatu,
Siri,
Sirilio,
Sirol,
Sisi,
Sisika,
Sisley,
Sissey,
Sissi,
Sissie,
Sissy,
Sita,
Sitala,
Siti,
Situla,
Siu,
Siva,
Sivan,
Sky,
Skye,
Skylar,
Slade,
Slaine,
Slane,
Slavik,
Slawomir,
Slevin,
Sloan,
Sly,
Slyvia,
Slyvie,
Sobeslava,
Sobieslaw,
Socks,
Socorra,
Socrates,
Sofi,
Sofian,
Sofronia,
Sofronio,
Sohil,
Sol,
Solaman,
Solamh,
Solana,
Solange,
Soledad,
Soliel,
Solimar,
Sollie,
Solly,
Solomon,
Solon,
Solveig,
Soma,
Somhairle,
Sommer,
Sona,
Sonal,
Sondra,
Sondya,
Sonel,
Songan,
Sonia,
Sonja,
Sonje,
Sonny,
Sonya,
Sooketoo,
Sook-Joo,
Soon-Bok,
Sopheary,
Sophia,
Sophie,
Sophronia,
Sophronio,
Sophy,
Sora,
Sorcha,
Soreka,
Sorel,
Sorrel,
Soshannah,
Sosimo,
Sped,
Spence,
Spenser,
Speranza,
Spica,
Spike,
Spiridion,
Spofford,
Spofforth,
Srdan,
Srdjan,
Sree,
Sreko,
Sri,
Srinivas,
Sriram,
Srivatsan,
Srulka,
Stacey,
Staci,
Stacia,
Stacie,
Stacy,
Stan,
Stancio,
Stane,
Stanislaus,
Stanislav,
Stanislava,
Stanislaw,
Stanlee,
Stanleigh,
Stanley,
Stanly,
Stéphane,
Stéphanie,
Starling,
Starr,
Steaphan,
Stef,
Stefan,
Stefana,
Stefania,
Stefanie,
Stefano,
Steffen,
Steffie,
Steffy,
Stella,
Stellara,
Steph,
Stephan,
Stephana,
Stephania,
Stephanie,
Stephanos,
Stephanus,
Stephen,
Stepka,
Sterling,
Stesha,
Steuart,
Steve,
Steven,
Stevin,
Stew,
Steward,
Stewart,
Stiggur,
Stina,
Stiobhan,
Stirling,
Stoffel,
Stori,
Stormy,
Strom,
Stu,
Stuart,
Styg,
Subhani,
Subir,
Subira,
Sudarshana,
Sudhakara,
Sudi,
Sue,
Suela,
Sugi,
Suhailah,
Sujata,
Suji,
Sukhtej,
Sukie,
Suky,
Sula,
Sulakhna,
Suleika,
Suleima,
Suleta,
Sultan,
Suma,
Suman,
Sumiko,
Sunah,
Sunayana,
Sundari,
Sung,
Sun-Hi,
Sunil,
Sunita,
Sunniva,
Sunny,
Sunshine,
Suny,
Suragana,
Suraj,
Surata,
Suraya,
Surendra,
Suresh,
Suri,
Surina,
Surya,
Susan,
Susana,
Susanna,
Susannah,
Susanne,
Suse,
Sushanti,
Sushobhana,
Susie,
Suti,
Sutki,
Suzamni,
Suzanna,
Suzannah,
Suzanne,
Suzetta,
Suzie,
Suzu,
Suzuki,
Suzume,
Suzy,
Svanhild,
Svanni,
Svea,
Sven,
Sveta,
Svetla,
Svetlana,
Swanhilda,
Swarup,
Sworn,
Sy,
Sybil,
Sybilla,
Sybille,
Syd,
Sydney,
Sydnie,
Syed,
Syeira,
Syenna,
Sylbestrio,
Sylva,
Sylvana,
Sylvesdre,
Sylvester,
Sylvia,
Sylvie,
Syona,
Syril,
Szczepan,
Szczesny,
Szymon,
Taavetti,
Tab,
Tabatha,
Tabby,
Tabia,
Tabib,
Tabita,
Tabitha,
Tabo,
Tabor,
Taci,
Tad,
Tadeo,
Tadeusz,
Tadewi,
Tadhg,
Tadi,
Tadita,
Tadzi,
Taegan,
Taghi,
Taghrid,
Tahanee,
Tahcawin,
Tahir,
Tahirah,
Tahiyya,
Taima,
Taipa,
Taisiya,
Taison,
Tait,
Taiwo,
Taj,
Tajuana,
Takala,
Takashi,
Takayren,
Takayuki,
Takeko,
Takenya,
Takis,
Takiyah,
Takuji,
Takuma,
Tala,
Talasi,
Talaya,
Tales,
Taletta,
Talia,
Taliba,
Taliesin,
TaLisa,
Talise,
Talitha,
Talli,
Tallie,
Tallou,
Tallula,
Tallulah,
Tally,
Talma,
Talman,
Talula,
Talulla,
Talya,
Tama,
Tamah,
Tamaki,
Tamako,
Tamaleni,
Taman,
Tamanna,
Tamar,
Tamara,
Tamary,
Tamayo,
Tami,
Tamica,
Tamid,
Tamika,
Tamiko,
Tamineh,
Tammi,
Tammie,
Tammy,
Tamohara,
Tamrika,
Tamsin,
Tamson,
Tamzen,
Tané,
T'anay,
Tanaya,
Tandy,
Tane,
Taneisha,
Tanek,
Taner,
Tanesha,
Taneshea,
Tania,
Tanicha,
Taniesha,
Tanisha,
Tanith,
Tanner,
Tannishtha,
Tano,
Tansy,
Tanvi,
Tanya,
Tapasya,
Tara,
Taral,
Taralynn,
Tarana,
Tarani,
Taras,
Taravia,
Tareen,
Tarek,
Taria,
Tarika,
Tarintino,
Tariq,
Tarja,
Tarla,
Tarn,
Taro,
Tarquin,
Tarrus,
Tarunika,
Taryn,
Tasarla,
Tasha,
Tashanee,
Tashina,
Tasida,
Tasina,
Tasmin,
Tasnima,
Tassos,
Tasya,
Tate,
Tatiana,
Tatsu,
Tatsuya,
Tatton,
Taulaki,
Tauno,
Taura,
Taurin,
Tavi,
Tavis,
Tavito,
Tavo,
Tawia,
Tawnie,
Tawno,
Tawny,
Tayanita,
Tayib,
Tayor,
Tazari,
Tazu,
Tcu,
Teal,
Teamhair,
Tearach,
Tearlach,
Teasag,
Tecumseh,
Ted,
Teda,
Teddi,
Teddie,
Teddy,
Tedi,
Tedra,
Teemofe,
Teena,
Tegwen,
Tekahionwake,
Tekla,
Telek,
Telem,
Teleri,
Teleza,
Telly,
Tem,
Teman,
Temani,
Temina,
Temira,
Temotio,
Tempest,
Temyka,
Tenecia,
Tenisha,
Tente,
Tenuvah,
Teodero,
Teodocio,
Teodora,
Teodoro,
Teofilo,
Tephania,
Tera,
Terance,
Tercero,
Terence,
Terenciano,
Terencio,
Terentilo,
Tererso,
Teres,
Teresa,
Teresia,
Teresina,
Teresita,
Teressa,
Tereza,
Terezinha,
Teri,
Teriah,
Terilee,
Tero,
Terra,
Terrance,
Terrel,
Terrell,
Terrence,
Terri,
Terrill,
Terris,
Terry,
Terryl,
Terumi,
Teryn,
Teshuah,
Tesia,
Tess,
Tessa,
Tessi,
Tetris,
Teuvo,
Tev,
Teva,
Tevy,
Tewdwer,
Tewdwr,
Tex,
Thad,
Thaddaus,
Thaddea,
Thaddeo,
Thaddeus,
Thaddy,
Thady,
Thaine,
Thais,
Thalassa,
Thaleia,
Than,
Thana,
Thandiwe,
Thanh,
Thanos,
Thao,
Thayne,
Thea,
Theador,
Theirry,
Thekla,
Thelma,
Thema,
Thematheo,
Themba,
Thena,
Theo,
Theobald,
Theoderic,
Theodor,
Theodora,
Theodore,
Theodoric,
Theodoros,
Theodorus,
Theodosia,
Theone,
Theophania,
Theophilia,
Theophilus,
Theresa,
Theron,
Thetis,
Thiago,
Thierry,
Thom,
Thoma,
Thomas,
Thomasina,
Thomesito,
Thompson,
Thongvan,
Thor,
Thorburn,
Thorsten,
Thurayya,
Thyra,
Tia,
Tiara,
Tiberia,
Tibs,
Ticho,
Tidzio,
Tielman,
Tiennot,
Tieodoro,
Tifara,
Tiff,
Tiffany,
Tiger,
Tigris,
Tijen,
Tilda,
Tilden,
Till,
Tilo,
Tim,
Timateo,
Timeen,
Timeto,
Timeus,
Timin,
Timiro,
Timiteo,
Timmie,
Timmy,
Timo,
Timofei,
Timon,
Timoteo,
Timoteus,
Timotha,
Timothea,
Timothee,
Timotheos,
Timotheus,
Timothy,
Timoty,
Timur,
Tina,
Tino,
Tiomoid,
Tiong,
Tiponya,
Tira,
Tirion,
Tirtha,
Tirza,
Tirzah,
Tisa,
Tish,
Tisha,
Tishra,
Titia,
Titilayo,
Tito,
Titus,
Tivian,
Tivon,
Tivona,
Tiwa,
Tobal,
Tobalito,
Tobbar,
Tobe,
Tobias,
Toby,
Tod,
Todd,
Todor,
Todorko,
Todoro,
Tohon,
Tohuia,
Toini,
Toireasa,
Toiresa,
Toivo,
Tokahi,
Tola,
Tolek,
Toletta,
Tolga,
Toli,
Tolikna,
Tom,
Toma,
Toman,
Tomas,
Tomasa,
Tomasens,
Tomash,
Tomaso,
Tomaz,
Tomazja,
Tomi,
Tomina,
Tomito,
Tomlin,
Tommie,
Tommy,
Tomoaki,
Tomoichiro,
Tomotaka,
Tomoyuki,
Toncho,
Tonek,
Tong,
Toni,
Tonico,
Tonio,
Tonja,
Tony,
Tonya,
Tooka,
Tookayo,
Topi,
Topwe,
Tor,
Tora,
Torah,
Tord,
Tore,
Torhild,
Tori,
Toril,
Toronto,
Torquil,
Torrence,
Torrey,
Torsten,
Toshala,
Toshi,
Toshio,
Tosia,
Toski,
Tosya,
Totoya,
Totsi,
Tovano,
Tovi,
Tovia,
Tracee,
Tracey,
Traci,
Tracie,
Tracy,
Tranter,
Trav,
Trava,
Travis,
Treasure,
Trecia,
Trefor,
Treise,
Trella,
Trent,
Tresa,
Tresha,
Tresiliana,
Trev,
Trevor,
Trey,
Tri,
Tria,
Tricia,
Trimoteo,
Trina,
Trinh,
Trini,
Trinidad,
Triona,
Tripta,
Trish,
Trisha,
Triska,
Trista,
Tristam,
Tristan,
Tristem,
Tristram,
Trix,
Trixie,
Troy,
Truda,
Trudie,
Trudy,
Truxton,
Trystan,
Tsomah,
Tsuhgu,
Tsula,
Tsunou,
Tsuruko,
Tua,
Tualau,
Tuan,
Tuck,
Tucker,
Tudor,
Tudur,
Tudyr,
Tuhina,
Tukiko,
Tukiyo,
Tukuli,
Tula,
Tulani,
Tulann,
Tulia,
Tulinagwe,
Tulip,
Tullio,
Tully,
Tulsi,
Tung,
Tunu,
Tupi,
Tupper,
Turi,
Turlogh,
Turlough,
Tusa,
Tusajigwe,
Tusla,
Tuta,
Tuto,
Tuyet,
Twyla,
Ty,
Tyana,
Tybalt,
Tyche,
Tyee,
Tyehimba,
Tyfany,
Tyffany,
Tyler,
Tymon,
Tyna,
Tyra,
Tyrene,
Tyrome,
Tyrone,
Tyson,
Tzadika,
Tzafra,
Tzahala,
Tzeira,
Tzemicha,
Tzeviya,
Tzigana,
Tzili,
Tzivya,
Tzofia,
Tzu-chin,
Ualtar,
Ubaldo,
Uberto,
Uchenna,
Ude,
Udiya,
Udo,
Ugo,
Ugolino,
Ugon,
Uilleam,
Uilliam,
Uillioe,
Uinsionn,
Ujala,
Ujila,
Ujvala,
Ula,
Ulami,
Uland,
Ulandus,
Ularia,
Ulf,
Ulick,
Ulina,
Ulises,
Ulla,
Ulmar,
Ulric,
Ulrich,
Ulrika,
Ulrike,
Ulryka,
Ultan,
Ulu,
Ulysse,
Ulysses,
Ulyssia,
Uma,
Umali,
Umayma,
Umberto,
Ume,
Umeeka,
Umeki,
Umeko,
Umesh,
Umiko,
Um-Kalthum,
Umm,
Umniya,
Una,
Undine,
Uness,
Unice,
Unity,
Unn,
Unquie,
Upala,
Urania,
Uranja,
Urbaine,
Urban,
Urbana,
Urbano,
Urbanus,
Urbi,
Uri,
Uriah,
Uriel,
Uriela,
Urien,
Urlando,
Urmi,
Ursa,
Ursel,
Ursley,
Urso,
Ursola,
Urson,
Ursuelo,
Ursul,
Ursula,
Ursulina,
Ursy,
Urszula,
Urvan,
Uschi,
Usha,
Ushi,
Ushmil,
Ushriya,
Usman,
Ussulo,
Ut,
Uta,
Utako,
Ute,
Uthman,
Utina,
Utz,
Uval,
Uvonda,
Uwe,
Uwimana,
Uzoma,
Vachya,
Vaclav,
Vaclava,
Vadim,
Vadin,
Vahe,
Vailea,
Valaree,
Valérie,
Valda,
Valdemar,
Valdis,
Vale,
Valeda,
Valen,
Valenda,
Valente,
Valentia,
Valentijn,
Valentin,
Valentina,
Valentino,
Valeria,
Valerie,
Valeriya,
Valery,
Valeska,
Valetta,
Valida,
Valin,
Valinda,
Valli,
Vally,
Valma,
Valmy,
Valora,
Valory,
Vamana,
Van,
Vana,
Vanaja,
Vanalika,
Vance,
Vanda,
Vandani,
Vandelia,
Vanessa,
Vani,
Vania,
Vanika,
Vanja,
Vanka,
Vann,
Vanna,
Vanni,
Vanora,
Vanya,
Vara,
Varana,
Varaza,
Varden,
Vareck,
Varenka,
Varina,
Varinka,
Varonika,
Varrick,
Varsha,
Vartan,
Vartolomei,
Vartolomeiu,
Varuna,
Varvara,
Vas,
Vashti,
Vasilios,
Vasilis,
Vasilisa,
Vasiliy,
Vasin,
Vassily,
Vassilyij,
Vasska,
Vasundhara,
Vasyltso,
Vatusia,
Vaughan,
Vaughn,
Vazul,
Veata,
Veda,
Vedis,
Veera,
Vega,
Vegenia,
Veicente,
Velda,
Velden,
Veleslava,
Velia,
Velinda,
Velinde,
Velma,
Velora,
Velsie,
Velvet,
Velvina,
Vencel,
Venceslava,
Venedictos,
Veneranda,
Venessa,
Venetia,
Veniamin,
Venjamin,
Venu,
Venudhar,
Venus,
Venya,
Veola,
Vera,
Vered,
Verena,
Vergil,
Verify,
Verina,
Verity,
Verla,
Vern,
Verna,
Vernadine,
Vernaldo,
Vernaldos,
Vernavela,
Verne,
Vernesta,
Vernetta,
Verney,
Vernon,
Veronica,
Veronika,
Veronique,
Vesta,
Vevina,
Vi,
Vianca,
Vianna,
Viatricia,
Viatrix,
Vic,
Vica,
Vicencio,
Vicente,
Vicentius,
Vicenty,
Vicenz,
Vicenzo,
Viche,
Vicho,
Vick,
Vicki,
Vickie,
Vicky,
Vico,
Victo,
Victoir,
Victoire,
Victor,
Victoria,
Victorianas,
Victorine,
Victorino,
Victoriya,
Victro,
Vida,
Vidal,
Vidonia,
Vidrik,
Vidya,
Viera,
Viet,
Vifforiano,
Vigdis,
Viggo,
Vignesh,
Vihelm,
Vijay,
Vik,
Vika,
Vikaheilala,
Vikentij,
Viki,
Vikkie,
Vikky,
Viktoria,
Vildor,
Vilhelm,
Vilhelmina,
Vili,
Viljo,
Vilma,
Vilmar,
Viltoriano,
Vimala,
Vin,
Vina,
Vinal,
Vince,
Vincent,
Vincenta,
Vincente,
Vincze,
Vinette,
Vinn,
Vinnie,
Vinny,
Vinod,
Vinya,
Viola,
Violante,
Viole,
Violet,
Violeta,
Violetta,
Viorica,
Vipin,
Vira,
Virge,
Virgee,
Virgil,
Virgilio,
Virgilius,
Virginia,
Virginie,
Virna,
Viridia,
Virror,
Visent,
Vishal,
Vishnu,
Visolela,
Vita,
Vitaliy,
Vite,
Vito,
Vitoria,
Vitorio,
Vittoria,
Vittorio,
Viv,
Vivaca,
Viveca,
Viveka,
Vivian,
Viviana,
Vivien,
Vivienne,
Vivita,
Vivyan,
Vizente,
Vlach,
Vladilen,
Vladimir,
Vladimira,
Vladislav,
Vladislava,
Vladlen,
Vlado,
Volker,
Volodymyr,
Von,
Vonda,
Vondila,
Voravit,
Voytek,
Vreni,
Vrijeda,
Vrinda,
Vural,
Vyacheslav,
Vyoma,
Vyomika,
Vyvian,
Waban,
Wachiwi,
Waclaw,
Wade,
Wafa,
Wafiyya,
Wahchintonka,
Waipshwa,
Wajiha,
Wakana,
Wakanda,
Wakenda,
Wakiza,
Walache,
Wald,
Walden,
Waldo,
Walentya,
Walida,
Walidah,
Walker,
Wallace,
Wallache,
Wallie,
Wallis,
Wally,
Walsh,
Walt,
Walter,
Walters,
Walther,
Walton,
Waltraud,
Wana'ao,
Wana'aonani,
Wanaka,
Wanda,
Waneta,
Wanita,
Wapi,
Wapin,
Ward,
Wardell,
Warden,
Warder,
Wariner,
Warner,
Warren,
Warri,
Warrick,
Waseme,
Washta,
Wasi,
Wasif,
Wasim,
Wasula,
Wat,
Waterio,
Watkin,
Watseka,
Watson,
Watty,
Wauna,
Wawrzyniec,
Waylahskise,
Waylen,
Waylon,
Wayne,
Waynoka,
Weayaya,
Webb,
Webbe,
Webber,
Webster,
Weed,
Weeko,
Weetamoo,
Wehinahpay,
Welby,
Welch,
Wemilat,
Wemilo,
Wen,
Wenceslas,
Wenda,
Wende,
Wendeline,
Wendell,
Wendi,
Wendie,
Wendy,
Wenona,
Wenonah,
Wenzel,
Werner,
Weronikia,
Wes,
Wesh,
Wesley,
Westleigh,
Westley,
Weston,
Whoopi,
Whoopy,
Wibeke,
Wicahpi,
Wicent,
Wichado,
Wichasta,
Widad,
Wiebke,
Wieland,
Wielislaw,
Wigburg,
Wihakayda,
Wiktoria,
Wil,
Wilanu,
Wilbert,
Wilbur,
Wilder,
Wildon,
Wiley,
Wilfred,
Wilfreda,
Wilfrid,
Wilfried,
Wilhelm,
Wilhema,
Wilhemina,
Wilhemine,
Wilima,
Wilimina,
Wilkes,
Will,
Willa,
Willabelle,
Willamena,
Willamina,
Willann,
Willard,
Willem,
Willemyn,
Willet,
Willeta,
Willette,
Willi,
William,
Williamson,
Willis,
Willow,
Willy,
Wilma,
Wilmer,
Wilmot,
Wilny,
Wilson,
Wilu,
Wim,
Wimund,
Winda,
Winema,
Winfield,
Winfried,
Wingi,
Winifred,
Winn,
Winnie,
Winnie-Comac,
Winnifred,
Winona,
Winston,
Winter,
Winthrop,
Winton,
Winward,
Wioletta,
Wisia,
Wislaw,
Witashnah,
Witold,
Wiyaka-Wastewin,
Wladyslaw,
Wlodek,
Wlodzimierz,
Wlodzislaw,
Wojciech,
Wolf,
Wolfgang,
Wolfram,
Woodie,
Woodrow,
Woody,
Wouter,
Wright,
Wulfric,
Wuliton,
Wullie,
Wunand,
Wuyi,
Wyanet,
Wyatt,
Wyetta,
Wylie,
Wylma,
Wymond,
Wyn,
Wynelle,
Wynn,
Wynne,
Wynonna,
Wynono,
Wynton,
Wyome,
Wystan,
Wyvonne,
Xabiel,
Xabier,
Xan,
Xandra,
Xandrine,
Xanthe,
Xantho,
Xaver,
Xavier,
Xaviera,
Xayvion,
Xena,
Xenia,
Xeno,
Xenos,
Xerex,
Xerxes,
Xever,
Xiaobing,
Xiao-Niao,
Xiao-Xing,
Xietian,
Xilonen,
Ximena,
Ximon,
Xin,
Xinh,
Xiopara,
Xuan,
Xun,
Xylia,
Yaa,
Yaakov,
Yaar,
Yaara,
Yachi,
Yachne,
Yadid,
Yadin,
Yael,
Yafeu,
Yaffa,
Yaholo,
Yahya,
Yakar,
Yakecen,
Yakez,
Yakim,
Yakira,
Yakov,
Yaluta,
Yamal,
Yamin,
Yamina,
Yamini,
Yamka,
Yamuna,
Yamut,
Yan,
Yana,
Yanaha,
Yanai,
Yancy,
Yang,
Yann,
Yannic,
Yannis,
Yanoach,
Yao,
Yarb,
Yarden,
Yardena,
Yardeniya,
Yared,
Yarev,
Yarin,
Yarkona,
Yarmilla,
Yasah,
Yasahiro,
Yash,
Yashaskar,
Yashila,
Yashna,
Yashodhara,
Yashwina,
Yasiman,
Yasin,
Yasir,
Yasmeen,
Yasmin,
Yasmine,
Yassen,
Yasser,
Yasu,
Yasuhiro,
Yasuko,
Yasuo,
Yasushi,
Ya'ub,
Yawa,
Yayo,
Yazid,
Yechezkel,
Yedidiah,
Yehiel,
Yehochanan,
Yehonatan,
Yehosha,
Yehoshua,
Yehoyakim,
Yehudah,
Yehudit,
Yejide,
Yekaterina,
Yelda,
Yelena,
Yemima,
Yemina,
Yemon,
Yen,
Yendelela,
Yenene,
Yenta,
Yepa,
Yered,
Yeriel,
Yerik,
Yerusha,
Yeshara,
Yeshayahu,
Yetta,
Yeva,
Yevetha,
Yevgeniy,
Yi,
Yin,
Yirmeyah,
Yirmeyahu,
Yisha,
Yishachar,
Yishmael,
Yisrael,
Yitro,
Yitzchak,
Yitzhak,
Ymir,
Ynes,
Ynez,
Ynyr,
Yochana,
Yochanan,
Yocheved,
Yoel,
Yoela,
Yohanan,
Yoki,
Yokkako,
Yoko,
Yolanda,
Yolande,
Yolanta,
Yolathe,
Yolette,
Yolyvette,
Yonah,
Yonas,
Yonatan,
Yoni,
Yonina,
Yonkela,
Yoomtis,
Yorath,
Yori,
Yorick,
Yosef,
Yosefa,
Yoseph,
Yoshe,
Yoshi,
Yoshiko,
Yoshino,
Youkioma,
Young,
Young-Il,
Young-Soon,
Youssef,
Yovela,
Yow,
Yoya,
Yoyi,
Yoyo,
Yrenia,
Ysaac,
Ysaax,
Ysabel,
Ysac,
Ysanne,
Ysaye,
Yseult,
Ysolda,
Ysonde,
Yssach,
Yu,
Yuè,
Yubo,
Yucel,
Yue,
Yu-Fai,
YuHsin,
Yukari,
Yuki,
Yukie,
Yukiko,
Yukio,
Yulius,
Yuliya,
Yumiko,
Yunis,
Yunlong,
Yunus,
Yure,
Yuri,
Yuriy,
Yury,
Yusef,
Yushua,
Yusra,
Yussuf,
Yusuf,
Yusuke,
Yutu,
Yuval,
Yuyo,
Yuyu,
Yvaine,
Yves,
Yvette,
Yvon,
Yvonne,
Zabrina,
Zac,
Zacarias,
Zacariaz,
Zacario,
Zacaris,
Zaccaria,
Zacchaeus,
Zach,
Zachaios,
Zachariah,
Zacharias,
Zacharie,
Zacharjasz,
Zachary,
Zachery,
Zack,
Zackry,
Zada,
Zadee,
Zaed,
Zafar,
Zafira,
Zahair,
Zahara,
Zahavi,
Zahid,
Zahir,
Zahra,
Zahrah,
Zahur,
Zaid,
Zainab,
Zainabu,
Zaira,
Zak,
Zakah,
Zakai,
Zakarias,
Zakarij,
Zakariyya,
Zakelina,
Zaki,
Zakiya,
Zakiyya,
Zakur,
Zaleya,
Zalika,
Zaltana,
Zameer,
Zamir,
Zander,
Zandra,
Zane,
Zaneda,
Zaneta,
Zanna,
Zannah,
Zéphyrine,
Zaquarias,
Zara,
Zarah,
Zaray,
Zareb,
Zarek,
Zarifa,
Zarina,
Zarita,
Zarya,
Zavad,
Zavdiel,
Zavier,
Zavior,
Zawadi,
Zayd,
Zayit,
Zaylie,
Zaynab,
Zaza,
Zbigniew,
Zbyhnev,
Zbyhneva,
Zdenek,
Zdeslav,
Zdeslava,
Zdzislaw,
Zea,
Zeb,
Zebadiah,
Zebedee,
Zeborah,
Zebulon,
Zebulun,
Zechariah,
Zecharya,
Zed,
Zedekiah,
Zeeman,
Zefiryn,
Zehara,
Zehariah,
Zehava,
Zeheb,
Zehira,
Zeke,
Zeki,
Zel,
Zelda,
Zelenka,
Zelfa,
Zelia,
Zelie,
Zelimir,
Zelma,
Zelpah,
Zemariah,
Zemira,
Zemorah,
Zena,
Zenaida,
Zenaide,
Zenana,
Zenda,
Zenevieva,
Zeno,
Zenobia,
Zenobios,
Zenobja,
Zenon,
Zenos,
Zenzel,
Zeph,
Zephaniah,
Zephyr,
Zephyra,
Zephyrine,
Zephyrus,
Zera,
Zerach,
Zerachia,
Zeraldina,
Zerdali,
Zerem,
Zeresh,
Zerika,
Zethus,
Zeus,
Zev,
Zevach,
Zevachiah,
Zevadiah,
Zevid,
Zevida,
Zevulun,
Zhané,
Zhane,
Zhanmiao,
Zhenjian,
Zhi,
Zhihua,
Zhiyu,
Zhong,
Zhu,
Zhuang,
Zia,
Zig,
Zigana,
Ziggy,
Zihna,
Zikomo,
Zil,
Zillah,
Zilpah,
Zilpha,
Zilvia,
Zimon,
Zimran,
Zimri,
Zimriah,
Zina,
Zinaida,
Zinan,
Zinnia,
Zinobiya,
Zinova,
Zinovia,
Zinte,
Zipkiyah,
Zipporah,
Ziracuny,
Zirah,
Zita,
Zitkaduta,
Zitkala-Sa,
Zitomir,
Zitomira,
Ziv,
Zivan,
Zivanka,
Ziven,
Ziya,
Ziyad,
Zlata,
Zlatan,
Zlavador,
Zoé,
Zoe,
Zofia,
Zofie,
Zoheret,
Zohra,
Zoila,
Zola,
Zollie,
Zolly,
Zoltan,
Zomeir,
Zonta,
Zora,
Zoraida,
Zorina,
Zorya,
Zosia,
Zotom,
Zozi,
Zsa,
Zsazsa,
Zsigmond,
Zsuzsanna,
Zubaida,
Zubaidah,
Zuberi,
Zubin,
Zuhayr,
Zula,
Zuleica,
Zuleika,
Zuljeta,
Zuwena,
Zuzana,
Zuzanna,
Zuzela,
Zuzeth,
Zuzi,
Zuzu,
Zwi,
Zygmunt,
Zyrillus,
Zytka
)
