@Autos=(
Zhongji,
Harper,
Baby-Brousse,
Egy-Tech,
Mod Car,
Nasr,
Ramses,
Speranza Chery,
Holland Car,
Solaris,
Kantanka,
OTAVI,
Nyayo,
Saroukh el-Jamahiriya,
Trucks and Bus Company,
Karenjy,
Laraki,
Ménara,
Réac,
Triam,
Uri,
Izuogu,
Badsey,
Barnard Motors,
Birkin,
China Auto Manufacturers,
Eagle,
Freeranger,
Griffin,
GSM,
Harper,
Hayden Dart,
Hi-Tech,
Interstate,
KCC,
Libra,
Lynx,
Revo,
Optimal Energy,
Perana,
Perana,
Protea,
Puma,
Ranger,
Replicars,
Revo,
Salamander,
Sao,
Shaka,
Superformance,
Uri,
Volkspares,
Giad,
Wallyscar,
Iran Khodro,
SAIPA,
Pars Khodro,
Bahman Group,
Rakhsh Khodro,
Kerman Motors,
Kish Khodro,
Raniran,
Traktorsazi,
Shahab Khodro,
Zamyad,
Morattab,
Reyan,
Diar,
Khodro Kaveer,
Rain Khodrosazan,
MVM,
Zagross Khodro,
ErAZ,
Amkodor,
BelAZ,
GomSelMash,
Lidagroprommash,
MAZ,
MZKT,
Balkan,
BG Car,
Bulgarrenault,
Bulgaralpine,
Chavdar,
Kenta,
KTA Madara,
Moskvitch Aleko,
Pirin-Fiat,
Preslav,
DOK-ING,
IPIM,
Aero ,
Aspa,
AVIA,
C.A.S.,
Disk,
Ecora,
Elpo,
Enka,
ESO,
FRM,
Gatter,
Gnom,
Hakar,
ISIS,
Jawa,
Kaipan,
KAN,
Kolowrat,
Kohout,
Kroboth,
Laurin & Klement,
LIAZ,
Linser,
Magda,
MTX,
Myron,
Orion,
Panek,
Praga,
RAF,
Ringhoffer,
RULO,
Sibrava,
Škoda,
Slatinany,
Start,
Stelka,
Tatra,
TAZ,
Trimobil,
Vaja,
Vechet,
Velorex,
Velorex-X-Strike,
Velox,
Walter,
Wikov,
Z,
Audi,
BMW,
Mercedes-Benz,
Opel,
Porsche,
Volkswagen,
Alpina,
Artega,
CityEl,
Gumpert,
Hauser,
Isdera,
Jetcar,
Keinath,
Lotec,
Maybach,
Pegasus,
Smart,
Wiesmann,
Yes!,
AAA,
Aachener,
AAG,
Adler,
AFM,
AGA,
Alfi,
Alliance,
Allright,
Altmann,
Amor,
Amphicar,
Ansbach,
Anker,
Apollo,
Argus,
Arimofa,
Atlantic,
Auto Union,
AWS,
Baer,
Beaufort,
Beckmann,
BEF,
Benz,
Benz Söhne,
Bitter,
Boes,
Borgward,
Brennabor,
Brütsch,
Butz,
Certus,
Champion,
Cito,
Club,
Colibri,
Cudell,
Cyklon,
Daimler,
Deutz,
Diabolo,
Diana,
Dixi,
DKW,
DMG,
Dehn,
Dürkopp,
Dux,
EAM,
Ego,
Ehrhardt,
Ehrhardt-Szawe,
Eisenach,
EMW,
Erdmann,
Excelsior-Mascot,
Exor,
Express,
Fadag,
Fafnir,
Falcon,
Falke,
Faun,
Favorit,
Feldmann,
Flitzer,
Ferbedo,
Fiat-Neckar,
Framo,
Freia,
Fuldamobil,
Fulmina,
Gaggenau,
Gasi,
Geha,
Glas,
Goggomobil,
Goliath,
Grade,
Gridi,
Gutbrod,
HAG,
HAG-Gastell,
Hanomag,
Hansa,
Hataz,
Hawa,
Heim,
Heinkel,
Henschel,
Hexe,
Hildebrand,
Hoffmann,
Horch,
IFA,
Induhag,
Joswin,
Juho,
Kenter,
Kleinschnittger,
Koco,
Komet,
Komnick,
Kondor,
Körting,
Kroboth,
Kühlstein,
Leichtauto,
Lindcar,
Lipsia,
Lloyd,
Loreley,
Lux,
Mada,
MAF,
Maico,
Maja,
Mannesmann,
Mars,
Maurer-Union,
Mauser,
MCA,
Melkus,
Mercedes,
Merkur,
Meyra,
Minimus,
Mock,
Mölkamp,
MWD,
Nacke,
NAG,
Neckar,
NSU,
NSU-Fiat,
Nug,
Omikron,
Orient Express,
Oryx,
Pawi,
Phänomen,
Piccolo,
Pilot,
Pinguin,
Pluto,
Podeus,
Presto,
Priamus,
Primus,
Protos,
Rabag/Rabag-Bugatti,
Röhr,
Rollfix,
Rumpler,
Sablatnig-Beuchelt,
Sachsenring,
SB/Slaby-Beringer,
Scheibler,
Securus,
Seidel-Arop,
Selve,
S.H.W.,
Simson,
Simson Supra,
Solidor,
Solomobil,
Sperber,
Sphinx,
Staiger,
Standard Superior,
Staunau,
Steiger,
Steudel,
Stoewer,
Stolle,
Szawe,
,
Taunus,
Tempo,
Thurner,
Titan,
Tornax,
Tourist,
Trabant,
Trippel,
Turbo,
Utilitas,
Victoria,
Voran,
Veritas,
Vogtland,
Wanderer,
Wartburg,
Wartburg,
Wendax,
Wenkelmobil,
Wesnigk,
Westfalia,
Windhoff,
Wittekind,
Zender,
Zündapp,
Zwickau,
ESTfield,
KAZ,
Alba Regia microcar,
Audi Hungaria,
Balaton microcar,
Borbála,
Csepel,
Csonka,
Credo,
Fejes,
Ha,
Helix,
Ikarus Bus,
MÁG,
Magomobil,
Marta,
Mávag,
Méray,
NABI,
Phönix,
Puli,
Rába,
Unitas,
Úttörő microcar,
Weiss-Manfréd,
Ford-Vairogs,
RAF,
Russo-Balt,
VEF,
KAG,
FAS Sanos,
AMZ-Kutno,
Autosan,
CWS,
CWS T-1,
Fiat,
FSC,
FSC Żuk,
FSC Lublin,
Honker,
FSM,
Syrena,
FSO,
Syrena,
Warszawa,
FSR,
Tarpan,
Tarpan Honker,
Intrall,
Jelcz,
Kapena,
Leopard,
Mikrus,
PZInż,
Solaris,
Solbus,
Star,
ZSD,
ZSD Nysa,
ARO,
IMS,
Craiova,
Dacia,
Duster,
Logan,
Nova,
Sandero,
Solenza,
SuperNova,
Lăstun,
IAR,
M.R.,
Malaxa,
Oltcit,
Rocar,
Roman,
ROMLOC,
Uzinele Braşov,
A Level,
Altay,
Avtokad,
AZLK/Moskvitch,
Bronto,
Derways,
Dragon,
EL Motors,
GAZ/Volga,
Chaika,
Pobeda,
ZIM,
IZH,
Lessner,
KamAZ,
KAvZ,
KIM,
Marussia,
Nami,
PAZ,
SeAZ,
Sollers JSC,
TagAZ,
Torgmash,
UAZ,
VAZ/Lada,
ZIS,
Zastava/Yugo,
FAP,
Ikarbus,
Neobus,
Zastava Trucks,
Zastava Special Automobiles - Sombor,
FVK,
Globus-auto,
IDA-Opel,
IMR,
TAZ,
CIMOS,
TAM,
IMV,
REVOZ,
AntoRus,
Bogdan Corporation,
Cherkasky Avtobus,
Bogdan A-092,
LuAZ,
LuAZ-967,
Etalon-Avto Corporation,
BAZ,
ChAZ,
Stryi-Avto,
Eurocar,
KrASZ,
HalAZ,
Iveco Motor Sich,
VEPR,
Morozov Plant,
KrAZ,
LAZ,
ZAZ,
Achleitner,
Alba,
Austro,
Austro-Daimler,
Austro-Fiat,
Austro-Rumpler,
Austro-Tatra,
Avis,
Baja,
Braun,
Celeritas,
Custoca,
Denzel,
ESA,
Felber,
Gloriette,
Gloria,
Gräf & Stift,
Grofri,
Hoffmann & Czerny,
Jamos,
Kainz,
KAN,
Kronos,
KTM,
Leesdorfer,
Libelle,
Linett,
Linser,
Lohner-Porsche,
Magna Steyr,
Möve,
ÖAF,
Perfekt,
Perl,
Puch,
Spitz,
Steyr,
Steyr-Daimler-Puch,
Thein & Goldberger,
Theyer Rothmund,
Tomaszo,
U-Wagen,
WAF,
Wyner,
ABC,
ADK,
Alatac,
Alfa Legia,
Altona,
ALP,
AMA,
Antoine,
APAL,
Aquila,
ATA,
Auto-Mixte,
Bastin,
Baudouin,
Belga,
Belga Rise,
Belgica,
Bovy,
CAP,
Claeys-Flandria,
d'Aoust,
Dasse,
De Cosmo,
Delecroix,
Delin,
Dechamps,
De Wandre,
Direct,
Edran,
Elgé,
Emmel,
Escol,
Excelsior,
FAB,
FD,
FIF,
Flaid,
FN,
Fondu,
Frenay,
Germain,
Gillet,
Impéria,
Imperia-Abadal,
Jeecy-Vea,
Jenatzy,
Juwel,
Kleinstwagen,
Knap,
L&B,
Linon,
Mathieu,
Mathomobile,
Méan,
Meeussen,
Métallurgique,
Miesse/Auto-Miesse,
Minerva,
Moustique,
Nagant,
Nova,
Pescarolo,
Peterill,
Pieper,
Pipe,
PLM,
P-M,
Ranger,
Royal Star,
Rumpf,
SAVA,
SCH,
SOMEA,
Speedsport,
Springuel,
Taunton,
Turner-Miesse,
TVD,
Vincke,
Vivinus,
Wilford,
Zelensis,
Alfgang,
Anglo-Dane,
Brems,
Bukh & Gry,
Bünger,
Dana,
Dansk,
DISA,
DK,
Ellemobil,
Gideon,
Haargaard,
Hammel,
Houlberg,
Kewet,
Sommer,
Thrige,
Zenvo,
Elcat,
Finlandia,
Korvensuu,
RaceAbout,
Talbot,
Teijo,
Valmet,
Veemax,
Wiima,
Bugatti,
Citroën,
Peugeot,
Renault,
Able,
ACMAT,
Ader,
AER,
AEM,
Aérocaréne,
Ageron,
Ailloud,
Aixam,
Ajams,
Ajax,
AL,
Alamagny,
Alba,
Albatros,
Alcyon,
Alda,
Allard-Latour,
Alliance,
Alphi,
Alma,
Alpine,
Alva,
AM,
Amédée Bollée,
Amilcar,
Ampère,
Anderson Electric,
Andre Py,
Antoinette,
Ardent,
Ardex,
Ariane,
Ariès,
Arista,
Arista,
Arola,
Arzac,
AS,
ASS,
Astatic,
Aster,
Astra,
Astresse,
Atla,
Atlas,
Audibert & Lavirotte,
Auge,
Austral,
Autobleu,
Automoto,
Auverland,
Avolette,
Ballot,
Barré,
Beck,
Bédélia,
Bellanger,
Benjamin,
Berliet,
Bernardet,
Bignan,
Blériot,
BNC,
Boitel,
Bolide,
Bonnet,
Bouquet,
Brasier,
Brouhot,
Bucciali,
Buchet,
Bugatti,
Butterosi,
Cambier,
Castoldi,
CD,
CG,
CGV,
Chaigneau-Brasier,
Chainless,
Charlon,
Charron,
Chenard-Walcker,
CHS,
Clément-Bayard,
Coadou et Fleury,
Cochotte,
Cognet de Seynes,
Cohendet,
Colda,
Constantinesco,
Corre,
Cottereau,
Cottin & Desgouttes,
Cournil,
Couteret,
Couverchel,
Créanche,
Crespelle,
Croissant,
Culmen,
Dalifol,
Dalifol & Thomas,
Damaizin & Pujos,
Dangel,
Danvignes,
Darl'mat,
Darmont,
Darracq,
David & Bourgeois,
DB,
De Bazelaire,
De Cezac,
De Clercq,
De Dietrich,
De Dion-Bouton,
De Marcay,
De Riancey,
De Sanzy,
Decauville,
Deguingand,
Deho,
DeLaChapelle,
Delage,
Delahaye,
Delamare-Deboutteville,
Delaugère,
Delaunay-Belleville,
Delfosse,
Demeester,
Denis de Boisse,
Derby,
Desmoulins,
Dewald,
DFP,
Diederichs,
Dolo,
Donnet,
Donnet-Zedel,
Dumas,
Dumont,
Duport,
d'Yrsan,
EHP,
Electricar,
Elfe,
Elgé,
Elysée,
Enders,
Esculape,
Eudelin,
Eureka,
Facel Vega,
F.A.L.,
Farman,
Favier,
FL,
Fonlupt,
Fouillaron,
Fournier,
Galy,
Gardner-Serpollet,
Gautier-Wehrlé,
Georges Irat,
Georges Richard,
Georges Roy,
Gillet-Forest,
Gladiator,
Gobron-Brillié,
Gordini,
Goujon,
GRAC,
Groupe de Recherches Automobiles de Courses,
Gregoire,
Grivel,
Guerraz,
Guerry et Bourguignon,
Guyot Spéciale,
Hautier,
Hédéa,
Heinis,
Helbé,
Henry Bauchet,
Henry-Dubray,
Hérald,
Hinstin,
Hispano-Suiza,
Hommell,
Hrubon,
Hurtu,
Induco,
Inter,
J-P Wimille,
Jack Sport,
Janémian,
Janoir,
Janvier,
Jean-Bart,
Jean Gras,
Jeantaud,
JG Sport,
Jidé,
Jouffret,
Jousset,
Jouvie,
Juzan,
Kevah,
Koch,
Korn et Latil,
Kriéger,
KVS,
La Buire,
La Confortable,
Lacoste & Battmann,
Lafitte,
Lahaussois,
La Licorne,
L'Alkolumine,
La Lorraine,
Lambert,
La Nef,
La Perle,
La Ponette,
La Radieuse,
L'Ardennais,
La Roulette,
La Va Bon Train,
Lavie,
Leyat,
Ligier,
Linon,
Lion-Peugeot,
Lombard,
Lorraine-Dietrich,
Luc Court,
Lufbery,
Lurquin-Coudert,
Lutier,
Luxior ,
Madoz,
Maillard,
Maison Parisienne,
Majola,
Malliary,
Marcadier,
Marden,
Margaria,
Marguerite,
Marie de Bagneux,
Marot-Gardon,
Marsonetto,
Matford,
Mathis,
Matra,
Mega,
Messier,
Michel Irat,
Microcar,
Mildé,
Millot,
MLB,
Monnard,
Monocar,
Montier,
Montier & Gillet,
Morisse,
Mors,
Motobloc,
Mototri Contal,
Nanceene,
Naptholette,
Nardini,
Obus,
Oméga-Six,
Otto,
Ours,
Panhard/Panhard & Levassor,
Patin,
P.G.O.,
Pilain,
Plasson,
Poinard,
Ponts-Moteurs,
Populaire,
Poron,
Porthos,
Prod'homme,
Prosper-Lambert,
Quo Vadis,
Radior,
Rally,
Raouval,
Ratier,
Ravailler,
Ravel,
Ravel,
Rebour,
Reyonnah,
Reyrol,
Richard-Brasier,
Rochet-Schneider,
Roger,
Rolland-Pilain,
Rolux,
Rosengart,
Roussel,
Roussey,
Rouxel,
Rovin,
Ruby,
Salmson,
Sandford,
Santax,
SARA,
Sautter-Harlé,
SCAP,
SCAR,
Scora,
Sénéchal,
Sensaud de Lavaud,
SERA,
Sidéa,
Sigma,
Silva-Coroner,
SIMA-Violet,
Simca,
Simplicia,
Sinpar,
Siscart,
Sixcyl,
Sizaire-Berwick,
Sizaire Frères,
Sizaire-Naudin,
Soncin,
Solanet,
Soriano-Pedroso,
SOVAM,
SPAG,
Stabilia,
Stimula,
Suncar,
Talbot,
Talbot-Lago,
Théophile Schneider,
Tourey,
Tracford,
Tracta,
Triouleyre,
Turcat-Méry,
Turgan-Foy,
Unic,
Urric,
Utilis,
Vaillant,
Vallée,
VELAM,
Venturi,
Vermorel,
Vilain,
Vinot-Deguingand,
Virus,
Voisin,
Westinghouse,
Willam,
X,
Alta,
Attica,
Autokinitoviomihania Ellados,
Automeccanica,
Balkania,
BET,
C.AR,
DIM,
ELBO,
Enfield,
Grezda,
Hercules,
MAVA-Renault,
MEBEA,
Namco,
Neorion,
Pan-Car,
Replicar Hellas,
Scavas,
Styl Kar,
Tangalakis,
Theologou,
Tropical,
Tzen,
Alesbury,
Shamrock,
Thomond,
TMC Costin,
Alfa Romeo,
Ferrari,
Fiat,
Lamborghini,
Lancia,
Maserati,
Pagani,
Abarth,
B Engineering,
Bertone,
Casalini,
Covini,
DR,
Effedi,
Faralli & Mazzanti,
Fornasari,
Giottiline,
Picchio Racing Cars,
ALFA,
Amilcar Italiana,
Ansaldo,
Anzani,
Aquila,
ASA,
ATS,
Aurea,
Autobianchi,
Bandini,
Barosso,
Beccaria,
Bernardi,
Bianchi,
Bizzarrini,
Brixia-Zust,
Bugatti,
Bugatti & Gulinelli,
Cantono,
Ceirano,
Chiribiri,
Cisitalia,
Cizeta,
Conrero,
De Tomaso,
De Vecchi,
Diatto,
Ermini,
Esperia,
FAST,
Ferves,
Fides,
Fimer,
Fissore,
FLAG,
Florentia,
FOD,
Franco,
Ghia,
IENA,
Innocenti,
Intermeccanica,
Isetta,
Iso,
Isotta-Fraschini,
Itala,
Junior,
Lanza,
Lawil,
LMX Sirex,
Lombardi,
Maggiora,
Majocchi,
Marca-Tre-Spade,
Marchand,
Mazzieri,
Menon,
Monterosa,
Moretti,
Nardi,
Nazzaro,
Officine Meccaniche (OM),
OSCA,
OSI,
Prinetti & Stucchi,
Qvale,
Rapid,
Savio,
SCAT,
Scirea,
Serenissima,
SIAM,
Siata,
Siva,
SPA,
Standard/FAS,
Stanga,
Stanguellini,
Storero,
Taurinia,
Temperino,
Titania,
Turinelli & Pezza,
Urbanina,
Vaghi,
Vespa,
Zust,
Jehle,
Venturi,
Aerts/Neerlandia,
Altena,
Anderheggen,
Autolette,
Bij't Vuur,
Burgers,
Burton,
Carver,
Charon,
DAF,
Donkervoort,
Econoom,
Entrop,
Eysink,
Gatso,
Gelria,
Groninger,
Hansan,
Hillen,
Huet Brothers,
Le Patron,
Max,
Omnia,
Ruska,
Shelter,
Simplex,
Spijkstaal,
Spyker,
Spyker Cars,
Startwin,
Vandenbrink,
Van Gink,
Waaijenberg,
Bjering,
Buddy,
Fossum,
Norsk,
Norsk Geijer,
Strømmen,
Th!nk/Pivco,
Troll,
Asterio,
Edford,
Entreposto,
Marlei,
Bravia,
Portaro,
UMM,
Vinci,
DECSA,
Epocar,
Ajax,
Albar,
Asper,
Beck Engineering & Composites,
Belcar,
Berna,
Brunau-Weidmann,
Cegga,
Ciem,
Dufaux,
Egg & Egli,
Enzmann,
Ernst,
Fischer,
Gmur,
Helios,
Henriod,
JM,
Kauffmann,
Leblanc,
Lucerna,
Lucia,
Martini,
Maximag,
Millot,
Minelli,
Monteverdi,
Moser,
Orca,
Orion,
Pic-Pic,
Popp,
Rapid,
Rinspeed,
Safir,
Saurer,
Sbarro,
Sigma,
SLM,
SNA,
Soletta,
Speidel,
Stella,
Thury-Nussberger,
Tribelhorn,
Turbo,
Turicum,
Weber,
Yaxa,
Zédel,
Abbey,
ABC,
Aberdonia,
Abingdon,
AC,
Academy,
Accles-Turrell,
Ace,
Achilles,
Adams,
Adamson,
Addison,
Advance,
AEM,
Aero Car,
Aeroford,
Africar,
AGR,
Airedale,
AJS,
Albany,
Albatros,
Alberford,
Albert,
Albion,
ALC,
Alex,
Allard,
Allard,
Alldays & Onions,
Allwyn,
All-British,
Alta,
Alvechurch,
Alvis,
Amazon,
André,
Anglian,
Anglo-American,
Anglo-French,
Angus-Sanderson,
Arab,
Arbee,
Archer,
Arden,
Argon,
Argyll,
Ariel,
Arkley,
Armadale,
Armstrong,
,
Armstrong Siddeley,
Armstrong Whitworth,
Arno,
Arnold,
Arnott,
Arrol-Aster,
Arrol-Johnston,
Arsenal,
Ascari,
Ascot,
Ashley,
Ashton-Evans,
Asquith,
Aster,
Aston Martin,
Astra,
Astral,
Atalanta,
Atlantis,
Athmac,
Atkinson and Philipson),
Atomette,
Attila,
Aurora,
Ausfod,
Austin,
Austin-Healey,
Autotrix,
Autocrat,
Autovia,
AV,
Baby Blake,
Baker & Dale,
Bantam,
Barnard,
Barnes,
Batten,
Baughan,
Bayliss-Thomas,
Bean,
Belsize,
Bentley,
Berkeley,
Bifort,
Billings-Burns,
Black Prince,
Blériot-Whippet,
Bond,
Bound,
Bow-V-Car,
BPD,
Bradwell,
Brotherhood,
Brough Superior,
BSA,
Breckland Technology,
Bristol,
Britannia,
British Salmson,
Broadway,
Brooke,
Brooke,
Buckingham,
Buckler,
Burney,
Bushbury Electric,
Calcott,
Calthorpe,
Cambro,
Caparo,
Carden,
Carlette,
Castle Three,
Caterham,
CFB,
Centaur,
Chambers Motors,
Charawacky,
Chater-Lea,
Chota,
Christchurch-Campbell,
Clan,
Clarendon,
Climax,
Cluley,
Clyno,
Connaught,
Connaught Motor Company,
Coventry Premier,
Coventry-Victor,
Crossley,
Crouch,
Crowdy,
Croxted,
Daimler,
Dalgliesh-Gullane,
Dawson,
Deasy,
Dellow,
De Lorean,
Diva,
Eadie,
Economic,
Edismith,
Enfield,
Ekstromer,
Electric Motive Power,
Electromobile,
Elswick,
Elva,
Emms,
Endurance,
Esculapeus,
Evante,
Fairthorpe,
Farboud,
Frazer Nash,
Galloway,
Garrard,
Garrard & Blumfield,
Geering,
Gerald,
Aquada,
Gibbons,
Gilbern,
Gilbert,
Gilburt,
Gill,
Ginetta,
GN,
Godfrey-Proctor,
Gordon-Keeble,
Grinnall,
Grose,
Guy,
GWK,
Gwynne,
Gwynne-Albert,
Hampton,
Healey,
Hewinson-Bell,
Hill & Stanier,
Hillman,
Horstmann Cars,
HRG (1936-1956),
Hubbard,
Humber,
Iden,
Imperial,
Invacar ,
Invicta,
Jaguar,
Jappic,
Jensen,
Jensen-Healey,
Joel-Rosenthal,
John O'Gaunt,
Jowett,
JZR,
Karminski,
Kieft,
Kingsburgh,
Kyma,
LAD,
Ladas,
Lagonda,
Lambert,
Lammas-Graham,
Lanchester,
Land Master,
Land Rover,
Lea-Francis,
Lee Stroyer,
Lems,
Lester Solus,
Leuchters,
Leyland,
Light Car Company/LCC,
Lister,
Lloyd,
Locost,
Lonsdale,
Lotis,
Lotus,
Lucar,
Madelvic,
Maiflower,
Marauder,
Marcos,
Marendaz,
Marlborough,
Maudslay,
McLaren,
MG,
Mini,
MINI,
MK Indy,
Morris,
Motor Carrier,
Napier,
New Carden,
Noble,
Nova,
Ogle,
Omega,
Oppermann,
Palm,
Palmerston,
Panther,
Paramount,
Paydell,
Payze,
Peel,
Peerless,
Perry,
Phoenix,
Piper,
Prodrive,
Projecta,
Quadrant,
Quasar-Unipower,
Queen,
Radical,
Railton,
Ralph Lucas,
Rapier,
Reliant,
Rex,
Rickett,
Ridley,
Riley,
Rochdale,
Rodley,
Rolls-Royce,
Roper-Corbet,
Rover,
Rudge,
Russon,
Ruston-Hornsby,
Ryley,
Rytecraft,
Santler,
Scootacar,
Scott,
Sheffield-Simplex,
Sheppee,
Siddeley,
Siddeley-Deasy,
Simplic,
Sinclair,
Singer,
Skeoch,
Skirrow,
Smith & Dowse,
Sports Junior,
Squire,
SS,
Standard,
Star,
Sterling,
Straker-Squire,
Strathcarron,
Sunbeam,
Sunbeam-Talbot,
Swallow,
Swallow Doretti,
Swift,
Talbot,
Tamplin,
Tiny,
Tornado,
Tourette,
Toward & Philipson,
Trident,
Trident,
Triking,
Triumph,
Trojan,
Turner,
TVR,
Tyseley,
Ultima,
Unipower,
Urecar,
Utopian,
Vale,
Valveless,
Vanden Plas,
Vapomobile,
Vauxhall,
Vulcan,
Warne,
Warwick,
Weigel,
Westfield,
Whitlock,
Wigan-Barlow,
Wilbrook,
Williamson,
Wilson-Pilcher,
Wolseley,
Woodrow,
Wrigley,
Xtra,
myCar,
Bajaj Auto,
Chinkara,
Ales,
Asahi,
Autobacs,
Auto Sandal,
Art and Tech,
BS Motor,
Chiyoda,
Cony,
Daihatsu,
DAT,
Dome,
Fuji,
Cabin,
Fuso,
Gorham,
Hino,
Honda,
Acura,
Hope,
Humbee,
Idemitsu,
Isaka,
Ishikawajima,
Isuzu,
Jiotto,
Koei,
Kunisue,
Kurugane,
Lila,
Mazda,
Autozam,
Efini,
Eunos,
Xedos,
Meihatsu,
Meiwa,
Mikasa,
Mitsui,
Mitsubishi,
Mitsuoka,
Mizuno-shiki,
Nikken,
Nippon,
Nissan,
Infiniti,
Ohmiya,
Ohta,
Otomo,
Publica,
Rintaku,
Sanko,
Showa,
Subaru,
Sumida,
Suminoe,
Suzuki,
Suzulight,
Tachikawa,
Takeoka,
Takuri,
Tama,
TGE,
Tommy Kaira,
Toyopet,
Toyota,
Lexus,
Scion,
Tsukuba,
UD Trucks,
Vemac,
Yamaha,
Yamata,
Yanase,
Yoshida-shiki,
Y&T,
Allvelo,
AB Nyköpings Automobilfabrik,
AB Thulinverken,
AMG,
Arlöfs,
Åtvidaberg,
Boes Motor & Mekanik,
Caresto,
Cederholm,
Dala7,
Esther,
Fram King Fulda,
GEA,
Gin1,
GOX Teknik,
HB,
Hélios,
Hult Healey,
Husqvarna,
Jösse Car,
Kalmar,
Koenigsegg,
LT,
LMV,
Mania Spyder,
Mascot,
OBC,
Pilot,
Racing Plast Burträsk,
Reva,
Rengsjöbilen,
Saab,
Self,
SAF,
Scania,
Scania-Vabis,
Svensk Elektrobil,
Södertelje Verkstäder,
Tidaholm,
UNO,
Vabis,
Volvo,
Acadian,
Acme,
Allard,
Amherst,
Asüna,
Barrie,
Bell,
Bourassa,
Bricklin,
Brintnell,
Brock,
Brockville,
Brooks,
Canadian,
Canadian Motor,
Case,
Chatham,
Colonial,
Comet,
Conquest Vehicle Incorporated,
Crow,
Danduran & Jennings,
Davis,
Detroit-Chatham,
Diamond Arrow,
Fisher,
Forster,
Frontenac,
Galt,
Gareau,
Gray-Dort,
Guy,
Harding,
Lethbridge,
Locus,
London Six,
Manic GT,
Marathon,
McKay,
McLaughlin,
McLaughlin Buick,
Menard,
Meteor,
Monarch,
Moose Jaw Standard,
National,
Oxford,
Palm,
Peck,
Plethore,
Publix,
Roberts Six,
Royal Six,
Russell,
Russell-Knight,
Sager,
Sellew-Royce,
Still,
,
Cimex,
Dina,
FANASA (missing between the 60s and 70s),
Mastretta,
VAM,
Autobuses King,
Grupo Electrico Motorizado,
Chrysler,
Chalmers-Detroit/Chalmers,
DeSot,
Dodge,
Eagle,
Imperial,
Jeep,
Maxwell,
Plymouth,
Ram,
Valiant,
Ford,
Continental,
Edsel,
Lincoln,
Mercury,
General Motors,
Buick,
Marquette,
Cadillac,
LaSalle,
Cartercar,
Chevrolet,
Geo,
Elmore,
Ewing,
GMC,
Hummer,
Oakland,
Pontiac,
Oldsmobile,
Viking,
Rainier,
Saturn,
Scripps Booth,
Sheridan,
Welch,
Welch-Detroit,
AC Propulsion,
Advanced Automotive Technologies,
Anteros,
Avanti,
Berrien Buggy,
Devon,
Dragon,
Electro,
E-Z-Go,
Formula1 Street,
Fisker,
Ida,
Mosler,
Next Autoworks,
Oka,
Panoz,
Polaris Industries,
RDC,
Shelby American,
SSC,
Studebaker,
Tesla,
Vector,
Zimmer,
Alpha Sports,
Amuza,
Ascort,
Australian Kit Car,
Australian Six,
Australis,
Birchfield,
Blade Electric Vehicles,
Bolwell,
Bomac,
Buchanan,
Buckle,
Bullet,
Bushranger,
Caldwell Vale,
Canstel,
Carbontech,
Cheetah Racing Cars,
Chrysler,
Classic Glass,
Classic Revival,
Cobra Craft,
Daktari,
Daytona,
Deuce Customs,
Devaux,
DRB,
E-Vade,
Elfin,
Evans,
Finch,
Ford,
G-Force,
Giocattolo,
Goggomobil,
Goy,
Hartnett,
Holden,
Homebush,
Ilinga,
Joss,
Kaditcha,
Kraftwerkz,
Leyland,
Lightburn,
Lloyd-Hartnett,
Mitsubishi,
Nasenbaer,
Nota,
Pellandini Cars,
Pionee,
Piper,
PRB,
Purvis Eureka,
Python,
RCM,
RMC,
Roaring Forties,
Robnell,
Sharpbuilt,
Shrike,
Skelta,
Southern Cross,
Statesman,
White Pointer,
Ace Classic,
Almac,
Beattie,
Blenheim,
Chevron,
De Joux,
Dennison,
Fraser,
Heron,
Hulme,
Leitch,
Marlborough,
McRae,
Microbond,
Redline,
Saker,
Trekka,
Adelmo,
AJR,
Alcre,
Anasagasti,
Andino,
Anadón,
ASA,
Autoar,
Bambi,
Biscayne,
Castano,
Corvill,
Crespi,
de Carlo,
Dinarg,
Dinfia,
Di Tella,
DURA,
Eniak,
FAAS,
F.A.Y.R.,
Feresa,
Gilda,
Graciela,
Grosspal,
Helguero,
Hispano-Argentina,
Industrias Aeronáuticas y Mecánicas del Estado,
IES,
Industrias Kaiser Argentina,
Jefe,
Justicialista,
JVA,
Koller,
Luján Hnos,
Oliva,
Norma Sport,
RG Sport,
RYCSA,
Strega,
Teram,
Winograd,
Zunder,
Abais,
Adamo GT,
Agrale,
Aldee,
Almenara Buggy,
Aurora 122-C,
Americar,
Amoritz GT,
Avallone,
Baby Buggy,
Bianco,
Brasinca,
BRM Buggy,
Bugre,
Bugway,
Caribe,
CBT,
Centaurus,
Chamonix,
Cobracar,
Cross Lander,
Dacon,
Dardo,
Democrata,
Edra,
EMIS,
Emme,
Engesa,
Envemo,
Equus Thundix,
Fabral,
Farus,
Fibravan,
FNM,
Fúria,
Glaspac,
Grancar,
Gurgel,
Hofstetter turbo,
JPX,
Kadron,
Karmann Ghia,
Kremer,
Lassale,
Lobini,
Lorena GT,
Madom,
Malzoni,
Matra,
Mirage GT,
Miura,
MP Lafer,
NBM-Nasser Brazil Motores,
PAG,
Pretty,
Puma,
Romi,
Rossin,
San Vito,
Short GT,
Santa Matilde,
SS Fiberglass,
TAC ,
Tanger,
Troller,
Uirapuru,
Villa GT,
Willys Interlagos,
W.W. Trevis,
Dellepiane,
El Terruno,
Grumett,
Guitolar,
Hita,
Indio,
Industrias WARV,
Lima ,
Mauser,
Metalurgica Laguarda ,
Nordex,
Regusci,
Suntrike,
Super,
Taller Danree y Silveira
)
