@organizationCommon=(
01net,
Abate,
Accuread,
Acetco,
Acieroïd,
Acoter,
Acsa,
Acteos,
ACUACAR,
Adasa,
Adeslas,
Adhesa,
Admira,
Adriaplin,
Aeroejecutivo,
AETEC,
Affirm,
Agefred,
Agrer,
Aguaytia,
AIDA,
Aiful,
Ailsa,
Alapage,
Alcontrol,
Algynvest,
alibaba.com,
ALM,
Altadis,
Alterra,
Altria,
AMATA-EGCO,
Amcor,
Amerco,
America-Anglian,
Americel,
A.M.G.A,
Amkor,
AMMB,
Amorim,
AmPac,
Amtrak,
ANA,
Anaversa,
Anaya,
ANCE,
Andersen,
Andros,
ANG,
Antargaz,
Antelco,
Antfactory,
Antica,
Antillen,
Antinori,
AP,
APCOA,
APC,
Apothecon,
Aquaclear,
Aquafin,
Aquagest,
Aqualande,
Aquasystems,
Aquatech,
Aquatics,
Aquila,
Aquinter,
Arabella,
Aramis,
Arcelor,
ARD,
Areva,
Argyll,
Arianespace,
Arkopharma,
Armoric,
Arnau,
Arnone,
Artemis,
Artlander,
ARTO,
Arvedi,
Asahi-Tokai,
ASA,
ASARCO,
Ascende,
Ascom,
Asics,
Asmabel,
Assicurazione,
Astra,
AstraZeneca,
Astrium,
AUP,
Ausol,
Avigenics,
Aviva,
Avtoframos,
Axa,
Azelis,
BAC,
BAESA,
Bahamas,
Banamex-Accival,
Bancolombia,
Bandeco,
BanMédica,
Bateman,
Batipart,
Batty,
Bayard,
Bayernwerk,
Baywa,
BBPP,
Beattock,
Becob,
Beghin-Say,
Beiersdorf,
Belgomilk,
Beltrangas,
Bermuda,
BertelsmannSpringer,
Bestfoods,
BFSA,
BHF-Bank,
Bicecorp,
BICGM,
Biffa,
Biogeneration,
Birla,
Bolloré,
BOL,
Bompreco,
Borsod,
Bosch-Siemens,
Bouquerod,
Boxman,
BPL,
Brasilit,
Brochier,
Brooklyn,
Bryggerigruppen,
Bubendorff,
Burelle,
Burns,
BWB,
Byucksan,
Calleva,
Cambrian,
Campiello,
Cantons,
Capex/Capsa,
Cardiz,
CARE,
Carlson,
Carl-Zeiss-Stiftung,
Castorama,
Catalana,
Caterskill,
Cativen,
Caugant,
Cautor,
CEEE,
Cegid,
Cejen-Anglian,
Celcure,
Celia,
Celtigel-Stephan-Celtarmor,
Cémoi-Cantalou,
Centerpulse,
Centuryan,
Cepad,
CEPA,
CEPYME,
Cereals,
CERJ,
César,
CESCO,
CET,
CFLCL,
CGC,
Chamatex,
Chapitre.com,
Chartwells,
Chaudfontaine-Monopole,
Chevillon-Candover,
Chillan-Collipuli,
Chinachem,
Chiriqui,
Choltex,
Ciemi,
Cigatam,
CISE,
Citipower,
Clearstream,
Clonaid,
CNG,
Cobee,
Codad,
CODENSA,
Coditel,
COELBA,
COELCE,
Cofira,
Colacem,
Colbun,
Collex,
Collinsville,
Coloplast,
Comerci,
Comex,
Compagnie,
Compart,
Conair,
Concert,
Confindustria,
Contigas,
ContiGroup,
ConvaTec,
Copamex,
Copec,
Corbatas,
CORELCA,
Cortiplast,
Cosipa,
Costanera,
Cotrans,
Cougnaud,
Count,
COVED,
Coviandes,
CPEE,
CPFG,
CPPE,
CRA,
Crea,
CRISIL,
CTE,
CTI-SCETA,
Cuerdas,
Cuiaba,
CWC,
Cyanamid,
Cyclergie,
Daher,
Daiei,
Daktronics,
Danone,
Danonesa,
DDGaz,
Deco,
Dedasz,
Degaz,
DEG,
Dekraphone,
Delalonde,
Deltec,
DEPEC,
Derichebourg,
Destec,
DEUDAN,
Deutsche,
Devanlay,
DGH,
DIA,
Dicogexa,
Didot-Bottin,
DiGaNEM,
Digaqro,
Digigram,
Digitel,
Distrihold,
Distrocuyo,
Dogas,
Dongwoo,
DRG,
Drimm,
DRML,
DRWCP,
Duchtone,
Duragas,
Dynamco,
Dyvell,
EASA,
Ebara,
Ebro-Azucarera,
Ecocat,
Eco-Clear,
Ecogen,
Ecol,
Ecomex,
Ecovert,
ECT,
Edasz,
EDEER,
EDELAP,
EDEN,
EDESE,
EDES,
EDESUR,
EDF-Slovelec,
Editio,
EDL,
EECL,
Eegsa,
EEP,
Egaz,
EGENOR,
EGL,
EGSA,
EISIS,
Ekibastuz,
ELECAR,
Electroandina,
Electropaulo,
Elektro,
Eletrobras,
Eletronet,
Elgin/Franklin,
Elmu,
Eltec,
Emalsa,
Emasz,
Embraco,
EMDERSA,
EMGESA,
Employés,
Endersa,
Energipe,
Energoinfo,
Ener-Link,
Enersur,
Eniacqua,
ENS,
Entec,
EOS,
EPG,
EPI,
EPPA,
EPSA,
ERG,
Ericsson,
ESCELSA,
Essal,
Essa,
Essex,
Estag,
Esval,
Esys,
Etevensa,
Ethiskill,
Ethyfarm,
Etisalat,
Euricom,
Eurodima,
EuroModa,
EuroPalaces,
Europlan,
Europol,
Europ@web,
EV3,
EVEN,
Evergreen,
EWE,
Exacompta-Clairefontaine,
Exceler,
Excelsior-Henderson,
Excelsior,
Excite@Home,
Exclusive,
Exelon,
Extand,
EZH,
Falkenberg,
FBS,
FCSM,
FEMSA,
FEP-Dumez,
Ferrosan,
Fertagus,
Filhet-Allard,
Finadco,
Fingrid,
Fininvest,
Finmeccanica,
FMN,
Focsa,
Fogaz,
Foselev,
Fospuca,
Fotocircuitos,
Franchini,
Frantour,
frères,
Galiltec,
Garafiri,
Gasag,
GasAtacama,
Gaseba,
GasLine,
Gasum,
Gazsnabtransit,
Gecina,
Gelsenwasser,
Gemafi,
Gemwel,
Generandes,
Generg,
Gener,
Genesis,
Genevar,
Gestagua,
Gestrikekraft,
Getesa,
GGA,
GIS,
Gitem,
Gladstone,
Globtel,
Glon,
GMSS,
Graninge,
Gruma,
GTEES,
Guestagua,
GVK,
Hafslund,
Haldex,
Hamard,
Hankyu,
Hanwa,
Haseko,
Havas,
HCDA,
Healtheon/WebMD,
Hermes,
Hestair,
HEW,
HHS,
Hidepito,
Highgold,
Hilasal,
Hillside,
Hipercor,
Hipp,
Hodel,
Holdings,
Hubco,
HULL,
Hutchinson,
HVB,
HWS,
HWV,
Hydro-Aerobics,
Hydrogeologie,
Hyotykapula,
IACM,
IASA,
IAW,
IBEC,
Iberica,
Iberpacific,
Ibersade,
Ibersis,
I.C.E,
ICIC,
Icopower,
ICRA,
IGM,
Imasco,
Imatra,
IMERYS,
Impresa,
INASSA,
Inchcape,
Inconnue,
Independence,
Innogenetics,
I.N.S.E.E.,
Interagua,
Interbank,
Interconnector,
Interfashion,
Intergen,
Intern,
Interros,
Intracom,
Intragaz,
INUSA,
InversionesTecser,
Investco,
Ipodec,
Iris,
ISAB,
ISC,
Iseco,
ISE,
Ishikawajima-Harima,
Ismes,
ISPA,
Italmobiliare,
Italsan,
Ithaca,
Ivoiris-SIM,
IVO,
Jaartsveld,
Jacquemard,
Jersey,
JGC,
JMM-OSI,
Kalon,
Kamei,
Kandenko,
KAOJSC,
Karcher,
Karlshamms,
Kawasho,
Keyence,
Kimi,
Kinetica,
Kingfisher,
Kogaz,
Kokudo,
Komatsu,
Koramic,
Kremlin,
Kruger,
Lactalis,
Lahmeyer,
Lansivoima,
Laquinsa,
Laubag,
LBD,
LdE,
Leigh,
Lejay-Lagoute,
Leventis,
LFK,
LG-EDS,
Libertad,
Ligier,
Lindotex,
Louisiane,
Lovatex,
Lufkin-Conroe,
Lusaqua,
LuxLife,
Lyréco,
MAELCA,
Main-Kraftwerke,
Makhteshim-Agan,
Makro,
Malakoff,
Mandarin,
Manliba,
Manweb,
MAPFRE,
MAP,
Marnier-Lapostolle,
MARSA,
Matsuzakaya,
Mauritel,
Maxxam,
MBDA,
MBNA,
McDowells,
McNeill,
Mécachrome,
Mediaco,
Media-Most,
Mediclean,
Mediguard,
Medisite,
Medway,
Megal,
Megasa,
Meiko,
Menatel,
Méphisto,
Merck-Medco,
Merida,
Messier-Bugatti,
Messier-Dowty,
Météor,
Metroagua,
Metrogas,
Metro-Goldwyn-Mayer,
Metrolink,
Metro-Oeste,
Metropolitana,
Meximed,
Mibrag,
MICDOS,
Microabrasivos,
Migros-Genossenschafts-Bund,
Mikwang,
Milco,
Miller-Rossmark,
MISP,
Mitsukoshi,
MMO2,
Mobalpa,
Mobilix,
MobilRom,
MobilCom,
Modis,
Monfort,
Montec,
Monty,
Mosenergo,
Mospartieplogaz,
MSG,
MSM,
Multicable,
Multilink,
Multipharma,
Mundivest,
Nagasakiya,
Nedcor,
NEES,
NEM,
Neptune,
NERSA,
NESA,
Neste,
Netra,
Newgaz,
Nexity,
Neyveli,
NFC,
Nichiei,
Nichirei,
Nicot,
Nigen,
Nokia,
NorFra,
Northedge,
Nostalgie,
Nostos,
Novandie,
Novis,
NPI,
NQF,
Nukem,
Nuon,
NURAS,
NVA,
NVGC,
Nynex,
Oberthur,
OCS,
Odebrecht,
Oewa,
Omaja,
Omat,
Omsa,
Ondagua,
Onduline,
Oneworld,
Orchestra-Kazibao,
Ortec,
OSBA,
Otelo,
Overseas,
Pacificorp,
Packard,
Pagastic,
Paiton,
Paksoy,
Palya,
Panduit,
Paranapanema,
Partena,
Pasona,
Pepkor,
PEPL,
Perfetti,
Petroplus,
PGC,
Pharma,
Pharos,
PIGAP,
Pinamucan,
Plurion,
Podravka,
Polaris,
Politub,
Pomagalski,
Portgas,
Powerbridge,
Powercor,
Powerfin,
Pozagas,
PPN,
Predica,
PreussenElektra,
Priceline.com,
Primagaz,
Primestar,
Prolex,
Promodes,
Pronergies,
Prosieben,
Provalor,
Public,
Puleva,
PUMC,
Purac,
PYCON,
Qualifar,
Quéguiner,
Quinenco,
Rallis,
Rawlings,
RBM,
REB,
Recon,
REM,
REN,
Renosol,
Resin,
Reva,
RGB,
Rheinbraun,
R.I.C.R.,
Rochling,
Roederer,
Rolab,
Rongshida-Maytag,
Rorer,
Rosneftegazstroy,
Rossa,
Rossmark,
Rulquin,
Rust,
RWB,
RWE-GdE,
SABESP,
SACER,
SADE,
SAEL,
Safege,
Sakata,
Samalayuca,
Samsic,
Sandinvest,
Sanepar,
Sanfatex,
Sanitra,
SantiAguas,
Sappi,
SARP,
Savia,
SCAC-DELMAS-VIELJEUX,
S.C.D.B.,
SCE,
Schkopau,
SdE,
Secil,
Sedco,
Sedma,
Sefimeg,
SEGBA,
Segema,
Segeo,
Seikyu,
SEITA,
Semgas,
SENECA,
Sengkang,
Sensortronica,
Serene,
Serval,
Servipharm,
Servipresse,
Servitec,
Seyitomer,
SFIR,
SFSI,
SGE,
SHEC,
Shelter,
Shochiku,
SIC,
Siemec,
Sigesa,
SIG,
Silicomp,
Singhania,
Siparbel,
Sistema,
Skandifond,
SMM,
Sneep,
SNF,
Sobel,
Socatel,
Socersa,
Sociétaires,
Socomec,
Socpresse,
Sodeci,
Sodetel,
Sodiaal,
Sodiber,
SODRAEP,
Sofraco,
Sofregaz,
Sogel,
Sogepa,
Sogesur,
Soleco,
Soleri,
Somerfield,
Sonatel,
Soneville,
Sonogi,
Soparfin,
Sophiane,
Sopiane,
Soprema,
SOPROLIF,
Soriana,
Sorimetal,
SOTEG,
Southcorp,
SPAC,
Spbvergaz,
Spencers,
Speroni,
SPPH-Vendôme,
Spray,
Startekor,
Stedim,
Steinglein,
Stereau,
STESA,
STES,
STL,
STMicroelectronics,
St.Maarten,
Stogaz,
Strada,
STREVA,
STT,
Sul,
Sulphacem,
Superonline,
Suttle,
Suzuken,
Swedbus,
Swiss,
SWQ,
Sydgas,
Sylis,
Synatom,
Tabacalera,
Tamaulipas,
TBP,
TDE,
Teamlog,
Techint,
Technip-Coflexip,
Techsur,
Tecnimont,
Tecsa,
Telasi,
Telerep,
TEMI,
TENP,
Tenthoret,
Termobarranquilla,
TERRAMIX,
Tesla,
Tetra-Pak,
TGM,
Thales,
Thermatech,
Thornton,
Thyssengas,
TIDCO,
Tidewater,
Tiete,
Tigaz,
Tilghman,
TIP,
TIT,
TKP,
TNP,
Tnuva,
Tofoulie,
T-Online,
Topenergo,
Toto,
TPJ,
Trader.com,
Trakya,
Transener,
Trueform,
Tubisud,
TunPipe,
Tunzini,
Turbogas,
Uch,
Umicore,
UNA,
UNICOPA,
Unidanmark,
Unifreight,
Unique,
Uniservice,
Uniwear,
UNY,
UPC,
UPDC,
UPSA,
Urbana,
Uruguaiana,
USACO,
USEG,
Usiminas,
Valbert,
Vale,
VEAG,
VEA,
VELCRO,
Veriflo,
Verkest,
VEW,
Vgroep,
Villatex,
Vilmorin-Clause,
Vindémia,
Vistakon,
Vista,
Visy,
Vitran,
VIVA,
Vivarte,
Voxtel,
Walt,
Wartsila,
Wegnez,
Westar/Kinetic,
Whitbread,
WIEH,
Wihura,
Wingas,
Wipro,
Wiromgaz,
WMD,
WMI,
Wundief,
WVV,
Wyeth-Ayerst,
Xeltron,
Yacylec,
MandrakeSoft,
SuSE,
Debian,
Turbolinux,
UnitedLinux,
ZDNet
)
