@arretsBus=(
VERDUN - HOCHE,
TROIS COMMUNES,
DOCTEUR ROUX,
CENTRE BUS DE VITRY,
MALASSIS,
PORTE DE CHOISY,
PORTE DE CHOISY,
VERDUN - CHATEAUDUN,
VERDUN - CHATEAUDUN,
CIMETIERE PARISIEN - PLACE DU GENERAL DE GAULLE,
CAROLINE AIGLE,
HANGAR N 6,
HANGAR N 6,
THIAIS PONT DE RUNGIS,
AEROPORT D'ORLY-TERMINAL SUD,
AEROPORT D'ORLY-TERMINAL SUD,
COEUR D'ORLY,
COEUR D'ORLY,
CAROLINE AIGLE,
ORLY PONT DE RUNGIS,
HOTEL DE VILLE DE VITRY,
HOTEL DE VILLE DE VITRY,
CAMILLE GROULT,
CAMILLE GROULT,
CHARLES INFROIT,
MUSEE MAC-VAL,
MUSEE MAC-VAL,
CONSTANT COQUELIN,
CONSTANT COQUELIN,
LES PLATRIERES,
CENTRE BUS DE VITRY,
LA BRIQUETERIE,
LA BRIQUETERIE,
CARNOT,
CARNOT,
CIMETIERE PARISIEN - PLACE DU GENERAL DE GAULLE,
HOTEL DE VILLE DE VITRY,
HOTEL DE VILLE DE VITRY,
CAMILLE GROULT,
CAMILLE GROULT,
LA CIVETTE,
CONSTANT COQUELIN,
CONSTANT COQUELIN,
CHARLES INFROIT,
MALASSIS,
LES PLATRIERES,
LA CIVETTE,
CHARLES INFROIT,
MUSEE MAC-VAL,
MUSEE MAC-VAL,
LAMARTINE,
ROBERT PEARY,
ROBERT PEARY,
ROBERT PEARY,
ROBERT PEARY,
JEAN MERMOZ,
CIMETIERE PARISIEN - PLACE DU GENERAL DE GAULLE,
JEAN MERMOZ,
JEAN MERMOZ,
CARNOT,
JEAN MERMOZ,
LES SAULES RER,
LES SAULES RER,
LES SAULES RER,
LES SAULES RER,
MARCEL CACHIN - VOIE DES SAULES,
MARCEL CACHIN - VOIE DES SAULES,
MARCEL CACHIN - VOIE DES SAULES,
MALASSIS,
LA CIVETTE,
LA CIVETTE,
CHARLES INFROIT,
CARNOT,
LA BRIQUETERIE,
LA BRIQUETERIE,
LAMARTINE,
CENTRE BUS DE VITRY,
MARCEL CACHIN - VOIE DES SAULES,
LAMARTINE,
LAMARTINE,
DOCTEUR ROUX,
CIMETIERE PAYSAGER,
VERDUN - HOCHE,
LES PLATRIERES,
PARC MELIES,
LES PLATRIERES,
PARC MELIES,
TROIS COMMUNES,
MAIRIE D'ORLY,
WALDECK ROUSSEAU,
WALDECK ROUSSEAU,
CITE JARDINS,
ROUGET DE LISLE,
CITE JARDINS,
ROUGET DE LISLE,
CIMETIERE PAYSAGER,
VERDUN - CHATEAUDUN,
VERDUN - CHATEAUDUN,
PORTE DE CHOISY,
PORTE DE CHOISY,
VERDUN - HOCHE,
ROUGET DE LISLE,
TROIS COMMUNES,
DOCTEUR ROUX,
CIMETIERE PARISIEN - PLACE DU GENERAL DE GAULLE,
PARMENTIER,
PARMENTIER,
FER A CHEVAL,
MAIRIE D'ORLY,
FER A CHEVAL,
CARNOT,
LA BRIQUETERIE,
CENTRE BUS DE VITRY,
MALASSIS,
LA CIVETTE,
CHARLES INFROIT,
MUSEE MAC-VAL,
HOTEL DE VILLE DE VITRY,
CONSTANT COQUELIN,
CAMILLE GROULT,
CENTRE BUS DE VITRY,
PARMENTIER,
WALDECK ROUSSEAU,
TROIS COMMUNES,
WALDECK ROUSSEAU,
MALASSIS,
ROUGET DE LISLE,
VERDUN - HOCHE,
ROUGET DE LISLE,
DOCTEUR ROUX,
VERDUN - HOCHE,
MAIRIE D'ORLY,
DOCTEUR ROUX,
MAIRIE D'ORLY,
TROIS COMMUNES,
FER A CHEVAL,
FER A CHEVAL,
PARMENTIER,
CIMETIERE PARISIEN - PLACE DU GENERAL DE GAULLE,
VERDUN - CHATEAUDUN,
PORTE DE CHOISY,
LES PLATRIERES
)
