@Cities=(
Aalborg,
Aberdeen,
Abidjan,
Abou Dabi,
Abuja,
Accra,
Achères,
Achgabat,
Adana,
Addis-Abeba,
Agen,
Ahmedabad,
Aix,
Aix-en-Provence,
Aix\ en\ Provence,
Aix-la-Chapelle,
Ajaccio,
Albacete,
Albanie,
Albi,
Albuquerque,
Alençon,
Alep,
Alès,
Alexandrie,
Alfortville,
Alger,
Algésiras,
Alicante,
Almería,
Alofi,
Amarillo,
Ambert,
Amiens,
Amman,
Amsterdam,
Anaheim,
Anchorage,
Ancône,
Andorre-la-Vieille,
Andrésy,
Angers,
Angoulême,
Ankara,
Annecy,
Annemasse,
Antananarivo,
Antibes,
Antony,
Anvers,
Aoste,
Apeldoorn,
Apia,
Arad,
Arcachon,
Arcueil,
Argenteuil,
Arhus,
Arkhangelsk,
Arles,
Arlington,
Arnhem-Nimègue,
Arpajon,
Arras,
Asmara,
Asnières,
Assise,
Astrakhan,
Asturies,
Asuncion,
Athènes,
Atlanta,
Aubervilliers,
Auch,
Augsbourg,
Aurillac,
Austerlitz,
Austin,
Autun,
Auxerre,
Avarua,
Aveiro,
Avignon,
Avranches,
Babrouïsk,
Babylone,
Bacău,
Bagdad,
Bagneux,
Bagnolet,
Bahia,
Baia Mare,
Bailly-Romainvilliers,
Bakersfield,
Bakou,
Bâle,
Balti,
Baltimore,
Bamako,
Bandar Seri Begawan,
Bangalore,
Bangkok,
Bangui,
Banja Luka,
Banjul,
Baranavitchy,
Barcelone,
Bari,
Barnaoul,
Basseterre,
Bastia,
Baton Rouge,
Baule,
Bayamón,
Bayonne,
Beaune,
Beauvais,
Bègles,
Beijing,
Belfast,
Belfort,
Belgorod,
Belgrade,
Bellegarde,
Belmopan,
Benghazi,
Bergame,
Bergen,
Bergerac,
Berkeley,
Berlin,
Berne,
Besançon,
Bethléem,
Beyrouth,
Béziers,
Bezons,
Białystok,
Bichkek,
Bielefeld,
Bielsko-Biała,
Bienne,
Bila Tserkva,
Bilbao,
Birmingham,
Bissau,
Bloemfontein,
Blois,
Bobigny,
Bogota,
Boise,
Bologne,
Bolzano,
Bombay,
Bondoufle,
Bondy,
Bordeaux,
Borisov,
Boston,
Botoșani,
Bouaké,
Bougainville,
Boulogne,
Boulogne-Billancourt,
Boulogne-sur-Mer,
Bourgas,
Bourg-en-Bresse,
Bourges,
Bourget,
Bournemouth,
Brabant,
Braga,
Brăila,
Brasilia,
Brașov,
Bratislava,
Brazzaville,
Breda-Tilburg,
Bregenz,
Brême,
Brescia,
Brest,
Briansk,
Bridgetown,
Brighton,
Brindisi,
Bristol,
Brive,
Brive-la-Gaillarde,
Brno,
Bruges,
Brunswick,
Bruxelles,
Bucarest,
Budapest,
Buenos Aires,
Buffalo,
Bujumbura,
Burgos,
Buzău,
Bydgoszcz-Toruń,
Byzance,
Cabourg,
Cachan,
Cadarache,
Cadix,
Caen,
Cagliari,
Cahors,
Caire,
Calais,
Calcutta,
Cambrai,
Cambridge,
Canberra,
Cannes,
Canton,
Capoue,
Caracas,
Carcassonne,
Cardiff,
Carpentras,
Carrare,
Carthage,
Casablanca,
Cassel,
Castellón de la Plana,
Castries,
Catane,
Cavaillon,
Cayenne,
Cergy,
České Budějovice,
Chalon-sur-Saône,
Chambéry,
Chamonix,
Champcueil,
Chang-hai,
Changhaï,
Chantilly,
Charleroi,
Charleville-Mézières,
Charm\ el-Cheikh,
Chartres,
Chartrettes,
Châteaurenard,
Chaville,
Chelles,
Chemnitz-Zwickau,
Chengdu,
Cherbourg,
Cherbourg-en-Cotentin,
Chesapeake,
Chevreuse,
Chicago,
Chinatown,
Chisinau,
Cholet,
Chongqing,
Chula Vista,
Cincinnati,
Cité du Vatican,
Clairefontaine,
Clamart,
Clamecy,
Clermont,
Clermont-Ferrand,
Cleveland,
Clichy,
Cluj-Napoca,
Cluny,
Coblence,
Coimbra,
Collégien,
Colmar,
Cologne,
Colombes,
Colorado Springs,
Columbus,
Côme,
Compiègne,
Conakry,
Confolens,
Constanza,
Constanța,
Constantinople,
Copenhague,
Corbeil-Essonnes,
Cordoue,
Corinthe,
Cork,
Corpus Christi,
Cotonou,
Coupvray,
Courbevoie,
Courcouronnes,
Courdimanche,
Courtrai,
Cracovie,
Craiova,
Creil,
Créteil,
Creusot,
Curaçao,
Częstochowa,
Dacca,
Dakar,
Dallas,
Damas,
Dax,
Dayton,
Deauville,
Debrecen,
Dehli,
Delap-Uliga-Darrit,
Delhi,
Denver,
Des Moines,
Détroit,
Dieppe,
Digoin,
Dijon,
Dili,
Djakarta,
Djeddah,
Djibouti,
Djoubanote,
Dnipro,
Dodoma,
Doha,
Domfront,
Donetsk,
Dongguan,
Douai,
Douchanbé,
Dourdan,
Douvres,
Drancy,
Draveil,
Dresde,
Dubaï,
Dublin,
Dunkerque,
Durham,
Édimbourg,
Egly,
Eindhoven,
Elancourt,
Elbasan,
El Paso,
Emerainville,
Epinal,
Eragny,
Erevan,
Eupen,
Evreux,
Évreux,
Evry,
Faro,
Fayetteville,
Foix,
Fontainebleau,
Fontana,
Fontenay,
Formose,
Fort-de-France,
Fort Wayne,
Fort Worth,
Fosses,
Franceville,
Francfort,
Francfort-sur-le-Main,
Franconville,
Freetown,
Fremont,
Fresnes,
Fresno,
Fribourg,
Fribourg-en-Brisgau,
Funafuti,
Gaborone,
Gafsa,
Gagny,
Galați,
Gand,
Garches,
Garland,
Garonor,
Gdańsk,
Gênes,
Genève,
Gennevilliers,
Gentilly,
Georgetown,
Gérone,
Gibraltar,
Gitega,
Glasgow,
Glendale,
Göteborg,
Goussainville,
Grand Rapids,
Granville,
Graz,
Greensboro,
Grenade,
Grenoble,
Grignon,
Grigny,
Groningue,
Guatemala,
Guérande,
Guérard,
Guyancourt,
Győr,
Hambourg,
Hanoi,
Hanoï,
Hanovre,
Harare,
Hasselt-Genk,
Hautefeuille,
Havre,
Haye,
Hébron,
Heidelberg,
Helsingborg,
Helsinki,
Henderson,
Héraklion,
Hialeah,
Hô Chi Minh-Ville,
Hollywood,
Homiel,
Honfleur,
Honiara,
Honolulu,
Horlivka,
Houston,
Hradec Králové,
Hrodna,
Huelva,
Huntington Beach,
Hyderabad,
Iakoutsk,
Iaroslavl,
Iași,
Iekaterinbourg,
Iéna,
Ijevsk,
Indianapolis,
Innsbruck,
Ioannina,
Irkoutsk,
Irvine,
Irving,
Islamabad,
Issy,
Istanbul,
Ivano-Frankivsk,
Ivanovo,
Jacksonville,
Jakarta,
Jalalabad,
Jarnac,
Jersey City,
Jérusalem,
Jérusalem-Est,
Johannesburg,
Joinville,
Jönköping,
Jouy,
Juliers,
Jytomyr,
Jyväskylä,
Kaboul,
Kadïvka,
Kaliningrad,
Kamianske,
Kampala,
Kansas City,
Karachi,
Karlovy Vary,
Karlsruhe,
Kasserine,
Katmandou,
Katowice,
Kaunas,
Kazan,
Kecskemét,
Kemerovo,
Khabarovsk,
Kharkiv,
Khartoum,
Kherson,
Khmelnytsky,
Kiel,
Kielce,
Kiev,
Kigali,
Kikwit,
Kingston,
Kingstown,
Kinshasa,
Kirov,
Klaipėda,
Kolín,
Košice,
Kourou,
Koursk,
Kragujevac,
Kramatorsk,
Krasnodar,
Krasnoïarsk,
Krementchouk,
Kristiansand,
Kropyvnytsky,
Kryvy Rih,
Kuala Lumpur,
Kuopio,
Kyoto,
Kyōto,
La Canée,
La Corogne,
Lacq,
La Havane,
Lahore,
Lambaréné,
Lambesc,
Lamentin,
Landerneau,
Lannion,
La Nouvelle-Orléans,
Laon,
La Paz,
Laredo,
La Rochelle,
La Roche-sur-Yon,
La Spezia,
Las Vegas,
Lausanne,
Laval,
La Valette,
Le Caire,
Le Cap,
Leeds,
Le Havre,
Leicester,
Leipzig-Halle,
Leiria,
Le Mans,
Leningrad,
Lens,
León,
Leskovac,
Lexington,
Leyde,
Lhati,
Liberec,
Libourne,
Libreville,
Liège,
Lieusaint,
Lille,
Lilongwe,
Lima,
Limassol,
Limerick,
Limoges,
Linköping,
Linz,
Lipetsk,
Lisbonne,
Liverpool,
Livourne,
Livourne-Pise,
Livry-Gargan,
Ljubljana,
Łódź,
Lognes,
Lomé,
Londres,
Long Beach,
Longwy,
Lorient,
Lormont,
Los Angeles,
Los\ Angeles,
Louhansk,
Louisville,
Loutsk,
Louvain,
Louveciennes,
Luanda,
Lubbock,
Lublin,
Lucerne,
Lugano,
Lusaka,
Lusignan,
Lutèce,
Luxembourg,
Luzarches,
Lviv,
Lyon,
Maastricht,
Macao,
Macon,
Mâcon,
Madère,
Madrid,
Madura,
Magnitogorsk,
Mahiliow,
Makhatchkala,
Malabo,
Málaga,
Malakoff,
Malé,
Malines,
Malmö,
Managua,
Manama,
Manchester,
Manila,
Manille,
Mannheim,
Mans,
Mantes-la-jolie,
Mantoue,
Maputo,
Marcoussis,
Marioupol,
Marseille,
Mascate,
Maseru,
Massy,
Maubeuge,
Mayence,
Mazyr,
Mbabane,
Meaux,
Melekeok,
Melitopol,
Melun,
Memphis,
Mériel,
Mesa,
Messine,
Metz,
Meudon,
Mexico,
Meyargues,
Miami,
Middlesbrough,
Milan,
Millau,
Milwaukee,
Minneapolis,
Minsk,
Miskolc,
Modane,
Modène,
Modesto,
Mogadiscio,
Moissac,
Moissy-Cramayel,
Monaco,
Monrovia,
Mons,
Montauban,
Montbéliard,
Mont-de-Marsan,
Montdidier,
Monte-Carlo,
Montevideo,
Montevrain,
Montfermeil,
Montmagny,
Montpellier,
Montréal,
Montreuil,
Montrouge,
Moreno Valley,
Morlaix,
Moroni,
Mortefontaine,
Moscou,
Moulineaux,
Mourmansk,
Mulhouse,
Munich,
Munster,
Murcie,
Mycènes,
Mykolaïv,
Naberejnye Tchelny,
Nairobi,
Namur,
Nancy,
Nangarhar,
Nangis,
Nanjing,
Nanterre,
Nantes,
Nanteuil-le-haudouin,
Naples,
Naplouse,
Narbonne,
Nashville,
Nassau,
Naypyidaw,
N'Djamena,
N'Djaména,
Nemours,
Neuilly-en-thelle,
Nevers,
Newark,
Newcastle upon Tyne,
New Delhi,
Newport,
New York,
New-York,
New\ York,
Niamey,
Nice,
Nicosie,
Nijni Novgorod,
Nikopol,
Nimes,
Nîmes,
Niort,
Niš,
Nitra,
Nogent,
Noisiel,
Nontron,
Norfolk,
Norilsk,
Norrköping,
North Las Vegas,
Nottingham,
Nouakchott,
Nouméa,
Nour-Soultan,
Nouvelle-Orléans,
Novi Sad,
Novokouznetsk,
Novossibirsk,
Nuku'alofa,
Nuremberg,
Nyíregyháza,
Oakland,
Odense,
Odessa,
Oklahoma City,
Oléron,
Olomouc,
Olympie,
Omaha,
Omsk,
Opole,
Oradea,
Oran,
Örebro,
Orenbourg,
Øresund,
Orlando,
Orléans,
Orly,
Orsay,
Osaka,
Oslo,
Osny,
Ostende,
Ostrava,
Ottawa,
Ouagadougou,
Oufa,
Oulan-Bator,
Oulan-Oudé,
Oulianovsk,
Oulu,
Oxbridge,
Oxford,
Oxnard,
Padoue,
Palaiseau,
Palerme,
Palikir,
Palma,
Pampelune,
Panam,
Panama,
Pantin,
Papeete,
Paradise2,
Paramaribo,
Paris,
Parme,
Passy,
Patras,
Pau,
Pazardjik,
Pécs,
Pékin,
Penmarc'h,
Penza,
Pergame,
Périgueux,
Perm,
Pernambouc,
Péronne,
Perpignan,
Persée,
Philadelphie,
Phnom Penh,
Phoenix,
Piatigorsk,
Piatra Neamț,
Pierrelaye,
Pinsk,
Pise,
Pitești,
Pittsburgh,
Plano,
Pleven,
Plogoff,
Ploiești,
Plovdiv,
Plzeň,
Podgorica,
Poissy,
Poitiers,
Poltava,
Pompéi,
Pontarlier,
Pontoise,
Pori,
Pornic,
Port-au-Prince,
Port-d'Espagne,
Portimão,
Portland,
Port-Louis,
Port Moresby,
Porto,
Porto-Novo,
Porto-Rico,
Porto\ Torres,
PORTO\ TORRES,
Portsmouth,
Port-Vila,
Poznań,
Prague,
Praia,
Prešov,
Pretoria,
Pristina,
Prizren,
Puteaux,
Putrajaya,
Pyongyang,
Québec,
Quimper,
Quito,
Rabah,
Rabat,
Radom,
Raleigh,
Ramallah,
Rambouillet,
Râmnicu Vâlcea,
Randstad,
Rangoon,
Rangoun,
Ratisbonne,
Ravenne,
Récife,
Redon,
Reggio de Calabre,
Reggio d'Émilie,
Reims,
Rennes,
Reno,
Reykjavik,
Rheintal,
Rhin-Ruhr,
Riad,
Riazan,
Richmond,
Rieu-Sec,
Riga,
Rijeka,
Rimini,
Rio,
Rio de Janeiro,
Riverside,
Rivne,
Riyad,
Roanne,
Rochester,
Rocquencourt,
Roissy,
Romainville,
Rome,
Rostov-sur-le-Don,
Rotterdam,
Rotterdam-La Haye,
La Haye,
Rouen,
Roussé,
Royat,
Roye,
Rueil,
Rungis,
Ryad,
Rybnik,
Rzeszów,
Saclay,
Sacramento,
Saigon,
Saint-Brieuc,
Saint-Cloud,
Saint-Domingue,
Sainte-Menehould,
Saint-Étienne,
Saint-Gall,
Saint-Georges,
Saint-Jacques-de-Compostelle,
Saint John's,
Saint-Louis,
Saint-Malo,
Saint-Nazaire,
Saint-Nicolas,
Saint Paul,
Saint-Pétersbourg,
Saint-Quentin,
Saint-Raphaël,
Saint-Sébastien,
Salamanque,
Salon\ de \ Provence,
Salt Lake City,
Salzbourg,
Samara-Togliatti,
Sanaa,
San Antonio,
San Bernardino,
San Diego,
Sandouville,
San Francisco,
Sangatte,
San José,
San Juan,
San Salvador,
Santa Ana,
Santa Clarita,
Santander,
Santiago,
São Paulo,
São Tomé,
Sapporo,
Saragosse,
Sarajevo,
Saratov,
Sarlat,
Sarrebruck,
Sarreguemines,
Sartrouville,
Satu Mare,
Saumur,
Saverne,
Sceaux,
Scottsdale,
Seattle,
Sébastopol,
Seltz,
Sénart,
Senlis,
Sens,
Séoul,
Serris,
Sète,
Séville,
Sevran,
Sèvres,
Shanghai,
Sheffield,
Shenzhen,
Shkodra,
Šiauliai,
Sibiu,
Sienne,
Sievierodonetsk,
Singapour,
Sisteron,
Skopje,
Sofia,
Soissons,
Soleure,
Sotchi,
Soumy,
Sparte,
Spire,
Split,
Spokane,
Sri Jayawardenapura Kotte,
Stains,
Stanford,
Stara Zagora,
Stavanger,
Stavropol,
Sterlitamak,
Stockholm,
Stockton,
St. Petersburg,
Strasbourg,
Stuttgart,
Subotica,
Suceava,
Suresnes,
Survilliers,
Suva,
Swansea,
Sydney,
Szczecin,
Szeged,
Székesfehérvár,
Szombathely,
Tachkent,
Tacoma,
Talence,
Tallinn,
Tampa,
Tampere,
Tananarive,
Tarawa-Sud,
Tarbes,
Tarente,
Târgu Mureș,
Tarnów,
Tarragone,
Tartu,
Tbilissi,
Tcheboksary,
Tcheliabinsk,
Tcherkassy,
Tchernihiv,
Tchernivtsi,
Tchita,
Tegucigalpa,
Téhéran,
Tel-Aviv,
Ténériffe,
Ternopil,
Thann,
Thèbes,
Thessalonique,
Thiais,
Thimphou,
Thionville,
Tianjin,
Timișoara,
Tioumen,
Tirana,
Tiraspol,
Tizi Ouzou,
Tizi\ Ouzou,
Toamasina,
Tokyo,
Tōkyō,
Tokyo-Yokohama,
Tolède,
Toledo,
Tombouctou,
Tomsk,
Torcy,
Toronto,
Toula,
Toulon,
Toulouse,
Tourcoing,
Tournus,
Tours,
Trappes,
Trèves,
Trévise,
Trieste,
Tripoli,
Trnava,
Troie,
Trondheim,
Troyes,
Tucson,
Tulsa,
Tunis,
Turin,
Turku,
Turnhout,
Ulm,
Umeå,
Uppsala,
Uruzgan,
Ústí nad Labem,
Utrecht,
Vaduz,
Valence,
Valenciennes,
Valenton,
Valladolid,
Vancouver,
Vannes,
Vanves,
Varna,
Varsovie,
Västerås,
Vaujours,
Vaux,
Veliko Tarnovo,
Vélizy,
Vendôme,
Venise,
Verdun,
Vérone,
Versailles,
Vesoul,
Vicence,
Vichy,
Victoria,
Vienne,
Vientiane,
Vigo,
Villacoublais,
Villecresnes,
Villefranche-sur-Saône,
Villejuif,
Villemomble,
Villepinte,
Villepreux,
Villetaneuse,
Villeurbanne,
Vilnius,
Vincennes,
Vinnytsia,
Virginia Beach,
Viseu,
Vitoria-Gasteiz,
Vitrolles,
Vitry-le-François,
Vitsiebsk,
Vladivostok,
Vlora,
Volgograd,
Vólos,
Voronej,
Washington,
Washington D.C.,
Waterloo,
Wellington,
Wichita,
Windhoek,
Winston-Salem,
Winterthour,
Wissous,
Wrocław,
Wuhan,
Xi'an,
Yamoussoukro,
Yaoundé,
Yaren,
Yonkers,
Zagreb,
Zaporijia,
Žilina,
Zlín,
Zoug,
Zurich,
Zürich
)
