@Countries=(
Afghanistan,
Afghānistān,
Afrique du Sud,
Albanie,
Algérie,
Allemagne,
Andorre,
Angola,
Antigua et Barbuda,
Antigua-et-Barbuda,
Arabie saoudite,
Argentine,
Arménie,
Australie,
Autriche,
Azerbaïdjan,
Bahamas,
Bahreïn,
Bangladesh,
Barbade,
Belgique,
Belize,
Bhoutan,
Bhūtān,
Birmanie,
Biélorussie,
Bolivie,
Bosnie Herzégovine,
Bosnie et Herzégovine,
Bosnie-Herzégovine,
Bosnie-et-Herzégovine,
Botswana,
Brazzaville Congo,
Brunei,
Brunei Darussalam,
Brunéi Darussalam,
Brésil,
Bulgarie,
Burkina,
Burkina Faso,
Burundi,
Bélarus,
Bélize,
Bénin,
Cabo Verde,
Cambodge,
Cameroun,
Canada,
Cap Vert,
Cap-Vert,
Centrafrique,
Chili,
Chine,
Chypre,
Colombie,
Commonwealth d'Australie,
Commonwealth de Dominique,
Commonwealth de la Dominique,
Commonwealth des Bahamas,
Commonwealth of Australia,
Commonwealth of Dominica,
Comores,
Confédération argentine,
Confédération suisse,
Congo,
Congo Kinshasa,
Congo-Kinshasa,
Corée du Nord,
Corée du Sud,
Corée,
Costa Rica,
Croatie,
Cuba,
Côte d'Ivoire,
Danemark,
Djibouti,
Dominique,
Druk Yul,
Débat autour du nom de la Macédoine,
Egypte,
El Salvador,
Emirat islamique d'Afghanistan,
Emirats arabes unis,
Erythrée,
Espagne,
Estonie,
Eswatini,
Etat Palestine,
Etat d'Erythrée,
Etat d'Israël,
Etat de Brunei Darussalam,
Etat de Brunéi Darussalam,
Etat de Libye,
Etat de la Cité du Vatican,
Etat du Japon,
Etat du Koweït,
Etat du Qatar,
Etat indépendant de Papouasie - Nouvelle-Guinée,
Etat indépendant de Papouasie-Nouvelle-Guinée,
Etat indépendant des Samoa,
Etat indépendant du Samoa,
Etat libre d'Irlande,
Etat plurinational de Bolivie,
Etats fédérés de Micronésie,
Etats unis mexicains,
Etats-Unis,
Etats-Unis du Mexique,
Etats-Unis mexicains,
Ethiopie,
Fidji,
Finlande,
France,
Fédération de Malaisie,
Fédération de Russie,
Fédération de Saint Christophe et Niévès,
Fédération de Saint Kitts et Nevis,
Fédération de Saint-Christophe-et-Niévès,
Fédération de Saint-Kitts-et-Nevis,
Gabon,
Gambie,
Ghana,
Grande Bretagne,
Grande Jamahiriya arabe libyenne populaire et socialiste,
Grande-Bretagne,
Grenade,
Grèce,
Guatemala,
Guatémala,
Guinée,
Guinée Bissao,
Guinée Bissau,
Guinée équatoriale,
Guinée-Bissao,
Guinée-Bissau,
Guyana,
Géorgie,
Haïti,
Honduras,
Hongrie,
Iles Cook,
Iles Marshall,
Iles Salomon,
Inde,
Indonésie,
Irak,
Iran,
Iraq,
Irlande,
Islande,
Israël,
Italie,
Jamaïque,
Japon,
Jordanie,
Katar,
Kazakhstan,
Kazakstan,
Kenya,
Kinshasa Congo,
Kirghizie,
Kirghizistan,
Kirghizstan,
Kiribati,
Koweït,
Kuwait,
Laos,
Lesotho,
Lettonie,
Liban,
Liberia,
Libye,
Libéria,
Liechtenstein,
Lituanie,
Luxembourg,
Macédoine du Nord,
Madagascar,
Malaisie,
Malawi,
Maldives,
Mali,
Malte,
Maroc,
Maurice,
Mauritanie,
Mexique,
Micronésie,
Moldavie,
Moldova,
Monaco,
Mongolie,
Monténégro,
Mouammar Kadhafi,
Mozambique,
Myanmar,
Namibie,
Nation argentine,
Nauru,
Negara Brunei Darussalam,
Ngwane,
Nicaragua,
Niger,
Nigeria,
Nigéria,
Nioué,
Niue,
Norvège,
Nouvelle Zélande,
Nouvelle-Zélande,
Népal,
Oman,
Ouganda,
Ouzbékistan,
Pakistan,
Palaos,
Palestine,
Panama,
Panamá,
Papouasie - Nouvelle-Guinée,
Papouasie Nouvelle Guinée,
Papouasie-Nouvelle-Guinée,
Paraguay,
Pays Bas,
Pays-Bas,
Philippines,
Pologne,
Portugal,
Principauté d'Andorre,
Principauté de Liechtenstein,
Principauté de Monaco,
Principauté du Liechtenstein,
Provinces Unies du Río de la Plata,
Provinces-Unies du Río de la Plata,
Pérou,
Pākistān,
Qatar,
Roumanie,
Royaume Uni,
Royaume Uni de Grande Bretagne et d'Irlande du Nord,
Royaume d'Arabie saoudite,
Royaume d'Espagne,
Royaume de Bahreïn,
Royaume de Belgique,
Royaume de Danemark,
Royaume de Norvège,
Royaume de Suède,
Royaume de Thaïlande,
Royaume des Tonga,
Royaume du Bhoutan,
Royaume du Danemark,
Royaume du Lesotho,
Royaume du Maroc,
Royaume du Swaziland,
Royaume hachémite de Jordanie,
Royaume-Uni,
Royaume-Uni de Grande-Bretagne et d'Irlande du Nord,
Russie,
Rwanda,
République Unie de Tanzanie,
République algérienne démocratique et populaire,
République algérienne démocratique populaire,
République arabe d'Egypte,
République arabe d'Égypte,
République arabe syrienne,
République argentine,
République azerbaïdjanaise,
République bolivarienne du Venezuela,
République bolivarienne du Vénézuéla,
République centrafricaine,
République coopérative de Guyana,
République coopérative du Guyana,
République d'Afrique du Sud,
République d'Albanie,
République d'Angola,
République d'Arménie,
République d'Autriche,
République d'Azerbaïdjan,
République d'El Salvador,
République d'Equateur,
République d'Estonie,
République d'Haïti,
République d'Indonésie,
République d'Irak,
République d'Iraq,
République d'Islande,
République d'Ouganda,
République d'Ouzbékistan,
République d'Équateur,
République de Biélorussie,
République de Bulgarie,
République de Cabo Verde,
République de Chypre,
République de Colombie,
République de Croatie,
République de Cuba,
République de Côte d'Ivoire,
République de Djibouti,
République de Finlande,
République de Gambie,
République de Guinée,
République de Guinée Bissao,
République de Guinée Bissau,
République de Guinée équatoriale,
République de Guinée-Bissao,
République de Guinée-Bissau,
République de Géorgie,
République de Kiribati,
République de Lettonie,
République de Lituanie,
République de Macédoine du Nord,
République de Madagascar,
République de Malte,
République de Maurice,
République de Moldavie,
République de Moldova,
République de Namibie,
République de Nauru,
République de Nioué,
République de Pologne,
République de Saint Marin,
République de Saint-Marin,
République de Serbie,
République de Sierra Leone,
République de Singapour,
République de Slovénie,
République de Tadjikistan,
République de Trinité et Tobago,
République de Trinité-et-Tobago,
République de Turquie,
République de Vanuatu,
République de Zambie,
République de l'Equateur,
République de l'Inde,
République de l'Ouganda,
République de l'Union du Myanmar,
République de l'Équateur,
République des Fidji,
République des Iles Fidji,
République des Iles Marshall,
République des Kiribati,
République des Maldives,
République des Palaos,
République des Philippines,
République des Seychelles,
République des Îles Fidji,
République des Îles Marshall,
République des îles Marshall,
République dominicaine,
République du Botswana,
République du Burkina,
République du Burundi,
République du Bélarus,
République du Bénin,
République du Cameroun,
République du Cap Vert,
République du Cap-Vert,
République du Chili,
République du Congo,
République du Costa Rica,
République du Ghana,
République du Guatemala,
République du Guatémala,
République du Guyana,
République du Honduras,
République du Kazakhstan,
République du Kenya,
République du Liberia,
République du Libéria,
République du Malawi,
République du Mali,
République du Monténégro,
République du Mozambique,
République du Nicaragua,
République du Niger,
République du Panama,
République du Panamá,
République du Paraguay,
République du Pérou,
République du Rwanda,
République du Salvador,
République du Soudan,
République du Soudan du Sud,
République du Suriname,
République du Sénégal,
République du Tadjikistan,
République du Tchad,
République du Vanuatu,
République du Yémen,
République du Zimbabwe,
République du Zimbabwé,
République démocratique de Sao Tomé et Principe,
République démocratique de Sao Tomé-et-Principe,
République démocratique de São Tomé et Príncipe,
République démocratique du Congo,
République démocratique du Timor Leste,
République démocratique du Timor Oriental,
République démocratique du Timor oriental,
République démocratique du Timor-Leste,
République démocratique du Timor-Oriental,
République démocratique et populaire d'Algérie,
République démocratique fédérale d'Ethiopie,
République démocratique fédérale d'Éthiopie,
République démocratique fédérale du Népal,
République démocratique populaire lao,
République démocratique socialiste du Sri Lanka,
République française,
République fédérale d'Allemagne,
République fédérale de Somalie,
République fédérale du Nigeria,
République fédérale du Nigéria,
République fédérale démocratique d'Ethiopie,
République fédérale démocratique d'Éthiopie,
République fédérale démocratique du Népal,
République fédérative du Brésil,
République gabonaise,
République hellénique,
République islamique d'Iran,
République islamique de Mauritanie,
République islamique du Pakistan,
République italienne,
République kirghize,
République libanaise,
République orientale de l'Uruguay,
République populaire de Chine,
République populaire du Bangladesh,
République portugaise,
République rwandaise,
République slovaque,
République socialiste du Viet Nam,
République socialiste du Vietnam,
République socialiste du Viêt Nam,
République socialiste démocratique de Sri Lanka,
République somalie,
République tchèque,
République togolaise,
République turque,
République unie de Tanzanie,
République-Unie de Tanzanie,
Saint Christophe et Niévès,
Saint Christopher and Nevis,
Saint Kitts et Nevis,
Saint Marin,
Saint Siège,
Saint Vincent et les Grenadines,
Saint-Christophe-et-Niévès,
Saint-Kitts-et-Nevis,
Saint-Marin,
Saint-Siège,
Saint-Vincent-et-les Grenadines,
Saint-Vincent-et-les-Grenadines,
Sainte Lucie,
Sainte-Lucie,
Salomon,
Salvador,
Samoa,
Sao Tomé et Principe,
Sao Tomé-et-Principe,
Serbie,
Seychelles,
Sierra Leone,
Singapour,
Slovaquie,
Slovénie,
Somalie,
Soudan,
Soudan du Sud,
Sri Lanka,
Suisse,
Sultanat d'Oman,
Surinam,
Suriname,
Suède,
Swaziland,
Syrie,
São Tomé e Príncipe,
Sénégal,
Tadjikistan,
Tanzanie,
Tchad,
Tchéquie,
Tchécoslovaquie,
Thaïlande,
Timor Leste,
Timor Oriental,
Timor oriental,
Timor-Leste,
Timor-Oriental,
Togo,
Tonga,
Trinidad et Tobago,
Trinité et Tobago,
Trinité-et-Tobago,
Tunisie,
Turkménie,
Turkménistan,
Turquie,
Tuvalu,
U.K.,
U.R.S.S.,
U.S.,
U.S.A.,
USA,
Ukraine,
Union de Birmanie,
Union des Comores,
Uruguay,
Vanuatu,
Vatican,
Venezuela,
Viet Nam,
Vietnam,
Viêt Nam,
Viêtnam,
Vénézuéla,
Yémen,
Zambie,
Zimbabwe,
accord de Prespa,
archipel Marshall,
fédération des Emirats arabes unis,
fédération des Émirats arabes unis,
pays Chypre,
pays Comores,
pays Dominique,
pays Equateur,
pays Grenade,
pays Géorgie,
pays Irlande,
pays Maurice,
pays Micronésie,
pays Salomon,
pays Équateur,
principauté d'Andorre,
principauté de Monaco,
république d'Erythrée,
république d'Ethiopie,
république d'Érythrée,
république d'Éthiopie,
république de Bosnie Herzégovine,
république de Bosnie et Herzégovine,
république de Bosnie-Herzégovine,
république de Panamá,
république du Népal,
république du Turkménistan,
Égypte,
Émirat islamique d'Afghanistan,
Émirats arabes unis,
Équateur,
Érythrée,
État Palestine,
État d'Israël,
État d'Érythrée,
État de Brunei Darussalam,
État de Brunéi Darussalam,
État de Libye,
État de la Cité du Vatican,
État du Japon,
État du Koweït,
État du Qatar,
État indépendant de Papouasie - Nouvelle-Guinée,
État indépendant de Papouasie Nouvelle Guinée,
État indépendant de Papouasie-Nouvelle-Guinée,
État indépendant des Samoa,
État indépendant du Samoa,
État libre d'Irlande,
État plurinational de Bolivie,
États Unis,
États Unis du Mexique,
États Unis mexicains,
États fédérés de Micronésie,
États unis mexicains,
États-Unis,
États-Unis du Mexique,
États-Unis mexicains,
Éthiopie,
Îles Cook,
Îles Marshall,
Îles Salomon,
îles Fidji,
îles Fiji,
îles Maldives,
îles du Cap Vert,
îles du Cap-Vert
)

