@Countries=(
Antigua
Argentine,
Arizona,
Arkansas,
Australie,
Autriche,
Bangladesh,
Bengale,
Bénin,
Birmanie,
Bolivie,
Botswana,
Brésil,
Bulgarie,
Burkina-Faso,
Burundi,
Calédonie,
Californie,
Cambodge,
Cameroun,
Canada,
Centrafrique,
Chili,
Chine,
Chypre,
Colombie,
Colorado,
Comores,
Connecticut,
Corée,
Corée\ du\ Nord,
Corée\ du\ Sud,
Costa-Rica,
Crète,
Croatie,
Cuba,
Cythère,
Dahomey,
Danemark,
Egypte,
Equateur,
Espagne,
Estonie,
Etats-Unis,
États-Unis,
Ethiopie,
Fidji,
Finlande,
Floride,
France,
Gabon,
Gambie,
Gaule,
Géorgie,
Grèce,
Guatemala,
Guinée,
Gujarât,
Guyana,
Guyane,
Haïti,
Hawaï,
Hawaii,
Hollande,
Honduras,
Hongrie,
Illinois,
Inde,
Indochine,
Indonésie,
Iowa,
Irak,
Iran,
Iraq,
Irlande,
Islande,
Israël,
Italie,
Jamaïque,
Japon,
Java,
Jordanie,
Kentucky,
Kenya,
Kosovo,
Koweït,
Kurdistan,
Labrador,
Laos,
Lettonie,
Liban,
Liberia,
Libye,
Lithuanie,
Louisiane,
Luxembourg,
Madagascar,
Maine,
Malaisie,
Malaysia,
Mali,
Malte,
Manchourie,
Mandchourie,
Maroc,
Maryland,
Massachusetts,
Mauritanie,
Mexique,
Missouri,
Moldavie,
Moluques,
Mongolie,
Mozambique,
Namibie,
Nébraska,
Népal,
Nevada,
Nicaragua,
Niger,
Nigeria,
Norvège,
Nouveau-Mexique,
Nouvelle-Zélande,
Ohio,
Oklahoma,
Ontario,
Ouzbékistan,
Pakistan,
Panama,
Papouasie,
Paraguay,
Paris,
Pérou,
Philippines,
Pologne,
Portugal,
Qatar,
Québec,
Rhodésie,
Roumanie,
Royaume-Uni,
Ruanda,
Russie,
Rwanda,
Samoa,
Scandinavie,
Sénégal,
Slovaquie,
Slovénie,
Somalie,
Soudan,
Suède,
Suisse,
Surinam,
Suriname,
Syrie,
Taïwan,
Tanzanie,
Tchad,
Tchécoslovaquie,
Tennessee,
Texas,
Thaïlande,
Togo,
Trinidad
Trinidad,
Trinité,
Tuamotu,
Tunisie,
Turquie,
U.K.,
Ukraine,
U.R.S.S.,
Uruguay,
U.S.,
U.S.A.,
Vanuatu,
Vatican,
Venezuela,
Viêtnam,
Wallonie,
Yémen,
Yougoslavie,
Yucatan,
Zaïre,
Zambie,
Zélande,
Zimbabwe
)
