@Regions=(
Açores,
Afghanistan,
Afrique,
Ain,
Aisne,
Alabama,
Alaska,
Albanie,
Alberta,
Albion,
Algérie,
Allemagne,
Allier,
Alpes,
Alpes\ de\ Haute\ Provence,
Alpes-Maritimes,
Alsace,
Alsace-Lorraine,
Amazonie,
Amérique,
Andalousie,
Andes,
Andorre,
Angleterre,
Angola,
Anjou,
Antigua,
Antilles,
Appalaches,
Aquitaine,
Arabie,
Arctique,
Ardèche,
Ardennes,
Ariège,
Armorique,
Artois,
Asie,
Aube,
Aubrac,
Aude,
Auvergne,
Auxois,
Aveyron,
Bahamas,
Bahrein,
Bali,
Balkans,
Bas-Rhin,
Bastille,
Bavière,
Beauce,
Beaujolais,
Behring,
Belgique,
Benelux,
Béring,
Berry,
Bordelais,
Bornéo,
Bosnie,
Bouches-du-Rhône,
Bourgogne,
Brabant,
Brandebourg,
Bresse,
Bretagne,
Brie,
Brunswick,
Cabinda,
Calvados,
Camargue,
Canigou,
Cantal,
Caraïbes,
Carpates,
Casamance,
Castille,
Catalogne,
Caucase,
Cerdagne,
Cévennes,
Ceylan,
Champagne,
Charente,
Charente-maritime,
Charente-Maritime,
Cher,
Cisjordanie,
Cornouaille,
Corrèze,
Corse,
Côtes,
Côtes-du-Nord,
Creuse,
Dacie,
Dauphiné,
Deux-sèvres,
DOM-TOM,
Dordogne,
Doubs,
Drôme,
Durance,
Ecosse,
Essonne,
Etrurie,
Eure,
Eure-et-loir,
Europe,
Extrême-Orient,
Finistère,
Flandre,
Franche-Comté,
Galilée,
Galles,
Gard,
Garonne,
Gascogne,
Gaza,
Gers,
Gironde,
Goudjerate,
Grande-Bretagne,
Groenland,
Guadeloupe,
Hanse,
Haute-Garonne,
Haute-Loire,
Haute-Marne,
Haute-Normandie,
Hautes-Alpes,
Haute-Saône,
Haute-Savoie,
Hautes-Pyrénées,
Haute-Vienne,
Haute-Volta,
Haut-Rhin,
Hauts-de-Seine,
Hébrides,
Hérault,
Herzégovine,
Highlands,
Himalaya,
Hoggar,
Hong\ Kong,
Ile-de-France,
Île-de-France,
Ille-et-Vilaine,
Île-et-Vilaine,
Ile-et-Vilaine,
Indes,
Indre,
Indre-et-loire,
Isère,
Jura,
Landes,
Languedoc,
Laponie,
Limousin,
Loire,
Loire-atlantique,
Loire-Atlantique,
Loiret,
Loir-et-cher,
Lorraine,
Lot,
Lot-et-garonne,
Lozère,
Macédoine,
Machrek,
Maghreb,
Maine-et-loire,
Majorque,
Manche,
Marne,
Marquises,
Martinique,
Mayenne,
Mayotte,
Meurthe,
Meurthe-et-moselle,
Meuse,
Midlands,
Minorque,
Morbihan,
Morvan,
Moselle,
Moyen-Orient,
Nièvre,
Nivernais,
Nord,
Normandie,
Nouvelle-Calédonie,
Nouvelles-Hébrides,
Occident,
Océanie,
Oise,
Orénoque,
Orne,
Ossétie\ du\ Sud,
Ossétie\ du\ Nord,
Ossétie,
Ouganda,
Outre-Manche,
Outre-Rhin,
Palestine,
région de Paris,
Parnasse,
Pas-de-calais,
Pays de la Loire,
Pays-Bas,
Pays\ basque,
Pays\ basque\ espagnol,
Pays\ basque\ français,
Pays\ Basque,
Pays\ Basque\ Espagnol,
Pays\ Basque\ Français,
Pays\ Basque\ espagnol,
Pays\ Basque\ français,
Périgord,
Perse,
Picardie,
Piémont,
Poitou,
Polynésie,
Préalpes,
Proche-Orient,
Provence,
Prusse,
Puy-de-dôme,
Pyrénées,
Pyrénées-orientales,
Québec,
Queyras,
Réunion,
Rhénanie,
Rhénanie\ Westphalie,
Rhénanie-Westphalie,
Rhénanie \du Nord,
Rhodes,
Rhodésie,
Rhône,
Riviéra,
Roussillon,
Sahara,
Sahel,
Sainte-Hélène,
Saint-Marin,
Salvador,
Samarie,
Saône,
Saône-et-loire,
Sardaigne,
Sarthe,
Savoie,
Seine,
Seine-et-marne,
Seine-et-oise,
Seine-maritime,
Seine-saint-Denis,
Séné-gambie,
Serbie,
Seychelles,
Shaba,
Sinaï,
Singapour,
Sologne,
Somme,
Sumatra,
Tahiti,
Tarentaise,
Tarn,
Tarn-et-garonne,
Terre-Neuve,
Tibesti,
Tibet,
Toscane,
Touraine,
Trinidad
Ubaye,
Val-de-marne,
Vanoise,
Var,
Vaucluse,
Vendée,
Vercors,
Vienne,
Vosges,
Wurtemberg,
Yonne,
Yvelines,
Zoulouland,
Zululand
)
