@RegionsNaturellesDeFrance=(
Auvergne-Rhône-Alpes,
Auvergne,
Artense,
Pays d'Avèze,
Pays de la Sumène,
Aubrac,
Caldaguès,
Bocage bourbonnais,
Pays de Châtaigne,
Pays de Commentry,
Pays de Tronçais,
Brivadois,
Bassin de Brassac-les-mines,
Limagne de Brioude,
Langeadois,
Pays de Massiac,
Monts du Cantal,
Pays de Murat,
Pays de Riom,
Salersois,
Carladez,
Barrez,
Pays de Vic,
Cézallier,
Pays coupé alagnonais,
Hautes Couzes,
Châtaigneraie,
Cantal,
Bassin d'Aurillac,
Cantalès,
Bassin de Maurs,
Ségala lotois,
Veinazès,
Châtaigneraie bourbonnaise,
Combrailles,
Combraille auvergnate,
Combraille limousine,
Pays de Gouzon,
Pays de Crocq,
Monts Dore,
Grande Limagne,
Pays Brayaud,
Billomois,
Comté,
Lembronnais,
Limagne d'Issoire,
Riomois,
Pays de Volvic,
Varenne de Lezoux,
Limagne bourbonnaise,
Limagne d'Aigueperse,
Limagne de Gannat,
Limagne de Saint-Pourçain,
Vichyssois,
Livradois,
Ambertois,
Bas Livradois,
Haut Livradois,
Bois Noirs,
Plateau de la Chaise-Dieu,
Thiernois,
Mauriacois,
Margeride,
Gévaudan,
Pays de Saugues,
Montagne bourbonnaise,
Forterre,
Monts de la Madeleine,
Planèze,
Planèze de Cézens,
Planèze de Pierrefort,
Sanflorain,
Sologne bourbonnaise,
Basses Marches du Bourbonnais,
Pays de Digoin,
Pays de Gueugnon,
Pays de Fours,
Moulinois,
Velay,
Bassin du Puy,
Devès,
Emblavès,
Meygal,
Mézenc,
Yssingelais,
Velay deçà-les-bois,
Velay delà-les-bois,
Dauphiné,
Drôme,
Baronnies,
Diois,
Drôme provençale,
Tricastin,
Valdaine,
Valentinois,
Isère,
Chambaran,
Grésivaudan,
Belledonne,
Chartreuse,
Isle-Crémieu,
Oisans,
Matheysine,
Beaumont,
Valbonnais,
Terres froides,
Bièvre-Valloire,
Viennois,
Balmes viennoises,
Trièves,
Massif du Vercors,
Royans,
Lyonnais,
Vivarais,
Bas-Vivarais,
Beaujolais,
Boutières,
Bugey,
Côtière,
Bresse savoyarde,
Dombes,
Forez,
Haut-Vivarais,
Pilat,
Plaine de Lyon ou,
Pays du Velin,
Monts du Lyonnais,
Pays de Gex,
Revermont,
Roannais,
Pays de Charlieu,
Val de Saône,
Savoie,
Savoie,
Beaufortain,
Maurienne,
basse Maurienne,
moyenne Maurienne,
haute Maurienne,
Savoie Propre,
Avant-pays savoyard,
Petit-Bugey,
Bauges,
Beaufortain,
Chautagne,
Combe de Savoie,
Entremonts,
Tarentaise,
Haute-Savoie,
Chablais savoyard,
Pays de la Côte-en-Chablais,
Pays de Gavot,
Val d'Abondance,
Faucigny,
Pays du Mont-Blanc,
Vallée de l'Arve,
Vallée Verte,
Genevois,
Vallée des Usses,
Pays de Faverges,
Pays de Fillière,
Pays du Laudon,
Aravis,
Massif des Bornes,
Bourgogne-Franche-Comté,
Bourgogne,
Autunois,
Auxerrois,
Auxois,
Avallonnais,
Bourbonnais,
Bresse bourguignonne,
Brionnais,
Chalonnais,
Charolais,
Châtillonnais,
Dijonnais,
Mâconnais,
Clunisois,
Pays de Tournus,
Morvan,
Nivernais,
Bazois,
Pays d'Othe,
Jovinien,
Florentinois,
Puisaye,
Forterre,
Puisaye-Forterre,
Sénonais,
Tonnerrois,
Franche-Comté,
Pays de Belfort,
Bresse jurassienne,
Dolois,
Grandvaux,
Pays de Gray,
Chantinois,
Dampierrois,
Haut-Doubs,
Plateau de Maîche-Le Russey,
Pays de Morteau,
Haut-Jura,
Pays de Lure,
Pays de Montbéliard,
Pays des lacs,
Petite Montagne,
Revermont,
Pays de Vesoul,
Vignoble,
Vosges saônoises,
Bretagne,
Cornouaille,
Léon,
Pays de Dol,
Pays nantais,
Pays rennais,
Pays de Saint-Brieuc ou Goëlo-Penthièvre,
Pays de Saint-Malo,
Trégorrois,
Vannetais ou Broërec,
Traditions populaires,
Pays Bigouden,
Coglais,
Pays Fañch,
Pays Glazik,
Goëlo,
Kost ar c'hoad,
Pays du Mené,
Pays pagan,
Penthièvre,
Poher,
Porhoët,
Pays Pourlet,
Pays de Retz,
Centre-Val de Loire,
Berry,
Val de Loire,
Sologne,
Pays-Fort,
Sancerrois,
Champagne berrichonne,
Boischaut Nord,
Boischaut Sud,
Brenne,
Blancois,
Orléanais,
Beauce,
Pays d'Auneau,
Pays Chartrain,
Dunois,
Petite Beauce,
Pithiverais,
Vendômois,
Blaisois,
Boischaut Nord,
Boischaut Sud,
Champagne berrichonne,
Drouais,
Forêt d'Orléans,
Gâtinais,
Giennois,
Pays-Fort,
Sancerrois,
Val de Loire sancerrois,
Perche,
Perche Vendomois,
Perche Eurélien,
Sologne,
Grande Sologne,
Sologne viticole,
Petite Sologne,
Sologne sèche,
Sologne berrichonne,
Thymerais,
Val de Germigny,
Val de Loire orléanais,
Touraine,
Gâtine tourangelle,
Savignéen,
Vaux du Loir,
Gâtine de Loches,
Plateau de Sainte-Maure,
Richelais,
Val de Loire tourangeau,
Pays d'Amboise,
Pays de Bourgueil,
Champeigne tourangelle,
Chinonais,
Pays de Langeais,
Basse vallée du Cher,
Varennes ligériennes,
Véron,
Corse,
Alta Rocca,
Bagnaja,
Balagne,
Cap Corse,
Castagniccia,
Cortenais,
Fiumorbo,
Freto,
Nebbio,
Niolo,
Rogna,
Sartenais,
Sevi,
Sorro,
Grand Est,
Alsace,
Alsace Bossue,
Forêt de Haguenau,
Ried,
Petit Ried,
Grand Ried,
Hardt,
Hautes-Vosges,
Jura alsacien,
Kochersberg,
Ochsenfeld,
Outre-Forêt,
Pays de Hanau,
Sundgau,
Vosges centrales,
Vosges du Nord,
Champagne-Ardenne,
Apance-Amance,
Ardenne,
Crêtes préardennaises,
Argonne,
Barrois,
Bassigny,
Brie Champenoise,
Champagne crayeuse,
Champagne Pouilleuse,
Champagne humide,
Chaumontais,
Côte des Bar,
Langrois,
Montagne de Reims,
Nogentais,
Pays d'Othe,
Perthois,
Pays du Der,
Porcien,
Vallage,
Lorraine,
Barrois,
Pays de Bitche,
Côtes de Meuse,
Côtes de Moselle,
Pays de la Déodatie,
Hautes-Vosges,
Lunévillois,
Pays de Nancy,
Pays de Neufchâteau,
Ornois,
Pays de Pont-à-Mousson,
Haye,
Pays de Sarrebourg,
Pays de la Nied,
Pays des étangs,
le Pays messin,
le Pays-Haut,
Pays de Montmédy,
Plaine sous-vosgienne,
Saintois,
Xaintois,
Saulnois,
Thionvillois,
Sierckois,
Toulois,
Val de Meuse,
Verdunois,
Vermois,
Vôge,
Vosges Centrales,
Vosges du Nord,
Warndt,
Woëvre,
Hauts-de-France,
Flandre,
Artois,
Hainaut,
Audomarois,
Calaisis,
Ardrésis,
Flandre française,
Blootland,
Plaine maritime flamande,
Houtland,
Plaine de la Lys,
Weppes,
Carembault,
Ferrain,
Barœul,
Mélantois,
Pévèle,
Plaine de la Scarpe,
Cambrésis,
Douaisis,
Ostrevent,
Vallée de la Haine,
Valenciennois,
Artois,
Arrageois,
Bethunois,
Gohelle,
Hesdinois,
Plateau de Fruges,
Ternois,
Avesnois,
Bavaisis,
Fagne,
Hainaut Wallon,
Mormal,
Val de Sambre,
Boulonnais,
Pays de Desvres,
Pays de Licques,
Pays de Marquise,
Montreuillois,
Marquenterre,
Thiérache,
Picardie,
Amiénois,
Beauvaisis,
Clermontois,
Compiégnois,
Laonnois,
Marquenterre,
Baie de Somme,
Baie d'Authie,
Une partie du Multien,
Noyonnais,
Orxois,
Pays de Bray picard,
Ponthieu,
Saint-Quentinois,
Santerre,
Senlisis,
Soissonnais,
Tardenois,
Thelle,
Thiérache,
Valois,
Vexin,
Vexin français,
Vermandois,
Vimeu,
Île-de-France,
Pays d'Aulnoye,
Beauce,
Stampien,
Brie,
Haute-Brie,
Basse-Brie,
Brie française,
Brie champenoise,
Brie pouilleuse,
Bassée,
Brie boisée,
Brie centrale,
Brie champenoise,
Brie d'Esternay,
Brie des étangs,
Brie française,
Brie humide,
Brie laitière,
Brie val-de-marnaise,
Montois,
Drouais,
Pays de France,
Parisis,
Gâtinais,
Bocage gâtinais,
Gâtinais français,
Pays de Bière,
Goële,
Hurepoix,
Pays de Chastres,
Pays de Josa,
Mantois,
Multien,
Orxois,
Vallée de Montmorency,
Valois,
Vexin français,
Yveline,
Normandie,
Avranchin,
Bessin,
Bocage virois,
Campagne d'Alençon,
Campagne d'Argentan,
Campagne de Caen,
Campagne de Falaise,
Campagne du Neubourg,
Campagne de Saint-André,
Campagne d'Évreux,
Perch,
Perche Ornais,
Cotentin,
Plain,
Val de Saire,
La Hague,
Côte des Isles,
Marais de Carentan,
Domfrontais,
Hiémois,
Lieuvin,
Mortainais,
Pays d'Auge,
Pays de Bray normand,
Pays de Caux,
Pays d'Houlme,
Pays d'Ouche,
Roumois et Marais Vernier,
Suisse normande,
Vexin normand,
Nouvelle-Aquitaine,
Les Charentes,
Charente,
Angoumois,
Charente limousine,
Cognaçais,
Montmorélien,
Pays d'Horte et Tardoire,
Petit Angoumois,
Ruffécois,
Charente-Maritime,
Aunis,
Île de Ré,
Haute Saintonge,
Royannais,
Rochefortais,
Marennes-Oléron,
Saintonge romane,
Basse Saintonge,
Pays de Gascogne,
Gironde,
Bazadais,
Blayais et Bourgeais,
Entre-deux-Mers,
Graves,
Haute-Lande-Girondine,
Libournais,
Médoc,
Pays de Buch,
Landes,
Aguais,
Airais,
Albret,
Armagnac,
Chalosse,
Gabardan,
Gosse,
Grande Lande,
Maremne,
Marensin,
Pays d'Orthe,
Pays de Born,
Pays de Marsan,
Petites Landes,
Pays de Marsan,
Pays de Tartas,
Seignanx,
Tursan,
Lot-et-Garonne,
Brulhois,
Haut-Agenais,
Marmandais,
Pays de Serres,
Val d'Agenais,
Pyrénées-Atlantiques,
Béarn,
Pays basque,
Basse-Navarre,
Labourd,
Soule,
Limousin,
Corrèze,
Bassin de Brive,
Dordogne Limousine,
Pays de Ventadour,
Gorges de la Dordogne,
Pays de Meymac,
Montagne limousine,
Monédières,
Plateau de Millevaches,
Pays d'Eymoutiers,
Pays de Saint-Léonard,
Pays de Tulle,
Pays d'Ussel,
Pays d'Uzerche,
Pays de l'Auvézère,
Xaintrie,
Creuse,
Basse Marche,
Combraille Limousine,
Haute Marche,
Boussacois,
Dunois,
Pays de Bourganeuf,
Pays de La Souterraine,
Haute-Vienne,
Pays de la Vienne,
Monts de Châlus,
Monts d'Ambazac,
Pays des Feuillardiers,
Monts de Blond,
Périgord,
Dordogne,
Bergeracois,
Pays de Vélines,
Landais,
Nontronnais,
Périgord central,
Périgord noir,
Ribéracois,
Poitou,
Vienne,
Châtelleraudais,
Chauvinois,
Civraisien,
Loudunais,
Mirebalais,
Montmorillonnais,
Pays de Lusignan et de Vouillé,
Poitevin,
Deux-Sèvres,
Bocage bressuirais,
Gâtine,
Mellois,
Niortais,
Thouarsais,
Occitanie,
Bassin aquitain,
Pyrénées,
Ariège,
Aganaguès,
Couserans,
Donezan,
Pays de Foix,
Pays d'Olmes,
Pédaguès,
Plaine d'Ariège,
Sabarthès,
Vicdessos,
Volvestre,
Gers,
Airais,
Armagnac,
Astarac,
Bas-Armagnac,
Comminges,
Condomois,
Eauzan,
Fezensaguet,
Gabardan,
Gimoès,
Gimontois,
Lomagne,
Pays d'Auch,
Pays de Gaure,
Rivière-Basse,
Rivière-Verdun,
Savès,
Vic-Bilh,
Haute-Garonne,
Comminges,
Frontonnais,
Lauragais,
Nébouzan,
Pays toulousain,
Rivière-Verdun,
Savès,
Volvestre,
Hautes-Pyrénées,
Arrensou,
Arroustang,
Baronnies des Pyrénées,
Barousse,
Bigorre,
Comminges,
Haut-Adour,
Lavedan,
Luchonnais,
Magnoac,
Nébouzan,
Neurest,
Pays Toy,
Rivière-Basse,
Rivière-Verdun,
Vallée d'Aure,
Vic-Bilh,
Tarn,
Albigeois,
Castrais,
Gaillacois,
Grésigne,
Grands Causses,
Larzac,
Lacaunais,
Montredonnais,
Montagne noire,
Sidobre,
Tarn-et-Garonne,
Lomagne,
Montalbanais,
Côte d'Améthyste,
Aude,
Cabardès,
Carcassès,
Corbières,
Lauragais,
Minervois,
Narbonnais,
Pays de Sault,
Pays du Razès,
Piège,
Quercorb,
Razès,
Gard,
Costières,
Garrigues,
Petite Camargue,
Hérault,
Biterrois,
Espinouse,
Montagne noire,
Lodévois,
Montpelliérais,
Pays de Thau,
Pyrénées-Orientales,
Aspres,
Capcir,
Cerdagne,
Conflent,
haut Conflent,
bas Conflent,
Garrotxes,
Fenouillèdes,
Roussillon,
Ribéral,
la Salanque,
la côte Vermeille,
les Albères,
Vallespir,
haut Vallespir,
bas Vallespir,
Massif central,
Aveyron,
Aubrac,
Bassin de Decazeville-Aubin,
Pays de Montbazens,
Carladez,
Grands Causses,
Causse Comtal,
Causse de Sévérac,
Causse de Sauveterre,
Causse Noir,
Causse Rouge,
Larzac,
Lévézou,
Lagast,
Pays ruthénois,
Saint-Affricain,
Ségala,
Terrefort,
Vallon de Marcillac,
Viadène,
Lot,
Causses du Quercy,
Bouriane,
Limargue,
Quercy Blanc,
Ségala lotois,
Terrefort rouergat,
Lozère,
Aubrac,
Cévennes,
Grands Causses,
Causse Méjean,
Causse Noir,
Causse de Sauveterre,
Margeride,
Pays de la Loire,
Maine,
Anjou,
Bretagne,
Poitou,
Perche,
Orléanais,
Aunis,
Loire-Atlantique,
Marais breton,
Pays de la Vilaine,
Pays nantais,
Pays d'Ancenis,
Pays de Guérande,
Pays de la Mée,
Mitau,
Pays de Nantes,
Pays de Redon,
Pays de Retz,
Pays du Vignoble nantais,
Maine-et-Loire,
Baugeois,
Haut-Anjou,
Mauges,
Saumurois,
Segréen,
Val d'Anjou,
Val de Loire angevin,
Mayenne,
Alpes mancelles,
Bocage mayennais,
Craonnais,
Mayenne angevine,
Pays de Laval,
Pays de Château-Gontier,
Sarthe,
Alpes mancelles,
Maine angevin,
Pays manceau,
Pays de Sablé,
Perche,
Perche Sarthois,
Plateau calaisien,
Saosnois,
Vendée,
Bocage vendéen,
Pays de Brem,
Haut-Bocage,
Île d'Yeu,
Île de Noirmoutier,
Marais breton,
Marais poitevin,
Pays des Olonnes,
Plaine vendéenne,
Talmondais,
Provence-Alpes-Côte d'Azur,
Dauphiné,
Hautes-Alpes,
Briançonnais,
Champsaur,
Dévoluy,
Embrunais,
Gapençais,
Pays du Buëch,
Queyras,
Valgaudemar,
Provence,
Alpes-de-Haute-Provence,
Pays de Forcalquier,
Pays de Manosque,
Pays du Verdon,
Plateau de Valensole,
Préalpes de Digne,
Haut Verdon,
Sisteronais,
Vallée de l'Ubaye,
Alpes-Maritimes,
Haute Vallée du Var,
Pays de Grasse,
Pays de la Vésubie,
Pays niçois,
Pays vençois,
Vençois,
Pays d'Antibes,
Pays de Cannes,
Vallée de la Roya,
Vallée de la Tinée,
Bouches-du-Rhône,
Camargue,
Crau,
Marseillais,
Étang de Berre,
Pays d'Aix,
Pays d'Arles,
Var,
Brignolais,
Centre Var,
Haut Var,
Sainte-Baume,
Dracénois,
Esterel,
Massif des Maures,
Pays de Fayence,
Toulonnais,
Vaucluse,
Comtat Venaissin,
Pays d'Aigues,
Pays d'Apt,
Pays de Sault,
Outre-mer,
Antilles françaises,
Guadeloupe,
Grande-Terre,
Basse-Terre,
Martinique,
Îles des Saintes,
Saint-Barthélemy,
Saint-Martin,
Guyane,
Plateau des Guyanes,
Terres basses,
Polynésie française,
Archipel de la Société,
Îles du Vent,
Îles Sous-le-Vent,
Archipel des Tuamotu,
Archipel des Gambier,
Archipel des Australes,
Îles Marquises
)