@RegionsAndCountries=(
Açores,
Afghanistan,
Afrique,
Ain,
Aisne,
Alabama,
Alaska,
Albanie,
Alberta,
Albion,
Algérie,
Allemagne,
Allier,
Alpes,
Alpes-Maritimes,
Alsace,
Alsace-Lorraine,
Amazonie,
Amérique,
Andalousie,
Andes,
Andorre,
Angleterre,
Angola,
Anjou,
Antigua,
Antilles,
Appalaches,
Aquitaine,
Arabie,
Arctique,
Ardèche,
Ardennes,
Argentine,
Ariège,
Arizona,
Arkansas,
Armorique,
Artois,
Asie,
Aube,
Aubrac,
Aude,
Australie,
Autriche,
Auvergne,
Auxois,
Aveyron,
Bahamas,
Bahrein,
Bali,
Balkans,
Bangladesh,
Bas-Rhin,
Bastille,
Bavière,
Beauce,
Beaujolais,
Behring,
Belgique,
Benelux,
Bengale,
Bénin,
Béring,
Berry,
Birmanie,
Bolivie,
Bordelais,
Bornéo,
Bosnie,
Botswana,
Bouches-du-Rhône,
Bourgogne,
Brabant,
Brandebourg,
Brésil,
Bresse,
Bretagne,
Brie,
Brunswick,
Bulgarie,
Burkina-Faso,
Burundi,
Cabinda,
Calédonie,
Californie,
Calvados,
Camargue,
Cambodge,
Cameroun,
Canada,
Canigou,
Cantal,
Caraïbes,
Carpates,
Casamance,
Castille,
Catalogne,
Caucase,
Centrafrique,
Cerdagne,
Cévennes,
Ceylan,
Champagne,
Charente,
Charente-maritime,
Cher,
Chili,
Chine,
Chypre,
Cisjordanie,
Colombie,
Colorado,
Comores,
Connecticut,
Corée,
Corée\ du\ Nord,
Corée\ du\ Sud,
Cornouaille,
Corrèze,
Corse,
Costa-Rica,
Côtes,
Côtes-du-Nord,
Crète,
Creuse,
Croatie,
Cuba,
Cythère,
Dacie,
Dahomey,
Danemark,
Dauphiné,
Deux-sèvres,
DOM-TOM,
Dordogne,
Doubs,
Drôme,
Durance,
Ecosse,
Egypte,
Equateur,
Espagne,
Essonne,
Estonie,
États-Unis,
Etats-Unis,
Ethiopie,
Etrurie,
Eure,
Eure-et-loir,
Europe,
Extrême-Orient,
Fidji,
Finistère,
Finlande,
Flandre,
Floride,
France,
Franche-Comté,
Gabon,
Galilée,
Galles,
Gambie,
Gard,
Garonne,
Gascogne,
Gaule,
Gaza,
Géorgie,
Gers,
Gironde,
Goudjerate,
Grande-Bretagne,
Grèce,
Groenland,
Guadeloupe,
Guatemala,
Guinée,
Gujarât,
Guyana,
Guyane,
Haïti,
Hanse,
Haute-Garonne,
Haute-Loire,
Haute-Marne,
Haute-Normandie,
Hautes-Alpes,
Haute-Saône,
Haute-Savoie,
Hautes-Pyrénées,
Haute-Vienne,
Haute-Volta,
Haut-Rhin,
Hauts-de-Seine,
Hawaï,
Hawaii,
Hébrides,
Hérault,
Herzégovine,
Highlands,
Himalaya,
Hoggar,
Hollande,
Honduras,
Hongrie,
Ile-de-France,
Île-de-France,
Ille-et-Vilaine,
Île-et-Vilaine,
Ile-et-Vilaine,
Illinois,
Inde,
Indes,
Indochine,
Indonésie,
Indre,
Indre-et-loire,
Iowa,
Irak,
Iran,
Iraq,
Irlande,
Isère,
Islande,
Israël,
Italie,
Jamaïque,
Japon,
Java,
Jordanie,
Jura,
Kentucky,
Kenya,
Kosovo,
Koweït,
Kurdistan,
Labrador,
Landes,
Languedoc,
Laos,
Laponie,
Lettonie,
Liban,
Liberia,
Libye,
Limousin,
Lithuanie,
Loire,
Loire-atlantique,
Loiret,
Loir-et-cher,
Lorraine,
Lot,
Lot-et-garonne,
Louisiane,
Lozère,
Luxembourg,
Macédoine,
Machrek,
Madagascar,
Maghreb,
Maine,
Maine-et-loire,
Majorque,
Malaisie,
Malaysia,
Mali,
Malte,
Manche,
Manchourie,
Mandchourie,
Marne,
Maroc,
Marquises,
Martinique,
Maryland,
Massachusetts,
Mauritanie,
Mayenne,
Mayotte,
Meurthe,
Meurthe-et-moselle,
Meuse,
Mexique,
Midlands,
Minorque,
Missouri,
Moldavie,
Moluques,
Mongolie,
Morbihan,
Morvan,
Moselle,
Moyen-Orient,
Mozambique,
Namibie,
Nébraska,
Népal,
Nevada,
Nicaragua,
Nièvre,
Niger,
Nigeria,
Nivernais,
Nord,
Normandie,
Norvège,
Nouveau-Mexique,
Nouvelle-Calédonie,
Nouvelles-Hébrides,
Nouvelle-Zélande,
Occident,
Océanie,
Ohio,
Oise,
Oklahoma,
Ontario,
Orénoque,
Orne,
Ossétie\ du\ Sud,
Ossétie\ du\ Nord,
Ossétie,
Ouganda,
Outre-Manche,
Outre-Rhin,
Ouzbékistan,
Pakistan,
Palestine,
Panama,
Papouasie,
Paraguay,
Paris,
Parnasse,
Pas-de-calais,
Pays-Bas,
Périgord,
Pérou,
Perse,
Philippines,
Picardie,
Piémont,
Poitou,
Pologne,
Polynésie,
Portugal,
Préalpes,
Proche-Orient,
Provence,
Prusse,
Puy-de-dôme,
Pyrénées,
Pyrénées-orientales,
Qatar,
Québec,
Queyras,
Réunion,
Rhénanie,
Rhodes,
Rhodésie,
Rhône,
Riviéra,
Roumanie,
Roussillon,
Royaume-Uni,
Ruanda,
Russie,
Rwanda,
Sahara,
Sahel,
Sainte-Hélène,
Saint-Marin,
Salvador,
Samarie,
Samoa,
Saône,
Saône-et-loire,
Sardaigne,
Sarthe,
Savoie,
Scandinavie,
Seine,
Seine-et-marne,
Seine-et-oise,
Seine-maritime,
Seine-saint-Denis,
Sénégal,
Séné-gambie,
Serbie,
Seychelles,
Shaba,
Sinaï,
Singapour,
Slovaquie,
Slovénie,
Sologne,
Somalie,
Somme,
Soudan,
Suède,
Suisse,
Surinam,
Suriname,
Syrie,
Tahiti,
Taïwan,
Tanzanie,
Tarentaise,
Tarn,
Tarn-et-garonne,
Tchad,
Tchécoslovaquie,
Tennessee,
Terre-Neuve,
Texas,
Thaïlande,
Tibesti,
Tibet,
Togo,
Toscane,
Touraine,
Trinidad,
Trinité,
Tuamotu,
Tunisie,
Turquie,
Ubaye,
U.K.,
Ukraine,
U.R.S.S.,
Uruguay,
U.S.,
U.S.A.$NP,
Val-de-marne,
Vanoise,
Vanuatu,
Var,
Vatican,
Vaucluse,
Vendée,
Venezuela,
Vercors,
Vienne,
Viêtnam,
Vosges,
Wallonie,
Wurtemberg,
Yémen,
Yonne,
Yougoslavie,
Yucatan,
Yvelines,
Zaïre,
Zambie,
Zélande,
Zimbabwe,
Zoulouland,
Zululand
)
