@Regions=(
Açores,
Ain,
Aisne,
Alabama,
Alaska,
Alberta,
Albion,
Allier,
Alpes,
Alpes\ de\ Haute\ Provence,
Alpes-Maritimes,
Alsace,
Alsace-Lorraine,
Amazonie,
Andalousie,
Andes,
Angleterre,
Anjou,
Antigua,
Antilles,
Appalaches,
Aquitaine,
Arabie,
Arctique,
Ardèche,
Ardennes,
Ariège,
Armorique,
Artois,
Aube,
Aubrac,
Aude,
Auvergne,
Auxois,
Aveyron,
Bahrein,
Bali,
Balkans,
Bas-Rhin,
Bastille,
Bavière,
Beauce,
Beaujolais,
Behring,
Benelux,
Béring,
Berry,
Bordelais,
Bornéo,
Bosnie,
Bouches-du-Rhône,
Bourgogne,
Brabant,
Brandebourg,
Bresse,
Bretagne,
Brie,
Brunswick,
Cabinda,
Calvados,
Camargue,
Canigou,
Cantal,
Caraïbes,
Carpates,
Casamance,
Castille,
Catalogne,
Caucase,
Cerdagne,
Cévennes,
Ceylan,
Champagne,
Charente,
Charente-maritime,
Charente-Maritime,
Cher,
Cisjordanie,
Cornouaille,
Corrèze,
Corse,
Côtes,
Côtes-du-Nord,
Creuse,
Dacie,
Dauphiné,
Deux-Sèvres,
DOM-TOM,
Dordogne,
Doubs,
Drôme,
Durance,
Ecosse,
Écosse,
Essonne,
Etrurie,
Eure,
Eure-et-Loir,
Everglades,
Extrême-Orient,
Finistère,
Flandre,
Franche-Comté,
Galles,
Gard,
Garonne,
Gascogne,
Gaza,
Gers,
Gironde,
Goudjerate,
Groenland,
Guadeloupe,
Guyane,
Guyane française,
Hanse,
Haute-Garonne,
Haute-Loire,
Haute-Marne,
Haute-Normandie,
Hautes-Alpes,
Haute-Saône,
Haute-Savoie,
Hautes-Pyrénées,
Haute-Vienne,
Haute-Volta,
Haut-Rhin,
Hauts-de-Seine,
Hébrides,
Hérault,
Herzégovine,
Highlands,
Himalaya,
Hoggar,
Hong\ Kong,
Ile-de-France,
Île-de-France,
Ille-et-Vilaine,
Île-et-Vilaine,
Ile-et-Vilaine,
Indes,
Indre,
Indre-et-Loire,
Isère,
Jura,
Landes,
Languedoc,
Laponie,
Limousin,
Loire,
Loire-atlantique,
Loire-Atlantique,
Loiret,
Loir-et-Cher,
Lorraine,
Lot,
Lot-et-Garonne,
Lozère,
Macédoine,
Machrek,
Maghreb,
Maine-et-Loire,
Majorque,
Manche,
Marne,
Marquises,
Martinique,
Mayenne,
Mayotte,
Meurthe,
Meurthe-et-Moselle,
Meuse,
Midlands,
Minorque,
Morbihan,
Morvan,
Moselle,
Moyen-Orient,
Nièvre,
Nivernais,
Nord,
Normandie,
Nouvelle-Calédonie,
Nouvelles-Hébrides,
Occident,
Océanie,
Oise,
Orénoque,
Orne,
Ossétie\ du\ Sud,
Ossétie\ du\ Nord,
Ossétie,
Outre-Manche,
Outre-Rhin,
région de Paris,
Parnasse,
Pas-de-calais,
Pas-de-Calais,
Pays de la Loire,
Pays\ basque,
Pays\ basque\ espagnol,
Pays\ basque\ français,
Pays\ Basque,
Pays\ Basque\ Espagnol,
Pays\ Basque\ Français,
Pays\ Basque\ espagnol,
Pays\ Basque\ français,
Pays de Galles,
Périgord,
Perse,
Picardie,
Piémont,
Poitou,
Poitou-Charentes,
Polynésie,
Préalpes,
Proche-Orient,
Provence,
Prusse,
Puy-de-dôme,
Puy-de-Dôme,
Pyrénées,
Pyrénées-orientales,
Pyrénées-Orientales,
Québec,
Queyras,
Réunion,
Rhénanie,
Rhénanie\ Westphalie,
Rhénanie-Westphalie,
Rhénanie \du Nord,
Rhodes,
Rhodésie,
Rhône,
Riviéra,
Roussillon,
Sahara,
Sahel,
Sainte-Hélène,
Samarie,
Saône,
Saône-et-Loire,
Sardaigne,
Sarthe,
Savoie,
Seine-et-Marne,
Seine-et-Oise,
Seine-maritime,
Seine-Maritime,
Seine-saint-Denis,
Seine-Saint-Denis,
Séné-Gambie,
Shaba,
Sinaï,
Sologne,
Somme,
Sumatra,
Tahiti,
Tarentaise,
Tarn,
Tarn-et-Garonne,
Terre-Neuve,
Terre-neuve,
Tibesti,
Tibet,
Toscane,
Touraine,
Trinidad
Ubaye,
Val-de-Marne,
Vanoise,
Var,
Vaucluse,
Vendée,
Vercors,
Vienne,
Vosges,
Wurtemberg,
Yonne,
Yvelines,
Zoulouland,
Zululand,
Alabama,
Alaska,
Arizona,
Arkansas,
Californie,
Caroline du Nord,
Caroline du Sud,
Colorado,
Connecticut ,
Dakota du Nord,
Dakota du Sud,
Delaware,
Floride,
Hawaï,
Idaho,
Illinois,
Iowa,
Indiana,
Kansas,
Kentucky,
Louisiane,
Maine,
Maryland,
Massachusetts,
Michigan,
Minnesota,
Mississippi,
Missouri,
Montana,
Nebraska,
Nevada,
New Hampshire,
New Jersey,
Nouveau-Mexique,
Ohio,
Oklahoma,
Oregon,
Pennsylvanie,
Rhode Island,
Tennessee,
Texas,
Utah,
Vermont,
Virginie,
Virginie occidentale,
Wisconsin,
Wyoming,
Mongolie-Intérieure,
Guangxi,
Tibet,
Níngxià,
Xinjiang,
Hong Kong,
Macao,
Anhui,
Fujian,
Gansu,
Guangdong,
Guizhou,
Hainan,
Hebei,
Heilongjiang,
Henan,
Hubei,
Hunan,
Jiangsu,
Jiangxi,
Jilin,
Liaoning,
Qinghai,
Shaanxi,
Shandong,
Shanxi,
Taïwan,
Sichuan,
Yunnan,
Zhejiang
)
