@RiversAndSeas=(
Aa,
Adige,
Adour,
Adriatique,
Alazeïa,
Amazone,
Amou-Daria,
Amour,
Anabar,
Anadyr,
Arctique,
Atlantique,
Atrato,
Aulne,
Authie,
Aven,
Avon,
Bandama,
Bélon,
Bénoué,
Betsiboka,
Blavet,
Boug méridional,
Bouregreg,
Brahmapoutre,
Brazos,
Burdekin River,
Cagayan,
Canche,
Caspienne,
Cauvery,
Cavally,
Chao Phraya,
Chari,
Chatt-el-Arab,
Chelif,
Columbia,
Comoé,
Congo,
Corentyne,
Corrib,
Danube,
Daugava,
Dniepr,
Dniestr,
Douro,
Drâa,
Dvina septentrionale,
Ebre,
Èbre,
Elbe,
Élorn,
Ems,
Escaut,
Essequibo,
Euphrate,
fleuve Jaune,
fleuve Rouge,
Fraser,
Gange,
Glomma,
Godavari,
Göta älv,
Guadalete,
Guadalquivir,
Guadiana,
Hai He,
Hastings River,
Hudson,
Iana,
Ienisseï,
Ili,
Indiguirka,
Indus,
Irminio,
Iroise,
Irrawaddy,
Isonzo,
Jourdain,
Jubba,
Júcar,
Kamtchatka,
Kapuas,
Kem,
Kemijoki,
Khatanga,
Kolyma,
Kouban,
Koura,
Krishnâ,
Lempa,
Léna,
Liao,
Lielupe,
Limpopo,
Louga,
Luleälven,
Mackenzie,
Mahânadi,
Manche,
Mangoky,
Maningoza,
Maritsa,
Maroni,
Méandre,
Méditerranée,
Medjerda,
Mékong,
Mezen,
Minho,
Mobile,
Moche,
Mokau,
Moulouya,
Murray,
Nadym,
Narmadâ,
Narva,
Neva,
Niémen,
Nil,
Nouveau Calabar,
Nyong,
Ob,
Oder,
Odet,
Ogooué,
Okavango,
Oleniok,
Onega,
Orange,
Orb,
Oreti,
Oronte,
Oti,
Oum Errabiâ,
Oural,
Oyapock,
Pacifique,
Parana,
Paraná,
Parnaíba,
Pennar,
Petchora,
Piassina,
Piave,
Pô,
Pomahaka,
Potomac,
Rance,
Rangitata River,
Rhin,
Rímac,
Río Chubut,
Rio Colorado,
Río Grande,
Río Negro,
Rioni,
Ruvuma,
Saint-Jean,
Saint-Laurent,
Salouen,
Saloum,
Sanaga,
Sangha,
São Francisco,
Sebou,
Sefid Roud,
Segura,
Seine,
Sepik,
Severn,
Sèvre Niortaise,
Sinnamary,
Sittang,
Soummam,
Strymon,
Syr-Daria,
Tage,
Taïmyr,
Tamise,
Tana,
Tapti,
Tarim,
Taz,
Terek,
Têt,
Tibre,
Tigre,
Tocantins,
Torne,
Trent,
Tumen,
Vaigai,
Vardar,
Vidourle,
Vilaine,
Vistule,
Volga,
Volta,
Waikato,
Waitaki,
Weser,
Whanganui,
Wouri,
Xi Jiang,
Yalu,
Yangzi Jiang,
Yser,
Yukon,
Zambèze
)
