@companies=(
Aaton,
Accor,
ACMAT,
Affine,
Afone,
AGF,
Airbus,
Air France-KLM,
Air France,
Air Liquide,
Aixam,
Alcatel-Lucent,
Ales Groupe,
Alstom,
Altran,
Andros,
Antefilms Production,
Areva,
Arianespace,
Arkane Studios,
AT Internet,
Atisreal,
Atlas Telecom,
Atos Origin,
Auchan,
AXA,
Baccarat,
BIC,
Babolat,
BNP Paribas,
BNP Paribas Hong Kong,
Bolloré,
Bouygues,
Bouygues Télécom,
Brittany Ferries,
Bugatti,
Bull,
Buzzinbees,
Canal+,
Capgemini,
Carrefour,
Cartier SA,
Casino Guichard,
Cask 23,
Ceca specialty chemicals,
Chantelle,
Christian Dior,
CMA CGM,
Crédit Agricole,
CEA,
Calyon,
CLSA,
Crédit Lyonnais,
Crédit Foncier de France,
Danone,
Dassault Group,
Dassault Aviation,
Dassault Systemes,
DCNS,
Dexia,
Diptyque,
EADS,
EADS Astrium,
EADS Astrium Space Transportation,
Éditions Philippe Amaury,
Amaury Sport Organisation,
Électricité de France,
Eurotunnel,
First of America,
France Télécom,
Orange,
Galeries Lafayette,
Gameloft,
Gandi SAS,
Gaumont,
Havas,
Hermès,
Hutchinson,
HSBC,
Iliad,
Free,
Infogrames,
JCDecaux,
Jean-Paul Gaultier,
JFPI Corporation,
Keolis,
Lacoste,
Lactalis,
La Poste,
Lafarge,
Lafuma,
Oxbow,
Lagardère Group,
Hachette,
Hachette Filipacchi Media,
Hachette Livre,
Le Zèbre,
LOOK,
L'Oréal,
Lancôme,
LVMH,
Louis Vuitton,
Moët et Chandon,
Hennessy,
Mandriva,
Medimix International,
MC2 France,
Michelin,
Montagut,
Nicolas,
Nicox,
Norauto,
NYCO,
Parrot SA,
Pathé,
Pentalog,
Pernod Ricard,
Pierre Fabre Group,
PPR,
PSA Peugeot Citroën, with brands:,
Citroën,
Peugeot,
Publicis,
Quantic Dream,
RATP,
Renault,
Rexel,
Rhodia,
SAFRAN,
Snecma,
Saint-Gobain,
Salomon Group,
Mavic,
Sanofi-Aventis - merger of Sanofi-Synthélabo and Aventis in 2004,
Schlumberger Limited - incorporated in the Netherlands Antilles,
Schneider Electric,
SFR,
SNCF,
SNCM,
Société Générale,
Boursorama,
SG Cowen,
Sodexo,
Sogeti,
Sopra Group,
STMicroelectronics,
Suez,
Technip,
TF1 Group,
TGV,
Thales Group,
Theam,
Thomson,
Total,
Ubisoft,
Valtech,
Venturi Automobiles,
Veolia Environnement,
Victor Korbel,
VINCI,
Vivendi,
Yoplait,
2K Games,
3M Company,
4Kids Entertainment,
a21,
Aaron's, Inc.,
Abbott Laboratories,
Abercrombie & Fitch,
ABM Industries,
ABX Air,
AC Lens,
ACCO Brands,
Accuquote,
Ace Hardware,
Acme Brick Company,
ACN Inc.,
Activision Blizzard,
Acuity Brands,
ADC Telecommunications,
Adaptec,
Adobe Systems Inc.,
Advance Auto Parts,
Advanced Micro Devices,
Advanced Processing & Imaging,
AECOM,
Aéropostale,
AES Corporation,
Aetna,
Affiliated Computer Services,
Aflac,
AGCO,
Agilent Technologies,
AGL Resources,
Agriprocessors,
Air Products & Chemicals,
Airgas,
AirTran Holdings,
AK Steel Holding,
Alaska Air Group,
Albemarle Corporation,
Albertsons LLC,
Alcoa,
Aleris International,
Alexander & Baldwin,
Alienware,
Allegheny Energy,
Allegheny Technologies,
Allen Organ Company,
Allergan,
Alliant Energy,
Alliant Techsystems,
Allstate,
Aloha Airlines,
Altec Lansing,
Altria Group (formerly Philip Morris Companies),
Always (product),
Amazon.com,
AMC Entertainment,
Advanced Micro Devices,
Ameren,
America Online,
American Axle,
American Apparel,
American Broadcasting Company,
American Eagle Outfitters,
American Electric Power,
American Express,
American Family Insurance,
American Financial Group,
American Greetings,
American Home Mortgage,
American International Group,
American Reprographics Company,
Amerigroup,
Ameriprise Financial,
AmerisourceBergen,
AMETEK,
Amgen,
Amkor Technology,
Amphenol Corporation,
AMR Corporation,
American Airlines,
Amtrak (National Railroad Passenger Corporation),
Amy's Kitchen,
Anadarko Petroleum Corporation,
Analog Devices,
AnaSpec,
Anchor Bay Entertainment,
AND1,
Anixter International,
Ann Taylor,
Antec,
AOL,
Aon Corporation,
Apache Software Foundation,
Apollo Group,
Applebee's,
Apple Inc.,
Applied Biosystems,
Applied Industrial Technologies,
Applied Materials,
Aramark,
Arbitron,
Arch Coal,
Archer Daniels Midland,
Arctic Cat,
Ariba,
Arizona Stock Exchange,
Arkeia Software,
Armstrong World Industries,
Arrow Electronics,
Arryx,
ArvinMeritor,
ASARCO (American Smelting And Refining Company),
Asbury Automotive Group,
Ashland Inc.,
AskMeNow,
Aspyr Media,
Assurant,
Atmos Energy,
AT&T,
Audiovox,
Atari,
Autodesk,
Autoliv,
Automatic Data Processing,
AutoNation,
Auto-Owners Insurance,
AutoZone,
Avaya,
Avery Dennison,
Avis Budget Group,
Avnet,
Avon Products,
AVST,
Babcock and Wilcox,
Bain & Company,
Bain Capital,
Baker Hughes,
Baldor Electric Company,
Ball Corp.,
Bank of America,
Bank of New York Mellon,
Barnes & Noble,
Bath & Body Works,
Baxter International,
Bebo,
BB&T Corporation,
B/E Aerospace,
Bealls,
BearingPoint,
Beazer Homes USA,
Bechtel,
Beckman Coulter,
Becton Dickinson,
Bed Bath & Beyond,
Belk,
Belkin,
Bellwether Technology Corporation,
Bemis Manufacturing Company,
Benchmark Electronics,
W. R. Berkley,
Berkshire Hathaway,
Berry Plastics,
Best Buy,
BFG Technologies,
Big Lots,
Biggby Coffee,
Bio-Rad Laboratories,
Biomet,
Birdwell,
BJ Services Company,
BJ's Wholesale Club,
Black & Decker,
BlackRock,
Blockbuster Inc.,
BlueLinx Holdings,
Blyth, Inc.,
BMC Software,
BNSF Railway,
Bob Evans Restaurants,
Boeing,
Boise Cascade,
Borders Group,
BorgWarner,
Bosch Brewing Company,
Bose Corporation,
Boston Acoustics,
Boston Scientific,
Boyd Gaming,
Bradley Pharmaceuticals,
Briggs & Stratton,
Brightpoint,
Brinks,
Brinker International,
Bristol-Myers Squibb,
Broadcom,
Brookdale Senior Living,
Brown-Forman Corporation,
Brunswick Corporation,
Bucyrus International,
Burger King Holdings,
Burlington Coat Factory,
Bushmaster Firearms International,
Butler America,
CA, Inc.,
Calista Corporation,
Calpine,
Capital One,
Carnival Corporation & plc,
Carnival Cruise Lines,
Cartoon Network Studios,
Casco Bay Lines,
Caterpillar Inc.,
CBS Corporation,
CDI Corporation,
Cerner Corporation,
C.H. Robinson Worldwide,
Chem-Dry,
Chevron,
ChexSystems,
Chicago Bridge & Iron Company,
Chugach Alaska Corporation,
Chrysler,
CIGNA,
Citigroup,
Citrix,
Cisco Systems, Inc.,
CKE Restaurants,
Clear Channel Communications,
CNA,
CNET,
The Coca-Cola Company,
Cogent Communications,
Cognizant Technology Solutions,
Cole Haan,
Colgate-Palmolive,
Colt Defense,
Colt's Manufacturing Company,
Columbia Pictures,
Columbia Sussex,
Comcast,
Comodo,
ConocoPhillips,
Conseco,
Continental Airlines,
Control Data Corporation (CDC),
Convergys Corp.,
Converse,
CoolTouch Monitors,
Copeland's,
Corning Incorporated,
Corsair Memory,
Costco,
Coventry Health Care,
Crazy Eddie,
Crowley Maritime Corporation,
CVS Pharmacy,
Danaher,
Darden Restaurants,
DaVita,
DC Comics,
DC Shoes,
Dean Foods,
Deere & Company,
Del Monte Foods,
Dell, Inc.,
Delphi,
Delta Air Lines,
Dereon,
Devon Energy,
Dex One,
Dick's Sporting Goods,
DiC Entertainment,
Diebold,
Digi-Key,
Dillard's,
DineEquity,
Dippin' Dots,
DirecTV,
Discover Financial Services,
Discovery Communications,
DISH Network,
The Walt Disney Company,
DivX, Inc.,
Doculabs,
Dole Foods,
Dollar General,
Dollar Tree,
Dominion Resources,
Domtar,
R. R. Donnelley & Sons,
Dover Corporation,
Dow Chemical Company,
Dow Jones & Company,
Dr Pepper Snapple Group,
Dresser Inc.,
DRS Technologies,
DST Systems,
DTE Energy,
Duke Energy,
Dun & Bradstreet,
DuPont (E.I. du Pont de Nemours),
DynCorp International,
Dynegy,
Eastman Chemical Company,
Eastman Kodak,
eBay,
Ecolab,
Eddie Bauer,
El Paso Corp.,
Electric Boat,
Electronic Arts,
Electronic Data Systems,
Eli Lilly and Company,
Elizabeth Arden,
EMC Corporation,
Emcor,
Emerson Electric Company,
Emerson Radio,
Energizer Holdings,
Energy East,
Enterasys Networks,
Entergy,
Enterprise GP Holdings,
Equifax,
Erie Insurance Group,
Esselte,
Estée Lauder Companies,
Eureka,
Exelon Corporation,
Expeditors International,
Express Scripts Incorporated,
ExxonMobil,
Fabrik Inc.,
facebook,
Fairchild Semiconductor,
FedEx,
Fender Musical Instruments Corporation,
Fidelity Investments,
FileMaker Inc., formerly Claris Corp.,
Firestone Tire and Rubber Company,
First Hawaiian Bank,
Fiserv,
Fisher Electronics,
Fisker Automotive,
Fluor Corp,
Ford Motor Company,
Forum Communications,
Fox Film Corporation,
Frasca International,
Fred Meyer, Inc.,
FreeWave Technologies,
Fresh & Easy,
Frontier Airlines,
Fruit of the Loom,
Federal Home Loan Mortgage Corporation,
Federal National Mortgage Association,
Gap,
Garmin,
Gartner,
Gateway Computers,
Gatorade,
GEICO,
Gemini Sound Products,
General Communication,
General Dynamics,
General Electric,
GE Consumer & Industrial,
General Mills,
General Motors,
Gentiva Health Services,
Georgia Pacific,
GTECH,
Giant Food,
Gibson Guitar Corporation,
Gillette (brand),
GHD Inc.,
Global Insight,
Go Daddy,
Goldman Sachs,
Goodrich Corporation,
Goodyear Tire and Rubber Company,
Google,
Ground Round,
Group O,
Growmark,
H&R Block,
Hallmark Cards,
Halliburton,
Hardee's,
Harley-Davidson,
Harman International Industries,
Hasbro,
Hastings Entertainment,
Hawaiian Airlines,
H-E-B,
The Hertz Corporation,
Heritage,
Hewlett-Packard,
Hi-Point Firearms,
Hilton Hotels Corporation,
H. J. Heinz Company,
Home City Ice Co.,
Home Depot,
Honeywell,
Hornbeck Offshore Services,
Hot Topic,
Houchens Industries,
Houlihan's,
Human Kinetics,
Hunt Petroleum,
Hyland Software,
Ideal Industries,
Imation,
Informix,
Infor,
Intel,
Intercontinental Manufacturing Company,
International Business Machines,
IBM,
International Game Technology,
IGT,
International Paper,
Interplay Entertainment,
Interstate Batteries,
Intuit,
ION Media Networks,
iRobot,
Iron Mountain,
i-flex Solutions,
Jack in the Box,
Jarden,
JCPenney,
JetBlue Airways,
Jimmy John's,
JL Audio,
JN-International Medical Corporation,
Jones Soda Co.,
Johnson & Johnson,
Johnson Controls,
Journal Communications,
J. P. Morgan Chase and Co.,
J. C. Penny,
KBR,
KFC,
Kellogg Company,
Kenexa Corporation,
Kenworth,
Kerr-McGee,
Kimberly-Clark,
Kingston Technology,
Klipsch Audio Technologies,
Kmart,
Koch Industries,
KPMG,
Kraft Foods,
Kroger,
Kohler Company,
Kurzweil Educational Systems,
Laserfiche,
LeapFrog Enterprises,
Lennox International,
Lexmark,
The Liberty Corporation,
Limited Brands,
LinkedIn,
Liz Claiborne,
Lowe's,
Lumencraft,
L.L.Bean,
L&L Hawaiian Barbecue,
Local Matters,
Lockheed Martin,
Louisiana Pacific,
Lucasfilm,
Lucas Oil,
Magnavox,
Marantz,
Marathon Oil,
Marriott Corporation,
Mars Incorporated,
Marsh & McLennan,
Marshall Pottery,
Martel Communication,
Martha Stewart Living Omnimedia,
Martin Marietta Materials,
MasterCard,
Mattel,
Mauna Loa Macadamia Nut Corp.,
Maxtor Corporation,
McCormick & Company,
McDonald's,
MCI Inc.,
McIlhenny Company,
Medimix International,
Meijer,
Memorex,
Merck and Company,
Mercury Marine,
Microsoft,
Midway Games,
Midwest Communications,
Miller Brewing,
Minnesota IMPLAN Group,
Miro Technologies,
Monsanto Company,
Morgan Stanley,
Motorola,
Mozilla Foundation,
MTX Audio,
Musco Lighting,
Mutual of Omaha,
Myspace,
Nabisco,
National Railway Equipment Company,
Nationwide Insurance,
NBC Universal,
NCR Corporation,
NetApp,
Netcordia,
NetDNA,
Netgear,
NetZero,
New Balance,
New Era Tickets,
News Corporation,
Nike,
Nordstrom,
Northrop Grumman,
Northwest Airlines,
Novell,
Novellus Systems,
Numark (DJ equipment),
Nvidia,
Oberweis Dairy,
Ocean Spray,
OCZ Technology,
Office Depot,
Office Max,
Olan Mills, Inc.,
Omnicare,
Omni Group,
ONEOK,
Onvia,
Open Interface,
OpenMarket Inc.,
Oreck Corporation,
O'Reilly,
OPOWER,
Oracle Corporation,
OSI Restaurant Partners,
Overcast Media,
Owens Corning,
Owens-Illinois,
PACCAR,
Pacific Gas & Electric Company (PG&E),
PalmOne, Inc.,
PalmSource, Inc.,
Pantone,
Papa John's Pizza,
Paramount Pictures,
Paxton Media Group,
Payless ShoeSource,
PC Power and Cooling,
PepsiCo,
Perdue Farms,
Peterbilt,
Pier 1 Imports,
Pilgrim's Pride,
Pinnacle Systems,
Pizza Hut,
Pfizer,
Plochman's,
Polaroid Corporation,
Polaris Industries,
Popeyes Chicken & Biscuits,
Precision Castparts Corporation,
Price Waterhouse Coopers,
Principal Financial Group,
Procter & Gamble,
Progressive Corporation,
Publix,
QCR Holdings,
Qpass,
Qualcomm,
Quanta Services,
Quantrix,
Quest Software,
Quincy Newspapers,
QVC,
Qwest,
Quiznos,
RadioShack,
Raytheon,
Rayovac,
RCA,
Red Hat,
Red River Broadcasting,
Rent-A-Wreck,
Renys,
Regis Corporation,
Respironics, Inc.,
Rite Aid Corporation,
Riverdeep,
Rockford Fosgate,
Rockstar Games,
Rockwell Automation,
Rockwell Collins,
Rollins Inc.,
Royal Caribbean International,
Russell Investment Group,
Russell Stovers,
Ryder System, Inc.,
S3 Graphics,
Safeco Corporation,
Safeway Inc.,
Salary.com,
Salem Communications,
SanDisk,
Sauer-Danfoss,
SBC Communications,
Schoep's Ice Cream,
Science Applications International Corporation (SAIC),
Seagate Technology,
Sears,
Seattle's Best Coffee,
Service Corporation International (SCI),
Sequoia Voting Systems,
Shirokiya,
Shure Incorporated,
Six Flags,
Silicon Graphics,
Silicon Image,
SkyWest Airlines,
Snap-on Tools,
Sonic Solutions,
Sony Pictures Entertainment,
Southern California Edison,
Southwest Airlines,
Soyo Group,
Springfield Armory, Inc.,
Sprint Nextel Corporation,
Spanx,
Spectrum Brands,
Spherion,
Staples, Inc.,
Starbucks,
Starz,
State Street Corporation,
Steinway & Sons,
Sterling Ledet & Associates, Inc.,
Sterling Commerce,
Stewart-Warner,
Storage Technology Corporation,
STX,
Subway,
Sunny Delight Beverages,
Sun Microsystems, Inc.,
Sunoco,
Supervalu,
Sur La Table,
Syntel,
Symantec,
Take-Two Interactive,
Tanadgusix Corporation,
Target Corporation,
Tempur-Pedic,
Tesla Motors,
Tesoro,
Testor Corporation,
Texas Instruments,
Textron Inc.,
The Library Corporation (TLC),
THQ,
Time Warner Cable,
Towers Perrin,
TransDigm Group,
Trinity Industries Inc.,
Tropicana Products,
Triumph Group,
Tully's Coffee,
Tupperware Brands Corporation,
Twitter,
Ubu Productions,
Ultimate Software,
Under Armour,
Union Oil Company of California (Unocal),
Union Pacific Railroad,
Unisys,
United Airlines,
United Parcel Service (UPS),
United Technologies,
Universal Studios,
US Airways,
U.S. Robotics,
UTStarcom,
United Services Automobile Association,
US Cellular,
U.S. Steel,
Uwajimaya,
Valero Energy Corporation,
Vantec,
The Vanguard Group,
Vaughan & Bushnell Manufacturing,
VECO Corporation,
VF Corporation,
Lee (jeans),
Venus Swimwear,
Verbatim Corporation,
Vertex Pharmaceuticals,
Victoria's Secret,
ViewSonic,
VIZ Media,
Vizio,
Vectren,
Verizon,
Verizon Wireless,
Viacom,
Visa Inc.,
Vivitar,
VMware,
Vocera Communications,
Vulcan Corporation,
Wahl Clipper,
Washburn Guitars,
Walmart,
Walgreens,
Walt Disney Company,
Warner Bros. Entertainment,
Watco Companies,
W.C. Bradley Co.,
The Weinstein Company,
Welch's,
WellPoint,
Wells Fargo Bank, N.A.,
Wendy's/Arby's Group,
Werner Enterprises,
W. R. Grace and Company,
Westat,
West Liberty Foods,
Western Digital,
Western Union,
Westinghouse Digital LLC,
Whataburger,
Wheeling-Pittsburgh Steel,
Whirlpool Corporation,
Winnebago Industries,
Wizards of the Coast,
Whole Foods Market,
W. L. Gore & Associates,
Gore-Tex,
World Airways,
World Financial Group,
WWE,
Wynn Resorts,
Xerox,
Xilinx,
XIM, Inc.,
XPAC,
XPLANE,
Yahoo!,
YASH Technologies,
YRC Worldwide Inc.,
Yum! Brands, Inc.,
Zapata,
Zappos.com,
Zaxby's,
Zenith Electronics,
ZOMM, LLC,
Zoo York,
Zoom Technologies,
Zune,
Aban Offshore,
ABG Shipyard,
ACC Limited,
Adani Group,
Aditya Birla Group,
Ador Powertron Limited,
Aftek,
Air India[4] and subsidiary Air-India Express,
Air Sahara,
Alang Ship Recycling Yard,
Allahabad Bank,
Ambuja Cements,
Amrutanjan Healthcare,
Amul,
Andhra Bank,
Apollo Hospitals,
Apollo Tyres,
Archies Greetings & Gifts Ltd,
Aptech,
Arvind Mills,
Ashok Leyland,
Asia Motor Works,
Asian Paints[,
Appin Security Group,
Axis Bank,
Bajaj Auto,
Balaji Telefilms,
Bank of India,
Bank of Baroda,
Bharat Aluminium Company,
Bharat Electronics Limited,
Bharat Forge,
Bharat Heavy Electricals Limited,
Bharat Petroleum,
Bharat Sanchar Nigam Limited,
Bharati Shipyard,
Bharti Airtel,
Bhushan Steel,
Biocon,
BMR Advisors,
BMR Managed Services,
Bombay Dyeing,
BPL group,
Ballarpur Industries Limited,
Bharat Earth Movers Limited,
Britannia Industries,
CMC Limited,
Canara Bank,
Cellebrum Technologies Limited,
Central Bank of India,
CESC,
CPCL,
Cipla,
Club Mahindra Holidays,
Covansys India Limited,
Coal India Limited,
Container Corporation of India,
Crest Animation Studios,
Crompton Greaves,
Cadila Healthcare,
Coromandel Internationa,
Dabur India Limited,
Damodar Valley Corporation,
Deccan Aviation Pvt. Ltd.,
Delhi Metro Rail Corporation Limited,
Dr. Reddy's Laboratories,
DLF Universal Limited,
Directi,
Educomp Solutions,
Eicher Motors,
Engineers India Limited,
English Indian Clays Limited,
Escorts Group,
Essar Group,
Eureka Forbes,
Evalueserve,
Exide Industries,
Educomp Solutions,
Eicher Motors,
Engineers India Limited,
English Indian Clays Limited,
Escorts Group,
Essar Group,
Eureka Forbes,
Evalueserve,
Exide Industries,
GAIL,
Genpact India's largest BPO firm,
GMR Group,
Godrej Group,
GoAir Airlines,
Great Eastern Shipping,
GSPC,
Gussmann Software Technologies Pvt. Ltd.,
Godavari Biorefineries Limited,
IBP,
ICICI Bank,
i-flex Solutions,
Indo Gulf Fertilisers,
Indian Bank,
ING Life,
Indian Railways,
India Today Group,
Indian Oil Corporation,
Indian Overseas Bank,
IndiaTimes Group,
IndiGo Airlines,
Indigo Design & Engineering Associates PLC.,
Infosys Technologies,
Infosys BPO,
ITC Limited,
Ittiam Systems,
Intelenet Global Services,
IDBI Bank,
India Cements,
Indiabulls,
Ispat,
Jain Irrigation Systems[66],
Jet Airways[67] India's largest domestic airline,
Jindal Steel[68],
Jaiprakash Associates,
JSWL,
KalkiTech,
Karnataka Soaps and Detergents Limited,
Keltron,
Kingfisher Airlines,
Kirloskar Group,
Kotak Mahindra Bank,
Konkan Railway Corporation,
KSK Energy Ventures Limited,
Kudremukh Iron Ore Company Ltd.,
Lanco Infratech,
Larsen & Toubro,
Lakshmi Machine Works One among three in the world to produce entire range of Spinning Machinery,
LIC,
Madras Rubber Factory,
MTNL,
Mahindra & Mahindra Limited,
Maharashtra Industrial Development Corporation,
Mangalore Chemicals & Fertilizers,
Mangalore Refineries and Petrochemicals Limited,
Marico,
Maruti Udyog India's largest automobile manufacturer,
MindTree,
MMTC,
MphasiS,
Mundra Port,
Murugappa Group,
Moser Baer,
Mastek Ltd,
National Aluminium Company,
NTPC,
NDTV,
NHPC,
NMDC,
Nectar Lifesciences,
Neyveli Lignite Corporation,
Nicholas Piramal,
Nirma,
NIIT,
Notion Ink,
Nuclear Power Corporation of India Limited,
National Fertilizers Limited,
ONGC,
Oil India Limited,
Oracle Financial Services Software,
Oriental Bank of Commerce,
Pantaloon Retail India,
Pawan Hans,
Paramount Airways,
Patni Computer Systems,
Pentamedia Graphics Limited,
Persistent Systems,
Petronet LNG,
Pipavav shipyard limited,
Piramal Healthcare,
Power Finance Corporation,
Power Grid,
Punj Lloyd,
Punjab National Bank,
Parle Agro,
Patni Computer Systems,
Qwest Software Services,
Ramco Systems,
Ranbaxy Laboratories Limited,
Rashtriya Chemicals & Fertilizers,
Raymond Group,
Rediff.com,
Reliance ADA Group,
Reliance Capital,
Reliance Communications,
Reliance Energy,
Reliance Fresh,
Reliance Industries Limited,
Reliance Infrastructure,
Reliance Life Insurance Company Limited,
Reliance Petroleum, operates world's largest refinery,
Reliance Power,
Robosoft Technologies,
Rural Electrification Corporation Limited,
Sahara India Pariwar,
Satyam Computer Services,
Sesa Goa,
Shipping Corporation of India Ltd,
Shree Cement,
Shree Renuka Sugars,
Shriram Transport Finance,
Singareni Collories Company Ltd,
Siemens (India),
SJVN,
SMGB,
Sobha Developers Limited,
Sonata Software,
SpiceJet,
State Bank Of India,
Steel Authority of India Limited,
Sterlite Optical Technologies Limited,
Sterlite Industries,
Sun TV,
Sun Pharmaceutical,
Swaraj Mazda Ltd.,
Syndicate Bank,
Suzlon Energy,
Tally Solutions,
Tata Chemicals,
Tata Consultancy Services Limited,
Tata Elxsi,
Tata Interactive Systems,
Tata Motors,
Tata Steel,
Tata Tea,
Tata Communications,
Tata Power,
Tavant Technologies,
Tech Mahindra,
Tejas Networks,
Thermax,
Thirdware,
Titan Watches,
Torrent Group,
TVS Motors,
UCO Bank,
Union Bank of India,
United Breweries (Holdings) Ltd.,
UST Global,
Unitech Group,
United Bank of India,
UltraTech Cement,
Vedanta Resources,
Videocon Group,
Vijaya Bank,
Vizag Steel,
Voltas Limited,
Wadia Group,
Bombay Dyeing,
Britannia Industries,
Go Air,
West Bengal Electronics Industry Development Corporation Limited,
Wipro,
Yes Bank,
Zee Entertainment Enterprises,
Accuphase,
Acom,
Active Gaming Media,
Advan,
Advantest,
Aeon,
Aichi Bank,
Aichi Television Broadcasting,
Aiful,
Aioi Insurance,
Aisin Seiki,
Aiwa,
Ajinomoto,
Akita Bank,
All Nippon Airways,
Alps Electric,
Aomori Bank,
Aplus,
Arc System Works,
Arika,
Aruze,
Asahi Breweries,
Asahi Glass,
Asahi Kasei,
ASCII Corporation,
Asics,
Autobacs Sportscar Laboratories (ASL),
au by KDDI,
Avex,
Avex trax,
Awa Bank,
Bandai,
Bank of Fukuoka,
Bank of Ikeda,
Bank of Iwate,
Bank of Kyoto,
Bank of Nagoya,
Bank of Ryukyus,
Bank of Saga,
Bank of Yokohama,
Bridgestone,
Brother Industries,
Canon,
Capcom,
Casio,
Central Japan Railway,
Central Leasing,
Chiba Bank,
Chiba Kogyo Bank,
Chizu Express,
Chubu Electric Power,
Chugoku Bank,
Chugoku Electric Power,
Chukyo Bank,
Chuo Digital Solution,
Citizen,
Cosmo Oil,
Credit Saison,
CSK,
Dai Nippon Printing,
Daido Life Insurance,
Daiei,
Daihatsu,
Daiichi Pharmaceutical,
Daikin Industries,
Daikyo,
Daimaru,
Dainippon Ink & Chemicals,
Daio Paper,
Daisan Bank,
Daishi Bank,
Daito Trust Construction,
Daiwa House Industry,
Daiwa Securities,
Denon,
Denso,
Dentsu,
DHC,
Diamond Lease,
East Japan Railway,
Ebara,
Ehime Bank,
Eighteenth Bank,
Eisai (company),
Fanuc, fabricant de robots industriels,
Fast Retailing,
Fuji Electric,
Fuji Fire & Marine,
Fuji Heavy Industries,
Subaru,
Fuji Photo Film,
Fuji Television Network,
Fujisawa Pharmaceutical,
Fujitsu,
Fukui Bank,
Fukuoka City Bank,
Funai ELectric,
Furukawa Electric,
Gunma Bank,
Hachijuni Bank,
Hankyu Corporation,
Hanwa,
Haseko,
Hanshin Electric Railway,
Hankyu Railway,
Higashi-Nippon Bank,
Higo Bank,
Hirose Electric,
Hiroshima Bank,
Hirox,
Hitachi,
HKS,
Hokkaido Bank,
Hokkaido Electric Power,
Hokkaido Railway Company,
Hokkoku Bank,
Hokugin Financial Group,
Hokuriku Electric Power,
Hokusetsu Bank,
Honda,
Hoya (company),
Hyakugo Bank,
Hyakujushi Bank,
Isetan,
Ishikawajima-Harima,
Isuzu Motors,
Ito-Yokado,
Itochu,
Iwataya Department Store,
Iyo Bank,
Iiyama,
Jaccs,
Japan Airlines,
Japan Airlines System,
Japan Freight Railway Company,
Japan Securities Financial,
Japan Tobacco,
JFE Group,
JFE Holdings,
Joyo Bank,
JSR (company),
Juroku Bank,
JVC,
Kadokawa Shoten, maison d'édition,
Kagoshima Bank,
Kajima,
Kanebo,
Kanematsu,
Kansai Electric Power,
Kao,
Katokichi,
Kawasaki Heavy Industries,
Kawasaki Kisen Kaisha,
Kawasho,
KDDI,
Keihin Electric Express,
Keio Electric Railway,
Keisei Electric Railway,
Keiyo Bank,
Kenwood,
Keyence,
Kinki Nippon Railway,
Kirin Brewery,
Kita-Osaka Kyuko Railway,
Kiyo Bank,
Kobe Electric Railway,
Kobe New Transit,
Kobe Steel,
Komatsu,
Konami,
Kongō Gumi, bâtiment,
Konica Minolta,
Kubota,
Kumagai Gumi,
Kuraya Sanseido,
Kyocera,
Kyushu Electric Power,
Kyushu Railway Company,
Kyushu-Shinwa Holdings,
Livedoor,
Leopalace21,
Lucky Records,
Mabuchi Motor,
Maeda,
Marubeni,
Maruha,
Marui,
Matsushita, Panasonic,
Mazda,
Meiji Dairies,
Metropolitan Intercity Railway Company,
Michinoku Bank,
Millea Holdings,
Mitsubishi,
Mitsubishi Motors Corporation,
Nikon,
Mitsubishi Chemical,
Mitsubishi Electric,
Mitsubishi Estate,
Mitsubishi Heavy Industries,
Mitsubishi Materials,
Mitsui,
Mitsui Chemicals,
Mitsui Engineering & Ship,
Mitsui Fudosan,
Mitsui O.S.K. Lines,
Mitsui Sumitomo Insurance,
Mitsui Trust,
Mitsukoshi,
Miyazaki Bank,
Mizuho Financial,
Mizuno,
Momiji Holdings,
Murata Manufacturing,
Musashino Bank,
Nagoya Railroad,
Nakajima Aircraft Company,
Namco, développement de jeux vidéo,
Nankai Electric Railway,
Nanto Bank,
Nichirei,
Nichiro,
Nidec,
NEC,
Nikko Cordial,
Nikon,
Nintendo,
Nippon Electric Glass,
Nippon Express,
Nippon Light Metal,
Nippon Meat Packers,
Nippon Mining,
Nippon Oil,
Nippon Shinpan,
Nippon Steel,
Nippon Steel Trading,
Nippon TV Network,
Nippon Unipac,
Nipponkoa Insurance,
Nippon Yusen,
Nishi-Nippon Bank,
Nishimatsu Construction,
Nismo,
Nissan,
Nissay Dowa General Insurance,
Nissin Food Products,
Nissin Steel,
NTT,
NTT DoCoMo,
Nissho Iwai-Nichimen,
Nitto Denko,
Nok,
Nomura,
Nomura Research Institute,
Nose Railway,
NSK (company),
Obayashi,
Odakyu Electric Railway,
Ogaki Kyoritsu Bank,
Oita Bank,
Oji Paper,
Oki Electric Industry,
Olympus,
Omron,
Onkyo,
Ono Pharmaceutical,
Orient,
Oriental Land Company,
Orix,
Osaka Gas,
Pioneer,
Promise,
Reliance,
Resona Holdings,
Ricoh, équipement de bureau,
Rohm,
San-In Godo Bank,
Sankyo,
Sanyo,
Sapporo Hokuyo,
Secom,
SEGA,
Seibu Railway,
Seiko,
Seikosha,
Seino Transportation,
Seiyu,
Sekisui Chemical,
Sekisui House,
Sharp Corporation,
Shiga Bank,
Shikoku Bank,
Shikoku Electric Power,
Shikoku Railway Company,
Shimano,
Shimizu Corporation,
Shin-Etsu Chemical,
Shin-Keisei Electric Railway,
Shinko Securities,
Shinonogi & Co,
Shiseido (cosmétiques),
Shizuoka Bank,
Showa Denko,
Shueisha (éditeur de livres),
Sintered Metal Corporation (SMC),
SNK,
SNK Playmore,
Snow Brand Milk,
Softbank,
Sojitz,
Sompo Japan Insurance,
Sony,
Square,
Standard & Poor,
Stanley Electric,
Subaru,
Sumikin Bussan,
Sumisho Lease,
Sumitomo,
Sumitomo Chemical,
Sumitomo Electric,
Sumitomo Forestry,
Sumitomo Heavy Industries,
Sumitomo Metal Industries,
Sumitomo Metal Mining,
Sumitomo Mitsui Financial,
Sumitomo Realty & Development,
Sumitomo Trust & Banking,
Suruga Bank,
Suzuken,
Suzuki,
Taiheiyo Cement,
Taisei,
Taisho Pharmaceutical,
Taiyo Life Insurance,
Takashimaya,
Takeda Chemical Industries,
Takeda Pharmaceuticals Inc.,
Takefuji,
TDK,
Teijin,
Terumo,
Tobu Railway,
Tochigi Bank,
Toda (company),
Toho Bank,
Tohoku Electric Power,
Tokio Marine and Fire Insurance,
Tokyo Broadcasting System,
Tokyo Electric Power,
Tokyo Electron,
Tokyo Gas,
Tokyo Kyuko Electric Railway,
Tokyu Land,
Tokyo Leasing,
Tokyo Marui,
Tokyo Metro,
Tokyo Tomin Bank,
Tomen,
Tommy Kaira,
Toppan Printing,
Toray Industries,
Toshiba, matériel électronique et informatique,
Tosoh,
Tostem Inax,
Toto,
Towa Bank,
Toyo Seikan Kaisha,
Toyo Tire & Rubber Company,
Toyoda Gosei,
Toyota,
Toyota Industries,
Toyota Tsusho,
UBE Industries,
UFJ Holdings,
Unifoods,
UNY,
West Japan Railway Company,
Yamada Denki,
Yamagata Bank,
Yamaguchi Bank,
Yamaha,
Yamaha Motor Corporation,
Yamanashi Chou Bank,
Yamanouchi Pharm,
Yamato Life,
Yamato Transport,
Yamazaki Baking,
YKK, zipper manufacturer,
Yokogawa Electric,
Yokohama Rubber Company Limited,
Yonex,
Yoshinoya,
Amoi,
Beijing Li-Ning Sports Goods Company,
Cheung Kong Holdings,
China Vanke Co Ltd,
Global China Group Holdings Limited,
Hisense,
Huawei,
Hutchison Whampoa,
Jardine Matheson Holdings Limited,
Macau Jockey Club,
Sands Macau,
Shun Tak Holdings Ltd,
Sociedade de Turismo e Diversoes de Macao,
Adam's Chinese food,
Dairy Farm International Holdings Limited - (Hong-Kong),
Tsingtao,
Agricultural Bank of China,
Bank of China,
Bank of China,
Bank of East Asia,
China Construction Bank,
CITIC,
Industrial and Commercial Bank of China,
Ping An of China ,
Shanghai Pudong Development Bank,
Shenzhen Development Bank,
Geely Automobile,
Haier,
Jialing,
Suntech Cyberworks Zhuhai Ltd.,
TCL Corporation,
Asiainspection,
Hopewell Holdings Ltd,
Asia Television Ltd ,
China Mobile,
China Netcom,
China Telecom,
China Unicom ou China United Telecommunications Corporation,
Golden Harvest,
Kejian,
Pacific Century Cyberworks,
SmarTone,
Television Broadcasts Limited,
ZTE,
Air China,
Air Macau,
Cathay Pacific,
China Eastern Airlines,
China Northwest Airlines,
China Post,
China Southern Airlines,
COSCO,
Hongkong Post ,
MTR Corporation Limited,
Transmac,
Transportas Companhia de Macao,
Baosteel,
China Greatvista Chemicals,
China Light and Power,
CNOOC,
Guangdong Electric Power Co.,
CNPC et PetroChina,
Shangyuchem,
Sinopec,
State Grid Corporation,
Baoji Titanium,
361 Degrees,
Aigo,
Alibaba,
Amoi,
Anta Sports,
Baidu,
Bank of China,
Bank of Communications,
,
Baosteel,
Beijing Hualian Group,
Bolisi,
Bosideng ,
Brilliance China Auto,
Cathay Pacific,
Chang'an Motors,
Changhe,
Cheung Kong Holdings,
Chery Automobile,
Chiaphua Components Group,
China Communications Construction,
China Construction Bank,
China Dongxiang,
China Eastern Airlines,
China Greatvista Chemicals,
China Housing and Land Development Inc.,
China Life Insurance Company,
China Light and Power,
China Mobile,
China National Security, Inc.,
China Netcom,
China Northwest Airlines,
China Post,
China Southern Airlines,
China Telecom,
China Unicom,
Chunlan Group Corp,
China National Tobacco Co.,
CITIC,
CNOOC,
CNPC,
Commercial Press,
COSCO,
Dairy Farm International Holdings Limited,
Dalian Hi-Think Computer Technology Corp. (DHC),
Dashang Group,
Dongfeng Motors,
DXY.cn,
ERKE,
Eno,
Feicheng Acid Chemicals,
Feiyue,
First Automobile Works,
Founder Group,
Fushi Copperweld,
Geely Automobile,
Global China Group Holdings Limited,
Golden Harvest,
Goods of Desire ,
Gree,
Haier,
Harbin Hafei Motor,
Harbin Beer,
Hasee Computer,
Hisense,
Hongkong Post,
Hong Kong Airways,
Hong Kong Express Airways,
Hopewell Holdings Ltd,
Huabao,
Hualian Group,
Huawei,
Hutchison Whampoa,
Icon Trademark & Patent Law office,
Industrial and Commercial Bank of China,
Inspur,
Jardine Matheson Holdings,
Jiangling Motors,
Jiuguang Department Store,
Kejian,
Kingdee,
Lenovo Group,
Liao Ning Zhong Wang Group,
Loncin Holdings, Ltd,
Little Sheep Group,
Li Ning Company,
Mengniu,
Midea,
MTR Corporation Limited,
Metersbonwe Group,
Mr. Lee,
Nanjing Automobile Group,
Nepstar,
Neusoft Group,
Ningbo Bird,
Ownta,
Panda Electronics,
Pacific Century Cyberworks,
Peak Sport,
Pearl River Piano Group,
PICC,
Ping An of China,
Pou Sheng International,
Pou Sheng International,
Pou Sheng International,
Pearl River,
SANY Group Company Ltd,
Sands Macau,
Septwolves,
Shanda,
Shanghai Automotive Industry Corporation,
Shanghai Film Group Corporation,
Shanghai GM,
Shanghai Pudong Development Bank,
Shanghai Tang,
Shangyuchem,
Shaolin Temple UK,
Shenyang Aircraft Corporation,
Shenzhen Development Bank,
Shougang,
Shui On Land,
Shun Tak Holdings Ltd,
Sinoenergy Corporation,
Sinopec,
Sinosteel,
Skyworth,
SmarTone,
SmithStreetSolutions,
State Grid Corporation,
Suntech Power,
SVA Group,
TCL Corporation,
Television Broadcasts Limited,
Tencent Holdings,
Tianan Insurance,
Tianjin Xiali,
Transmac,
Transportas Companhia de Macau,
Tsingtao Brewery,
Tong Ren Tang,
Topray Solar Co. Ltd.,
UFIDA Software,
Vtech,
Vivienne Tam,
Vinda,
West China Cement,
Wang & Li Asia Resources,
Yutong Group,
Xtep,
Yahorng,
Yili dairy and ice-cream,
ZTE,
ZX AUTO,
,
,
 A P  Møller,
A P Moller-Maersk,
Norske Shell,
AB Electrolux,
ABB,
ABB Business Services,
Acrotecna,
ACS Proyectos,
Adam Opel,
Adecco,
Adecco Corporate Center,
Adecco Gruppe,
AFK "Sistema,
AG,
AGIP Petroli,
Agricom,
Air France,
Air Liquide L' S A,
Airbus,
Aker Kvarner Oil and Gas Field,
Aker RGI,
Akron,
Akzo Nobel,
Albbaker,
Alcatel,
Alcatel Headquarters,
Aldi Einkauf und,
Aldi Group,
Aldi Gruppe,
Aldi Süd,
Algemene Maatschappij VOOR,
Alliance UniChem,
Allianz Immobilien,
Allianz Lebensversicherungs,
Alrosa  Diamonds Production Amalgamation,
Alstom,
Alstom Power,
Altadis SA,
Alusuisse Italia,
AMAG Automobil- und Motoren,
Anglo American,
Aragonesa Petroleos,
Aral,
Aral,
Aral Mineraloelvertrieb,
Arbed,
Arcadia Petroleum,
Arcelor Usinor,
Areva,
Arktikmorneftegazrazvedka State Unitary Enterprise,
Arvin Meritor,
Asda Stores,
Asda Stores Limited,
Aselsan ElektronýK Sanayý TÝCaret,
AstraZeneca,
Auchan,
Auchan Aventis,
Aviva,
Avnet,
Avon Cosmetics,
Avtodizel Yaroslavsky Motorny,
AXA,
AXA Anonyme,
AXA Conseil Iard Groupe AXA,
AXA Insurance UK,
AXA Konzern AG,
AXA UK,
BAE Systems,
Balkanskaya zvezda Tabacco Plant,
Banca Intesa SPA,
Banco Bilbao Vizcaya Argentaria,
Banco de Credito Local de Espana S A,
Banco Santander Central Hispano S A  STD,
Bank Austria Creditanstalt AG,
Bank Ukraina,
Barclays,
Barclays Bank,
Bascom Belgium,
Base Group PLC,
Bavlyneft,
Bayer,
Baykalsk Pulp and Paper Mill Co,
Belaruskali Production Amalgamation,
Belebei Agricultural C,
Beloretsk IRON &Steel Works,
Beloretsky Metallurgical,
Belovugol Co,
Bertelsmann,
BHP Billiton,
Big Food,
Bilbao Ría 2000,
BMW,
Bouygues,
Bouygues Groupe,
BP,
BP International Limited,
BP Limited,
BP Oil UK,
BP Petrochemicals,
Bravida Norge,
Britannia Building Society,
British Aerospace,
British Airways,
British Airways World Cargo,
British GAS Trading Limited,
British Telecommunications,
British-American Tobacco,
BSI Inspectorate Suisse,
BT,
Cadbury Schweppes,
Caixa d'Estalvis de CatalunyaC,
Caja de Ahorros del Mediterraneo,
Caja de Ahorros y Monte de Piedad de Navarra,
Caja Laboral Popular, Cooperative de Credito,
Caramondani Bros,
Carrefour,
Casino Guichard-Perrachon,
Castorama-Dubois Investissements,
CEA Industrie,
Celesio AG,
Celohart S A,
Centea Nv,
Centrica,
Centros Comerciales Carrefour,
Centrum,
CEPSA,
Cgnu,
Che Napoleon Les Bossons,
Chelyabinski truboprokatny zavod,
Cherepovets Ste,
Cherkizovo,
herkizovski myasopererabatyvajuschi zavod,
Chesfield,
Christian Dior,
Chusovskoi metalurgicheski zavod  Chusovskoi Meta,
CIE Exploitation SCE Auxiliaire Aerien Servair,
Cirio,
Cisco Systems,
CJSC Togliattiazot,
Clariant Life Science Molecules,
Clariant Polska Sp. z.o.o.,
Comceh Calarasi S A,
Commerzbank,
Compagnie de Saint-Gobain SGO,
Compagnie Générale des Etablissements,
Compaignie Financiere Alcatel ALA,
Compañia España,
Compania Nationala de CAI Ferate "CFR" SA,
Compass,
Conservatoire national des arts et métiers,
Consolidated Contractors Co,
Coop Schweiz,
Co-Operative  C W S,
Corus,
Coventry Building Society,
Credit Agricole D'ILE-de-France,
Credit Lyonnais,
Credit Suisse,
Credito Valtellinese,
Cross Channel Catering,
De Nederlanden Compagnie,
BANK Deutsche Zentral-Genossenschaftsbank,
Casino France,
Daewoo-FSO Motor SA,
DaimlerChrysler,
DaimlerChrysler Financial Services AG,
DaimlerChrysler Services,
Dalmoreproduct OJS Holding,
Damart TSD,
Degussa,
Delhaize,
Delhaize "Le Lion" SA,
Deloitte,
Deloitte und Touche,
Delta Diffusion S A,
Den norske Bank London Branch,
Depfa Bank,
Detergenti,
Deutsche,
Deutsche Bahn Aktiengesellschaft,
Deutsche Bank,
Deutsche Lufthansa,
Deutsche Post World Net,
Deutsche Post World Net AG,
Deutsche Shell,
Deutsche Telekom,
Deutsch-Ordens Hospitalwerk,
Dexia,
Dexia Insurance,
Dexteredge,
DHL Worldwide Network,
Dneprovskiy Integrated Iron and Steel Works,
Donbassenergo,
Donskoi tabak Donskaya Tobacco Factory,
Dresdner Bank,
DZ Bank,
Ruhrgas,
CEPSA,
CEPSA Estaciones de Servicio SA,
E  Leclerc,
Eads,
Eads Casa,
EADS N V,
Edeka Zentrale Aktiengesellschaft,
Edward Thompson Printers,
El Corte Inglés S A,
Electrabel,
Electrabel,
Electricite de France,
Electrolux  koncernen,
Elekta,
Elf,
Enajenación de Materiales Ferroviarios,
Emfe,
EnBW Energie Baden-Württemberg,
ENBW Energie Baden-Württemberg AG,
Endesa,
Endesa Distribución SA,
Enel,
Enel Distribuzione,
Energie Baden-Württemberg AG,
Eni .,
Enitel,
Eon,
Eon Energie,
Eon Sales & Trading,
Epsol YPF Trading Y Transporte S A,
ERG,
Ericsson,
Telefonaktiebolaget LM,
Ericsson Telecommunications,
Ernst und Young Deutsche Allgemeine Treuhand AG,
Ernst und Young Revisions- und Treuhandgesellschaf,
Esso Italiana,
EssoF.,
Etablis,
Delhaize Freres Cie,
Eurohypo AG,
Rheinische Hypothekenb,
European Aeronautic Defence,
European Drinks,
Exxon Mobil Centra,
EXXON MOBIL NORGE AS,
Exxonmobil
)