@carMakers=(
ABARTH,
abarth,
Abarth,
ADLER,
adler,
Adler,
ALEKO,
aleko,
Aleko,
ALPINA,
alpina,
Alpina,
AUDI,
audi,
Audi,
AUSTIN,
austin,
Austin,
AUTOBIANCHI,
autobianchi,
Autobianchi,
AUVERLAND,
auverland,
Auverland,
BENTLEY,
bentley,
Bentley,
BERTONE,
bertone,
Bertone,
BIZZARRINI,
bizzarrini,
Bizzarrini,
BMW,
bmw,
BRISTOL,
bristol,
Bristol,
BUGATTI,
bugatti,
Bugatti,
BUICK,
buick,
Buick,
CADILLAC,
cadillac,
Cadillac,
CATERHAM,
caterham,
Caterham,
CHEVROLET,
chevrolet,
Chevrolet,
CHRYSLER,
chrysler,
Chrysler,
CITROEN,
citroen,
Citroen,
DAEWOO,
daewoo,
Daewoo,
DAIHATSU,
daihatsu,
Daihatsu,
DAIMLER,
daimler,
Daimler,
DANGEL,
dangel,
Dangel,
DATSUN,
datsun,
Datsun,
DELAGE,
delage,
Delage,
DELAHAYE,
delahaye,
Delahaye,
DODGE,
dodge,
Dodge,
DONKERVOORT,
donkervoort,
Donkervoort,
DONNET,
donnet,
Donnet,
EBRO,
ebro,
Ebro,
FERRARI,
ferrari,
Ferrari,
FIAT,
fiat,
Fiat,
FORD,
ford,
Ford,
FSO,
fso,
GRANDIN,
grandin,
Grandin,
HILLMAN,
hillman,
Hillman,
HOMMELL,
hommell,
Hommell,
HONDA,
honda,
Honda,
HOTCHKISS,
hotchkiss,
Hotchkiss,
HUDSON,
hudson,
Hudson,
HUMBER,
humber,
Humber,
HUMMER,
hummer,
Hummer,
HYUNDAI,
hyundai,
Hyundai,
IATO,
iato,
Iato,
INNOCENTI,
innocenti,
Innocenti,
ISUZU,
isuzu,
Isuzu,
IVECO,
iveco,
Iveco,
JAGUAR,
Jaguar,
JEEP,
jeep,
Jeep,
JENSEN,
jensen,
Jensen,
KIA,
kia,
Kia,
LADA,
lada,
Lada,
LAMBORGHINI,
lamborghini,
Lamborghini,
LANCIA,
lancia,
Lancia,
LEXUS,
lexus,
Lexus,
LIGIER,
ligier,
Ligier,
LINCOLN,
lincoln,
Lincoln,
LOTUS,
Lotus,
MacLaren,
MacLaren-Mercedes,
MAHINDRA,
mahindra,
Mahindra,
MARUTI,
maruti,
Maruti,
MASERATI,
maserati,
Maserati,
MATRA,
matra,
Matra,
MAZDA,
mazda,
Mazda,
MERCEDES,
mercedes,
Mercedes,
MITSUBISHI,
mitsubishi,
Mitsubishi,
MORGAN,
morgan,
Morgan,
MOSKVITCH,
moskvitch,
Moskvitch,
NASH,
nash,
Nash,
NECKAR,
neckar,
Neckar,
NISSAN,
nissan,
Nissan,
OLDSMOBILE,
oldsmobile,
Oldsmobile,
OPEL,
opel,
Opel,
OSI,
osi,
Osi,
PACKARD,
packard,
Packard,
PANHARD,
panhard,
Panhard,
PANTHER,
panther,
Panther,
PEUGEOT,
peugeot,
Peugeot,
PLYMOUTH,
plymouth,
Plymouth,
POLSKI,
polski,
Polski,
PONTIAC,
pontiac,
Pontiac,
PORSCHE,
porsche,
Porsche,
RELIANT,
Reliant,
RENAULT,
renault,
Renault,
ROVER,
rover,
Rover,
SAAB,
saab,
Saab,
SANTANA,
santana,
Santana,
SEAT,
seat,
Seat,
SIMCA,
simca,
Simca,
SKODA,
skoda,
Skoda,
SMART,
smart,
Smart,
SSANGYONG,
ssangyong,
Ssangyong,
STUDBAKER,
studbaker,
Studbaker,
SUBARU,
subaru,
Subaru,
SUNBEAM,
sunbeam,
Sunbeam,
SUZUKI,
suzuki,
Suzuki,
TOYOTA,
toyota,
Toyota,
TRIUMPH,
triumph,
Triumph,
VAUXHALL,
vauxhall,
Vauxhall,
VENTURI,
venturi,
Venturi,
VESPA,
vespa,
Vespa,
VOLKSWAGEN,
volkswagen,
Volkswagen,
VOLVO,
volvo,
Volvo,
WILLYS,
willys,
Willys,
WOLSLEY,
wolsley,
Wolsley,
ZASTAVA,
zastava,
Zastava
)
