@organization=(A.F.N.O.R.,
A.F.P.,
A.N.,
A.N.P.E.,
A.N.R.T.,
ANVAR,
A.P.,
A.R.A.M.C.O.,
A.S.S.E.D.I.C.,
B.A.S.F.,
Batasuna,
BBC,
B.N.P.,
Boeing,
B.O.,
Bourse,
B.P.,
B.R.G.M.,
Bull,
C.A.M.I.F.,
C.C.P.,
C.D.C.,
C.E.A.$NP,
C.E.E.$NP,
C.E.C.A.,
Cegetel,
C.F.D.T.,
C.F.T.C.,
C.G.C.,
C.G.E.,
C.G.I.,
C.G.T.-F.O.,
C.G.T.,
CII-Honeywell-Bull,
CII,
C.N.P.F.,
C.N.R.S.,
C.O.B.,
C.O.M.E.C.O.N.,
Croix-Rouge,
CROUS,
C.R.S.,
D.G.R.S.T.,
D.S.T.,
E.D.F.,
E.T.A.,
Elf-Aquitaine,
Elf,
Esso,
Fatah,
F.A.O.,
F.S.F.,
F.I.N.U.L.,
FIS,
F.L.N.,
F.M.I.,
F.N.A.C.,
F.N.L.C.,
F.N.S.E.A.,
F.O.,
Framatome,
GATT,
Gaudriot,
G.D.F.,
G.S.I.,
H.L.M.,
HP,
Hun,
I.B.M.,
I.F.I.P.,
IFOP,
I.F.P.,
I.N.P.I.,
I.N.R.A.,
I.N.R.I.A.,
I.N.S.E.E.,
Interpol,
I.R.A.,
I.R.D.I.,
L.D.C.,
M.I.T.,
M.L.F.,
M.R.G.,
N.A.S.A.,
Netgem,
O.C.D.E.,
O.L.P.,
O.M.S.,
ONU,
O.N.U.$NP,
O.P.E.P.,
O.T.A.N.$NP,
O.U.A.,
P.C.F.,
P.C.,
P.C.U.S.,
Pentagone,
P.J.,
Polytechnique,
P.O.U.P.,
Prisunic,
P.S.,
P.S.U.,
P.T.T.,
R.A.F.,
R.A.T.P.,
Renault,
R.P.R.,
R.V.I.,
S.A.C.E.M.,
Saint-Office,
SAMU,
S.A.P.,
S.D.N.,
Sécu,
S.E.I.T.A.,
Sénat,
S.F.I.O.,
S.F.R.,
S.N.C.F.,
S.N.E.S.,
S.N.E.Sup,
Sorbonne,
S.S.,
Touring-Club,
U.A.P.,
U.C.P.A.,
U.D.R.,
U.R.S.S.$NP,
U.S.A.F.,
USAF,
U.S.N.,
USN,
Unesco,
Unicef,
Wisigoth,
Greenpeace
)
