unit=(
an,
°,
demi-jour,
demi-journée,
dioptrie,
décimètre,
heure,
journée,
minute,
nano-seconde,
sesterce,
varheure,
µA,
µbar,
µBq,
µC,
µcd,
µF,
µg,
µGy,
µH,
µHz,
µJ,
µl,
µlm,
µlx,
µm,
µmol,
µN,
µNt,
µPa,
µs,
µS,
µSv,
µT,
µV,
µW,
µWb,
abar,
acre,
acre,
ampère,
ânée,
are,
arpent,
attoampère,
attobar,
attobecquerel,
attocandela,
attocoulomb,
attofarad,
attogramme,
attogray,
attohenry,
attohertz,
attojoule,
attolitre,
attolumen,
attolux,
attomètre,
attomole,
attonewton,
attonit,
attoohm,
attopascal,
attoseconde,
attosiemens,
attosievert,
attotesla,
attovolt,
attowatt,
attoweber,
aune,
ayminate,
bar,
barrique,
becquerel,
hectare,
hectoampère,
hectobar,
hectobecquerel,
hectocandela,
hectocoulomb,
hectofarad,
hectogramme,
hectogray,
hectohenry,
hectohertz,
hectojoule,
hectolitre,
hectolumen,
hectolux,
hectomètre,
hectomole,
hectonewton,
hectonit,
hectoohm,
hectopascal,
hectoseconde,
hectosiemens,
hectosievert,
hectotesla,
hectovolt,
hectowatt,
hectoweber,
henry,
hertz,
hommée,
joule,
jour,
kelvin,
kiloampère,
kilobar,
kilobecquerel,
kilocandela,
kilocoulomb,
kilofarad,
kilogray,
kilohenry,
kilohertz,
kilojoule,
kilolitre,
kilolumen,
kilolux,
kilomètre,
kilomole,
kilonewton,
kilonit,
kiloohm,
kilopascal,
kiloseconde,
kilosiemens,
kilosievert,
kilotesla,
kilotonne,
kilovolt,
kilowatt,
kiloweber,
lampe,
liard,
lieue,
ligne,
litre,
litron,
livre,
lumen,
lux,
maille,
mégaampère,
mégabar,
mégabecquerel,
mégacalorie,
mégacandela,
mégacoulomb,
mégafarad,
mégagramme,
mégagray,
mégahenry,
mégahertz,
mégajoule,
mégalitre,
mégalumen,
mégalux,
mégamètre,
méganewton,
méganit,
mégaohm,
mégapascal,
mégaseconde,
mégasiemens,
mégasievert,
mégatesla,
mégatonne,
mégavolt,
mégawatt,
mégaweber,
mencaudée,
mesure,
mesuret,
mètre,
microampère,
microbar,
microbecquerel,
microcandela,
microcoulomb,
microfarad,
microgramme,
microgray,
microhenry,
microhertz,
microjoule,
microlitre,
microlumen,
microlux,
micromètre,
micromole,
micronewton,
micronit,
microohm,
micropascal,
microseconde,
microsiemens,
microsievert,
microtesla,
microvolt,
microwatt,
microweber,
migère,
mil,
mile,
mille,
millélaire,
millénaire,
milliampère,
millibar,
millibecquerel,
millicandela,
millicoulomb,
millier,
millifarad,
milligramme,
milligrade,
milligray,
millihenry,
millihertz,
millijoule,
millilitre,
millilumen,
millilux,
millimètre,
millimole,
millinewton,
millinit,
milliohm,
millipascal,
milliröntgen,
milliroentgen,
milliseconde,
millisiemens,
millisievert,
millitesla,
millithermie,
millivolt,
milliwatt,
milliweber,
minot,
mois,
mole,
moule,
benne,
bicherée,
bichet,
boisseau,
bonnier,
brasse,
cade,
candela,
cartallée,
centiampère,
centibar,
centibecquerel,
centicandela,
centicoulomb,
centifarad,
centigrade,
centigramme,
centigray,
centihenry,
centihertz,
centijoule,
centilitre,
centilumen,
centilux,
centimètre,
centimole,
centinewton,
centinit,
centiohm,
centipascal,
centiseconde,
centisiemens,
centisievert,
centitesla,
centivolt,
centiwatt,
centiweber,
cétérée,
charge,
charretée,
chopine,
cosse,
coulomb,
coupée,
décaampère,
décabar,
décabecquerel,
décacandela,
décacoulomb,
décade,
décafarad,
décagramme,
décagray,
décahenry,
décahertz,
décajoule,
décalitre,
décalumen,
décalux,
décamètre,
décamole,
décanewton,
décanit,
décaohm,
décapascal,
décaseconde,
décasiemens,
décasievert,
décatesla,
décavolt,
décawatt,
décaweber,
déciampère,
décibar,
décibecquerel,
décicandela,
décicoulomb,
décifarad,
décigramme,
décigray,
décihenry,
décihertz,
décijoule,
décilitre,
décilumen,
décilux,
decimètre,
décimole,
décinewton,
décinit,
déciohm,
décipascal,
déciseconde,
décisiemens,
décisievert,
décitesla,
décivolt,
déciwatt,
déciweber,
degré,
démanchée,
denier,
dourg,
écu,
émine,
eminée,
éminée,
encâblure,
exaampère,
exabar,
exabecquerel,
exacandela,
exacoulomb,
exafarad,
exagramme,
exagray,
exahenry,
exajoule,
exalitre,
exalumen,
exalux,
examètre,
examole,
exanewton,
exanit,
exaohm,
exapascal,
exaseconde,
exasiemens,
exasievert,
exatesla,
exatonne,
exavolt,
exawatt,
exaweber,
faix,
farad,
femtoampère,
femtobar,
femtobecquerel,
femtocandela,
femtocoulomb,
femtofarad,
femtogramme,
femtogray,
femtohenry,
femtohertz,
femtojoule,
femtolitre,
femtolumen,
femtolux,
femtomètre,
femtomole,
femtonewton,
femtonit,
femtoohm,
femtopascal,
femtoseconde,
femtosiemens,
femtosievert,
femtotesla,
femtovolt,
femtowatt,
femtoweber,
feuillette,
florin,
franc,
gallon,
gigaampère,
gigabar,
gigabecquerel,
gigacandela,
gigacoulomb,
gigafarad,
gigagramme,
gigagray,
gigahenry,
gigahertz,
gigajoule,
gigalitre,
gigalumen,
gigalux,
gigamètre,
gigamole,
giganewton,
giganit,
gigaohm,
gigapascal,
gigaseconde,
gigasiemens,
gigasievert,
gigatesla,
gigatonne,
gigavolt,
gigawatt,
gigaweber,
grade,
grain,
gramme,
gray,
gros,
nanoampère,
nanobar,
nanobecquerel,
nanocandela,
nanocoulomb,
nanofarad,
nanogramme,
nanogray,
nanohenry,
nanohertz,
nanojoule,
nanolitre,
nanolumen,
nanolux,
nanomètre,
nanomole,
nanonewton,
nanonit,
nanoohm,
nanopascal,
nanoseconde,
nanosiemens,
nanosievert,
nanotesla,
nanovolt,
nanowatt,
nanoweber,
newton,
nit,
obole,
ohm,
once,
ouvrée,
oz,
palme,
pam,
pan,
parsec,
pas,
pascal,
perche,
petaampère,
petabar,
petabecquerel,
petacandela,
petacoulomb,
petafarad,
petagramme,
petagray,
petahenry,
petahertz,
petajoule,
petalitre,
petalumen,
petalux,
petamètre,
petamole,
petanewton,
petanit,
petaohm,
petapascal,
petaseconde,
petasiemens,
petasievert,
petatesla,
petatonne,
petavolt,
petawatt,
petaweber,
petite,
picoampère,
picobar,
picobecquerel,
picocandela,
picocoulomb,
picofarad,
picogramme,
picogray,
picohenry,
picohertz,
picojoule,
picolitre,
picolumen,
picolux,
picomètre,
picomole,
piconewton,
piconit,
picoohm,
picopascal,
picoseconde,
picosiemens,
picosievert,
picotesla,
picotin,
picovolt,
picowatt,
picoweber,
picte,
pied,
pinte,
pipe,
pistolet,
poignerée,
point,
pot,
pouce,
quade,
quartaut,
quarte,
quarterée,
quartière,
quateron,
quintal,
radian,
rasière,
roche,
ruche,
salmée,
seconde,
semestre,
sésterée,
setier,
sétier,
seytive,
siècle,
siemens,
sievert,
sol,
stéradian,
téraampère,
térabar,
térabecquerel,
téracandela,
téracoulomb,
térafarad,
téragramme,
téragray,
térahenry,
térahertz,
térajoule,
téralitre,
téralumen,
téralux,
téramètre,
téramole,
téranewton,
téranit,
téraohm,
térapascal,
téraseconde,
térasiemens,
térasievert,
tératesla,
tératonne,
téravolt,
térawatt,
téraweber,
tesla,
teston,
tex,
toise,
tonne,
tonneau,
tour,
trimestre,
trousse,
vase,
velte,
verge,
voie,
volt,
watt,
weber,
yoctoampère,
yoctobar,
yoctobecquerel,
yoctocandela,
yoctocoulomb,
yoctofarad,
yoctogramme,
yoctogray,
yoctohenry,
yoctohertz,
yoctojoule,
yoctolitre,
yoctolumen,
yoctolux,
yoctomètre,
yoctomole,
yoctonewton,
yoctonit,
yoctoohm,
yoctopascal,
yoctoseconde,
yoctosiemens,
yoctosievert,
yoctotesla,
yoctovolt,
yoctowatt,
yoctoweber,
yottaampère,
yottabar,
yottabecquerel,
yottacandela,
yottacoulomb,
yottafarad,
yottagramme,
yottagray,
yottahenry,
yottahertz,
yottajoule,
yottalitre,
yottalumen,
yottalux,
yottamètre,
yottamole,
yottanewton,
yottanit,
yottaohm,
yottapascal,
yottaseconde,
yottasiemens,
yottasievert,
yottatesla,
yottavolt,
yottawatt,
yottaweber,
zeptoampère,
zeptobar,
zeptobecquerel,
zeptocandela,
zeptocoulomb,
zeptofarad,
zeptogramme,
zeptogray,
zeptohenry,
zeptohertz,
zeptojoule,
zeptolitre,
zeptolumen,
zeptolux,
zeptomètre,
zeptomole,
zeptonewton,
zeptonit,
zeptoohm,
zeptopascal,
zeptoseconde,
zeptosiemens,
zeptosievert,
zeptotesla,
zeptovolt,
zeptowatt,
zeptoweber,
zettaampère,
zettabar,
zettabecquerel,
zettacandela,
zettacoulomb,
zettafarad,
zettagramme,
zettagray,
zettahenry,
zettahertz,
zettajoule,
zettalitre,
zettalumen,
zettalux,
zettamètre,
zettamole,
zettanewton,
zettanit,
zettaohm,
zettapascal,
zettaseconde,
zettasiemens,
zettasievert,
zettatesla,
zettatonne,
zettavolt,
zettawatt,
zettaweber,
kilo,
kilogramme,
lek,
peso,
schilling,
dollar,
franc,
lev,
curzeiro,
rouble,
dollar,
franc,
franc,
peso,
yuan,
peso,
livre,
couronne,
mark,
DKK,
couronne,
peso,
dinar,
sucre,
couronne,
livre,
peseta,
€,
EUR,
euro,
mark,
fois,
franc,
livre,
cedi,
drachme,
quetzal,
dollar,
lempira,
kuna,
forint,
roupie,
livre,
shekel,
roupie,
rial,
lire,
shilling,
riel,
won,
livre,
litas,
franc,
franc,
lats,
dirham,
leu,
kyat,
tugrik,
livre,
roupie,
ringgit,
naira,
cordoba,
florin,
couronne,
dollar,
sol,
kina,
peso,
zloty,
guarani,
leu,
rouble,
couronne,
dollar,
tolar,
couronne,
livre,
baht,
livre,
dollar,
karbovanet,
dollar,
peso,
bolivar,
dong,
franc,
dinar,
ALL,
ARS,
ATS,
AUDr,
BEF,
BGL,
BRN,
BYD,
CAD,
CHF,
CLP,
CNY,
COP,
CUP,
CYP,
CZK,
DEM,
DOP,
DZD,
ECS,
EEK,
EGP,
ESP,
FIM,
FRF,
GBP,
GHC,
GRD,
GTQ,
HKD,
HNL,
HRK,
HUF,
IDR,
IEP,
ILS,
INR,
IRR,
ITL,
KES,
KHR,
KRW,
LBP,
LTL,
LUF,
LVL,
MAD,
MDL,
MMK,
MNT,
MTL,
MUR,
MYR,
NGN,
NIO,
NLG,
NOK,
NZD,
PEN,
PGK,
PHP,
PLZ,
PYG,
ROL,
RUL,
SEK,
SGD,
SIT,
SKK,
SYP,
THB,
TRL,
TWD,
UAK,
USD,
UYU,
VEB,
VND,
XAF,
YUN,
ZAR,
rand,
centime,
cent,
DM,
Go,
Ko,
Mo,
méga-octet,
UCE,
caractères/seconde,
ch,
dB,
db,
eurodollar,
eurofranc,
hz,
kWh,
kilowatt-heure,
kilowattheure,
km/h,
tr/min,
wattheure,
Å,
roentgen,
röntgen,
année
)

