@CountryOrRegion=(
Afghanistan,
Africa,
Afrique,
Alagoas,
Albania,
Albanie,
Alberta,
Algeria,
Algérie,
Allemagne,
Amapa,
Amazonas,
America,
Amérique,
Amériques,
Andorra,
Andorre,
Angleterre,
Angola,
Anguilla,
Anhui,
Antarctica,
Antilles,
Antioquia,
Antri,
Ards,
Argentina,
Argentine,
Armagh,
Armenia,
Arménie,
Aruba,
Asia,
Australia,
Australie,
Austria,
Autriche,
Avon,
Azerbadjan,
Azerbaijan,
Azores,
Bahamas,
Bahia,
Bahrain,
Baleares,
Balkan,
Balkans,
Ballymena,
Ballymoney,
Banat,
Banbridge,
Bandundu,
Bandungu,
Bangladesh,
Barbade,
Barbados,
Bassas,
Bas-Zaire,
Basque\ Country,
Bedfordshire,
Belarus,
Bélarus,
Belau,
Belfast,
Belgique,
Belgium,
Belize,
Benelux,
Bengal,
Benin,
Bénin,
Berks,
Berkshire,
Bermuda,
Bermudes,
Bhoutan,
Bhutan,
Bielorussie,
Birma,
Birmanie,
Bolivia,
Bolivie,
Borders,
Bosnia,
Bosnia-Herzegovina,
Bosnie,
Botswana,
Brazil,
Brésil,
Britain,
Brunei,
Buckinghamshire,
Bulgaria,
Bulgarie,
Burkina,
Burma,
Burundi,
Cambodge,
Cambodia,
Cambridgeshire,
Cameroon,
Cameroun,
Canada,
CapVert,
Caribbean,
Carrickfergus,
Caucasus,
Castlereagh,
Ceara,
Centrafricaine,
Central\ African\ Republic,
Ceuta,
Chad,
Chechnya,
Cheshire,
Chenab,
Chiapas,
Chihuahua,
Chile,
Chili,
China,
Chine,
Chuuk,
Chypre,
Cleveland,
Clwyd,
Coleraine,
Colombia,
Colombie,
Columbia,
Comores,
Comoros,
Congo,
Cookstown,
Corée,
Cornwall,
Corsica,
Costa-Rica,
Craigavon,
Croatia,
Croatie,
Cuba,
Cumbria,
Curacao,
Cyprus,
Czechoslovakia,
Danemark,
Denmark,
Derbyshire,
Devon,
Djibouti,
Dominica,
Dominicaine,
Dominican\ Republic,
Dominique,
Dorset,
Dungannon,
Durham,
Dyfed,
Ecuador,
Egypt,
Égypte,
Emirates,
England,
Équateur,
Eritrea,
Espagne,
Essex,
Estonia,
Estonie,
États-Unis,
Ethiopia,
Éthiopie,
Europe,
Federal\ Republic\ of\ Germany,
Fermanagh,
Fidji,
Fife,
Fiji,
Finland,
Finlande,
France,
French\ Republic,
Gabon,
Gambia,
Gambie,
Gaza,
Georgia,
Géorgie,
Germany,
Ghana,
Gibraltar,
Gloucestershire,
Goias,
Grampian,
Grèce,
Great\ Britain
Greece,
Greenland,
Grenada,
Grenade,
Groenland,
Guadeloupe,
Guam,
Guatemala,
Guernsey,
Guerrero,
Guinea,
Guinea-Bissau,
Guinée,
Guinée-Bissau,
Guyana,
Guyane,
Gwent,
Gwynedd,
Haiti,
Haïti,
Hampshire,
Hants,
Haut-Zaire,
Herm,
Hertfordshire,
Herts,
Highland,
Hispaniola,
Holland,
Honduras,
Hongkong,
Hongrie,
Humberside,
Hungary,
Iceland,
Îles,
Inde,
India,
Indochina,
Indonesia,
Indonésie,
Irak,
Iran,
Iraq,
Ireland,
Irlande,
Islande,
Israel,
Israël,
Italie,
Italy,
Ittoqqortoormiit,
Jamaica,
Jamaïque,
Japan,
Japon,
Jersey,
Jordan,
Jordanie,
Kasala,
Kashmir,
Katar,
Kazakhie,
Kazakhstan,
Kent,
Kenya,
Kinshasa,
Kirghizie,
Kirghizistan,
Kirghiztan,
Kiribati,
Kivu,
Koeln,
Korea,
Kosovo,
Kosrae,
Krajina,
Kudapokuna,
Kuwait,
Kyrgyzstan,
Labrador,
Lancashire,
Lancs,
Laos,
Larne,
Latvia,
Lebanon,
Leicestershire,
Lesotho,
Lettonie,
Liban,
Liberia,
Libéria,
Libya,
Libye,
Liechtenstein,
Limavady,
Lincolnshire,
Lisburn,
Lithuania,
Lithuanie,
Lituanie,
Londonderry,
Lothian,
Luxembourg,
Macao,
Macau,
Macédoine,
Macedonia,
Madagascar,
Madeira,
Magherafelt,
Malaisie,
Malawi,
Malaysia,
Maldives,
Mali,
Malta,
Malte,
Manitoba,
Maranhao,
Maroc,
Martinique,
Maurétanie,
Maurice,
Mauritania,
Mauritanie,
Mauritius,
Mayotte,
Mediterranean,
Melilla,
Merseyside,
Mexico,
Mexique,
Micronesia,
Micronésie,
Mideast,
Midwest,
Moldavia,
Moldavie,
Moldova,
Monaco,
Mongolia,
Mongolie,
Montenegro,
Montserrat,
Morocco,
Moyle,
Mozambique,
Myanma,
Myanmar,
Namibia,
Namibie,
Nauru,
Nayarit,
Nepal,
Népal,
Netherlands,
Nevis,
Newfoundland,
Newtownabbey,
New\ Caledonia,
New\ Guinea,
New\ Zealand,
Nicaragua,
Niger,
Nigeria,
Niue,
Norfolk,
Normandes,
Normandy,
Northamptonshire,
Northants,
Northumberland,
North\ Africa,
North\ America,
Norvège,
Norway,
Nottinghamshire,
Nouvelle-Calédonie,
Nouvelle-Guinée,
Nouvelle-Zélande,
Nunavut,
NZ,
Oaxaca,
Oceania,
Omagh,
Oman,
Ontario,
Orkney,
Ouganda,
Ouzbékistan,
Oxfordshire,
Oxon,
Pakistan,
Palau,
Palestine,
Panama,
Papoua,
Papouasie,
Para,
Paraguay,
Paraiba,
Parana,
Pernambuco,
Pérou,
Peru,
Philippines,
Piaui,
Pituffik,
Pohnpei,
Poland,
Pologne,
Polynésie,
Portugal,
Powys,
Providencia,
Puertollano,
Puerto-Rico,
Puerto\ Rico,
Punjab,
Qatar,
Quebec,
Queensland,
Reunion,
Romania,
Rondonia,
Roraima,
Rouanda,
Roumanie,
Royaume,
Royaume-Uni,
Russia,
Russie,
Rutland,
Rwanda,
Saba,
Sainte-Hlène,
Sainte-Lucie,
Saint-Pierreet,
Salvador,
Samoa,
Sask,
Saskatchewan,
Saxony,
Scotland,
Senegal,
Sénégal,
Serbia,
Sergipe,
Sevastopol,
Seychelles,
Shaba,
Shetland,
Shropshire,
Siangan,
Sicily,
Sierra,
Sierra-Leone,
Sinaloa,
Singapore,
Singapour,
Slovakia,
Slovaquie,
Slovenia,
Slovénie,
Somali,
Somalia,
Somalie,
Somerset,
Sonora,
Souaziland,
Soudan,
South\ Africa,
South\ America,
South\ Australia,
Spain,
Spitsbergen,
Sri-Lanka,
SriLanka,
Sri\ Lanka,
Staffordshire,
St.Barthélemy,
Strabane,
Strathclyde,
Sudan,
Suède,
Suffolk,
Suisse,
Surinam,
Suriname,
Surrey,
Sussex,
Svalbard
Svalbard,
Swaziland,
Sweden,
Switzerland,
Syria,
Syrie,
Tadjikistan,
Tahiti,
Taiwan,
Taïwan,
Tajikistan,
Tanzania,
Tanzanie,
Tasmania,
Tayside,
Tchad,
Tchècoslovaquie,
Thailand,
Thaïlande,
Tibet,
Timor-Leste,
Tocantins,
Togo,
Tokelau,
Tonga,
Toro,
Tunésie,
Tunis,
Tunisia,
Tunisie,
Turkey,
Turkmenistan,
Turkménistan,
Turquie,
Tuvalu,
UAE,
Uganda,
U.K.,
UK,
Ukraine,
United\ Arab\ Emirates,
United\ Arab\ Republic,
United\ States,
Uruguay,
U.S.,
US,
U.S.A.,
USA,
U.S.S.R.,
USSR,
Uzbekistan,
Vanuatu,
Vatican,
Venezuela,
Victoria,
Vietnam,
Viètnam,
Wales,
Warwickshire,
West\ Germany,
Wiltshire,
Yap,
Yemen,
Yémen,
Yorkshire,
Yougoslavie,
Yugoslavia,
Yukon,
Zaire,
Zaïre,
Zambia,
Zambie,
Zimbabwe,
AFGHANISTAN,
AFRICA,
AFRIQUE,
ALAGOAS,
ALBANIA,
ALBANIE,
ALBERTA,
ALGERIA,
ALGÉRIE,
ALLEMAGNE,
AMAPA,
AMAZONAS,
AMERICA,
AMÉRIQUE,
AMÉRIQUES,
ANDORRA,
ANDORRE,
ANGLETERRE,
ANGOLA,
ANGUILLA,
ANHUI,
ANTARCTICA,
ANTILLES,
ANTIOQUIA,
ANTRI,
ARDS,
ARGENTINA,
ARGENTINE,
ARMAGH,
ARMENIA,
ARMÉNIE,
ARUBA,
ASIA,
AUSTRALIA,
AUSTRALIE,
AUSTRIA,
AUTRICHE,
AVON,
AZERBADJAN,
AZERBAIJAN,
AZORES,
BAHAMAS,
BAHIA,
BAHRAIN,
BALEARES,
BALKANS,
BALLYMENA,
BALLYMONEY,
BANBRIDGE,
BANDUNGU,
BANGLADESH,
BARBADE,
BARBADOS,
BASSAS,
BAS-ZAIRE,
BEDFORDSHIRE,
BELARUS,
BÉLARUS,
BELAU,
BELFAST,
BELGIQUE,
BELGIUM,
BELIZE,
BENIN,
BÉNIN,
BERKS,
BERKSHIRE,
BERMUDA,
BERMUDES,
BHOUTAN,
BHUTAN,
BIELORUSSIE,
BIRMA,
BIRMANIE,
BOLIVIA,
BOLIVIE,
BORDERS,
BOSNIA,
BOSNIA-HERZEGOVINA,
BOSNIE,
BOTSWANA,
BRAZIL,
BRÉSIL,
BRITAIN,
BRUNEI,
BUCKINGHAMSHIRE,
BULGARIA,
BULGARIE,
BURKINA,
BURMA,
BURUNDI,
CAMBODGE,
CAMBODIA,
CAMBRIDGESHIRE,
CAMEROON,
CAMEROUN,
CANADA,
CAPVERT,
CARRICKFERGUS,
CASTLEREAGH,
CEARA,
CENTRAFRICAINE,
CENTRAL\ AFRICAN\ REPUBLIC,
CEUTA,
CHAD,
CHESHIRE,
CHIHUAHUA,
CHILE,
CHILI,
CHINA,
CHINE,
CHUUK,
CHYPRE,
CLEVELAND,
CLWYD,
COLERAINE,
COLOMBIA,
COLOMBIE,
COLUMBIA,
COMORES,
COMOROS,
CONGO,
COOKSTOWN,
CORÉE,
CORNWALL,
COSTA-RICA,
CRAIGAVON,
CROATIA,
CROATIE,
CUBA,
CUMBRIA,
CURACAO,
CYPRUS,
CZECHOSLOVAKIA,
DANEMARK,
DENMARK,
DERBYSHIRE,
DEVON,
DJIBOUTI,
DOMINICA,
DOMINICAINE,
DOMINICAN\ REPUBLIC,
DOMINIQUE,
DORSET,
DUNGANNON,
DURHAM,
DYFED,
ECUADOR,
EGYPT,
ÉGYPTE,
EMIRATES,
ENGLAND,
ÉQUATEUR,
ERITREA,
ESPAGNE,
ESSEX,
ESTONIA,
ESTONIE,
ÉTATS-UNIS,
ETHIOPIA,
ÉTHIOPIE,
EUROPE,
FEDERAL\ REPUBLIC\ OF\ GERMANY,
FERMANAGH,
FIDJI,
FIFE,
FIJI,
FINLAND,
FINLANDE,
FRANCE,
FRENCH\ REPUBLIC,
GABON,
GAMBIA,
GAMBIE,
GAZA,
GEORGIA,
GÉORGIE,
GERMANY,
GHANA,
GIBRALTAR,
GLOUCESTERSHIRE,
GOIAS,
GRAMPIAN,
GRÈCE,
GREAT\ BRITAIN
GREECE,
GREENLAND,
GRENADA,
GRENADE,
GROENLAND,
GUADELOUPE,
GUAM,
GUATEMALA,
GUERNSEY,
GUINEA,
GUINEA-BISSAU,
GUINÉE,
GUINÉE-BISSAU,
GUYANA,
GUYANE,
GWENT,
GWYNEDD,
HAITI,
HAÏTI,
HAMPSHIRE,
HANTS,
HAUT-ZAIRE,
HERM,
HERTFORDSHIRE,
HERTS,
HIGHLAND,
HISPANIOLA,
HOLLAND,
HONDURAS,
HONGKONG,
HONGRIE,
HUMBERSIDE,
HUNGARY,
ICELAND,
ÎLES,
INDE,
INDIA,
INDOCHINA,
INDONESIA,
INDONÉSIE,
IRAK,
IRAN,
IRAQ,
IRELAND,
IRLANDE,
ISLANDE,
ISRAEL,
ISRAËL,
ITALIE,
ITALY,
ITTOQQORTOORMIIT,
JAMAICA,
JAMAÏQUE,
JAPAN,
JAPON,
JERSEY,
JORDAN,
JORDANIE,
KASHMIR,
KATAR,
KAZAKHIE,
KAZAKHSTAN,
KENT,
KENYA,
KINSHASA,
KIRGHIZIE,
KIRGHIZISTAN,
KIRGHIZTAN,
KIRIBATI,
KOREA,
KOSRAE,
KUWAIT,
KYRGYZSTAN,
LABRADOR,
LANCASHIRE,
LANCS,
LAOS,
LARNE,
LATVIA,
LEBANON,
LEICESTERSHIRE,
LESOTHO,
LETTONIE,
LIBAN,
LIBERIA,
LIBÉRIA,
LIBYA,
LIBYE,
LIECHTENSTEIN,
LIMAVADY,
LINCOLNSHIRE,
LISBURN,
LITHUANIA,
LITHUANIE,
LITUANIE,
LONDONDERRY,
LOTHIAN,
LUXEMBOURG,
MACAO,
MACAU,
MACÉDOINE,
MACEDONIA,
MADAGASCAR,
MADEIRA,
MAGHERAFELT,
MALAISIE,
MALAWI,
MALAYSIA,
MALDIVES,
MALI,
MALTA,
MALTE,
MANITOBA,
MARANHAO,
MAROC,
MARTINIQUE,
MAURÉTANIE,
MAURICE,
MAURITANIA,
MAURITANIE,
MAURITIUS,
MAYOTTE,
MEDITERRANEAN,
MELILLA,
MERSEYSIDE,
MEXICO,
MEXIQUE,
MICRONESIA,
MICRONÉSIE,
MOLDAVIA,
MOLDAVIE,
MOLDOVA,
MONACO,
MONGOLIA,
MONGOLIE,
MONTENEGRO,
MONTSERRAT,
MOROCCO,
MOYLE,
MOZAMBIQUE,
MYANMA,
MYANMAR,
NAMIBIA,
NAMIBIE,
NAURU,
NAYARIT,
NEPAL,
NÉPAL,
NETHERLANDS,
NEVIS,
NEWFOUNDLAND,
NEWTOWNABBEY,
NEW\ CALEDONIA,
NEW\ GUINEA,
NEW\ ZEALAND,
NICARAGUA,
NIGER,
NIGERIA,
NIUE,
NORFOLK,
NORMANDES,
NORMANDY,
NORTHAMPTONSHIRE,
NORTHANTS,
NORTHUMBERLAND,
NORTH\ AFRICA,
NORTH\ AMERICA,
NORVÈGE,
NORWAY,
NOTTINGHAMSHIRE,
NOUVELLE-CALÉDONIE,
NOUVELLE-GUINÉE,
NOUVELLE-ZÉLANDE,
NUNAVUT,
NZ,
OCEANIA,
OMAGH,
OMAN,
ONTARIO,
ORKNEY,
OUGANDA,
OUZBÉKISTAN,
OXFORDSHIRE,
OXON,
PAKISTAN,
PALAU,
PALESTINE,
PANAMA,
PAPOUA,
PAPOUASIE,
PARA,
PARAGUAY,
PARAIBA,
PARANA,
PERNAMBUCO,
PÉROU,
PERU,
PHILIPPINES,
PIAUI,
PITUFFIK,
POHNPEI,
POLAND,
POLOGNE,
POLYNÉSIE,
PORTUGAL,
POWYS,
PROVIDENCIA,
PUERTO-RICO,
PUERTO\ RICO,
QATAR,
QUEBEC,
QUEENSLAND,
REUNION,
ROMANIA,
RONDONIA,
RORAIMA,
ROUANDA,
ROUMANIE,
ROYAUME,
ROYAUME-UNI,
RUSSIA,
RUSSIE,
RUTLAND,
RWANDA,
SABA,
SAINTE-HLÈNE,
SAINTE-LUCIE,
SAINT-PIERREET,
SALVADOR,
SAMOA,
SASKATCHEWAN,
SCOTLAND,
SENEGAL,
SÉNÉGAL,
SERBIA,
SERGIPE,
SEVASTOPOL,
SEYCHELLES,
SHABA,
SHETLAND,
SHROPSHIRE,
SIANGAN,
SIERRA-LEONE,
SINALOA,
SINGAPORE,
SINGAPOUR,
SLOVAKIA,
SLOVAQUIE,
SLOVENIA,
SLOVÉNIE,
SOMALI,
SOMALIA,
SOMALIE,
SOMERSET,
SONORA,
SOUAZILAND,
SOUDAN,
SOUTH\ AFRICA,
SOUTH\ AMERICA,
SOUTH\ AUSTRALIA,
SPAIN,
SPITSBERGEN,
SRI-LANKA,
SRILANKA,
SRI\ LANKA,
STAFFORDSHIRE,
ST.BARTHÉLEMY,
STRABANE,
STRATHCLYDE,
SUDAN,
SUÈDE,
SUFFOLK,
SUISSE,
SURINAM,
SURINAME,
SURREY,
SUSSEX,
SVALBARD
SVALBARD,
SWAZILAND,
SWEDEN,
SWITZERLAND,
SYRIA,
SYRIE,
TADJIKISTAN,
TAHITI,
TAIWAN,
TAÏWAN,
TAJIKISTAN,
TANZANIA,
TANZANIE,
TASMANIA,
TAYSIDE,
TCHAD,
TCHÈCOSLOVAQUIE,
THAILAND,
THAÏLANDE,
TIBET,
TIMOR-LESTE,
TOCANTINS,
TOGO,
TOKELAU,
TONGA,
TORO,
TUNÉSIE,
TUNIS,
TUNISIA,
TUNISIE,
TURKEY,
TURKMENISTAN,
TURKMÉNISTAN,
TURQUIE,
TUVALU,
UAE,
UGANDA,
U.K.,
UK,
UKRAINE,
UNITED\ ARAB\ EMIRATES,
UNITED\ ARAB\ REPUBLIC,
UNITED\ STATES,
URUGUAY,
U.S.,
US,
U.S.A.,
USA,
U.S.S.R.,
USSR,
UZBEKISTAN,
VANUATU,
VATICAN,
VENEZUELA,
VICTORIA,
VIETNAM,
VIÈTNAM,
WARWICKSHIRE,
WEST\ GERMANY,
WILTSHIRE,
YAP,
YEMEN,
YÉMEN,
YORKSHIRE,
YOUGOSLAVIE,
YUGOSLAVIA,
YUKON,
ZAIRE,
ZAÏRE,
ZAMBIA,
ZAMBIE,
ZIMBABWE
)
