@Country=(
Afghanistan,
Ahvenanmaan Lääni,
Åland,
Albania,
Algeria,
American Samoa,
American Samoa, Territory of,
Andorra,
Angola,
Anguilla,
Antarctica,
Antigua and Barbuda,
Arab Republic of Egypt,
Argentina,
Argentine Republic,
Armenia,
Aruba,
Austria,
Azerbaijan,
Bahamas,
Bahrain,
Bailiwick of Guernsey,
Bailiwick of Jersey,
Bangladesh,
Barbados,
Belarus,
Belgium,
Belize,
Benin,
Bermuda,
Bolivarian Republic of Venezuela,
Bolivia,
Bonaire, Saint Eustatius and Saba,
Bonaire, Sint Eustatius, and Saba,
Bosnia and Herzegovina,
Bouvet Island,
British Indian Ocean Territory,
British Virgin Islands,
Brunei,
Brunei Darussalam,
Bulgaria,
Burkina Faso,
Burundi,
Cambodia,
Cameroon,
Canada,
Cape Verde,
Cayman Islands,
Central African Republic,
Chad,
Chile,
China,
Christmas Island,
Colombia,
Australia,
Bahamas,
Northern Mariana Islands,
Commonwealth of Australia,
Commonwealth of The Bahamas,
Commonwealth of the Northern Mariana Islands,
Comoros,
Congo,
Cook Islands,
Co-operative Republic of Guyana,
Costa Rica,
Country of Curaçao,
Croatia,
Cuba,
Curaçao,
Czech Republic,
Democratic People’s Republic of Korea,
Democratic Republic of the Congo,
Democratic Republic of Timor-Leste,
Sri Lanka,
Democratic Socialist Republic of Sri Lanka,
Denmark,
Djibouti,
Dominica,
Dominican Republic,
DR Congo,
East Timor,
Ecuador,
Egypt,
El Salvador,
Equatorial Guinea,
Eritrea,
Estonia,
Ethiopia,
Falkland Islands,
Falkland Islands (Islas Malvinas),
Faroe Islands,
Ethiopia,
Federal Democratic Republic of Ethiopia,
Nepal,
Federal Democratic Republic of Nepal,
Germany,
Federal Republic of Germany,
Nigeria,
Federal Republic of Nigeria,
Micronesia,
Federated States of Micronesia,
Saint Kitts and Nevis,
Federation of Saint Kitts and Nevis,
Brazil,
Federative Republic of Brazil,
Finland,
Gabon,
Gabonese Republic,
Gambia,
Georgia,
Germany,
Gibraltar,
Luxembourg,
Grand Duchy of Luxembourg,
Great Britain,
Greece,
Greenland,
Grenada,
Guadeloupe,
Guam,
Guatemala,
Guinea,
Guinea-Bissau,
Guyane,
Haiti,
Hashemite Kingdom of Jordan,
Hellenic Republic,
Honduras,
Hong Kong Special Administrative Region,
Hungary,
Iceland,
Papua New Guinea,
Independent State of Papua New Guinea,
Samoa,
Independent State of Samoa,
Indonesia,
Iran,
Iraq,
Ireland,
Afghanistan,
Iran,
Mauritania,
Pakistan,
Islamic Republic of Afghanistan,
Islamic Republic of Iran,
Islamic Republic of Mauritania,
Islamic Republic of Pakistan,
Isle of Man,
Israel,
Jamaica,
Japan,
Jordan,
Kazakhstan,
Bahrain,
Belgium,
Bhutan,
Cambodia,
Denmark,
Lesotho,
Morocco,
Norway,
Saudi Arabia,
Spain,
Swaziland,
Sweden,
Thailand,
the Netherlands,
Tonga,
Kingdom of Bahrain,
Kingdom of Belgium,
Kingdom of Bhutan,
Kingdom of Cambodia,
Kingdom of Denmark,
Kingdom of Lesotho,
Kingdom of Morocco,
Kingdom of Norway,
Kingdom of Saudi Arabia,
Kingdom of Spain,
Kingdom of Swaziland,
Kingdom of Sweden,
Kingdom of Thailand,
Kingdom of the Netherlands,
Kingdom of Tonga,
Kosovo,
Kuwait,
Kyrgyz Republic,
Kyrgyzstan,
Lao People’s Democratic Republic,
Laos,
Latvia,
Lebanon,
Libya,
Liechtenstein,
Lithuania,
Luxembourg,
Macau Special Administrative Region,
Macedonia,
Madagascar,
Malaysia,
Maldives,
Malta,
Marshall Islands,
Martinique,
Mauritania,
Mayotte,
Mexico,
Moldova,
Mongolia,
Montenegro,
Montserrat,
Morocco,
Mozambique,
Nauru,
Nepal,
New Zealand,
Nicaragua,
Niger,
Niue,
Northern Mariana Islands,
North Korea,
Norway,
Nouvelle-Calédonie,
Oman,
Oriental Republic of Uruguay,
Pakistan,
Palestine,
Panama,
Paraguay,
Algeria,
China,
People’s Democratic Republic of Algeria,
People’s Republic of China,
Peru,
Philippines,
Pitcairn, Henderson, Ducie and Oeno Islands,
Bolivia,
Plurinational State of Bolivia,
Poland,
Polynésie Française,
Portugal,
Portuguese Republic,
Andorra,
Liechtenstein,
Monaco,
Principality of Andorra,
Principality of Liechtenstein,
Principality of Monaco,
Puerto Rico,
Qatar,
San Marino,
Italia,
Albania,
Angola,
Armenia,
Austria,
Azerbaijan,
Belarus,
Benin,
Botswana,
Bulgaria,
Burundi,
Cabo Verde,
Cameroon,
Chad,
Chile,
Colombia,
Costa Rica,
Côte d’Ivoire,
Croatia,
Cuba,
Cyprus,
Djibouti,
Ecuador,
El Salvador,
Equatorial Guinea,
Estonia,
Fiji,
Finland,
France,
Ghana,
Guatemala,
Guinea,
Guinea-Bissau,
Haiti,
Honduras,
Iceland,
India,
Indonesia,
Iraq,
Kazakhstan,
Kenya,
Kiribati,
Korea,
Kosovo,
Latvia,
Liberia,
Lithuania,
Macedonia,
Madagascar,
Malawi,
Maldives,
Mali,
Malta,
Mauritius,
Moldova,
Mozambique,
Namibia,
Nicaragua,
Niger,
Palau,
Panama,
Paraguay,
Peru,
Poland,
Rwanda,
Senegal,
Seychelles,
Sierra Leone,
Singapore,
Slovenia,
South Africa,
Suriname,
Tajikistan,
Congo,
Marshall Islands,
Philippines,
Sudan,
Trinidad and Tobago,
Tunisia,
Turkey,
Uganda,
Uzbekistan,
Vanuatu,
Yemen,
Zambia,
Zimbabwe,
Repubblica di San Marino,
Repubblica Italiana,
Republic of Albania,
Republic of Angola,
Republic of Armenia,
Republic of Austria,
Republic of Azerbaijan,
Republic of Belarus,
Republic of Benin,
Republic of Botswana,
Republic of Bulgaria,
Republic of Burundi,
Republic of Cabo Verde,
Republic of Cameroon,
Republic of Chad,
Republic of Chile,
Republic of Colombia,
Republic of Costa Rica,
Republic of Côte d’Ivoire,
Republic of Croatia,
Republic of Cuba,
Republic of Cyprus,
Republic of Djibouti,
Republic of Ecuador,
Republic of El Salvador,
Republic of Equatorial Guinea,
Republic of Estonia,
Republic of Fiji,
Republic of Finland,
Republic of France,
Republic of Ghana,
Republic of Guatemala,
Republic of Guinea,
Republic of Guinea-Bissau,
Republic of Haiti,
Republic of Honduras,
Republic of Iceland,
Republic of India,
Republic of Indonesia,
Republic of Iraq,
Republic of Kazakhstan,
Republic of Kenya,
Republic of Kiribati,
Republic of Korea,
Republic of Kosovo,
Republic of Latvia,
Republic of Liberia,
Republic of Lithuania,
Republic of Macedonia,
Republic of Madagascar,
Republic of Malawi,
Republic of Maldives,
Republic of Mali,
Republic of Malta,
Republic of Mauritius,
Republic of Moldova,
Republic of Mozambique,
Republic of Namibia,
Republic of Nicaragua,
Republic of Niger,
Republic of Palau,
Republic of Panama,
Republic of Paraguay,
Republic of Peru,
Republic of Poland,
Republic of Rwanda,
Republic of Senegal,
Republic of Seychelles,
Republic of Sierra Leone,
Republic of Singapore,
Republic of Slovenia,
Republic of South Africa,
Republic of Suriname,
Republic of Tajikistan,
Republic of the Congo,
Republic of the Marshall Islands,
Republic of the Philippines,
Republic of the Sudan,
Republic of Trinidad and Tobago,
Republic of Tunisia,
Republic of Turkey,
Republic of Uganda,
Republic of Uzbekistan,
Republic of Vanuatu,
Republic of Yemen,
Republic of Zambia,
Republic of Zimbabwe,
Reunion,
România,
Russia,
Russian Federation,
Rwanda,
Saint-Barthélemy,
Saint Helena, Ascension, and Tristan da Cunha,
Saint Lucia,
Saint-Martin,
Saint-Pierre et Miquelon,
Saint Vincent and the Grenadines,
Samoa,
Sao Tome and Principe,
São Tomé and Príncipe,
Saudi Arabia,
Senegal,
Serbia,
Singapore,
Sint Maarten,
Slovakia,
Slovak Republic,
Slovenia,
Socialist Republic of Vietnam,
Solomon Islands,
Somalia,
South Africa,
South Georgia and South Sandwich Islands,
South Georgia and the South Sandwich Islands,
South Korea,
South Sudan,
Sri Lanka,
Eritrea,
Israel,
Kuwait,
Qatar,
Vatican City,
State of Eritrea,
State of Israel,
State of Kuwait,
State of Qatar,
State of the Vatican City,
Oman,
Sultanate of Oman,
Suriname,
Svalbard and Jan Mayen,
Sweden,
Swiss Confederation,
Switzerland,
Syria,
Syrian Arab Republic,
Taiwan,
Tajikistan,
Tanzania,
Territory of Christmas Island,
Territory of Cocos (Keeling) Islands,
Territory of Heard Island and McDonald Islands,
Territory of Norfolk Island,
Territory of the French Southern and Antarctic Lands,
Thailand,
Togo,
Togolese Republic,
Tokelau,
Tunisia,
Turkey,
Turkmenistan,
Turks and Caicos Islands,
Tuvalu,
Ukraine,
Union of Burma,
Union of the Comoros,
United Arab Emirates,
United Kingdom,
United Kingdom of Great Britain and Northern Ireland,
United Republic of Tanzania,
United States,
United States Minor Outlying Islands,
Uruguay,
Uzbekistan,
Vanuatu,
Vatican City,
Venezuela,
Vietnam,
Virgin Islands of the United States,
Wallis et Futuna,
Western Sahara,
Yemen
)
