@Firstname=(
Aadil,
Aaron,
Abbas,
Abbes,
Abbygaëlle,
Abdalah,
Abdallah,
Abde,
Abdelah,
Abdelakim,
Abdelali,
Abdelatif,
Abdelazize,
Abdelaziz,
Abdel-Aziz,
Abdelfatah,
Abdel,
Abd-El,
Abdelghani,
Abdelhadi,
Abdelhafid,
Abdelhak,
Abdelhakim,
Abdel-Hakim,
Abdelhalim,
Abdel-Halim,
Abdelhamid,
Abdelilah,
Abdelillah,
Abdeljalil,
Abdelkader,
Abdel-Kader,
Abdelkarim,
Abdel-Karim,
Abdelkrim,
Abdel-Krim,
Abdellah,
Abdellatif,
Abdellaziz,
Abdelmadjid,
Abdelmajid,
Abdelmalek,
Abdelmalik,
Abdel-Malik,
Abdelnasser,
Abdelnour,
Abdelouahab,
Abdelouhab,
Abdelrahmane,
Abdelrahman,
Abdelrani,
Abdeltif,
Abdelwahab,
Abdenbi,
Abdennour,
Abdenor,
Abdenour,
Abderahim,
Abderahmane,
Abderahman,
Abderazak,
Abderhamane,
Abderrahim,
Abderrahmane,
Abderrahman,
Abderrazak,
Abdeslam,
Abdeslem,
Abdessamad,
Abdesslam,
Abd,
Abdon,
Abdou,
Abdoulah,
Abdoulaye,
Abdoul,
Abdoullah,
Abdul,
Abdullah,
Abed,
Abel,
Abeline,
Abelle,
Ab,
Abiba,
Abigaël,
Abigaëlle,
Abigail,
Abilio,
Abir,
Abla,
Aboubacar,
Aboubakar,
Aboubakary,
Abou,
Aboulaye,
Abraham,
Aby,
Abygaël,
Abygaëlle,
Acacio,
Achile,
Achille,
Achilles,
Achour,
Achraf,
Ada,
Adalbert,
Adama,
Adama,
Adame,
Adam,
Adamo,
Adams,
Adao,
Adda,
Adda,
Adèla,
Adélaïde,
Adèle,
Adel,
Adelheid,
Adelia,
Adelie,
Adelina,
Adeline,
Adelin,
Adelino,
Adelphine,
Adelson,
Adelyne,
Adem,
Adeodat,
Aderito,
Adhemar,
Adib,
Adile,
Adil,
Adilia,
Adine,
Adjila,
Adlane,
Adlen,
Adnane,
Adnan,
Adolf,
Adolfo,
Adolphe,
Adolph,
Adolphine,
Adonis,
Adoracion,
Adoration,
Adriana,
Adriane,
Adrian,
Adrianna,
Adrianne,
Adriano,
Adrien,
Adrienne,
Aela,
Ael,
Afaf,
Afef,
Afida,
Afifa,
Afif,
Agatha,
Agathe,
Agathon,
Agenor,
Aglaée,
Aglaé,
Agnela,
Agnel,
Agnese,
Agnès,
Agnes,
Agniela,
Agop,
Agostinho,
Agostino,
Agustin,
Agustinho,
Ahcene,
Ahlame,
Ahlam,
Ahleme,
Ahlem,
Ahmad,
Ahmadou,
Ahmed,
Ahmet,
Ahmid,
Aïcha,
Aïda,
Aimable,
Aimable,
Aimad,
Aima,
Aimane,
Aiman,
Aimée,
Aime,
Aimen,
Aimeric,
Aimerick,
Aimery,
Aimie,
Aimy,
Aina,
Ainhoa,
Aïsha,
Aissa,
Aissa,
Aissam,
Aissata,
Aissatou,
Aisse,
Aisseta,
Aissetou,
Akif,
Akila,
Akima,
Akim,
Akin,
Akli,
Akram,
Aksel,
Alaa,
Aladin,
Ala-Eddine,
Alain,
Alaïs,
Alana,
Alan,
Alanis,
Alann,
Alaric,
Alassane,
Alba,
Albain,
Albane,
Alban,
Albanie,
Albanne,
Albano,
Alberic,
Alberta,
Alberte,
Albert,
Alberthe,
Albertina,
Albertine,
Albertino,
Alberto,
Albina,
Albine,
Albin,
Albino,
Albrecht,
Alcee,
Alcida,
Alcide,
Alcidie,
Alcime,
Alcina,
Alcino,
Alda,
Alde,
Aldegonde,
Alderic,
Aldina,
Aldjia,
Aldo,
Aldric,
Aldwin,
Alec,
Alejandro,
Aleksandar,
Aleksandra,
Alena,
Alesia,
Alessandra,
Alessandro,
Alessia,
Alessio,
Aleth,
Alev,
Alexa,
Alexander,
Alexandra,
Alexandre,
Alexandrie,
Alexandrina,
Alexandrine,
Alexandro,
Alexane,
Alexanne,
Alexe,
Alex,
Alexia,
Alexiane,
Alexian,
Alexie,
Alexi,
Alexina,
Alexine,
Alexis,
Alexy,
Alexys,
Aleyna,
Alfio,
Alfonso,
Alfreda,
Alfrede,
Alfred,
Alfredine,
Alfredo,
Al,
Alia,
Alibert,
Alice,
Alicia,
Alida,
Alidor,
Alienor,
Aliette,
Ali,
Alima,
Alim,
Alina,
Aline,
Alin,
Aliou,
Alioune,
Alisa,
Alisea,
Alisée,
Alise,
Alisone,
Alison,
Alissa,
Alissia,
Alissone,
Alisson,
Alistair,
Alister,
Alixe,
Alix,
Alix,
Alixia,
Alizéa,
Alizée,
Alizé,
Allain,
Allal,
Allan,
Allen,
Alliette,
Allison,
Allissia,
Allisson,
Allyre,
Allyson,
Alma,
Almaide,
Almamy,
Almire,
Almir,
Almyre,
Alodie,
Aloïse,
Aloïse,
Aloïs,
Aloïs,
Alon,
Alonso,
Aloyse,
Aloys,
Aloysia,
Alperen,
Alper,
Alpha,
Alphee,
Alphonse,
Alphonsine,
Alphonso,
Alric,
Alrick,
Alsace,
Althea,
Alvaro,
Alvina,
Alvine,
Alvine,
Alvin,
Alvyn,
Alwine,
Alwin,
Alya,
Alycia,
Alyette,
Aly,
Alyre,
Alysée,
Alyson,
Alyssa,
Alyssia,
Alysson,
Alyzee,
Alzira,
Alzire,
Alzire,
Amabile,
Amable,
Amadeo,
Amador,
Amadou,
Amaël,
Amaelle,
Amaia,
Amale,
Amal,
Amal,
Amalia,
Amalie,
Amalric,
Amanda,
Amande,
Amand,
Amandine,
Amandio,
Amani,
Amans,
Amante,
Amapola,
Amara,
Amara,
Amarande,
Amar,
Amaria,
Amaryllis,
Amateur,
Amaury,
Amaya,
Ambre,
Ambrine,
Ambroise,
Ambroisine,
Amédéa,
Amedee,
Amédée,
Amédé,
Amedeo,
Amed,
Amédine,
Ame,
Amèle,
Amel,
Amel,
Amélia,
Amélie,
Amélien,
Amélina,
Améline,
Amelle,
Amély,
Amélyne,
Amer,
Americo,
Ameur,
Amicie,
Ami,
Amilcar,
Amina,
Aminata,
Amine,
Amine,
Amin,
Aminthe,
Amira,
Amir,
Amirouche,
Ammar,
Amna,
Amor,
Amory,
Amour,
Amparo,
Amrit,
Amy,
Amza,
Anabela,
Ana-Bela,
Anabel,
Anabella,
Anabelle,
Anaclet,
Ana-Cristina,
Anaë,
Anaële,
Anaël,
Anaël,
Anaëlle,
Ana,
Anahita,
Anaïck,
Anaïde,
Anaïg,
Anaïk,
Anaïse,
Anaïs,
Ana-Maria,
Ana-Paula,
Anas,
Anasse,
Anass,
Anastase,
Anastasia,
Anastasie,
Anasthasia,
Anasthasie,
Anathalie,
Anatole,
Anatolie,
Ancelin,
Andeol,
Anderson,
Andie,
Andoni,
Andréa,
Andréa,
Andréane,
Andréanne,
Andréas,
Andrée,
André,
Andréia,
Andréi,
Andreï,
Andrei,
Andréina,
Andrés,
Andreline,
André-Marie,
André-Pierre,
Andres,
Andresine,
Andrette,
Andrew,
Andrey,
Andric,
Andry,
Andy,
Andy,
Anelyse,
Anemone,
Anes,
Anessa,
Anette,
Ange,
Ange,
Angéla,
Angela,
Angelbert,
Angèle,
Angeles,
Angel,
Angélia,
Angélica,
Angélie,
Angeli,
Angélika,
Angelina,
Angélina,
Angeline,
Angelin,
Angelino,
Angélique,
Angelita,
Angella,
Angelle,
Angelo,
Angely,
Ange-Marie,
Ange-Marie,
Angie,
Angiolina,
Angy,
Anh,
Anh,
Ania,
Anibal,
Anica,
Anicée,
Anice,
Anicet,
Anicette,
Anic,
Anicia,
Anick,
Anie,
Aniela,
Anifa,
Anik,
Anil,
Anique,
Anisa,
Anis,
Anissa,
Anisse,
Aniss,
Anissia,
Anita,
Anja,
Annabel,
Annabella,
Annabelle,
Anna-Christina,
Annaël,
Annaëlle,
Anna,
Annaïck,
Annaïg,
Annaïk,
Annaïs,
Anna-Maria,
Anna-Marie,
Anna-Paola,
Anna-Paula,
Anne-Aymone,
Anne-Béatrice,
Anne-Bénédicte,
Anne-Camille,
Anne-Carole,
Anne-Caroline,
Anne-Catherine,
Anne-Cécile,
Anne-Céline,
Anne-Chantal,
Anne-Charlotte,
Anne-Christelle,
Anne-Christine,
Anne-Claire,
Anne-Claude,
Anne-Clémence,
Anne-Dominique,
Anne-Elisabeth,
Anne-Elise,
Anne-Elodie,
Anne-Emilie,
Anne-Élisabeth,
Anne-Élise,
Anne-Élodie,
Anne-Émilie,
Anne-Emmanuelle,
Anne,
Anne-Fleur,
Anne-Flore,
Anne-Florence,
Anne-France,
Anne-Françoise,
Anne-Frédérique,
Anne-Gabrielle,
Anne-Gaël,
Anne-Gaëlle,
Anne-Helene,
Anne-Isabelle,
Anne-Julie,
Anne-Karine,
Anne-Laure,
Anne-Laurence,
Anneliese,
Anneline,
Anne-Line,
Annelise,
Anne-Lise,
Annelore,
Anne-Louise,
Anne-Lucie,
Annelyse,
Anne-Lyse,
Annemarie,
Anne-Marie,
Anne-Mary,
Anne-Michèle,
Anne-Pascale,
Anne-Paule,
Anne-Pauline,
Anne-Rose,
Anne-Solène,
Anne-Sophie,
Anne-Sylvie,
Annet,
Anne-Thérèse,
Annette,
Anne-Valérie,
Anne-Véronique,
Anne-Victoire,
Anne-Virginie,
Anne-Yvonne,
Ann,
Annibal,
Annic,
Annick,
Annie-Claire,
Annie-Claude,
Annie,
Annie-France,
Annie-Françoise,
Annie-Laure,
Annie-Marie,
Anni,
Annik,
Annique,
Annissa,
Annita,
Annonciade,
Annonciation,
Annunziata,
Annyck,
Anny,
Annyvonne,
Anoir,
Anouar,
Anouchka,
Anouck,
Anouk,
Ansbert,
Anselme,
Anselmo,
Anta,
Antar,
Anthéa,
Anthelme,
Anthelmette,
Anthelmine,
Anthime,
Anthoni,
Anthonin,
Anthonny,
Anthony,
Antide,
Antinea,
Antoine,
Antoine,
Antoinette,
Antonella,
Antonello,
Anton,
Antonia,
Antonie,
Antonie,
Antoni,
Antonina,
Antonine,
Antonin,
Antonino,
Antonio,
Antonius,
Antonny,
Antony,
Antranik,
Antton,
Anwar,
Anya,
Any,
Anyssa,
Aodren,
Aomar,
Aouatef,
Aouatif,
Apolline,
Apollon,
Apollonie,
Apolonie,
Appolinaire,
Appoline,
Appolline,
Appollonie,
Appolonie,
April,
Arabelle,
Arabella,
Arab,
Araceli,
Arafat,
Aram,
Aramis,
Arantxa,
Arbia,
Arcade,
Archange,
Archibald,
Areski,
Arezki,
Argan,
Argentine,
Argitxu,
Ariana,
Ariane,
Arianne,
Arie,
Ariele,
Ariel,
Ariel,
Arielle,
Ariette,
Arife,
Arif,
Ari,
Aris,
Aristarque,
Ariste,
Aristide,
Aristote,
Arlene,
Arlette,
Arlindo,
Armance,
Armanda,
Armande,
Armand,
Armandine,
Armando,
Armantine,
Armele,
Armel,
Armel,
Armeline,
Armelle,
Armen,
Armenio,
Armentine,
Armida,
Armide,
Arminda,
Armindo,
Armin,
Armonia,
Armonie,
Armony,
Arnaldo,
Arnaud,
Arnauld,
Arnault,
Arno,
Arnold,
Arnould,
Aron,
Arsene,
Arsene,
Artemise,
Artheme,
Arthemise,
Arthemon,
Arthur,
Arthurine,
Arthus,
Artur,
Arturo,
Artus,
Arzu,
Ascencion,
Ascension,
Asena,
Ashley,
Ashley,
Asia,
Asiye,
Askar,
Asli,
Aslihan,
Asmaa,
Asmae,
Asma,
Asmahane,
Asmahan,
Asna,
Assad,
Assa,
Assane,
Assetou,
Assia,
Assim,
Assina,
Assiya,
Assma,
Assomption,
Assunta,
Assya,
Astou,
Astrée,
Astride,
Astrid,
Asuncion,
Asya,
Atef,
Athalie,
Athanase,
Athena,
Athenaise,
Athenais,
Athina,
Athmane,
Atif,
Atika,
Atila,
Atilla,
Atmane,
Atman,
Attila,
Attilio,
Aubane,
Aubérie,
Aubéri,
Aubert,
Aubéry,
Aubin,
Aubry,
Aude,
Audelia,
Audeline,
Aude-Line,
Aude-Marie,
Audette,
Audran,
Audray,
Audren,
Audren,
Audrey,
Audric,
Audrina,
Audry,
Augusta,
Augustave,
Auguste,
Augustine,
Augustin,
Augusto,
Aurane,
Aurea,
Aure,
Aurèle,
Aurèle,
Aurélia,
Auréliane,
Aurélie,
Aurélien,
Aurélienne,
Auréline,
Aurélio,
Aurelle,
Aurely,
Auria,
Auriane,
Aurianne,
Aurora,
Aurore,
Auxane,
Auxence,
Auxilia,
Ava,
Aveline,
Avelino,
Aviel,
Avi,
Avigail,
Avit,
Aviva,
Avner,
Avril,
Awa,
Awatef,
Awatif,
Awena,
Axèle,
Axel,
Axelle,
Aya,
Aydin,
Ayfer,
Ayhan,
Aykut,
Ayla,
Aylin,
Aymane,
Ayman,
Aymard,
Aymar,
Ayme,
Aymeline,
Aymen,
Aymeric,
Aymerick,
Aymerie,
Aymerik,
Aynur,
Ayoube,
Ayoub,
Ayrton,
Ayse,
Aysegul,
Aysel,
Aysenur,
Aysun,
Ayten,
Azad,
Azdine,
Azdin,
Azeddine,
Azedine,
Azelie,
Azeline,
Azema,
Aziliz,
Aziza,
Azize,
Aziz,
Azouz,
Azucena,
Azzeddine,
Azzedine,
Azziza,
Azziz,
Babacar,
Baba,
Babette,
Bachar,
Bachir,
Bader,
Badia,
Badis,
Badra,
Badreddine,
Badredine,
Badre,
Badr,
Bafode,
Bahar,
Bahia,
Bahija,
Bakari,
Bakary,
Bakhta,
Balbine,
Balla,
Balthazard,
Balthazar,
Baltasar,
Bambi,
Bamby,
Bandiougou,
Bao,
Baptiste,
Baptistine,
Baptistin,
Barack,
Baran,
Barbara,
Barbe,
Barberine,
Baris,
Bariza,
Barka,
Barnabe,
Barry,
Barta,
Barthelemi,
Barthelemy,
Bartholome,
Bartolome,
Basile,
Basil,
Basilio,
Basma,
Bassam,
Bassem,
Bastian,
Bastien,
Bastienne,
Bathilde,
Batiste,
Baudoin,
Baudouin,
Baya,
Bayram,
Bazile,
Béatrice,
Béatrix,
Béatriz,
Bechir,
Bégona,
Bégonia,
Bekir,
Bela,
Belaid,
Belal,
Belgacem,
Belgin,
Belinda,
Belkacem,
Bella,
Bellinda,
Benaissa,
Benali,
Benamar,
Benat,
Benedetto,
Bénédicte,
Benedict,
Bénédite,
Ben,
Bénita,
Benito,
Benjamine,
Benjamin,
Benoîst,
Benoîte,
Benoît,
Benoit,
Benoît-Joseph,
Benoni,
Benyamine,
Bérangère,
Beranger,
Berat,
Bérengère,
Berenger,
Bérénice,
Berfin,
Berivan,
Bernadette,
Bernadine,
Bernarde,
Bernard,
Bernardine,
Bernardin,
Bernardino,
Bernardo,
Bernd,
Bernhard,
Berta,
Bertha,
Berthe,
Berthilde,
Berthile,
Berthin,
Berthold,
Bertil,
Bertille,
Bertine,
Bertin,
Bertrande,
Bertrand,
Berty,
Beryl,
Besma,
Bessem,
Betina,
Betsy,
Bettina,
Betty,
Betul,
Beverley,
Beverly,
Beya,
Biagio,
Bianca,
Bibiane,
Bibi,
Bienaimé,
Bien-Aimé,
Bienvenue,
Bienvenu,
Bilale,
Bilal,
Bilele,
Bilel,
Bilitis,
Biljana,
Billal,
Billel,
Billie,
Billy,
Bineta,
Binta,
Bintou,
Birgul,
Birol,
Bixente,
Blaise,
Blaisine,
Blanche,
Blanchette,
Blandine,
Blas,
Bleuenn,
Bleuette,
Blondine,
Bluette,
Boban,
Bobby,
Bob,
Bocar,
Bochra,
Bogdan,
Boguslaw,
Bojan,
Boleslas,
Boleslawa,
Boleslaw,
Bonaventure,
Boniface,
Bonne,
Bonnet,
Bonnie,
Bora,
Boris,
Bortolo,
Boualem,
Boubacar,
Boubakar,
Boubakary,
Boubaker,
Boubou,
Bouchaib,
Bouchera,
Bouchra,
Boucif,
Boudjema,
Boumediene,
Boumedienne,
Bouna,
Boussad,
Bouziane,
Bouzid,
Bozena,
Brad,
Bradley,
Brahima,
Brahim,
Branda,
Brandon,
Branko,
Brayan,
Brenda,
Brendan,
Brendon,
Briac,
Briag,
Brian,
Brice,
Brieg,
Brieuc,
Brieux,
Brigitte,
Britanie,
Britanny,
Britany,
Brittany,
Bronislas,
Bronislawa,
Bronislaw,
Bruce,
Bruna,
Bruneau,
Brune,
Brunehilde,
Brunella,
Brunetta,
Brunette,
Brunhilde,
Bruno,
Brunon,
Bryan,
Bryann,
Bryce,
Btisam,
Btissame,
Btissam,
Bulent,
Bülent,
Bun,
Bunyamin,
Burak,
Burcu,
Burhan,
Busra,
Byron,
Cadet,
Caitlin,
Caline,
Calixte,
Calixte,
Calogera,
Calogero,
Calvin,
Calypso,
Camal,
Camel,
Camélia,
Cameron,
Camila,
Camile,
Camil,
Camilia,
Camilla,
Camille,
Camille,
Camillia,
Camilo,
Canan,
Candice,
Candida,
Candide,
Candide,
Candido,
Candie,
Candyce,
Candy,
Candylène,
Canelle,
Can,
Cannelle,
Cansu,
Cantin,
Capucine,
Carelle,
Carène,
Caren,
Carima,
Carim,
Carina,
Carine,
Carinne,
Carla,
Carla-Marie,
Carl,
Carline,
Carlo,
Carlos,
Carlos-Manuel,
Carlotta,
Carlyne,
Carmela,
Carmele,
Carmel,
Carmel,
Carmelina,
Carmeline,
Carmella,
Carmelle,
Carmelo,
Carmen,
Carminda,
Carmine,
Carola,
Carolane,
Carolanne,
Carol-Anne,
Carolann,
Carol-Ann,
Carole-Anne,
Carole,
Carol,
Carol,
Carolina,
Caroline,
Carolle,
Caroll,
Carolus,
Carolyne,
Carolyn,
Cary,
Caryl,
Casilda,
Casimira,
Casimir,
Cassandra,
Cassandre,
Cassie,
Cassiopée,
Cassy,
Cataldo,
Catalina,
Catarina,
Caterina,
Catharina,
Catheline,
Cathelyne,
Catherina,
Catherine,
Cathia,
Cathie,
Cathleen,
Cathy,
Catia,
Caty,
Cécile,
Cécil,
Cécilia,
Cécilie,
Cécilien,
Cécilio,
Cécily,
Cédric,
Cédrick,
Cédrik,
Cédrine,
Celal,
Célanie,
Célena,
Célénie,
Célesta,
Céleste,
Céleste,
Célestina,
Célestine,
Célestin,
Célestino,
Célia,
Céliane,
Célian,
Célie,
Célien,
Celim,
Célina,
Céline,
Célinie,
Célio,
Cellia,
Celso,
Célya,
Célyne,
Cemal,
Cem,
Cémile,
Cemil,
Cendra,
Cendrine,
Cengiz,
Cennet,
Cérès,
Cerine,
Cerise,
Cesaire,
Cesar,
Césarie,
Cesarine,
Césira,
Ceslawa,
Ceslaw,
Ceylan,
Chabane,
Chad,
Chadia,
Chadi,
Chafia,
Chafika,
Chafik,
Chahida,
Chahid,
Chahinaze,
Chahine,
Chahineze,
Chahinez,
Chahira,
Chahrazade,
Chahrazad,
Chahrazed,
Chaib,
Chaimaa,
Chaimae,
Chaima,
Chainese,
Chaineze,
Chainez,
Chaker,
Chakib,
Chakir,
Chalom,
Chama,
Chanael,
Chana,
Chanel,
Chanelle,
Chaneze,
Chanez,
Chan,
Chan,
Channel,
Chantale,
Chantal,
Chantalle,
Chaouki,
Charaf,
Charazed,
Charef,
Charifa,
Charif,
Charlaine,
Charlélie,
Charlély,
Charlemagne,
Charlène,
Charles-Alexandre,
Charles-Andre,
Charles-Antoine,
Charles-Edouard,
Charles-Édouard,
Charles-Emmanuel,
Charles-Eric,
Charles-Etienne,
Charles-Éric,
Charles-Étienne,
Charles,
Charles-Henri,
Charles-Henry,
Charles-Hubert,
Charles-Louis,
Charlette,
Charley,
Charley,
Charleyne,
Charlie,
Charlie,
Charli,
Charline,
Charlot,
Charlotte,
Charly,
Charlyne,
Chawki,
Chaymaa,
Chaymae,
Chayma,
Chedia,
Cheick,
Cheik,
Cheikh,
Cheima,
Chelsea,
Chems-Eddine,
Cherazade,
Cherie,
Cherifa,
Cherif,
Cheri,
Cherine,
Cheryl,
Cheryne,
Cheyenne,
Cheyma,
Chiara,
Chi,
Chiheb,
Childeric,
Chimène,
Chiraze,
Chiraz,
Chirine,
Chloée,
Chloé,
Chokri,
Chouaib,
Choukri,
Chrétien,
Chris,
Chrislaine,
Chrissy,
Christa,
Christal,
Christèle,
Christel,
Christel,
Christelle,
Christ,
Christiana,
Christiane,
Christian,
Christianne,
Christie,
Christienne,
Christilla,
Christina,
Christine,
Christine-Marie,
Christinne,
Christofer,
Christophe,
Christopher,
Christoph,
Christy,
Christy,
Chrys,
Chrystale,
Chrystal,
Chrystel,
Chrystelle,
Chrystiane,
Chrystopher,
Chystèle,
Cidalia,
Cidji,
Cidjy,
Cigdem,
Cihan,
Cilia,
Cindel,
Cindelle,
Cinderella,
Cindie,
Cindy,
Cinthia,
Cinthya,
Cinzia,
Circé,
Cire,
Ciro,
Ciryl,
Cisse,
Cladie,
Claira,
Claire,
Claire-Helene,
Claire-Lise,
Claire-Marie,
Claire-Marine,
Claire-Sophie,
Clairette,
Clair,
Clairin,
Clara,
Clarence,
Clarence,
Clarice,
Clarissa,
Clarisse,
Clarysse,
Claude,
Claude-François,
Claude-Marie,
Claudette,
Claudia,
Claudiane,
Claudie,
Claudien,
Claudine,
Claudinet,
Claudinette,
Claudio,
Claudius,
Claudy,
Claudy,
Claus,
Clavie,
Clayton,
Cléa,
Clébert,
Clélia,
Clélie,
Clémence,
Clémente,
Clément,
Clémentine,
Clémentin,
Cléo,
Cléo,
Cléophas,
Cléophée,
Clervie,
Clet,
Cliff,
Clifford,
Clint,
Clio,
Clodette,
Clodia,
Clodie,
Clodine,
Clodius,
Clodomir,
Cloé,
Clorinda,
Clorinde,
Clorinthe,
Clotaire,
Clothilde,
Clotilde,
Clovis,
Clyde,
Cody,
Colas,
Colbert,
Coleen,
Colette,
Coline,
Colin,
Colleen,
Collette,
Colline,
Colomba,
Colombe,
Colombine,
Colyne,
Come,
Conceicao,
Concepcion,
Conception,
Concetta,
Concettina,
Concha,
Conchita,
Condoleezza,
Condoleezza,
Connie,
Conrad,
Consolation,
Constance,
Constant,
Constantine,
Constantin,
Constantino,
Consuela,
Consuelo,
Cora,
Coralie,
Coraline,
Coraly,
Coralyne,
Corantin,
Corenthin,
Corentine,
Corentin,
Corina,
Corine,
Corinne,
Corneille,
Cornelia,
Cornelie,
Corrado,
Corrine,
Corto,
Cory,
Cory,
Coryne,
Coryse,
Cosette,
Cosima,
Cosimo,
Cosme,
Coumba,
Courte,
Court,
Craig,
Crescence,
Cristal,
Cristela,
Cristèle,
Cristel,
Cristelle,
Cristiane,
Cristian,
Cristina,
Cristine,
Cristobal,
Cristophe,
Cristovao,
Crystal,
Crystèle,
Crystel,
Crystelle,
Curt,
Curtis,
Cybele,
Cylia,
Cyliane,
Cyndel,
Cyndelle,
Cyndia,
Cyndie,
Cyndi,
Cyndy,
Cynthia,
Cyntia,
Cyprien,
Cyprienne,
Cyr,
Cyriac,
Cyriane,
Cyrian,
Cyriaque,
Cyrielle,
Cyrile,
Cyril,
Cyrille,
Cyrille,
Cyrill,
Cyrine,
Cyrus,
Czeslas,
Czeslawa,
Czeslaw,
Czestaw,
Dabia,
Dado,
Dagmar,
Dahbia,
Dahlia,
Dahmane,
Daisy,
Dalal,
Dale,
Dalel,
Dalhia,
Dalia,
Dalibor,
Dalida,
Dalila,
Dalilah,
Dalil,
Dalinda,
Dalla,
Dalya,
Damaris,
Damase,
Damas,
Damia,
Damian,
Damiano,
Damien,
Damienne,
Damiens,
Damir,
Damla,
Damon,
Danae,
Dana,
Dan,
Dang,
Dania,
Danie,
Daniela,
Danièle,
Daniel,
Daniella,
Danielle,
Dani,
Danijela,
Danila,
Danilo,
Dann,
Dannie,
Danny,
Danny,
Dante,
Danton,
Danuta,
Dany,
Dany,
Daouda,
Daoud,
Daouia,
Daphnée,
Daphné,
Dara,
Daria,
Darie,
Darine,
Dario,
Darius,
Darko,
Darlène,
Darren,
Darryl,
Daryl,
Dave,
Davia,
David-Alexandre,
Davide,
David,
Davina,
Davis,
Davut,
Davy,
Dawn,
Dayana,
Dayan,
Dea,
Dean,
Débora,
Déborah,
Deborah,
Déborrah,
Debra,
Dejan,
Dele,
Delfina,
Del,
Delhia,
Delia,
Delle,
Delphie,
Delphine,
Delphin,
Delphy,
Demba,
Demet,
Demetrio,
Demis,
Denia,
Denise,
Denis,
Denize,
Deniz,
Deniz,
Dennis,
Denovan,
Denyse,
Denys,
Deolinda,
Derek,
Derya,
Désirée,
Désiré,
Desir,
Despina,
Devote,
Devy,
Dewi,
Diaba,
Diadie,
Diamantino,
Diana,
Diandra,
Diane,
Diariatou,
Diarra,
Didem,
Didier,
Diego,
Dienaba,
Dieneba,
Dieter,
Dietmar,
Dieudonne,
Dieynaba,
Dikra,
Dilan,
Dilan,
Dilara,
Dilek,
Dima,
Dimitri,
Dimitry,
Dina,
Dinah,
Dinh,
Dinis,
Dino,
Diogene,
Diogo,
Diolinda,
Dionisio,
Diouma,
Divine,
Diyar,
Djahida,
Djamal,
Djamela,
Djamel,
Djamila,
Djamil,
Djamilla,
Djamina,
Django,
Djaouida,
Djazia,
Djelali,
Djelloul,
Djeloul,
Djemaa,
Djemal,
Djemel,
Djemila,
Djenaba,
Djena,
Djeneba,
Djenna,
Djessim,
Djessy,
Djibril,
Djiby,
Djida,
Djilali,
Djillali,
Djimmy,
Djino,
Dogan,
Doha,
Dolly,
Dolores,
Domenica,
Domenico,
Domingo,
Domingos,
Dominica,
Dominic,
Dominico,
Dominique,
Dominique,
Dominiquette,
Domitilde,
Domitille,
Dona,
Donald,
Donata,
Donatella,
Donat,
Donatien,
Donatienne,
Donato,
Donavan,
Dondu,
Done,
Don,
Donia,
Doniphan,
Donna,
Donovan,
Donya,
Dora,
Doreen,
Dorette,
Doria,
Doriana,
Doriane,
Dorian,
Dorianne,
Dorienne,
Dorina,
Dorinda,
Dorine,
Dorinne,
Doris,
Doris,
Dorothée,
Dorothé,
Dorothy,
Dorra,
Dorsaf,
Doryan,
Douglas,
Douha,
Doumia,
Dounia,
Dounya,
Dov,
Dragana,
Dragan,
Dramane,
Dris,
Drisse,
Driss,
Drissia,
Drucilla,
Druon,
Duarte,
Duc,
Dudu,
Dulce,
Dumitru,
Duncan,
Dune,
Durand,
Durmus,
Dustin,
Dusty,
Duy,
Duygu,
Dwayne,
Dylane,
Dylane,
Dylan,
Dylann,
Earvin,
Ebru,
Ebtisem,
Eda,
Edda,
Eddie,
Eddine,
Eddy,
Edeline,
Edeltraud,
Eden,
Eden,
Edern,
Edgard,
Edgar,
Edilbert,
Edite,
Edithe,
Edith,
Édith,
Edma,
Edmee,
Edme,
Edmonde,
Edmond,
Edmondine,
Edmund,
Edna,
Edouard,
Édouard,
Edouardo,
Edouarine,
Edson,
Eduardo,
Edvard,
Edvige,
Edward,
Edwart,
Edwige,
Edwina,
Edwin,
Edwyn,
Edy,
Efflam,
Egide,
Egidio,
Egiste,
Eglantine,
Églantine,
Egon,
Eileen,
Eitan,
Ekram,
Ekrem,
Ela,
Elaine,
Elaura,
Elda,
Elder,
Elea,
Eleana,
Eleanor,
Elena,
Elene,
Elen,
Eléonora,
Eléonore,
Eléonor,
Eleonor,
Elfie,
Elfi,
Elfride,
Elfriede,
El,
Elga,
Elhadji,
Elhame,
Elham,
Elhem,
Eliacin,
Elia,
Elia,
Eliana,
Eliane,
Elian,
Elianne,
Elias,
Elida,
Elide,
Elie,
Elien,
Elies,
Eliesse,
Eliess,
Eliette,
Eliezer,
Elif,
Eli,
Elina,
Eline,
Elio,
Elios,
Eliot,
Eliott,
Elisabelle,
Elisabete,
Elisabet,
Elisabethe,
Elisabeth,
Élisabethe,
Élisabeth,
Elisabetta,
Elisa,
Elisée,
Elisee,
Elise,
Élise,
Eliseo,
Elisheva,
Elissa,
Elizabete,
Elizabeth,
Eliza,
Elize,
Elke,
Ella,
Ellen,
Elliane,
Ellie,
Elli,
Elliot,
Elliott,
Ellora,
Elly,
Ellyn,
Elma,
Elmas,
Elmire,
Elodie,
Élodie,
Elody,
Eloic,
Eloi,
Eloine,
Eloïse,
Elona,
Elora,
Elorri,
Elouan,
Eloy,
Elphege,
Elric,
Elsa,
Else,
Elsie,
Elsy,
Elvan,
Elvia,
Elvina,
Elvine,
Elvin,
Elvira,
Elvire,
Elvis,
Elwis,
Elya,
Elyane,
Elyas,
Elyes,
Elyesse,
Elyess,
Elyette,
Ely,
Elyne,
Elysa,
Elysée,
Elyse,
Elyssa,
Elza,
Ema,
Emanuela,
Emanuel,
Emanuelle,
Emel,
Emelia,
Emelie,
Emelina,
Emeline,
Emelyne,
Emerance,
Emeraude,
Emerence,
Emeric,
Emerick,
Emerik,
Emerson,
Emery,
Emie,
Emila,
Emiland,
Emile,
Émile,
Emil,
Emilia,
Emiliane,
Emiliano,
Emilie,
Emilien,
Emilienne,
Emiline,
Emilio,
Emily,
Emilyne,
Emina,
Emine,
Emin,
Emira,
Emir,
Emma,
Emmanuela,
Emmanuele,
Emmanuel,
Emmanuella,
Emmanuelle,
Emme,
Emmelie,
Emmeline,
Emmelyne,
Emmie,
Emmy,
Emna,
Emrah,
Emre,
Emrick,
Emrullah,
Emy,
Emylie,
Ena,
Encarnacion,
Encarnation,
Endy,
Enes,
Engelbert,
Engin,
Engrace,
Enguerrand,
Enguerran,
Enio,
Enis,
Enki,
Ennemond,
Enola,
Enora,
Enric,
Enrick,
Enrico,
Enrique,
Enso,
Enver,
Enza,
Enzo,
Eolia,
Ephraim,
Ephrem,
Epiphanie,
Eponine,
Erasme,
Eray,
Ercan,
Erdal,
Erdem,
Erdi,
Erell,
Eren,
Ergun,
Erhan,
Erica,
Eric,
Éric,
Erich,
Ericka,
Erick,
Erico,
Erika,
Erik,
Erina,
Erine,
Erin,
Erique,
Erkan,
Ermance,
Ermelinda,
Ermeline,
Ermida,
Ermine,
Erminia,
Erminie,
Erminio,
Erna,
Ernesta,
Erneste,
Ernest-Antoine,
Ernest,
Ernestine,
Ernesto,
Erol,
Ersilia,
Ersin,
Ertugrul,
Ervan,
Erve,
Ervin,
Erwan,
Erwann,
Erwin,
Esaie,
Esen,
Esilda,
Esma,
Esmeralda,
Esperance,
Esperance,
Esperanza,
Esprit,
Esra,
Essia,
Esteban,
Estela,
Estèle,
Estel,
Estella,
Estelle,
Ester,
Esterina,
Estevan,
Esteve,
Esthel,
Esther,
Esther,
Estrella,
Ethan,
Ethel,
Etienne,
Étienne,
Etiennette,
Ettore,
Eucher,
Eudes,
Eudoxie,
Eugène,
Eugénia,
Eugénie,
Eugénio,
Eugeniusz,
Eulalia,
Eulalie,
Eunice,
Euphemie,
Euphrasie,
Euphrasine,
Euphroisie,
Euphroisine,
Euphrosine,
Eurielle,
Eurydice,
Eusebe,
Eusebio,
Eustache,
Eutrope,
Eva,
Eva-Marie,
Evane,
Evan,
Evangeline,
Evann,
Evans,
Evariste,
Évariste,
Eve-Anne,
Eve,
Evelina,
Eveline,
Evelise,
Evelyne,
Evelyn,
Evelyse,
Eve-Marie,
Even,
Evie,
Evin,
Evodie,
Evrard,
Evy,
Ewa,
Ewald,
Ewan,
Ewen,
Eyadéma,
Eyal,
Eylem,
Eymeric,
Eytan,
Ezechiel,
Ezgi,
Ezilda,
Ezio,
Fabian,
Fabien,
Fabienne,
Fabio,
Fabiola,
Fabrice,
Fabricia,
Fabricio,
Fabrina,
Fabrine,
Fabrizio,
Fadela,
Fadel,
Fadhila,
Fadia,
Fadi,
Fadila,
Fadil,
Fadime,
Fadma,
Fadoua,
Fadwa,
Fahad,
Fahd,
Fahed,
Fahem,
Fahima,
Fahim,
Fahmi,
Faical,
Faicel,
Faima,
Fairouz,
Faisal,
Faissal,
Faiza,
Faker,
Fallone,
Fallon,
Falone,
Fanchette,
Fanch,
Fanchon,
Fanélie,
Fanette,
Fanie,
Fannie,
Fanny,
Fanta,
Fantine,
Fantin,
Fany,
Faouzia,
Faouzi,
Farah,
Fares,
Farha,
Farhat,
Farida,
Faride,
Farid,
Faris,
Fariza,
Faroudja,
Farouk,
Farrah,
Faruk,
Fatah,
Fateha,
Fateh,
Faten,
Fathia,
Fathi,
Fatia,
Fatiha,
Fatih,
Fatima,
Fatimata,
Fatima-Zahra,
Fatima-Zohra,
Fatime,
Fatim,
Fatine,
Fatira,
Fatma,
Fatna,
Fatou,
Fatouma,
Fatoumata,
Faure,
Faust,
Faustine,
Faustin,
Faustino,
Fausto,
Fauve,
Fawzia,
Fawzi,
Faycal,
Faycel,
Fayrouz,
Faysal,
Fayssal,
Fayza,
Fazia,
Febronie,
Federico,
Fedora,
Fedoua,
Fehmi,
Feiza,
Felice,
Felice,
Felicia,
Feliciano,
Felicie,
Felicien,
Felicienne,
Felicita,
Felicitee,
Felicite,
Feliksa,
Feline,
Felipe,
Felisa,
Felise,
Felix,
Fella,
Fenda,
Fenelon,
Ferat,
Ferdi,
Ferdinande,
Ferdinand,
Ferdinando,
Féréol,
Ferhat,
Ferial,
Ferida,
Feride,
Ferid,
Feriel,
Ferielle,
Fernanda,
Fernande,
Fernand,
Fernandine,
Fernando,
Ferouze,
Ferouz,
Ferreol,
Ferrer,
Feten,
Fethi,
Feyza,
Fidan,
Fidele,
Fidel,
Fidelia,
Fideline,
Fidji,
Figen,
Filipe,
Filip,
Filippo,
Filiz,
Filomena,
Fily,
Fiona,
Fiorella,
Fiorina,
Firas,
Firat,
Firdaous,
Firdaws,
Firmine,
Firmin,
Flavia,
Flavian,
Flavie,
Flavien,
Flavienne,
Flavio,
Flavy,
Fleurestine,
Fleurette,
Fleur,
Fleuriane,
Fleurie,
Fleurine,
Fleury,
Flora,
Floraine,
Florane,
Floran,
Floréal,
Flore-Anne,
Florebela,
Flore,
Florelle,
Florence,
Florencia,
Florencio,
Florent,
Florentina,
Florentine,
Florentin,
Florestan,
Florestine,
Florette,
Flor,
Floria,
Floriana,
Floriane,
Florian,
Florianne,
Floriant,
Florida,
Floride,
Florie-Anne,
Florie,
Florien,
Florient,
Florimonde,
Florimond,
Florina,
Florinda,
Florindo,
Florine,
Florise,
Floris,
Floryan,
Flory,
Floyd,
Foad,
Fode,
Fodie,
Fodil,
Fortunato,
Fortunee,
Fortune,
Fouade,
Fouad,
Foucauld,
Foudil,
Foued,
Fouhad,
Fouhed,
Foulemata,
Foulques,
Foune,
Fousia,
Fouzia,
Fouzi,
Franca,
France,
France,
Franceline,
Francelyne,
France-Marie,
Francesca,
Francesco,
Frances,
Francette,
Franc,
Francia,
Franciane,
Francine,
Francisca,
Francisco,
Francise,
Francis,
Franciska,
Francisque,
Franciszek,
Franck,
Franckie,
Franckie,
Franck-Olivier,
Francky,
Franco,
Françoise,
Françoise-Marie,
François,
François-Guillaume,
François-Joseph,
François-Marie,
François-Pierre,
François-Régis,
François-Xavier,
Frank,
Frankie,
Franklin,
Franky,
Frantz,
Franz,
Freda,
Fréddie,
Fréddi,
Fréddy,
Frédérica,
Frédéric,
Frédérick,
Frédérico,
Frédérika,
Frédérik,
Frederik,
Frédérique,
Fred,
Fredy,
Freddy,
Frida,
Fridolin,
Frieda,
Friede,
Friedrich,
Fritz,
Fulbert,
Fulcrand,
Fulgence,
Fulgent,
Fulvia,
Fulvio,
Fulya,
Funda,
Furkan,
Fyona,
Gabin,
Gabriela,
Gabrièle,
Gabriel,
Gabriella,
Gabrielle,
Gaby,
Gaby,
Gad,
Gaëla,
Gaële,
Gaël,
Gaël,
Gaëlla,
Gaëlle,
Gaétana,
Gaétane,
Gaëtan,
Gaétanne,
Gaëtano,
Gaia,
Gaiane,
Gaidig,
Gail,
Galaad,
Gala,
Galatée,
Galdric,
Gamal,
Gamel,
Gamze,
Ganaël,
Ganaëlle,
Gaoussou,
Garabed,
Garance,
Garry,
Gary,
Gaspard,
Gaspar,
Gasparine,
Gaston,
Gastonne,
Gatien,
Gatienne,
Gauderique,
Gaulthier,
Gaultier,
Gauthier,
Gautier,
Gauvain,
Gavin,
Gayane,
Gaye,
Gaylord,
Gaylor,
Gedeon,
Geffrey,
Gemma,
Genes,
Geneviève,
Genevièvre,
Genia,
Gennaro,
Genovefa,
Genowefa,
Gentiane,
Gentil,
Geoffray,
Geoffrey,
Geoffroi,
Geoffroy,
Geo,
George,
Georges,
Georget,
Georgette,
Georgia,
Georgie,
Georgina,
Georgine,
Georgio,
Géralde,
Gerald,
Géraldine,
Gérarde,
Gérard,
Gérardine,
Gérardo,
Geraud,
Gerda,
Gerd,
Gérémy,
Gerhard,
Geric,
Gerlinde,
Germaine,
Germain,
Germano,
Germinal,
Gerome,
Géromine,
Gersande,
Gersende,
Gertrude,
Gervaise,
Gervais,
Gery,
Gessica,
Ghais,
Ghalia,
Ghania,
Ghariba,
Gharib,
Ghislaine,
Ghislain,
Ghislène,
Ghizlaine,
Ghizlane,
Ghyslaine,
Ghyslain,
Giacomina,
Giacomo,
Giancarlo,
Gianfranco,
Gian,
Giani,
Gianna,
Gianni,
Gibril,
Gienia,
Gihane,
Gilberte,
Gilbert,
Gilberthe,
Gilberto,
Gilda,
Gildas,
Gildo,
Giles,
Gilette,
Gil,
Giliane,
Gilian,
Gille,
Gilles,
Gillette,
Gilliane,
Gillian,
Gillian,
Gina,
Gines,
Ginette,
Ginger,
Gino,
Giordano,
Giovani,
Giovanina,
Giovanna,
Giovanni,
Giovannina,
Giovanny,
Gipsy,
Girard,
Gisèla,
Giselaine,
Gisèle,
Giselle,
Gisette,
Gishlaine,
Gislaine,
Gislain,
Gislène,
Gislhaine,
Gismonde,
Giulana,
Giulia,
Giuliano,
Giulio,
Giuseppa,
Giuseppe,
Giuseppina,
Gizèle,
Gizelle,
Gizem,
Gladie,
Gladis,
Glady,
Gladys,
Glawdys,
Glen,
Glenn,
Gloire,
Gloria,
Glwadys,
Godefroy,
Godeleine,
Godelieve,
Godelive,
Gokan,
Gokhan,
Golda,
Gontrand,
Gontran,
Gonul,
Gonzague,
Gonzalo,
Goran,
Gordana,
Gordon,
Gorete,
Gorette,
Gorge,
Gottfried,
Gottlieb,
Goulven,
Goulwen,
Goundoba,
Goundo,
Graca,
Grace,
Gracia,
Gracianne,
Gracie,
Graciella,
Gracien,
Graciete,
Graciette,
Gracieuse,
Gracinda,
Gracy,
Grat,
Gratian,
Gratianne,
Gratien,
Gratienne,
Grazia,
Graziano,
Graziella,
Greg,
Grégoire,
Grégor,
Gregor,
Gregoria,
Grégorie,
Grégori,
Grégorio,
Grégory,
Greta,
Gretel,
Griselda,
Gualbert,
Gudrun,
Guenaële,
Guenael,
Guenaelle,
Guenhael,
Guenièvre,
Guenola,
Guénolé,
Guéric,
Guérin,
Guérino,
Guerric,
Guerrino,
Guewen,
Guglielmo,
Guida,
Guido,
Gui,
Guigner,
Guila,
Guilaine,
Guilain,
Guilbert,
Guilène,
Guilhaine,
Guilhem,
Guilherme,
Guilhermine,
Guilian,
Guillaine,
Guillain,
Guillaume,
Guillaumette,
Guillaumine,
Guillemette,
Guillem,
Guillermine,
Guillermo,
Guillian,
Guirec,
Guiseppa,
Guiseppe,
Guiseppina,
Guislaine,
Guislain,
Gulay,
Gulcan,
Gulden,
Guler,
Gul,
Gulhan,
Gulsen,
Gulsum,
Gulsun,
Gulten,
Gunter,
Gunther,
Gurkan,
Gurvan,
Gustave,
Gustavie,
Gustavine,
Guy,
Guylaine,
Guylain,
Guylène,
Guy-Noël,
Guyonne,
Gwanaelle,
Gweltaz,
Gwenaëla,
Gwenaële,
Gwenaël,
Gwenaël,
Gwenaelle,
Gwendal,
Gwendeline,
Gwendolina,
Gwendoline,
Gwendolyne,
Gwendolyn,
Gwenegan,
Gwen,
Gwen,
Gwenhaël,
Gwenhaël,
Gwennaël,
Gwennaelle,
Gwenn,
Gwenn,
Gwennola,
Gwennoline,
Gwenola,
Gwénolé,
Gwenvaël,
Gwilherm,
Gwladys,
Gypsie,
Gysèle,
Gyslaine,
Habiba,
Habibata,
Habibatou,
Habib,
Habi,
Haby,
Hacene,
Hacen,
Hacer,
Hachemi,
Hachim,
Haci,
Hacina,
Hada,
Hadama,
Hadassa,
Hadda,
Hadel,
Hadia,
Hadidja,
Hadi,
Hadija,
Hadil,
Hadja,
Hadjar,
Hadjer,
Hadj,
Hadjila,
Hadjira,
Hadrien,
Hafeda,
Hafed,
Hafez,
Hafida,
Hafid,
Hafsa,
Hafssa,
Hager,
Haifa,
Haikel,
Haim,
Haithem,
Hajare,
Hajar,
Hajer,
Hajira,
Hakan,
Hakima,
Hakime,
Hakim,
Hala,
Halid,
Halil,
Halima,
Halimatou,
Halime,
Halim,
Halina,
Hamadi,
Hamady,
Hamdi,
Hamed,
Hamel,
Hamida,
Hamida,
Hamide,
Hamid,
Hamidou,
Hamlaoui,
Hamon,
Hamou,
Hamza,
Hanaa,
Hanae,
Hana,
Hanane,
Hanan,
Handy,
Hanene,
Hanen,
Hania,
Hanifa,
Hanife,
Hani,
Hanissa,
Hanna,
Hannah,
Hannane,
Hannan,
Hannelore,
Hannen,
Hans,
Haoua,
Harald,
Haris,
Harley,
Harmonie,
Harmony,
Harold,
Harouna,
Haroun,
Harris,
Harrison,
Harry,
Harun,
Hasan,
Hasnaa,
Hasna,
Hasni,
Hasret,
Hassana,
Hassane,
Hassan,
Hassania,
Hassein,
Hassene,
Hassen,
Hassiba,
Hassina,
Hassine,
Hassna,
Hatem,
Hatice,
Hatim,
Hatouma,
Hatoumata,
Haude,
Hava,
Havva,
Hawa,
Haya,
Hayate,
Hayat,
Hayatte,
Haydee,
Hayet,
Hayette,
Hayfa,
Haykel,
Hayriye,
Hazal,
Hazar,
Haziz,
Heather,
Hebert,
Hecham,
Hector,
Heddy,
Hedia,
Hedi,
Hedwige,
Hedwig,
Hedy,
Heide,
Heidemarie,
Heidi,
Heidi,
Heidy,
Heikel,
Heinrich,
Heinz,
Hela,
Helder,
Héleine,
Hélèna,
Hélène,
Helen,
Helga,
Heliade,
Helia,
Heliane,
Helian,
Helie,
Helier,
Heliette,
Heline,
Helin,
Helios,
Hella,
Héllene,
Hélline,
Hellmut,
Hellmuth,
Helmi,
Helmut,
Helmuth,
Héloïse,
Helyette,
Helyett,
Henda,
Hendrick,
Hendrik,
Hendryk,
Hendy,
Henia,
Henria,
Henriane,
Henrianne,
Henrich,
Henrick,
Henriette,
Henri,
Henrik,
Henri-Pierre,
Henrique,
Henry,
Henryka,
Henryk,
Herald,
Herbert,
Hercule,
Heribert,
Heric,
Héricart,
Hermance,
Hermand,
Herman,
Hermann,
Hermant,
Hermeline,
Hermence,
Hermes,
Hermina,
Hermine,
Herminia,
Herminie,
Herminio,
Herrmann,
Herta,
Hertha,
Herve,
Hervé,
Herveline,
Hiba,
Hichame,
Hicham,
Hichem,
Hilaire,
Hilal,
Hilal,
Hilario,
Hilarion,
Hilary,
Hilda,
Hildebert,
Hilde,
Hildegarde,
Hildegard,
Hildevert,
Hillary,
Hillel,
Hilmi,
Hina,
Hinda,
Hinde,
Hind,
Hippolyte,
Hissam,
Hoang,
Hoang,
Hoche,
Hocine,
Hoda,
Hoel,
Hombeline,
Homere,
Hong,
Honorata,
Honorat,
Honorée,
Honore,
Honorine,
Honorin,
Horace,
Horacio,
Horia,
Horst,
Hortence,
Hortense,
Hortensia,
Hosni,
Houaria,
Houari,
Houcine,
Houda,
Houleye,
Houria,
Hourya,
Houssam,
Houssem,
Houssine,
Howard,
Huberte,
Hubert,
Hubertine,
Hugette,
Hugo,
Hugues,
Huguet,
Huguette,
Hulya,
Humbert,
Humberto,
Huriye,
Huseyin,
Hussein,
Huu,
Hyacinthe,
Hyacinthe,
Hypolite,
Hyppolite,
Hyppolyte,
Ian,
Ianis,
Iannis,
Iban,
Ibrahima,
Ibrahim,
Ibticem,
Ibtisam,
Ibtisem,
Ibtissame,
Ibtissam,
Ibtissem,
Icham,
Ichem,
Ichrak,
Ida,
Idalie,
Idalina,
Ide,
Idelette,
Idir,
Ido,
Idris,
Idrissa,
Idriss,
Ignace,
Ignacio,
Ignazio,
Igor,
Ihab,
Iheb,
Ihsane,
Ihssane,
Ikrame,
Ikram,
Ilana,
Ilane,
Ilan,
Ilanit,
Ilann,
Ilario,
Ilda,
Ildebert,
Ildephonse,
Ildevert,
Ileana,
Ilena,
Ilhame,
Ilham,
Ilhan,
Ilheme,
Ilhem,
Iliana,
Iliane,
Ilian,
Ilias,
Iliasse,
Iliass,
Ilidio,
Ilies,
Iliesse,
Ilker,
Ilknur,
Illana,
Illan,
Illona,
Ilona,
Ilse,
Ilva,
Ilyas,
Ilyasse,
Ilyass,
Ilyes,
Ilyesse,
Ilyess,
Imade,
Imad,
Imaine,
Imane,
Iman,
Iman,
Imed,
Imelda,
Imene,
Imen,
Immaculada,
Imrane,
Imran,
Inaki,
Inas,
Incarnacion,
Incarnation,
India,
Indiana,
Indira,
Indra,
Indy,
Ines,
Inesse,
Iness,
Ingeborg,
Inge,
Ingrid,
Innocente,
Innocent,
Insaf,
Intissar,
Iolanda,
Iole,
Iona,
Ipek,
Iphigenie,
Irem,
Irèna,
Irénée,
Irénée,
Irène,
Iréné,
Irenne,
Irfan,
Iride,
Irina,
Iris,
Irma,
Irmgarde,
Irmgard,
Irmine,
Irmin,
Irvin,
Irving,
Irwin,
Isaac,
Isabeau,
Isabele,
Isabel,
Isabella,
Isabelle,
Isadora,
Isa,
Isa,
Isaie,
Isaline,
Isalyne,
Isam,
Isaura,
Isaure,
Isbergue,
Isciane,
Iseline,
Iseult,
Ishak,
Isham,
Isia,
Isidora,
Isidore,
Isidor,
Isidorine,
Isidro,
Isis,
Islem,
Islem,
Ismaël,
Isma,
Ismahane,
Ismahan,
Ismahen,
Ismaila,
Ismail,
Ismayil,
Ismene,
Ismerie,
Ismet,
Isnel,
Isolde,
Isolina,
Isoline,
Israel,
Issa,
Issame,
Issam,
Italia,
Italo,
Iva,
Ivana,
Ivane,
Ivan,
Ivanna,
Ivanne,
Ivann,
Ivano,
Ives,
Ivette,
Ivica,
Ivo,
Ivone,
Ivon,
Ivonne,
Iwan,
Iyad,
Izabel,
Izia,
Jaafar,
Jaber,
Jacinta,
Jacinthe,
Jacinto,
Jack,
Jackie,
Jackie,
Jacki,
Jackson,
Jacky,
Jacob,
Jacque,
Jacqueline,
Jacquelin,
Jacquemine,
Jacques-Antoine,
Jacques,
Jacques-Henri,
Jacques-Olivier,
Jacques-Yves,
Jacquette,
Jacquie,
Jacquie,
Jacqui,
Jacquis,
Jacquit,
Jacquy,
Jade,
Jade,
Jad,
Jadwiga,
Jael,
Jahida,
Jahid,
Jaime,
Jaimie,
Jaison,
Jak,
Jakie,
Jaki,
Jaky,
Jalal,
Jalel,
Jalila,
Jalil,
Jallal,
Jamale,
Jamal,
Jame,
Jamela,
Jamel,
James,
Jamila,
Jamil,
Jamilla,
Jamina,
Jamy,
Jana,
Jane,
Janet,
Janette,
Jan,
Janice,
Janick,
Janick,
Janie,
Janig,
Janik,
Janik,
Janina,
Janine,
Janique,
Janis,
Janis,
Janna,
Janne,
Jannick,
Jannick,
Jannie,
Jannik,
Jannine,
Janny,
Janny,
Janot,
Janvier,
Janyce,
Jany,
Jany,
Jaoid,
Jaouad,
Jaoued,
Jaouen,
Jaqueline,
Jarod,
Jaroslaw,
Jasmina,
Jasmine,
Jasmin,
Jasmonde,
Jason,
Jauffrey,
Jaufre,
Jaures,
Javier,
Jawad,
Jawed,
Jayson,
Jeacques,
Jean-Adrien,
Jean-Alain,
Jean-Albert,
Jean-Alexandre,
Jean-Alexis,
Jean-Andre,
Jean-Antoine,
Jean-Arnaud,
Jean-Auguste,
Jean-Baptiste,
Jean-Bastien,
Jean-Benoît,
Jean-Bernard,
Jean-Bertrand,
Jean-Brice,
Jean-Bruno,
Jean-Camille,
Jean-Cedric,
Jean-Charles,
Jean-Christian,
Jean-Christophe,
Jean-Claude,
Jean-Clement,
Jean-Come,
Jean-Cyril,
Jean-Cyrille,
Jean-Damien,
Jean-Daniel,
Jean-David,
Jean-Denis,
Jean-Didier,
Jean-Dominique,
Jean-Edouard,
Jean-Édouard,
Jeane,
Jean-Emile,
Jean-Émile,
Jean-Emmanuel,
Jean-Eric,
Jean-Etienne,
Jean-Éric,
Jean-Étienne,
Jeanette,
Jean-Eudes,
Jean-Eugène,
Jean-Fabien,
Jean-Fabrice,
Jean-Félix,
Jean-Francis,
Jean-Franck,
Jean-François,
Jean-Frédéric,
Jean,
Jean-Gabriel,
Jean-Gael,
Jean-Georges,
Jean-Gérard,
Jean-Gilbert,
Jean-Gilles,
Jean-Guillaume,
Jean-Guy,
Jean-Henri,
Jean-Hervé,
Jean-Hubert,
Jean-Hugues,
Jeanick,
Jeanick,
Jeanie,
Jeanina,
Jeanine,
Jeaninne,
Jean-Jack,
Jean-Jacques,
Jean-Jér&#153;me,
Jean-Joël,
Jean-José,
Jean-Joseph,
Jean-Julien,
Jean-Laurent,
Jean-Léon,
Jean-Lionel,
Jean-Loic,
Jean-Lou,
Jean-Louis,
Jean-Loup,
Jean-Luc,
Jean-Lucien,
Jean-Manuel,
Jean-Marcel,
Jean-Marc,
Jean-Marie,
Jean-Marius,
Jean-Martial,
Jean-Martin,
Jean-Mary,
Jean-Mathieu,
Jean-Matthieu,
Jean-Maurice,
Jean-Max,
Jean-Maxime,
Jean-Michaël,
Jean-Michel,
Jean-Mickael,
Jeanna,
Jeanne,
Jeanne-Marie,
Jeannette,
Jeannick,
Jeannick,
Jean-Nicolas,
Jeannie,
Jeannina,
Jeannine,
Jean-Noel,
Jeannot,
Jeanny,
Jeanny,
Jean-Olivier,
Jeanot,
Jean-Pascal,
Jean-Patrice,
Jean-Patrick,
Jean-Paul,
Jean-Philippe,
Jean-Pierre,
Jean-Pol,
Jean-Raphaël,
Jean-Raymond,
Jean-Régis,
Jean-Rémi,
Jean-Rémy,
Jean-Renaud,
Jean-René,
Jean-Richard,
Jean-Robert,
Jean-Roch,
Jean-Roger,
Jean-Roland,
Jean-Romain,
Jean-Sébastien,
Jean-Serge,
Jean-Simon,
Jean-Stéphane,
Jean-Sylvain,
Jean-Thierry,
Jean-Thomas,
Jeanty,
Jean-Valéry,
Jean-Victor,
Jean-Vincent,
Jean-Xavier,
Jean-Yann,
Jeany,
Jean-Yves,
Jeason,
Jefferson,
Jeffery,
Jeff,
Jeffrey,
Jeffry,
Jef,
Jéhane,
Jéhan,
Jéhanne,
Jelena,
Jemel,
Jenifer,
Jenna,
Jennie,
Jennifer,
Jenny,
Jennyfer,
Jeoffrey,
Jérémiah,
Jérémie,
Jérémi,
Jérémy,
Jeremy,
Jérôme,
Jérômine,
Jérônimo,
Jerry,
Jerzy,
Jeson,
Jesse,
Jess,
Jessica,
Jessie,
Jessie,
Jessika,
Jessim,
Jesson,
Jessyca,
Jessye,
Jessy,
Jessy,
Jesus,
Jeyson,
Jezabel,
Jhonny,
Jibril,
Jihad,
Jihad,
Jihane,
Jihan,
Jihene,
Jihen,
Jilali,
Jilani,
Jil,
Jill,
Jillian,
Jim,
Jimi,
Jimmy,
Jimy,
Jinane,
Jinette,
Jô,
João,
Joachim,
Joachine,
Joachin,
Joackim,
Joakim,
Joana,
Joane,
Joanès,
Joan,
Joan,
Joanie,
Joanna,
Joanne,
Joannès,
Joannet,
Joann,
Joannie,
Joanny,
Joanny,
Joao,
Joao-Paulo,
Joaquim,
Joaquina,
Joaquine,
Joaquin,
Joceline,
Jocelin,
Jocelyne,
Jocelyn,
Jocia,
Joconde,
Jocya,
Jodie,
Jody,
Jody,
Joe,
Joeffrey,
Joe,
Joele,
Joel,
Joël,
Joella,
Joelle,
Joevin,
Joey,
Joffray,
Joffre,
Joffrette,
Joffrey,
Joffrine,
Johana,
Johane,
Johan,
Johanie,
Johanna,
Johanne,
Johannès,
Johannes,
Johann,
Johannie,
Johanny,
Johanny,
Johël,
Johnatan,
Johnathan,
Johnattan,
John,
Johnny,
Johny,
Jolan,
Jonah,
Jonas,
Jonatan,
Jonathane,
Jonathan,
Jonathann,
Jon,
Jonnathan,
Jonnhy,
Jonny,
Jorane,
Joran,
Jordana,
Jordane,
Jordane,
Jordan,
Jordann,
Jordi,
Jordy,
Jorel,
Jörg,
Jorge,
Jorick,
Joris,
Jorje,
Jorris,
Jory,
Jorys,
Josanne,
Josceline,
Joscelyne,
José-Antonio,
José-Carlos,
Josée,
José,
Jose,
Josefa,
Josef,
Josefina,
Joseline,
Joselito,
José-Louis,
José-Luis,
Joselyne,
José-Manuel,
Josemaría,
José-Maria,
José-Marie,
José-Miguel,
Josépha,
Josèphe,
Joseph,
Joséphina,
Joséphine,
Josephin,
Josephte,
Josete,
Josette,
Joshua,
Josiane,
Josian,
Josianne,
Josias,
Josie,
Josine,
Josquin,
Josse,
Josseline,
Josselin,
Josselyne,
Josselyn,
Joss,
Jossiane,
Josua,
Josué,
Josyane,
Josyanne,
Josy,
Josy,
Jovan,
Jovanny,
Jovany,
Joyce,
Joyce,
Joy,
Joy,
Jozefa,
Jozef,
Juana,
Juan-Antonio,
Juan-Carlos,
Juan-Francisco,
Juan,
Juanita,
Juanito,
Juan-José,
Juan-Manuel,
Jude,
Judicaël,
Judicaël,
Judicaëlle,
Judikaël,
Judite,
Judith,
Judy,
Jugurtha,
Juillette,
Jules,
Julia,
Juliana,
Juliane,
Julian,
Julianna,
Julianne,
Juliano,
Julide,
Julie-Anne,
Julie,
Julien,
Julienne,
Julien-Pierre,
Julieta,
Juliet,
Juliette,
Juline,
Julio,
Julius,
Jullian,
Jullien,
July,
Junie,
Junien,
Junior,
Jurgen,
Juste,
Just,
Justine,
Justin,
Justinien,
Justo,
Jutta,
Juvenal,
Kaan,
Kacem,
Kaci,
Kada,
Kaddour,
Kader,
Kader,
Kadia,
Kadiata,
Kadiatou,
Kadidia,
Kadidiatou,
Kadidja,
Kadija,
Kadir,
Kadour,
Kadra,
Kady,
Kaelig,
Kahena,
Kahina,
Kaila,
Kaina,
Kais,
Kaiss,
Kaled,
Kalid,
Kalidou,
Kalifa,
Kalil,
Kalilou,
Kalima,
Kaltoum,
Kalvin,
Kama,
Kamal,
Kamel,
Kamelia,
Kamila,
Kamil,
Kamilia,
Kani,
Kany,
Kanza,
Kaoutare,
Kaoutar,
Kaouthar,
Karamba,
Karamoko,
Kardiatou,
Kareen,
Karel,
Karelle,
Karell,
Karem,
Karène,
Karen,
Karima,
Karime,
Karim,
Karina,
Karine,
Karin,
Karin,
Karinne,
Karla,
Karl,
Karline,
Karolane,
Karole,
Karol,
Karol,
Karolina,
Karoline,
Karyne,
Karyn,
Kasia,
Kasimira,
Kassandra,
Kassandre,
Kassim,
Kassy,
Kataline,
Katalyne,
Katarina,
Kate,
Katel,
Kateline,
Katell,
Kathalyne,
Kathalyn,
Katharina,
Katherine,
Kathia,
Kathie,
Kathleen,
Kathlène,
Kathline,
Kathryn,
Kathya,
Kathy,
Katia,
Katiana,
Katiba,
Katie,
Katleen,
Katty,
Katya,
Katy,
Kawtar,
Kawthar,
Kazim,
Kazimiera,
Kazimierz,
Kazimira,
Keanu,
Keira,
Keisha,
Keith,
Kelian,
Kelig,
Kelig,
Kellian,
Kellie,
Kelly,
Keltoum,
Kelvin,
Kelyan,
Kemal,
Kemel,
Kemil,
Kenan,
Kendra,
Ken,
Kenji,
Kenjy,
Kenneth,
Kenny,
Kentin,
Kenya,
Keny,
Kenza,
Kenzi,
Kenzo,
Kerem,
Keren,
Kerian,
Kerim,
Kervin,
Kerwan,
Keryan,
Keryann,
Keshia,
Kesia,
Kessy,
Ketsia,
Ketty,
Kevan,
Keven,
Kevine,
Kevin,
Kevser,
Kevyn,
Kewin,
Keyvan,
Kezia,
Keziah,
Keziah,
Keziban,
Khadidiatou,
Khadidja,
Khadija,
Khadim,
Khadra,
Khadya,
Khady,
Khaira,
Khaled,
Khalida,
Khalide,
Khalid,
Khalifa,
Khalil,
Khamel,
Khaoula,
Khedidja,
Kheira,
Khelifa,
Khira,
Kiara,
Kiefer,
Kieran,
Kilian,
Killian,
Killyan,
Kilyan,
Kimberlay,
Kimberley,
Kimberly,
Kim,
Kim,
Kjetil,
Klara,
Klaus,
Kleber,
Kleberte,
Klebert,
Klervie,
Klervi,
Kloe,
Koffi,
Koralie,
Koralyne,
Korantin,
Koray,
Korentin,
Kouider,
Koumba,
Krikor,
Krim,
Kris,
Kristel,
Kristelle,
Kristell,
Kristen,
Kristen,
Kristina,
Kristofer,
Kristopher,
Krystal,
Krystel,
Krystelle,
Krysty,
Krystyna,
Kubilay,
Kubra,
Kurt,
Kurtis,
Kyle,
Kylian,
Kyllian,
Kyrian,
Ladislas,
Ladislawa,
Ladislaw,
Ladji,
Laela,
Laeticia,
Laetitia,
Laetizia,
Lahbib,
Lahcene,
Lahcen,
Lahouari,
Lahoucine,
Laid,
Laila,
Lailla,
Lakdar,
Laken,
Lakhdar,
Lala,
Lale,
Lalia,
Lalie,
Lalla,
Laly,
Lambert,
Lamia,
Lamine,
Lamri,
Lamya,
Lana,
Lancelot,
Landry,
Laora,
Laouari,
Lara,
Larbi,
Larissa,
Larry,
Lassana,
Laszlo,
Latefa,
Latifa,
Laudine,
Laura,
Lauraine,
Lauralee,
Lauraleen,
Lauralie,
Lauraline,
Lauraly,
Laurana,
Laurane,
Lauranne,
Laureane,
Laure-Anne,
Laure-Emmanuelle,
Laureen,
Laure,
Laure-Helene,
Laureleen,
Laurelène,
Laurelenn,
Laurelia,
Laurelie,
Laureline,
Laure-Line,
Laure-Marie,
Laurena,
Laurence,
Laurencia,
Laurencie,
Laurencine,
Laurène,
Lauren,
Laurenne,
Laurent,
Laurentie,
Laurentine,
Lauretta,
Laurette,
Lauriana,
Lauriane,
Laurian,
Laurianne,
Lauric,
Laurick,
Laurie-Anne,
Laurie,
Laurina,
Laurinda,
Laurine,
Lauris,
Lauryane,
Laury,
Laury,
Lauryne,
Lauryn,
Lavinia,
Lawrence,
Layla,
Lazare,
Lazarette,
Lazarine,
Lazhar,
Léa,
Léah,
Léa-Marie,
Léana,
Léandra,
Léandre,
Leandre,
Leandro,
Léane,
Léanna,
Léanne,
Leatitia,
Leda,
Lee,
Leeroy,
Lee-Roy,
Leger,
Leia,
Leila,
Leilla,
Leina,
Lela,
Lelia,
Lena,
Lenaic,
Lenaic,
Lenaick,
Lenaick,
Lenaig,
Lenaik,
Leni,
Lenna,
Lennie,
Lenny,
Leny,
Léocadia,
Léocadie,
Léodie,
Léo,
Léokadja,
Léona,
Léonarda,
Léonarde,
Léonard,
Léonardo,
Léonce,
Léonce,
Léoncia,
Léoncie,
Léoncine,
Léone,
Léonel,
Léonette,
Leon,
Léon,
Léonida,
Léonidas,
Léonide,
Léonide,
Léonie,
Léonilda,
Léonilde,
Léonne,
Léonnie,
Léonora,
Léonore,
Léonor,
Léonor,
Léontine,
Léontin,
Leo-Paul,
Léopold,
Léopoldine,
Léopol,
Leroy,
Lesia,
Lesley,
Leslie-Anne,
Leslie,
Leslye,
Lesly,
Lesly,
Leticia,
Letitia,
Letizia,
Levana,
Levent,
Lévi,
Lévy,
Lewis,
Lexane,
Leyla,
Lezin,
Lia,
Liam,
Liamine,
Liana,
Liane,
Liazid,
Libera,
Libero,
Libertad,
Liberta,
Liberte,
Liberto,
Liborio,
Lida,
Lidia,
Lidie,
Lido,
Lidwine,
Lidy,
Lie,
Lieselotte,
Lies,
Liesse,
Lievin,
Lila,
Lilah,
Lilas,
Lilette,
Lilia,
Liliana,
Liliane,
Lilian,
Lilian,
Lilianne,
Lilie,
Lili,
Lilla,
Lillia,
Lilliane,
Lilli,
Lillinne,
Lilly,
Lilou,
Lilya,
Lilyane,
Lily,
Lina,
Linda,
Lindsay,
Lindsey,
Lindy,
Line,
Linette,
Lin,
Lino,
Linsay,
Linsey,
Lionel,
Lionelle,
Lionnel,
Liora,
Lior,
Lisa,
Lisa-Marie,
Lisandru,
Lisbeth,
Lise,
Liselotte,
Lise-Marie,
Lisette,
Lisiane,
Lisianne,
Lison,
Liu,
Livia,
Livie,
Livio,
Liza,
Liz,
Lizzie,
Ljiljana,
Lloyd,
Loana,
Loane,
Loan,
Loan,
Loanne,
Loann,
Lobna,
Lodoiska,
Loeiza,
Loeiz,
Loelia,
Loeticia,
Loetitia,
Logane,
Logan,
Lohan,
Loica,
Loïc,
Loicia,
Loïck,
Loïg,
Loïk,
Loïse,
Loïs,
Loïs,
Lokman,
Lola,
Lolita,
Lona,
Lonni,
Lonny,
Lony,
Loona,
Lora,
Loraine,
Lorane,
Lorea,
Loredana,
Loredane,
Loreena,
Loreen,
Lore,
Lorelei,
Loreline,
Lorella,
Lorèna,
Lorène,
Loren,
Lorenza,
Lorenz,
Lorenzo,
Loretta,
Lorette,
Loriana,
Loriane,
Lorianne,
Loric,
Lorie,
Lori,
Lori,
Lorina,
Lorinda,
Lorine,
Loris,
Lorna,
Lorraine,
Lorrie,
Lorris,
Lorry,
Lorry,
Lory,
Lory,
Loryne,
Lorys,
Lotfi,
Lothaire,
Lothar,
Lotte,
Louana,
Lou-Andréa,
Louane,
Lou-Anna,
Louanne,
Lou-Anne,
Lou-Ann,
Loubna,
Lou,
Lou,
Louisa,
Louis-Alexandre,
Louisanne,
Louis-Antoine,
Louis-Armand,
Louis-Charles,
Louise,
Louise-Marie,
Louisette,
Louis,
Louis-Gabriel,
Louisiane,
Louis-Joseph,
Louis-Marie,
Louison,
Louison,
Louis-Paul,
Louis-Philippe,
Louis-Pierre,
Louis-Victor,
Louiza,
Louka,
Loula,
Louna,
Lounes,
Lounis,
Loup,
Lourdes,
Loutfi,
Lovely,
Loyd,
Loys,
Luana,
Lubin,
Lubna,
Luca,
Lucas,
Lucca,
Luce,
Luce,
Lucette,
Luc,
Lucia,
Luciana,
Luciane,
Luciano,
Lucie,
Lucien,
Lucienne,
Lucile,
Lucilia,
Lucille,
Lucinda,
Lucine,
Lucio,
Lucius,
Lucky,
Lucrèce,
Lucy,
Lucyle,
Lucylle,
Ludger,
Ludivine,
Ludiwine,
Ludmila,
Ludmilla,
Ludovic,
Ludovick,
Ludovine,
Ludwig,
Ludwik,
Ludwine,
Ludyvine,
Lugdivine,
Luidgi,
Luigia,
Luigi,
Luigina,
Luigino,
Luisa,
Luis-Filipe,
Luis,
Luis-Manuel,
Luis-Miguel,
Luiza,
Luiz,
Luka,
Lukas,
Luke,
Luna,
Lurdes,
Luther,
Lya,
Lyazid,
Lycia,
Lyda,
Lyderic,
Lydia,
Lydiane,
Lydie,
Lydwine,
Lyes,
Lyess,
Ly,
Ly,
Lyla,
Lyle,
Lylia,
Lyliane,
Lylian,
Lylianne,
Lyna,
Lynda,
Lyne,
Lynn,
Lyonel,
Lyonnel,
Lysa,
Lysandre,
Lysandre,
Lyse,
Lysiane,
Lysian,
Lysianne,
Lyvia,
Maamar,
Mabrouka,
Mabrouk,
Maceo,
Macha,
Macire,
Madalena,
Madani,
Maddalena,
Maddly,
Maddy,
Madelaine,
Madeleine,
Madeline,
Madelyne,
Madhav,
Madiana,
Madiha,
Madina,
Madison,
Madison,
Madisson,
Madjid,
Madleen,
Madline,
Madly,
Mado,
Mady,
Mady,
Madyson,
Mae,
Maela,
Maëlane,
Maelan,
Maële,
Maëlenn,
Mael,
Mael,
Maëlia,
Maëlie,
Maeli,
Maëlig,
Maelig,
Maëline,
Maëlis,
Maëliss,
Maella,
Maelle,
Maëly,
Maëlys,
Maëlyss,
Maëna,
Maeva,
Maevane,
Maeve,
Mafalda,
Magalie,
Magali,
Magaly,
Magda,
Magdalena,
Magdelaine,
Magdeleine,
Maggie,
Maggy,
Maghnia,
Magid,
Magloire,
Magnolia,
Magou,
Maguelone,
Maguelonne,
Maguy,
Maha,
Mahamadou,
Mahault,
Mahaut,
Mahawa,
Mahdi,
Mahdjouba,
Mahé,
Mahel,
Maher,
Maheva,
Mahfoud,
Mahieddine,
Mahira,
Mahir,
Mahjouba,
Mahmoud,
Mahmûd,
Mahmud,
Mahmut,
Maia,
Maialen,
Maiana,
Maicky,
Maider,
Mai,
Maïka,
Maiky,
Maïlie,
Maïlis,
Maïly,
Maïlys,
Maïmouna,
Maïna,
Maïra,
Maïssa,
Maïssane,
Maïte,
Maïtena,
Maïthe,
Maïva,
Maïwen,
Maïwenn,
Maixent,
Majda,
Majdeline,
Majdi,
Majdoline,
Majdouline,
Majida,
Majid,
Maka,
Makan,
Maklouf,
Makram,
Makrem,
Malak,
Malaurie,
Malaury,
Malaury,
Malcolm,
Malcom,
Maleka,
Malek,
Malek,
Maléna,
Malia,
Malica,
Malicia,
Malick,
Malika,
Malik,
Malina,
Mallaurie,
Mallaury,
Mallaury,
Mallorie,
Mallory,
Mallory,
Malo,
Malorie,
Malory,
Malory,
Malou,
Malvina,
Malvin,
Mamadi,
Mamadou,
Mamady,
Mama,
Mamar,
Mame,
Mamoudou,
Mamou,
Manale,
Manal,
Manar,
Mandy,
Manèle,
Manel,
Manelle,
Manfred,
Manoel,
Manola,
Manolita,
Manolito,
Manolo,
Manon,
Mansour,
Mansouria,
Manuela,
Manuele,
Manuel,
Manuella,
Manuelle,
Manu,
Mara,
Marat,
Marc-Alexandre,
Marc-Andre,
Marc-Anthony,
Marc-Antoine,
Marc-Aurèle,
Marceau,
Marcele,
Marcel,
Marcelina,
Marceline,
Marcelin,
Marcelino,
Marcella,
Marcelle,
Marcelline,
Marcellin,
Marcello,
Marcellus,
Marcelo,
Marc-Etienne,
Marc-Étienne,
Marc,
Marc-Henri,
Marcia,
Marcien,
Marcienne,
Marcio,
Marck,
Marco,
Marc-Olivier,
Marco-Paulo,
Marcos,
Marc-Philippe,
Marcus,
Marcy,
Marek,
Mareva,
Margaret,
Margareth,
Margarette,
Margarett,
Margarida,
Margarita,
Margaud,
Margault,
Margaux,
Margerie,
Margherita,
Margo,
Margot,
Margotte,
Marguerita,
Marguerite,
Marguerite-Marie,
Margueritte,
Maria-Carmen,
Maria-Christina,
Maria-Christine,
Maria-Cristina,
Maria-De,
Maria-Del,
Maria-Dolorès,
Maria-Elèna,
Maria-Elisabeth,
Maria,
Maria-Fatima,
Maria-Fernanda,
Maria-Helena,
Maria-Isabel,
Maria-Isabelle,
Maria-Jesus,
Maria-José,
Maria-Josèfa,
Maria-Louisa,
Maria-Lourdes,
Maria-Luisa,
Mariama,
Maria-Manuela,
Mariame,
Mariam,
Mariamou,
Mariana,
Mariane,
Marian,
Marian,
Marianick,
Marianna,
Marianne,
Mariannick,
Mariano,
Maria-Pia,
Maria-Pilar,
Maria-Rosa,
Mariata,
Maria-Teresa,
Maria-Theresa,
Mariatou,
Maribel,
Maricke,
Marie-Adelaide,
Marie-Adeline,
Marie-Agathe,
Marie-Agnès,
Marie-Aimée,
Marie-Aleth,
Marie-Alexandra,
Marie-Alice,
Marie-Aline,
Marie-Alix,
Marie-Amandine,
Marie-Amélie,
Marie-Anaïs,
Marie-Andrée,
Marie-Ange,
Marie-Angèle,
Marie-Angélique,
Marie-Anna,
Marie-Anne,
Marie-Annette,
Marie-Annick,
Marie-Annie,
Marie-Antoinette,
Marie-Armelle,
Marie-Astrid,
Marie-Aude,
Marie-Audrey,
Marie-Augustine,
Marie-Aurélie,
Marie-Aurore,
Marie-Béatrice,
Marie-Bénédicte,
Marie-Bernadette,
Marie-Bernard,
Marie-Bernard,
Marie-Berthe,
Marie-Blanche,
Marie-Brigitte,
Marie-Camille,
Marie-Capucine,
Marie-Carmen,
Marie-Carole,
Marie-Caroline,
Marie-Catherine,
Marie-Cécile,
Marie-Céline,
Marie-Chantal,
Marie-Charlotte,
Marie-Christel,
Marie-Christelle,
Marie-Christiane,
Marie-Christine,
Marie-Claire,
Marie-Claude,
Marie-Claudine,
Marie-Clémence,
Marie-Clémentine,
Marie-Clotilde,
Marie-Colette,
Marie-Corinne,
Marie-Danièle,
Marie-Danielle,
Marie-Delphine,
Marie-Denise,
Marie-Dolorès,
Marie-Dominique,
Marie-Edith,
Marie-Édith,
Marie-Eliane,
Marie-Elisabeth,
Marie-Elise,
Marie-Elodie,
Marie-Élise,
Marie-Élodie,
Marie-Emeline,
Marie-Emilie,
Marie-Emmanuelle,
Marie-Estelle,
Marie-Eugènie,
Marie-Eva,
Marie-Eve,
Marie-Evelyne,
Marie,
Marie-Félicie,
Marie-Fernande,
Marie-Fleur,
Marie-Flore,
Marie-Florence,
Marie-France,
Marie-Francine,
Marie-Françoise,
Marie-Frédérique,
Marie,
Marie-Gabrielle,
Marie-Gaëlle,
Marie-Genevieve,
Marie-George,
Marie-Georges,
Marie-Georgette,
Marie-Germaine,
Marie-Ghislaine,
Marie-Helene,
Marie-Henriette,
Marie-Irène,
Marie-Isabelle,
Marie-Jacqueline,
Marie-Jane,
Marie-Janne,
Marie-Jeanne,
Marie-Jesus,
Marie-Jocelyne,
Marie-Joelle,
Marie-Josée,
Marie-José,
Marie-Josephe,
Marie-Joseph,
Marie-Joseph,
Marie-Josephine,
Marie-Josette,
Marie-Josiane,
Marie-Julie,
Marie-Julienne,
Marie-Juliette,
Marie-Justine,
Marie-Laetitia,
Marie-Laure,
Marie-Laurence,
Marie-Léa,
Marie-Léonie,
Marie-Léontine,
Mariel,
Marie-Liesse,
Marie-Line,
Marie-Lise,
Marie-Lorraine,
Marie-Lou,
Marie-Louise,
Marie-Luce,
Marie-Lucie,
Marie-Lucienne,
Marie-Lyne,
Marie-Lyse,
Marie-Lys,
Marie-Madeleine,
Marie-Magdeleine,
Marie-Marcelle,
Marie-Marguerite,
Marie-Marthe,
Marie-Martine,
Marie-Mathilde,
Marie-Mélanie,
Marie-Michele,
Marie-Michelle,
Marie-Monique,
Marie-Morgane,
Marie-Myriam,
Marie-Nathalie,
Marie-Neige,
Marie-Nelly,
Marien,
Marie-Nicole,
Marie-Noële,
Marie-Noël,
Marie-Noëlle,
Marie-Océane,
Marie-Odette,
Marie-Odile,
Marie-Pascale,
Marie-Paule,
Marie-Paulette,
Marie-Paul,
Marie-Pauline,
Marie-Pia,
Marie-Pierre,
Marie-Pierrette,
Marie-Reine,
Marie-Renée,
Marie-Rosalie,
Marie-Rose,
Marie-Sabine,
Marie-Sandrine,
Marie-Sara,
Marie-Sarah,
Marie-Simone,
Marie-Solange,
Marie-Sol,
Marie-Sophie,
Marie-Stella,
Marie-Stéphane,
Marie-Stéphanie,
Marie-Suzanne,
Marie-Sylvie,
Marie-Therèse,
Marie-Thereze,
Marie-Valentine,
Marie-Valérie,
Marie-Véronique,
Marie-Victoire,
Marie-Virginie,
Marie-Yvonne,
Mari,
Marin,
Mario,
Marion,
Marius,
Marivonne,
Marize,
Marja,
Marjane,
Marjan,
Marjolaine,
Marjolène,
Marjorie,
Marjory,
Mark,
Marko,
Marleine,
Marlène,
Marley,
Marliese,
Marline,
Marlise,
Marlone,
Marlon,
Marly,
Marlyne,
Marlyse,
Marnia,
Marnie,
Maro,
Maroi,
Maroine,
Maroin,
Maroua,
Marouane,
Marouan,
Marouen,
Maroussia,
Marta,
Martel,
Martha,
Marthe,
Marthine,
Martiale,
Martial,
Martina,
Martine,
Martin,
Martinho,
Marty,
Marveen,
Marvin,
Marvyn,
Marwa,
Marwane,
Marwan,
Marwen,
Marwin,
Marx,
Maryama,
Maryame,
Maryam,
Maryan,
Maryanne,
Maryannick,
Mary-Christine,
Mary-Claude,
Maryelle,
Maryem,
Mary,
Mary-France,
Mary,
Maryjan,
Mary-José,
Marylaine,
Marylaure,
Maryleine,
Marylène,
Maryline,
Mary-Line,
Marylin,
Marylise,
Mary-Lise,
Marylis,
Marylou,
Mary-Lou,
Maryna,
Maryne,
Maryn,
Marynick,
Maryon,
Marysa,
Maryse,
Marysette,
Maryvette,
Maryvone,
Maryvonne,
Mason,
Massimiliano,
Massimo,
Massinissa,
Matéo,
Materne,
Mathéa,
Mathée,
Mathéo,
Mathew,
Mathias,
Mathieu,
Mathilda,
Mathilde,
Mathis,
Mathurine,
Mathurin,
Mathylde,
Mathys,
Matias,
Matilda,
Matilde,
Matis,
Matisse,
Mattéa,
Mattéo,
Matt,
Matthew,
Matthias,
Matthieu,
Matthis,
Mattia,
Mattias,
Mattieu,
Mattin,
Mattis,
Maude,
Maudez,
Maud,
Maugan,
Maurad,
Maurane,
Mauranne,
Maureen,
Maurice,
Mauricette,
Mauricia,
Mauricienne,
Maurine,
Maurin,
Maurizio,
Mauro,
Mauve,
Maverick,
Mavrick,
Maxance,
Maxandre,
Maxence,
Maxence,
Maxens,
Max,
Maxima,
Maxime,
Maxim,
Maximien,
Maximilian,
Maximilien,
Maximilienne,
Maximin,
Maxine,
Maya,
Mayalen,
Mayeul,
May,
Mayline,
Maylis,
Mayliss,
Mayron,
Mayssa,
Mazarine,
Mazlum,
Mebarka,
Medard,
Meddy,
Medea,
Médéric,
Médérick,
Medhi,
Medhy,
Medi,
Medina,
Medine,
Medy,
Mégane,
Mégan,
Mégan,
Meg-Anne,
Méganne,
Mégann,
Meg,
Meggane,
Meggan,
Meggie,
Meggy,
Meghane,
Meghan,
Méghanne,
Méghann,
Meguy,
Mehdi,
Mehdy,
Meher,
Mehmet,
Mehrez,
Mehtap,
Meidhi,
Meidi,
Meiggie,
Meihdi,
Meir,
Meissa,
Mejda,
Mejdi,
Mekki,
Mélaine,
Mélaine,
Mélanie,
Mélany,
Melchior,
Melda,
Melek,
Mel,
Mélia,
Méliana,
Mélie,
Méliha,
Melih,
Mélika,
Mélike,
Melik,
Mélina,
Mélinda,
Mélinée,
Méline,
Mélisa,
Mélisande,
Mélisandre,
Mélis,
Mélissa,
Mélissande,
Mélissandre,
Mélisse,
Mélissia,
Mélitine,
Méliza,
Mellie,
Mélodie,
Mélody,
Méloé,
Meltem,
Mélusine,
Melvil,
Melvina,
Melvine,
Melvin,
Melvyn,
Mélyna,
Mélynda,
Mélyne,
Mélyssa,
Memet,
Menahem,
Menahem-Mendel,
Mendel,
Mendy,
Mendy,
Menel,
Menouar,
Meral,
Mercédès,
Mérédith,
Meriadec,
Meriadeg,
Meriame,
Meriam,
Meric,
Merieme,
Meriem,
Merine,
Merlène,
Merlin,
Merouane,
Merry,
Merryl,
Merve,
Merwane,
Merwan,
Meryam,
Meryem,
Meryl,
Meryl,
Meryll,
Meryll,
Messaline,
Messaouda,
Messaoud,
Mesut,
Meta,
Metin,
Meven,
Mevlut,
Mewen,
Meyer,
Meyrem,
Meziane,
Mhamed,
Mia,
Micaëla,
Micaël,
Michaëla,
Michaële,
Michaëlle,
Michaël,
Michael,
Michaella,
Michaelle,
Micham,
Michel-Ange,
Michèle,
Michelette,
Michel,
Michelina,
Micheline,
Michelle,
Michelline,
Mickaëla,
Mickaële,
Mickaël,
Mickael,
Mickaella,
Mickaelle,
Micke,
Mickey,
Mick,
Micky,
Miecyslaw,
Mieczyslas,
Mieczyslawa,
Mieczyslaw,
Miguel,
Mihriban,
Mikaëla,
Mikaël,
Mikael,
Mikaelle,
Mikail,
Mikayil,
Mike,
Mikel,
Mikhaël,
Mikhaïl,
Mikhail,
Miky,
Mila,
Milagros,
Milan,
Mildred,
Mile,
Milena,
Milène,
Milica,
Milka,
Milko,
Millie,
Milo,
Milos,
Milouda,
Miloud,
Milva,
Mimi,
Mimouna,
Mimoun,
Mina,
Mindy,
Mine,
Minh,
Minh,
Minna,
Miquel,
Mirabeau,
Mirabelle,
Mira,
Mirana,
Miranda,
Mireille,
Mirella,
Miren,
Mirentchu,
Mirentxu,
Miriame,
Miriam,
Mirianne,
Mirjana,
Mirko,
Miroslav,
Miroslaw,
Miryam,
Moana,
Moche,
Moctar,
Modeste,
Modeste,
Modestie,
Modestine,
Modesty,
Modibo,
Mody,
Mohamad,
Mohamadou,
Mohamed-Ali,
Mohamed-Amine,
Mohamed-Amin,
Mohamed,
Mohamed-Lamine,
Mohammad,
Mohammed,
Mohand,
Mohcine,
Mohsen,
Moira,
Moïse,
Moïses,
Moisette,
Mokhtar,
Mokhtaria,
Mokrane,
Moktar,
Moktaria,
Molly,
Mona,
Moncef,
Monelle,
Monette,
Monia,
Monica,
Monika,
Monique,
Monira,
Monir,
Monserrat,
Montaine,
Montserrat,
Monya,
Morade,
Morad,
Morand,
Morane,
Moran,
Mordechai,
Moreno,
Morgane,
Morgan,
Morgan,
Morganne,
Morgann,
Morgann,
Morgiane,
Morice,
Moricette,
Morine,
Morvan,
Morwenna,
Mory,
Moshe,
Mostafa,
Mostapha,
Mostefa,
Mouad,
Mouez,
Moufida,
Mouhamadou,
Mouhamed,
Mouhcine,
Moulay,
Mouloud,
Mouna,
Mounaim,
Mounia,
Mounira,
Mounir,
Mounya,
Mourade,
Mourad,
Moussa,
Moustafa,
Moustapha,
Mucahit,
Muge,
Muguette,
Muhamet,
Muhammad,
Muhammed,
Muhammet,
Murat,
Muriele,
Muriel,
Murielle,
Murphy,
Musa,
Mustafa,
Mustapha,
Mutlu,
My,
Mylan,
Mylèna,
Mylène,
Myriame,
Myriam,
Myriane,
Myrianne,
Myrielle,
Myriem,
Myron,
Myrtil,
Myrtille,
Naaima,
Nabel,
Nabia,
Nabiha,
Nabila,
Nabile,
Nabil,
Nabintou,
Nabyl,
Nacera,
Nacer,
Nacima,
Nacime,
Nacim,
Nacira,
Nada,
Nadege,
Nadeige,
Nadeje,
Nadera,
Nader,
Nadette,
Nadia,
Nadie,
Nadiege,
Nadim,
Nadine,
Nadira,
Nadir,
Nadja,
Nadjat,
Nadjet,
Nadjia,
Nadjib,
Nadji,
Nadjim,
Nadra,
Nadya,
Nady,
Nadyne,
Nael,
Naelle,
Naema,
Naeva,
Nafissa,
Nafissatou,
Nagette,
Nagib,
Naguib,
Nagui,
Nahel,
Nahema,
Nahida,
Nahid,
Nahima,
Nahim,
Nahla,
Naia,
Naida,
Naig,
Naike,
Naila,
Nail,
Naima,
Naim,
Nais,
Najah,
Najate,
Najat,
Najatte,
Najete,
Najet,
Najette,
Najia,
Najiba,
Najib,
Naji,
Najima,
Najim,
Najla,
Najma,
Najoua,
Najwa,
Nana,
Nancie,
Nancy,
Nanette,
Nans,
Naoel,
Naoelle,
Naoile,
Naoil,
Naomie,
Naomi,
Naomy,
Naouale,
Naoual,
Naouel,
Naouelle,
Naoufal,
Naoufel,
Napoléon,
Narcisse,
Narcisse,
Narima,
Narimane,
Narjes,
Narjis,
Narjisse,
Nasera,
Naser,
Nasima,
Nasim,
Nasira,
Nasma,
Nasreddine,
Nasredine,
Nasrine,
Nassera,
Nasserdine,
Nasser,
Nassiba,
Nassima,
Nassime,
Nassim,
Nassira,
Nastasia,
Nastassia,
Nastassja,
Natacha,
Natale,
Natalia,
Natalie,
Natali,
Natalina,
Nataline,
Natanaël,
Natan,
Natasa,
Natasha,
Natercia,
Nathacha,
Nathaël,
Nathaelle,
Nathalia,
Nathalie,
Nathaline,
Nathaly,
Nathanaël,
Nathanaëlle,
Nathanel,
Nathan,
Nathaniel,
Natividad,
Nativite,
Naura,
Nausicaa,
Nawale,
Nawal,
Nawel,
Nawelle,
Nawell,
Nawfal,
Nawfel,
Nayla,
Nayma,
Nazaire,
Nazha,
Nazia,
Naziha,
Nazim,
Nazli,
Ndeye,
Neal,
Nebia,
Nebil,
Nebojsa,
Nedia,
Nedjma,
Neguib,
Néhama,
Néhémie,
Neige,
Neila,
Neil,
Nejla,
Nejma,
Nelia,
Nelie,
Nella,
Nell,
Nellie,
Nello,
Nelly,
Nelso,
Nelson,
Nemo,
Nemorin,
Nenad,
Nene,
Nerina,
Nermin,
Nese,
Neslihan,
Nesma,
Nesrine,
Nesrin,
Nessim,
Nessrine,
Nestor,
Neven,
Nevine,
Nezha,
Ngoc,
Ngoc,
Nguyen,
Niakale,
Niame,
Nicette,
Nicholas,
Nick,
Nicky,
Nicodème,
Nico,
Nicola,
Nicolas,
Nicole,
Nicoletta,
Nicolette,
Nicol,
Nicoline,
Nicolle,
Nida,
Nidal,
Nidhal,
Niels,
Nieves,
Nihad,
Nihal,
Nihat,
Nihel,
Nikita,
Nikita,
Nikola,
Nikolas,
Nil,
Nil,
Nils,
Nilton,
Nilufer,
Nima,
Nina,
Nine,
Ninette,
Nino,
Ninon,
Niouma,
Nirina,
Nisrine,
Nissa,
Nissim,
Nissrine,
Nita,
Nizar,
Noa,
Noah,
Noam,
Noan,
Noe,
Noëla,
Noële,
Noel,
Noël,
Noëlia,
Noëlie,
Noëline,
Noella,
Noelle,
Noellia,
Noellie,
Noelline,
Noelly,
Noëly,
Noémia,
Noémie,
Noémi,
Noémy,
Noha,
Nohaila,
Noham,
Nohra,
Noira,
Nolan,
Nolann,
Nolwen,
Nolwen,
Nolwenn,
Nolwenn,
Nonce,
Nonce,
Nonciade,
Noor,
Nora,
Norah,
Norberte,
Norbert,
Norberto,
Norddine,
Nordi,
Nordine,
Nordin,
Noreddine,
Noredine,
Noreen,
Noria,
Noriane,
Norina,
Norine,
Norma,
Norman,
Normann,
Norredine,
Nouara,
Nouha,
Nouhaila,
Noura,
Nourdine,
Nourdin,
Noureddine,
Nour-Eddine,
Nouredine,
Nour,
Nour,
Nouria,
Nouri,
Nourredine,
Nouzha,
Noyale,
Numa,
Nuno,
Nunzia,
Nunzio,
Nuran,
Nuray,
Nurcan,
Nur,
Nurgul,
Nuria,
Nuri,
Nurten,
Obeline,
Océana,
Océane,
Océanne,
Octave,
Octavie,
Octavien,
Octavio,
Odelia,
Odeline,
Odessa,
Odete,
Odet,
Odette,
Odile,
Odilia,
Odille,
Odilon,
Odine,
Odin,
Odon,
Odran,
Odyle,
Odylle,
Ogun,
Oguz,
Oguzhan,
Oihana,
Oihiba,
Oilid,
Okan,
Oksana,
Oktay,
Olaf,
Oleg,
Olfa,
Olga,
Olida,
Olinda,
Oliva,
Olive,
Olive,
Olivera,
Oliver,
Olivette,
Olivia,
Olivier,
Ollivier,
Olympe,
Olympe,
Olynda,
Omaima,
Omar,
Omayma,
Ombeline,
Ombline,
Omer,
Omerine,
Onder,
Ondine,
Onesime,
Onezime,
Onur,
Oona,
Opale,
Opaline,
Ophélia,
Ophélie,
Ophéline,
Ophély,
Opportune,
Optat,
Orancie,
Orane,
Oranne,
Orasie,
Orazio,
Oregane,
Orelie,
Oren,
Oreste,
Orhan,
Oria,
Oriana,
Oriane,
Orian,
Orianna,
Orianne,
Orida,
Orietta,
Orlando,
Orlane,
Orlanne,
Ornella,
Ornette,
Orpha,
Orphée,
Orphee,
Oscar,
Osman,
Osmin,
Ossama,
Osvaldo,
Osval,
Oswald,
Oswaldo,
Otello,
Othilie,
Othmane,
Othman,
Othon,
Otilia,
Otmane,
Otman,
Ottavio,
Ottilie,
Otto,
Otton,
Ouafaa,
Ouafae,
Ouafa,
Ouahiba,
Ouahida,
Ouahid,
Ouaiba,
Oualid,
Ouarda,
Ouardia,
Ouari,
Ouassila,
Ouassim,
Ouassini,
Ouidad,
Ouided,
Ouissam,
Ouissem,
Ouiza,
Oulfa,
Oumaima,
Oumar,
Oumarou,
Oumayma,
Oumou,
Ourdia,
Ouria,
Ourida,
Ouriel,
Ours,
Ousama,
Ousmane,
Ousman,
Oussama,
Ovide,
Ovidiu,
Owen,
Oxana,
Ozan,
Ozcan,
Ozge,
Ozgul,
Ozgur,
Ozkan,
Ozlem,
Oznur,
Pablo,
Pacifique,
Paco,
Pacome,
Paige,
Palma,
Palmira,
Palmire,
Palmyre,
Palmyre,
Palmyr,
Paloma,
Pamela,
Pamella,
Pancrace,
Pantxika,
Paola,
Paolina,
Paoline,
Paolino,
Paolo,
Papa,
Paquerette,
Paquita,
Parfait,
Pascale,
Pascal,
Pascalie,
Pascaline,
Pascalle,
Pascual,
Pasqua,
Pasquale,
Pasquale,
Pasqualina,
Pasqualine,
Pasquine,
Pasquin,
Patern,
Patrice,
Patric,
Patricia,
Patricio,
Patrick,
Patrik,
Patrique,
Patrizia,
Patrizio,
Patty,
Patxi,
Paul-Adrien,
Paula,
Paul-Alexandre,
Paul-Andre,
Paul-Antoine,
Paul-Arthur,
Paul-Edouard,
Paul-Édouard,
Paule,
Paul-Emile,
Paul-Emmanuel,
Paul-Etienne,
Paul-Émile,
Paul-Étienne,
Paulette,
Paul-François,
Paul,
Paul-Henri,
Paul-Henry,
Paulia,
Paulina,
Pauline,
Paulin,
Paulino,
Paul-Louis,
Paul-Marie,
Paulo,
Paulus,
Paulyne,
Pearl,
Pedro,
Pegguy,
Peggy,
Peguy,
Peio,
Pélagia,
Pélagie,
Pelin,
Penda,
Pénélope,
Pépino,
Pépita,
Pépito,
Perceval,
Perig,
Perihan,
Périne,
Perla,
Perle,
Perline,
Pernelle,
Péroline,
Péronne,
Perrette,
Perrina,
Perrine,
Perroline,
Pervenche,
Peter,
Petra,
Pétronille,
Petrus,
Peyo,
Phil,
Philbert,
Philemon,
Philiberte,
Philibert,
Philipe,
Philip,
Philipine,
Philippa,
Philippe,
Philipp,
Philippine,
Phillip,
Philogène,
Philogone,
Philomèna,
Philomène,
Phoebe,
Phuong,
Phylicia,
Pia,
Piedad,
Pierette,
Pieric,
Pierick,
Pierig,
Pierina,
Pierino,
Piero,
Pierre-Adrien,
Pierre-Alain,
Pierre-Alban,
Pierre-Alexandre,
Pierre-Alexis,
Pierre-André,
Pierre-Ange,
Pierre-Anthony,
Pierre-Antoine,
Pierre-Arnaud,
Pierre-Arthur,
Pierre-Axel,
Pierre-Baptiste,
Pierre-Benoït,
Pierre-Charles,
Pierre-Clement,
Pierre-Damien,
Pierre-David,
Pierre-Dominique,
Pierre-Edouard,
Pierre-Édouard,
Pierre-Elie,
Pierre-Emile,
Pierre-Émile,
Pierre-Emmanuel,
Pierre-Eric,
Pierre-Etienne,
Pierre-Étienne,
Pierre-François,
Pierre-Frédéric,
Pierre,
Pierre-Gilles,
Pierre-Guillaume,
Pierre-Henri,
Pierre-Henry,
Pierre-Hugo,
Pierre-Hugues,
Pierre-Jacques,
Pierre-Jean,
Pierre-Joseph,
Pierre-Julien,
Pierre-Laurent,
Pierre-Loic,
Pierre-Louis,
Pierre-Loup,
Pierre-Luc,
Pierre-Marc,
Pierre-Marie,
Pierre-Maxime,
Pierre-Michel,
Pierre-Nicolas,
Pierre-Olivier,
Pierre-Paul,
Pierre-Philippe,
Pierre-Thomas,
Pierrette,
Pierre-Victor,
Pierre-Vincent,
Pierre-Yves,
Pierric,
Pierrick,
Pierrik,
Pierrina,
Pierrine,
Pierrino,
Pierrot,
Pietro,
Pilar,
Pina,
Pinar,
Pino,
Pio,
Piotr,
Placide,
Placide,
Polette,
Pol,
Polydore,
Pompee,
Precilia,
Precillia,
Predrag,
Prescilia,
Prescilla,
Prescillia,
Pricilia,
Pricilla,
Pricillia,
Prigent,
Primerose,
Primo,
Prince,
Prisca,
Priscilia,
Priscilla,
Priscille,
Priscillia,
Privat,
Prosper,
Prosperine,
Prospert,
Providence,
Prudence,
Prudent,
Prune,
Prunelle,
Pryscillia,
Pulcherie,
Purification,
Quang,
Quantin,
Quentin,
Quilicus,
Quinto,
Quirin,
Quiterie,
Quitterie,
Quoc,
Rabab,
Rabah,
Rabha,
Rabiaa,
Rabia,
Rabia,
Rabiha,
Rabih,
Rabiya,
Rabiye,
Racha,
Rached,
Rachèle,
Rachel,
Rachel,
Rachelle,
Rachida,
Rachide,
Rachid,
Radegonde,
Radhia,
Radia,
Radidja,
Radija,
Radoine,
Radouane,
Radouan,
Radovan,
Rafaëla,
Rafaële,
Rafaël,
Rafael,
Rafaelle,
Raffaële,
Raffi,
Rafika,
Rafik,
Rahima,
Rahim,
Rahma,
Raimonde,
Raimond,
Raimondo,
Rainer,
Rainier,
Raissa,
Rajaa,
Rajae,
Raja,
Rajah,
Rakia,
Ralia,
Ralid,
Ralph,
Ramata,
Ramatoulaye,
Ramazan,
Ramdane,
Rami,
Ramiro,
Ramona,
Ramon,
Ramuntcho,
Ramuntxo,
Ramy,
Ramzi,
Rana,
Randa,
Randall,
Randy,
Rania,
Rani,
Ranya,
Raouda,
Raouf,
Raoule,
Raoul,
Raoult,
Raphaëla,
Raphaële,
Raphaël,
Raphaella,
Raphaelle,
Raquel,
Ratiba,
Raul,
Rayane,
Rayane,
Rayan,
Rayanne,
Rayann,
Rayhan,
Raymonde,
Raymond,
Raymon,
Raymonne,
Raynald,
Raynal,
Razika,
Rebecca,
Rebiha,
Recep,
Reda,
Redha,
Redoine,
Redouane,
Redouan,
Redwane,
Redwan,
Régia,
Régina,
Reginald,
Régine,
Regis,
Rehane,
Reine,
Reine-Marie,
Reinette,
Reinhard,
Reinhold,
Reinold,
Réjane,
Réjanne,
Réjeane,
Réjeanne,
Rejine,
Remedios,
Rémi,
Rémo,
Remonde,
Remond,
Rémy,
Remy,
Rénald,
Rénaldo,
Renan,
Renata,
Renate,
Renato,
Renaud,
Renée,
René,
Renelde,
Renelle,
René-Pierre,
Reno,
Renzo,
Reouven,
Reparate,
Restitude,
Resul,
Reyhan,
Reymonde,
Reymond,
Reynald,
Reza,
Rezki,
Rhalid,
Rhania,
Rheda,
Rhizlane,
Riad,
Riadh,
Ricard,
Ricardo,
Riccardo,
Richarde,
Richard,
Richie,
Rick,
Ricky,
Rida,
Ridge,
Ridha,
Ridouane,
Ridvan,
Rigobert,
Rihab,
Rima,
Rime,
Rim,
Rina,
Rinaldo,
Ringo,
Rino,
Rislene,
Rita,
Ritchie,
Ritchy,
Rivka,
Riwal,
Riwan,
Riyad,
Rizlaine,
Rizlane,
Rizlan,
Rizlene,
Rkia,
Robby,
Roberta,
Roberte,
Robert,
Robertine,
Robertino,
Roberto,
Robespierre,
Robine,
Robin,
Robinson,
Rocco,
Rochdi,
Roch,
Rocio,
Rocky,
Roddy,
Roderic,
Roderick,
Rodney,
Rodolfo,
Rodolphe,
Rodolph,
Rodrigo,
Rodrigue,
Rody,
Rogatien,
Rogatienne,
Roge,
Rogère,
Roger,
Rogerio,
Rogette,
Rogine,
Rohan,
Rojda,
Rokia,
Rolande,
Roland,
Rolando,
Rolf,
Rollande,
Rolland,
Rolph,
Romaine,
Romain,
Romaissa,
Romana,
Romance,
Romane,
Romanella,
Roman,
Romanie,
Romann,
Romano,
Romaric,
Romarie,
Romario,
Romelie,
Romeo,
Romina,
Romolo,
Romuald,
Romy,
Ronald,
Ronan,
Ron,
Ronnie,
Ronny,
Rony,
Rosabelle,
Rosa,
Rosaire,
Rosalba,
Rosalia,
Rosalie,
Rosalina,
Rosalinde,
Rosaline,
Rosa-Maria,
Rosa-Marie,
Rosana,
Rosane,
Rosanna,
Rosanne,
Rosaria,
Rosario,
Rosario,
Rose-Anne,
Rose,
Rose-France,
Roseline,
Rose-Line,
Rosella,
Roselyne,
Roselys,
Rosemarie,
Rose-Marie,
Rosemary,
Rosemay,
Rose-May,
Rosemonde,
Rose-Noëlle,
Rosetta,
Rosette,
Rosia,
Rosiane,
Rosie,
Rosina,
Rosine,
Rosita,
Rossana,
Roswitha,
Rosy,
Rouchdi,
Rowan,
Roxana,
Roxane,
Roxanne,
Roy,
Rozen,
Rozenn,
Ruben,
Rubens,
Ruby,
Ruddy,
Rudi,
Rudiger,
Rudolf,
Rudolphe,
Rudolph,
Rudy,
Rufine,
Rufin,
Rui,
Rui-Manuel,
Ruiz,
Rukiye,
Rumeysa,
Russell,
Ruth,
Ruy,
Ryad,
Ryan,
Ryma,
Ryme,
Rym,
Saada,
Saad,
Saadia,
Saadi,
Saba,
Sabah,
Saban,
Sabbah,
Saber,
Sabiha,
Sabina,
Sabine,
Sabin,
Sabino,
Sabira,
Sabir,
Sabra,
Sabria,
Sabri,
Sabrina,
Sabrine,
Sabrya,
Sabry,
Sacha,
Sacha,
Sada,
Saddam,
Sadek,
Sadia,
Sadi,
Sadik,
Sadio,
Sadio,
Sadok,
Safaa,
Safae,
Safa,
Safia,
Safiatou,
Safi,
Safir,
Safiya,
Safiye,
Sahar,
Sahbi,
Sahin,
Sahra,
Saida,
Said,
Saidou,
Saif,
Sainte,
Sainte,
Saint,
Saint-Jean,
Saint-Martin,
Sakina,
Salaheddine,
Salah-Eddine,
Salah,
Salamata,
Saleha,
Salem,
Sali,
Salia,
Salif,
Saliha,
Salih,
Salima,
Salimata,
Salimatou,
Salime,
Salim,
Salimou,
Salina,
Sally,
Salma,
Salman,
Salomée,
Salomé,
Salomon,
Saloua,
Salvadora,
Salvador,
Salvat,
Salvatore,
Salvator,
Salvatrice,
Salvina,
Salwa,
Samah,
Samanta,
Samantha,
Samara,
Samar,
Samba,
Sambou,
Samed,
Sameh,
Samera,
Samer,
Samet,
Sam,
Samia,
Sami,
Samiha,
Samih,
Samina,
Samira,
Samire,
Samir,
Sammy,
Samra,
Samson,
Samuel,
Samuelle,
Samya,
Samy,
Samyr,
Sanaa,
Sanae,
Sana,
Sanah,
Sandie,
Sandra,
Sandrina,
Sandrine,
Sandro,
Sandy,
Sandy,
Sanela,
Sania,
Sanja,
Sanna,
Santa,
Santana,
Santiago,
Santina,
Santine,
Santino,
Santo,
Santos,
Saoussen,
Saphia,
Saphir,
Sara,
Sarah,
Saran,
Sarha,
Sarina,
Sarkis,
Sarra,
Sarrah,
Sasa,
Sasha,
Sasha,
Saskia,
Saturnin,
Saul,
Sauveur,
Savanah,
Savannah,
Saveria,
Saverio,
Savina,
Savine,
Savinien,
Savino,
Scarlett,
Scheherazade,
Scherazade,
Scholastique,
Scolastique,
Scott,
Scotty,
Sean,
Sébastian,
Sébastianna,
Sébastiano,
Sébastien,
Sébastienne,
Secil,
Secondo,
Seda,
Sedat,
Seddik,
Sefa,
Sefana,
Sefora,
Sega,
Ségolène,
Seham,
Seher,
Sekou,
Selcan,
Selcuk,
Selda,
Sélèna,
Sélène,
Selen,
Selia,
Selima,
Selim,
Selina,
Seline,
Selin,
Selma,
Seloua,
Selvi,
Sema,
Semia,
Semi,
Semih,
Semira,
Semir,
Semra,
Semy,
Sena,
Sénateur,
Senay,
Senem,
Sengul,
Sénol,
Sény,
Sephora,
Septime,
Sérafina,
Serafin,
Serap,
Séraphie,
Séraphine,
Seraphin,
Sercan,
Serdal,
Serdar,
Sérèna,
Serge,
Sergen,
Serges,
Sergine,
Sergio,
Serhat,
Serife,
Serigne,
Serina,
Serine,
Serkan,
Serpil,
Servais,
Servane,
Servan,
Servanne,
Seta,
Seval,
Sevan,
Sevda,
Sévère,
Séverina,
Séverine,
Séverin,
Séverinne,
Séverino,
Sevgi,
Sevilay,
Sevil,
Sevim,
Sévrine,
Seyda,
Seydou,
Seyma,
Seynabou,
Sezer,
Sezny,
Shade,
Shai,
Shaima,
Shaineze,
Shainez,
Shana,
Shane,
Shanel,
Shanice,
Shani,
Shanna,
Shannen,
Shannon,
Shanone,
Shanon,
Shany,
Sharone,
Sharon,
Shauna,
Shawn,
Sheerazade,
Sheherazade,
Shehrazade,
Sheila,
Sheima,
Shelly,
Sherazade,
Sherif,
Sherilyn,
Sherine,
Sherley,
Sherry,
Sheryl,
Sheryne,
Shimon,
Shirel,
Shirine,
Shirley,
Shona,
Siam,
Sibel,
Sibille,
Sibylle,
Sid-Ahmed,
Sidalia,
Sid-Ali,
Sid,
Sidi,
Sidi-Mohamed,
Sidney,
Sidney,
Sidoine,
Sidonie,
Sidy,
Siegfried,
Sieglinde,
Siegrid,
Siga,
Sigismond,
Sigmond,
Sigmund,
Sigolène,
Sigrid,
Sihame,
Siham,
Siheme,
Sihem,
Sikou,
Silas,
Silene,
Silia,
Silva,
Silvaine,
Silvain,
Silvana,
Silvano,
Silvere,
Silverio,
Silvestre,
Silvette,
Silvia,
Silviane,
Silvie,
Silvi,
Silvina,
Silvine,
Silvio,
Silya,
Siméon,
Simha,
Similien,
Simone,
Simon,
Simonne,
Simon-Pierre,
Sinai,
Sinan,
Sinda,
Sindy,
Sinem,
Sira,
Siriane,
Sirine,
Sissi,
Sita,
Siwar,
Sixte,
Sixtine,
Skander,
Sladana,
Slavica,
Slavisa,
Slimane,
Sliman,
Slim,
Sloane,
Sloan,
Slobodan,
Smael,
Smahane,
Smahan,
Smail,
Smaine,
Smain,
Smina,
Snezana,
Soad,
Soazic,
Soazig,
Socrate,
Sofia,
Sofiane,
Sofiane,
Sofian,
Sofiene,
Sofien,
Sofyane,
Sofyan,
Sohaib,
Soisic,
Soizic,
Soizick,
Soizig,
Sokaina,
Sokhna,
Sokona,
Solal,
Solange,
Solanges,
Soledad,
Soleda,
Solena,
Solène,
Solen,
Solenne,
Solenn,
Soliman,
Soline,
Solveig,
Solweig,
Somaly,
Somaya,
Somia,
Sona,
Sondes,
Soner,
Songul,
Sonia,
Sonja,
Sonny,
Sonya,
Sony,
Sophia,
Sophiane,
Sophiane,
Sophian,
Sophie-Anne,
Sophie-Charlotte,
Sophie,
Sophien,
Soraya,
Soren,
Sorenza,
Soria,
Sorin,
Sorya,
Sory,
Sosthene,
Souaad,
Souade,
Souad,
Souad,
Soufia,
Soufiane,
Soufian,
Soufiene,
Soufien,
Soufyane,
Soufyan,
Souhad,
Souhaib,
Souhaila,
Souhail,
Souheila,
Souheil,
Souhila,
Souhil,
Souhir,
Soukaina,
Soukayna,
Soukeina,
Soulaimane,
Soulef,
Souleymane,
Souleyman,
Soulimane,
Souliman,
Soumaya,
Soumeya,
Soumia,
Soumiya,
Soumya,
Sounia,
Souraya,
Souria,
Sourour,
Spartaco,
Stacey,
Stacie,
Stacy,
Stacy,
Staicy,
Stan,
Stanis,
Stanislas,
Stanislav,
Stanislava,
Stanislawa,
Stanislaw,
Stanley,
Stany,
Steacy,
Stecy,
Steed,
Steeve,
Steeven,
Steevens,
Steeves,
Steevy,
Stéfane,
Stéfan,
Stéfania,
Stéfanie,
Stéfano,
Stefano,
Stéfany,
Stefen,
Stéffie,
Stéffi,
Stéffy,
Stéfka,
Stella,
Stellie,
Stelly,
Stéphane,
Stéphanette,
Stéphan,
Stéphania,
Stéphanie,
Stéphanne,
Stéphano,
Stéphany,
Stephen,
Stéphie,
Stéphy,
Sterenn,
Stéssie,
Stéssy,
Stéssy,
Stévan,
Steve,
Steven,
Stevens,
Steves,
Stevie,
Stevy,
Stive,
Stiven,
Stone,
Stuart,
Styve,
Styven,
Sue-Ellen,
Sue,
Suheda,
Sukran,
Sukru,
Sule,
Suleyman,
Süleyman,
Sulivan,
Sullivan,
Sully,
Sullyvan,
Sulpice,
Sultana,
Sultan,
Sulyvan,
Sumeyra,
Sumeyye,
Suna,
Sundy,
Sunny,
Surya,
Susana,
Susan,
Susanne,
Susie,
Susy,
Suzana,
Suzane,
Suzan,
Suzanna,
Suzanne,
Suzel,
Suzelle,
Suzette,
Suzie,
Suzon,
Suzy,
Sven,
Svetlana,
Swan,
Swan,
Swann,
Swann,
Swanny,
Swen,
Sybella,
Sybile,
Sybil,
Sybille,
Sydney,
Sydney,
Sydonie,
Sylia,
Sylla,
Sylva,
Sylvaine,
Sylvain,
Sylvana,
Sylvane,
Sylvanie,
Sylvano,
Sylvère,
Sylver,
Sylvestre,
Sylvette,
Sylvia,
Sylviana,
Sylviane,
Sylvian,
Sylvianne,
Sylvie,
Sylvina,
Sylvine,
Sylvio,
Symphorien,
Syndie,
Synthia,
Syrine,
Tabatha,
Tacko,
Tadek,
Tadensz,
Tadeus,
Tadeusz,
Tadeuz,
Taha,
Tahar,
Tahir,
Taieb,
Taina,
Tako,
Talal,
Talha,
Talia,
Taline,
Tamara,
Tamar,
Tamer,
Tammy,
Tancrede,
Taner,
Tan,
Tangi,
Tangui,
Tanguy,
Tania,
Tanina,
Tanja,
Tanju,
Tanneguy,
Tanya,
Tao,
Taoufik,
Taous,
Tara,
Tarak,
Tarek,
Tarik,
Tariq,
Tasnim,
Tassadite,
Tassadit,
Tatiana,
Tatjana,
Tawfik,
Tayeb,
Tayfun,
Taylan,
Taylor,
Taylor,
Tayson,
Teddy,
Ted,
Tedy,
Tegy,
Teji,
Tejy,
Telesphore,
Telma,
Telmo,
Tene,
Tennessee,
Tennessee,
Téo,
Terence,
Teresa,
Térèsa,
Téresina,
Tereza,
Terri,
Terry,
Terry,
Tessa,
Tess,
Tessy,
Teva,
Tevin,
Tewfik,
Thaddée,
Thadée,
Thais,
Thalia,
Thalie,
Thanh,
Thanh,
Thea,
Théau,
Thecle,
Thekla,
Thelma,
Theo,
Théo,
Théobald,
Théodora,
Théodore,
Théodor,
Théodorine,
Théodosie,
Théodule,
Théo,
Théophane,
Théophila,
Théophile,
Théotime,
Théotim,
Théotiste,
Thérèsa,
Thérèse,
Thérèse-Marie,
Thérèsia,
Thérèsine,
Théresius,
Théreze,
Therry,
Thery,
Thessa,
Thibaud,
Thibauld,
Thibault,
Thibaut,
Thiebaud,
Thiebault,
Thiebaut,
Thiefaine,
Thierno,
Thierry,
Thiery,
Thi,
Thifaine,
Thiffany,
Thimoté,
Thimothée,
Thiphaine,
Thiphanie,
Thomas,
Thomasine,
Thony,
Thumette,
Thuy,
Thyphaine,
Tiago,
Tiana,
Tiburce,
Tidiane,
Tidjy,
Tifaine,
Tifanie,
Tifanny,
Tifany,
Tifenn,
Tifenn,
Tiffaine,
Tiffanie,
Tiffani,
Tiffanny,
Tiffany,
Tiffen,
Tiguida,
Tiguidanke,
Tijani,
Till,
Tim,
Timmy,
Timo,
Timon,
Timoté`,
Timothee,
Timothée,
Timothé,
Timothey,
Timothy,
Timour,
Timur,
Timy,
Tina,
Tino,
Tiphaine,
Tiphaine,
Tiphanie,
Tiphany,
Tiziana,
Tobias,
Tobie,
Todd,
Tolga,
Tomasa,
Tomas,
Tom,
Tomislav,
Tommaso,
Tommy,
Tomy,
Tonia,
Toni,
Tonin,
Tonino,
Tonio,
Tonny,
Tony,
Tosca,
Toufic,
Toufik,
Tou,
Touhami,
Touria,
Toussainte,
Toussaint,
Tracey,
Tracie,
Tracy,
Traicy,
Tran,
Tranquille,
Travis,
Trecy,
Tremeur,
Trephine,
Tressy,
Trevis,
Trevor,
Tricia,
Trinidad,
Trinite,
Tristana,
Tristan,
Trystan,
Tsipora,
Tuan,
Tuba,
Tugay,
Tugba,
Tugce,
Tugdual,
Tulay,
Tuncay,
Turenne,
Turgay,
Turkan,
Txomin,
Tyfanie,
Tyfenn,
Tyffanie,
Typhaine,
Typhanie,
Typhene,
Typhenn,
Tyron,
Tyson,
Udo,
Ufuk,
Ugo,
Uguette,
Ugur,
Ulisse,
Ulku,
Ulric,
Ulrich,
Ulrick,
Ulysse,
Umberto,
Umit,
Umran,
Umut,
Unal,
Uranie,
Urbaine,
Urbain,
Urbanie,
Uriel,
Urielle,
Uriell,
Ursin,
Ursula,
Ursule,
Usman,
Usmar,
Ute,
Václav,
Vaclav,
Vadim,
Vaiana,
Valdemar,
Valène,
Valentina,
Valentine,
Valentin,
Valentino,
Valère,
Valère,
Valéria,
Valériane,
Valérian,
Valérianne,
Valériano,
Valérie-Anne,
Valérie,
Valérien,
Valérine,
Valério,
Valéry,
Valéry,
Valia,
Valmont,
Valmy,
Valoris,
Valter,
Vanda,
Vanessa,
Van,
Vania,
Vania,
Vanille,
Vanina,
Vannessa,
Vannina,
Vasco,
Vassili,
Vasthie,
Vastie,
Vedat,
Velia,
Veli,
Venant,
Venceslas,
Venda,
Venise,
Véra,
Vérane,
Veran,
Vérèna,
Vérène,
Véronica,
Véronika,
Véronique,
Vesna,
Veysel,
Vianney,
Vicenta,
Vicente,
Vicente,
Vickie,
Vicky,
Vicky,
Victoire,
Victor-Emmanuel,
Victor,
Víctor,
Victoria,
Victoriano,
Victorien,
Victorine,
Victorin,
Victorio,
Victor-Manuel,
Vidal,
Viet,
Viktor,
Viktoria,
Vildan,
Vilfrid,
Villiam,
Villy,
Vilma,
Vince,
Vincente,
Vincente,
Vincent,
Vincentine,
Vincenza,
Vincenzina,
Vincenzo,
Vinciane,
Vincianne,
Vinh,
Vinny,
Viny,
Violaine,
Violène,
Violeta,
Violetta,
Violette,
Violine,
Virgile,
Virgil,
Virgilia,
Virgilio,
Virgina,
Virgine,
Virginia,
Virginie,
Virginio,
Viridiana,
Virna,
Vita,
Vital,
Vitaline,
Vitalis,
Vito,
Vitor,
Vittoria,
Vittorio,
Vivant,
Vivette,
Viviana,
Viviane,
Vivian,
Vivianne,
Vivien,
Vivienne,
Vladan,
Vladimir,
Vladislas,
Vladislaw,
Vlasta,
Volkan,
Volker,
Volodia,
Voltaire,
Wacil,
Waclaw,
Wadislas,
Wadislaw,
Wael,
Wafaa,
Wafae,
Wafa,
Wahbi,
Wahiba,
Wahib,
Wahid,
Wail,
Wajdi,
Waldeck,
Waldemar,
Walide,
Walid,
Wali,
Wallid,
Wallis,
Wally,
Walter,
Walther,
Waltraud,
Waly,
Wanda,
Wandrille,
Wanis,
Warda,
Waren,
Warren,
Wassila,
Wassil,
Wassima,
Wassim,
Wayne,
Wen,
Wenceslas,
Wendelin,
Wendie,
Wendy,
Wendy,
Werner,
Wesley,
Whitney,
Widade,
Widad,
Wided,
Wielfried,
Wiem,
Wieslawa,
Wieslaw,
Wilfred,
Wilfrid,
Wilfried,
Wilhelm,
Wilhelmine,
Wilhem,
Wiliam,
Willem,
William,
Williams,
Willibald,
Willie,
Willi,
Willy,
Wilma,
Wilson,
Wim,
Windy,
Winona,
Wissal,
Wissam,
Wissam,
Wissem,
Wissem,
Withney,
Witold,
Wladimir,
Wladislas,
Wladislawa,
Wladislaw,
Wladyslas,
Wladyslawa,
Wladyslaw,
Wolf,
Wolfgang,
Woody,
Wulfran,
Xabi,
Xan,
Xaviera,
Xaviere,
Xavier,
Xenia,
Ximun,
Xuan,
Yaacov,
Yacine,
Yacine,
Yacin,
Yacouba,
Yadwiga,
Yaël,
Yael,
Yaëlle,
Yagmur,
Yahaya,
Yahia,
Yahya,
Yakov,
Yakup,
Yalcin,
Yamina,
Yamine,
Yamin,
Yamna,
Yan,
Yanice,
Yanic,
Yanick,
Yanick,
Yani,
Yanik,
Yanina,
yanis,
Yanisse,
Yaniss,
Yaniv,
Yanna,
Yanne,
Yanne,
Yann-Eric,
Yann-Éric,
Yann,
Yannic,
Yannic,
Yannick,
Yannick,
Yanni,
Yannig,
Yannik,
Yannis,
Yara,
Yaren,
Yasar,
Yasemin,
Yasid,
Yasine,
Yasin,
Yasmeen,
Yasmina,
Yasmine,
Yasmin,
Yasser,
Yassim,
Yassine,
Yassin,
Yassir,
Yavuz,
Yaya,
Yazid,
Yehouda,
Yelena,
Yeliz,
Yesim,
Yeter,
Yildiz,
Yilmaz,
Ylan,
Ylies,
Ylona,
Ymen,
Ynes,
Yoane,
Yoan,
Yoanna,
Yoanne,
Yoann,
Yoel,
Yohan,
Yohanna,
Yohanne,
Yohann,
Yolaine,
Yolanda,
Yolande,
Yoland,
Yolan,
Yole,
Yolène,
Yoline,
Yollande,
Yona,
Yonathan,
Yonca,
Yonel,
Yon,
Yoni,
Yonnel,
Yonni,
Yoram,
Yoran,
Yorick,
Yosra,
Yossef,
Youcef,
Youen,
Youenn,
Youmna,
Youna,
Younes,
Younès,
Younesse,
Youness,
Youn,
Youri,
Yousef,
Yousra,
Yousri,
Youssef,
Youssouf,
Youssra,
Yrene,
Ysaline,
Ysatis,
Yse,
Yseult,
Ysoline,
Yssa,
Yu,
Yucel,
Yukio,
Yuksel,
Yuna,
Yunus-Emre,
Yunus,
Yusuf,
Yva,
Yvain,
Yvana,
Yvane,
Yvan,
Yvanna,
Yvanne,
Yvann,
Yve,
Yveline,
Yvelise,
Yvelyne,
Yvelyse,
Yves,
Yves-Marie,
Yvette,
Yvo,
Yvone,
Yvon,
Yvonick,
Yvonne,
Yvonnet,
Yvonnette,
Yvonnic,
Yvonnick,
Yvonnick,
Zaccharie,
Zacharia,
Zacharie,
Zachary,
Zafer,
Zaher,
Zahia,
Zahira,
Zahir,
Zahra,
Zaia,
Zaid,
Zainab,
Zaina,
Zaineb,
Zaira,
Zair,
Zakaria,
Zakaria,
Zakari,
Zakariya,
Zakarya,
Zakary,
Zakia,
Zaki,
Zakiya,
Zaklina,
Zakya,
Zara,
Zarah,
Zaya,
Zaynab,
Zbigniew,
Zdislaw,
Zdzislaw,
Zea,
Zehra,
Zeinab,
Zeina,
Zeineb,
Zelda,
Zelia,
Zelie,
Zeliha,
Zelima,
Zelina,
Zeljko,
Zelmire,
Zena,
Zenaide,
Zenia,
Zenobe,
Zenobie,
Zénon,
Zéphir,
Zephirine,
Zéphirin,
Zéphyr,
Zéphyrin,
Zeyneb,
Zeynep,
Zhora,
Ziad,
Zidane,
Zied,
Ziggy,
Zigmond,
Zigmund,
Zilda,
Zina,
Zineb,
Zineddine,
Zinedine,
Zine-Eddine,
Zine,
Zita,
Ziyad,
Ziyed,
Zoée,
Zoé,
Zofia,
Zofja,
Zohair,
Zoheir,
Zoher,
Zohir,
Zohra,
Zophia,
Zora,
Zorah,
Zoran,
Zorha,
Zorica,
Zoubida,
Zoubir,
Zouhair,
Zouheir,
Zouhir,
Zouina,
Zoulika,
Zoulikha,
Zuleyha,
Zulma,
Zulmée,
Zyad,
Zyed,
Zygmond,
Zygmont,
Zygmund,
Zygmunt
)
