@person=(Abraham,
Achille,
Allah,
Andromaque,
Apollon,
Archimède,
Ariane,
Aristote,
Armstrong,
Attila,
Auguste,
Bacchus,
Bach,
Balzac,
Barbe-Bleue,
Barberousse,
Baudelaire,
Baumgartner,
Beethoven,
Blanche-Neige,
Boccace,
Bonaparte,
Bouddha,
Bougainville,
Bovary,
Brahms,
Buridan,
Caïn,
Calvin,
Capitant,
Caravage,
Carter,
Castro,
Cendrillon,
César,
Chaban-Delmas,
Chalandon,
Charlemagne,
Charlot,
Churchill,
Chirac,
Christ,
Cicéron,
Circé,
Cléopâtre,
Clovis,
Coluche,
Confucius,
Copernic,
Corneille,
Cortès,
Créateur,
Crésus,
Cupidon,
Cyrus,
Damoclès,
Dante,
Debré,
Descartes,
Diable,
Diderot,
Dieu,
Dionysos,
Doumergue,
Dreyfus,
Duhamel,
Einstein,
Eschyle,
Esculape,
Eudes,
Euler,
Eurydice,
Fabius,
Fahrenheit,
Faraday,
Faure,
Fiterman,
Fouchet,
Frey,
Freud,
Gandhi,
Gargantua,
Gongora,
Gorbatchev,
Guignol,
Guillaumat,
Habsbourg,
Hadrien,
Hegel,
Héraclès,
Hérodote,
Hercule,
Hippocrate,
Hitchcock,
Hitler,
Homère,
Hugo,
Hydre,
Ingres,
Iseut,
Isis,
Jefferson,
Jéhovah,
Jésus-Christ,
Job,
Judas,
Jung,
Jupiter,
Kafka,
Kant,
Kasparov,
Keynes,
Khrouchtchev,
Kubrick,
Lacan,
Lamy,
Lao-Tseu,
Leibniz,
Lénine,
Lennon,
Lothaire,
Lovecraft,
Lucifer,
Luther,
Machiavel,
Mahomet,
Mallarmé,
Mani,
Mao,
Marivaux,
Marx,
Médée,
Médicis,
Melchior,
Messie,
Michel-Ange,
Mickey,
Moïse,
Molière,
Morphée,
Mozart,
Mussolini,
Nabuchodonosor,
Napoléon,
Néfertiti,
Nelson,
Neptune,
Néron,
Newton,
Nietzsche,
Noé,
Orphée,
Ortoli,
Osiris,
Othon,
Palladio,
Pandore,
Panurge,
Pasteur,
Pavlov,
Pebereau,
Pégase,
Pépin,
Perceval,
Pérouse,
Pétrarque,
Pinochet,
Phèdre,
Phenix,
Platon,
Pleven,
Plutarque,
Pompidou,
Poulenc,
Prométhée,
Ptolémée,
Pyrrhus,
Pythagore,
Rabelais,
Racine,
Ramsès,
Raphaël,
Ratsikara,
Ravalomanana,
Rembrandt,
Richelieu,
Rimbaud,
Ronaldo,
Roosevelt,
Rousseau,
Rubens,
Russell,
Saint-Esprit,
Sappho,
Saturne,
Saul,
Sauveur,
Schwarzenegger,
Seigneur,
Shiva,
Sisyphe,
Socrate,
Spinoza,
Stakhanov,
Staline,
Stentor,
Tartempion,
Taylor,
Tite-Live,
Titien,
Tito,
Tolkien,
Trotsky,
Ubu,
Ulysse,
Valkyrie,
Vénus,
Vercingétorix,
Volta,
Voltaire,
Wagner,
Wittgenstein,
Zoroastre)
