@person=(
Abbé Pierre,
Abraham,
Abraham Lincoln,
Achille,
Adolf Hitler,
Aetius,
Aimé Jacquet,
Akhénaton,
Alain Delon,
Albert Camus,
Albert Einstein,
Alexander Fleming,
Alexander Graham Bell,
Alexander Hamilton,
Alexandre Dumas,
Alexandre le Grand,
Alfred Hitchcock,
Al-Khwârizmî,
Allah,
Alphonse X,
Amelia Earhart,
Amerigo Vespucci,
Andrew Carnegie,
Andromaque,
Andy Warhol,
Angela Davis,
Antoine de Lavoisier,
Antoine de Saint-Exupery,
Antoine de Saint-Exupéry,
Apollon,
Archimède,
Ariane,
Aristote,
Armstrong,
Arnold Schwarzenegger,
Arthur Rimbaud,
Ashoka,
Attila,
Audie Murphy,
Auguste,
Auguste Lumière,
Auguste Renoir,
Auguste Rodin,
Babe Ruth,
Babur,
Bacchus,
Bach,
Balzac,
Barack Obama,
Barbara Bush,
Barbe-Bleue,
Barberousse,
Baudelaire,
Baumgartner,
Beethoven,
Benito Mussolini,
Benjamin Franklin,
Bernard Kouchner,
Bill Clinton,
Bill Cosby,
Bill Gates,
Billy Graham,
Blaise Pascal,
Blanche-Neige,
Boadicée,
Bob Hope,
Bob Marley,
Boccace,
Bonaparte,
Bouddha,
Bougainville,
Bourvil,
Bovary,
Brahms,
Brett Favre,
Brigitte Bardot,
Buridan,
Bush,
Cài Lùn,
Caïn,
Calvin,
Capitant,
Caravage,
Carl Friedrich Gauss,
Carl Sagan,
Carter,
Castro,
Catherine de Médicis,
Catherine Deneuve,
Cendrillon,
Cervantès,
César,
Cesar Chavez,
Chaban-Delmas,
Chalandon,
Charlemagne,
Charles Aznavour,
Charles Baudelaire,
Charles Darwin,
Charles de Gaulle,
Charles Lindbergh,
Charles Quint,
Charles Trenet,
Charles VII,
Charlie Chaplin,
Charlot,
Che Guevara,
Chevalier Bayard,
Chirac,
Christ,
Christian Cabrol,
Christophe Colomb,
Christopher Reeve,
Chuck Yeager,
Churchill,
Cicéron,
Circé,
Claude François,
Claude Lévi-Strauss,
Claude Monet,
Cléopâtre,
Cléopâtre VII,
Clint Eastwood,
Clinton,
Clovis,
Colin Powell,
Coluche,
Condoleezza Rice,
Confucius,
Constantin Ier,
Copernic,
Corneille,
Cortès,
Créateur,
Crésus,
Cupidon,
Cyrus,
Dalida,
Damoclès,
Daniel Balavoine,
Dante,
Dante Alighieri,
Darwin,
David Douillet,
Debré,
Dédale,
de Gaulle,
Démosthène,
Denis Diderot,
Descartes,
Diable,
Diderot,
Dieu,
Diogène,
Dionysos,
Djéser,
Donald Trump,
Doumergue,
Dreyfus,
Duhamel,
Duke Ellington,
Dwight D. Eisenhower,
Édith Piaf,
Einstein,
Eisenhower,
Elcano,
Eleanor Roosevelt,
Élisabeth II,
Élisabeth II d'Angleterre,
Ellen DeGeneres,
Elvis Presley,
Émile Zola,
Érasme,
Éric Tabarly,
Erik le Rouge,
Eschyle,
Esculape,
Euclide,
Eudes,
Euler,
Eurydice,
Fabius,
Fahrenheit,
Famille Borgia,
Faraday,
Faure,
Ferdinand Foch,
Ferdinand le Catholique,
Fernandel,
Fidel Castro,
Fiterman,
Fouchet,
Francis Cabrel,
Francisco Franco,
François d'Assise,
Françoise Dolto,
François-Ferdinand,
François Ier,
François-Joseph Ier,
François-Joseph Ier d'Autriche-Hongrie,
François Mitterrand,
François Rabelais,
Franklin D. Roosevelt,
Franklin Roosevelt,
Frank Sinatra,
Frederick Douglass,
frères Lumière,
frères Wright,
Freud,
Frey,
Galien,
Galilée,
Gandhi,
Gargantua,
Général de Gaulle,
Général Leclerc,
Gengis Khan,
George H. W. Bush,
George Lucas,
Georges Brassens,
Georges Clemenceau,
George S. Patton,
Georges Pompidou,
George Washington,
George Washington Carver,
George W. Bush,
Gérard Depardieu,
Gérard Philipe,
Géronimo,
Gilbert Bécaud,
Gongora,
Gorbatchev,
Grigori Raspoutine,
Guignol,
Guillaumat,
Guillaume Ier,
Guillaume Ier le Conquérant,
Guillaume II,
Guillaume II d'Allemagne,
Guillaume le Conquérant,
Gustave Eiffel,
Gutenberg,
Guy de Maupassant,
Habsbourg,
Hadrien,
Hannibal Barca,
Haroun Tazieff,
Harriet Tubman,
Harry Truman,
Hegel,
Helen Keller,
Hëloise d'Argenteuil,
Henri IV,
Henri Matisse,
Henri Poincaré,
Henri Salvador,
Henri VIII,
Henri VIII d'Angleterre,
Henry Ford,
Héraclès,
Hercule,
Hernán Cortés,
Hérodote,
Hésiode,
Hillary Clinton,
Hillary Rodham Clinton,
Hippocrate,
Hirohito,
Hitchcock,
Hitler,
Homère,
Honoré de Balzac,
Horace,
Howard Hughes,
Hugh Hefner,
Hugo,
Hugues Capet,
Hydre,
Imhotep,
Ingres,
Isabelle la Catholique,
Iseut,
Isis,
Ivan le Terrible,
Jackie Kennedy,
Jackie Robinson,
Jack London,
Jacob et Wihelm Grimm,
Jacqueline Kennedy Onassis,
Jacques Cartier,
Jacques Chirac,
Jacques Prévert,
Jacques-Yves Cousteau,
James Cook,
James Stewart,
Jean Calvin,
Jean Cocteau,
Jean de La Fontaine,
Jean Ferrat,
Jean-François Champollion,
Jean Gabin,
Jean-Jacques Goldman,
Jean-Jacques Rousseau,
Jean Jaurès,
Jean Marais,
Jean Moulin,
Jeanne d'Arc,
Jean-Paul Belmondo,
Jean-Paul Sartre,
Jean Renoir,
Jean-Sébastien Bach,
Jefferson,
Jéhovah,
Jesse Owens,
Jésus-Christ,
Jésus de Nazareth,
Jimmy Carter,
Job,
Johannes Vermeer,
Johann Wolfgang von Goethe,
John Edwards,
John F. Kennedy,
John Glenn,
John Locke,
Johnny Carson,
Johnny Hallyday,
John Wayne,
Jonas Salk,
José Bové,
Joseph Smith Jr.,
Joseph Staline,
Josip Broz Tito,
J.R.R Tolkien,
Judas,
Jules César,
Jules Ferry,
Jules Verne,
Jung,
Jupiter,
Justinien,
Kafka,
Kant,
Karl Marx,
Kasparov,
Katharine Hepburn,
Keynes,
Khéops,
Khrouchtchev,
Kubrick,
Lacan,
Lamy,
Lance Armstrong,
Lao Tseu,
Lao-Tseu,
Laura Bush,
Laurel et Hardy,
Lavoisier,
Lech Wałęsa,
Lech Waleza,
Le Corbusier,
Leibniz,
Leif Erikson,
Lénine,
Lennon,
Léonard de Vinci,
Léon Blum,
Leonhard Euler,
Léonidas Ier,
Léon Trotski,
Léon Zitrone,
Les Beatles,
Lino Ventura,
Lionel Jospin,
Lothaire,
Louis de Funès,
Louis Lumière,
Louis Pasteur,
Louis XIV,
Lovecraft,
Luc Besson,
Lucifer,
Lucille Ball,
Luther,
Lyndon Johnson,
Machiavel,
Madonna,
Mahatma Gandhi,
Mahomet,
Malcolm X,
Mallarmé,
Mandela,
Mani,
Mao,
Mao Zedong,
Marc Antoine,
Marc Aurèle,
Marcel Pagnol,
Marcel Proust,
Maréchal Leclerc,
Maréchal Pétain,
Margaret Thatcher,
Marie Curie,
Marilyn Monroe,
Marivaux,
Mark Twain,
Martha Stewart,
Martin Luther,
Martin Luther King,
Marx,
Maximilien de Robespierre,
Maya Angelou,
Médée,
Médicis,
Meiji,
Melchior,
Mel Gibson,
Mencius,
Messie,
Michael Jackson,
Michael Jordan,
Michael Moore,
Michel-Ange,
Michel Drucker,
Michel Platini,
Michel Sardou,
Michel Serrault,
Mickey,
Mikhaïl Gorbatchev,
Mitterrand,
Mohamed Ali,
Moïse,
Molière,
Morphée,
Mozart,
Mussolini,
Nabuchodonosor,
Napoléon,
Napoléon Bonaparte,
Narmer,
Néfertiti,
Neil Armstrong,
Nelson,
Nelson Mandela,
Neptune,
Néron,
Newton,
Nicéphore Niépce,
Nicolas Hulot,
Nicolas Machiavel,
Nietzsche,
Nikita Khrouchtchev,
Nikola Tesla,
Nixon,
Noé,
Octave,
Oprah Winfrey,
Orphée,
Ortoli,
Orville Wright,
Osiris,
Othon,
Otto von Bismarck,
Pablo Picasso,
Palladio,
Pandore,
Panurge,
Pasteur,
Patrick Poivre d'Arvor,
Pat Tillman,
Paul de Tarse,
Paul Verlaine,
Pavlov,
Pebereau,
Pégase,
Pépin,
Perceval,
Périclès,
Pétain,
Pétrarque,
Phèdre,
Phenix,
Philippe Auguste,
Philippe II,
Philippe II de Macédoine,
Phil McGraw,
Pierre Abélard,
Pierre Auguste Renoir,
Pierre Corneille,
Pierre de Coubertin,
Pierre et Marie Curie,
Pinochet,
Platon,
Pleven,
Plutarque,
Pompée,
Pompidou,
Poulenc,
Prométhée,
Ptolémée,
Pyrrhus,
Pythagore,
Pythéas,
Qin Shi Huang,
Rabelais,
Racine,
Raimu,
Ramsès,
Ramsès II,
Raphaël,
Raspoutine,
Ratsikara,
Ravalomanana,
Ray Charles,
Raymond Poulidor,
Rembrandt,
Renaud,
René Descartes,
Richard Cœur de Lion,
Richard Nixon,
Richelieu,
Rimbaud,
Roald Amundsen,
Robert Doisneau,
Robert Kennedy,
Robespierre,
Ronaldo,
Ronald Reagan,
Roosevelt,
Rosa Parks,
Rousseau,
Rubens,
Rudolph Giuliani,
Rudyard Kipling,
Rush Limbaugh,
Russell,
Saint-Esprit,
Saint Louis,
Saladin,
Salvador Dalí,
Sam Walton,
Sappho,
Saturne,
Saul,
Sauveur,
Schwarzenegger,
Seigneur,
Sénèque,
Serge Gainsbourg,
Serge Reggiani,
Shiva,
Siddhārtha Gautama,
Sigmund Freud,
Simone Signoret,
Simone Veil,
Sisyphe,
Socrate,
Sœur Emmanuelle,
Sophocle,
Spartacus,
Spinoza,
Stakhanov,
Staline,
Stentor,
Steve Jobs,
Steven Spielberg,
Sui Wendi,
Susan B. Anthony,
Tartempion,
Taylor,
Thalès,
Thatcher,
Théodora,
Theodore Roosevelt,
Thomas Alva Edison,
Thomas d'Aquin,
Thomas Edison,
Thomas Jefferson,
Tiger Woods,
Tino Rossi,
Tite-Live,
Titien,
Tito,
Titus,
Tolkien,
Tom Cruise,
Tom Hanks,
Toutânkhamon,
Trajan,
Trotski,
Trotsky,
Ubu,
Ulysse,
Urbain II,
Valkyrie,
Vasco de Gama,
Vénus,
Vercingétorix,
Victor Hugo,
Victoria d'Angleterre,
Vincent Van Gogh,
Vladimir Ier,
Vladimir Ilitch Lénine,
Volta,
Voltaire,
Wagner,
Walt Disney,
Wassily Kandinsky,
Wilbur Wright,
William Shakespeare,
William Turner,
Winston Churchill,
Wittgenstein,
Woodrow Wilson,
Xénophon,
Yannick Noah,
Yves Montand,
Zinédine Zidane,
Zoroastre
)
