@person=(Abraham,
Achille,
Allah,
Andromaque,
Apollon,
Archimède,
Ariane,
Aristote,
Attila,
Auguste,
Bacchus,
Barbe-Bleue,
Barberousse,
Baumgartner,
Blanche-Neige,
Boccace,
Bouddha,
Bougainville,
Bovary,
Buridan,
Caïn,
Calvin,
Capitant,
Caravage,
Carter,
Castro,
Cendrillon,
César,
Chaban-Delmas,
Chalandon,
Charlemagne,
Charlot,
Chirac,
Christ,
Cicéron,
Circé,
Cléopâtre,
Clovis,
Coluche,
Confucius,
Copernic,
Corneille,
Cortès,
Créateur,
Crésus,
Cupidon,
Cyrus,
Damoclès,
Debré,
Descartes,
Diable,
Dieu,
Dionysos,
Doumergue,
Dreyfus,
Duhamel,
Einstein,
Eschyle,
Esculape,
Eudes,
Eurydice,
Fabius,
Fahrenheit,
Faraday,
Faure,
Fiterman,
Fouchet,
Frey,
Freud,
Gargantua,
Gongora,
Gorbatchev,
Guignol,
Guillaumat,
Habsbourg,
Hadrien,
Hegel,
Hercule,
Hippocrate,
Hitler,
Homère,
Hugo,
Hydre,
Ingres,
Iseut,
Isis,
Jefferson,
Jéhovah,
Jésus-Christ,
Job,
Judas,
Jupiter,
Kafka,
Keynes,
Lacan,
Lamy,
Lao-Tseu,
Lénine,
Lothaire,
Lucifer,
Machiavel,
Mahomet,
Mallarmé,
Mani,
Mao,
Marivaux,
Marx,
Médée,
Médicis,
Melchior,
Messie,
Michel-Ange,
Mickey,
Moïse,
Molière,
Morphée,
Mozart,
Nabuchodonosor,
Napoléon,
Néfertiti,
Neptune,
Néron,
Noé,
Orphée,
Ortoli,
Othon,
Palladio,
Pandore,
Panurge,
Pasteur,
Pavlov,
Pebereau,
Pégase,
Pépin,
Perceval,
Pérouse,
Pétrarque,
Pinochet,
Phèdre,
Phenix,
Platon,
Pleven,
Plutarque,
Pompidou,
Poulenc,
Prométhée,
Pyrrhus,
Pythagore,
Raphaël,
Ratsikara,
Ravalomanana,
Rembrandt,
Rimbaud,
Ronaldo,
Rubens,
Saint-Esprit,
Sappho,
Saturne,
Saul,
Sauveur,
Seigneur,
Shiva,
Sisyphe,
Socrate,
Spinoza,
Stakhanov,
Staline,
Stentor,
Tartempion,
Taylor,
Tite-Live,
Titien,
Tito,
Trotsky,
Ubu,
Ulysse,
Valkyrie,
Vénus,
Vercingétorix,
Volta,
Wagner,
Zoroastre)
